[     392ms] [LOG] [Fast Refresh] rebuilding @ http://localhost:3000/_next/static/chunks/f12ff_next_dist_95687940._.js:2302
[     918ms] [LOG] [Fast Refresh] done in 628ms @ http://localhost:3000/_next/static/chunks/f12ff_next_dist_95687940._.js:2302
[    1988ms] [INFO] %cDownload the React DevTools for a better development experience: https://react.dev/link/react-devtools font-weight:bold @ http://localhost:3000/_next/static/chunks/f12ff_next_dist_95687940._.js:2302
[    2054ms] [LOG] [HMR] connected @ http://localhost:3000/_next/static/chunks/f12ff_next_dist_95687940._.js:2302
[    2338ms] [WARNING] %c%s%c PortableText block detected in page blocks array. This should be rendered via PortableTextRenderer, not Blocks component. background: #e6e6e6;background: light-dark(rgba(0,0,0,0.1), rgba(255,255,255,0.25));color: #000000;color: light-dark(#000000, #ffffff);border-radius: 2px  Server   qj8oy7g @ http://localhost:3000/_next/static/chunks/f12ff_next_dist_95687940._.js:2302
[    2339ms] [WARNING] %c%s%c PortableText block detected in page blocks array. This should be rendered via PortableTextRenderer, not Blocks component. background: #e6e6e6;background: light-dark(rgba(0,0,0,0.1), rgba(255,255,255,0.25));color: #000000;color: light-dark(#000000, #ffffff);border-radius: 2px  Server   hug9xb @ http://localhost:3000/_next/static/chunks/f12ff_next_dist_95687940._.js:2302
[    2340ms] [WARNING] %c%s%c PortableText block detected in page blocks array. This should be rendered via PortableTextRenderer, not Blocks component. background: #e6e6e6;background: light-dark(rgba(0,0,0,0.1), rgba(255,255,255,0.25));color: #000000;color: light-dark(#000000, #ffffff);border-radius: 2px  Server   5tjyj @ http://localhost:3000/_next/static/chunks/f12ff_next_dist_95687940._.js:2302
[    2454ms] [LOG] [Fast Refresh] rebuilding @ http://localhost:3000/_next/static/chunks/f12ff_next_dist_95687940._.js:2302
[    2479ms] [LOG] [Fast Refresh] done in 142ms @ http://localhost:3000/_next/static/chunks/f12ff_next_dist_95687940._.js:2302
[    2626ms] [WARNING] Ignoring Event: localhost @ http://localhost:3000/_next/static/chunks/f12ff_next_dist_95687940._.js:2302
[    2660ms] [INFO] Sanity is live with automatic revalidation of published content @ http://localhost:3000/_next/static/chunks/f12ff_next_dist_95687940._.js:2302
[    2718ms] [WARNING] Clerk: Clerk has been loaded with development keys. Development instances have strict usage limits and should not be used when deploying your application to production. Learn more: https://clerk.com/docs/deployments/overview @ http://localhost:3000/_next/static/chunks/f12ff_next_dist_95687940._.js:2302
[    8382ms] [LOG] [Fast Refresh] rebuilding @ http://localhost:3000/_next/static/chunks/f12ff_next_dist_95687940._.js:2302
[    8418ms] [LOG] [Fast Refresh] done in 137ms @ http://localhost:3000/_next/static/chunks/f12ff_next_dist_95687940._.js:2302
[  827329ms] [LOG] [Fast Refresh] rebuilding @ http://localhost:3000/_next/static/chunks/f12ff_next_dist_95687940._.js:2302
[  830252ms] [LOG] [Fast Refresh] done in 3033ms @ http://localhost:3000/_next/static/chunks/f12ff_next_dist_95687940._.js:2302
[  860380ms] [LOG] [Fast Refresh] rebuilding @ http://localhost:3000/_next/static/chunks/f12ff_next_dist_95687940._.js:2302
[  862353ms] [LOG] [Fast Refresh] done in 2031ms @ http://localhost:3000/_next/static/chunks/f12ff_next_dist_95687940._.js:2302
[  876009ms] [LOG] [Fast Refresh] rebuilding @ http://localhost:3000/_next/static/chunks/f12ff_next_dist_95687940._.js:2302
[  876776ms] [LOG] [Fast Refresh] done in 869ms @ http://localhost:3000/_next/static/chunks/f12ff_next_dist_95687940._.js:2302
[  892050ms] [LOG] [Fast Refresh] rebuilding @ http://localhost:3000/_next/static/chunks/f12ff_next_dist_95687940._.js:2302
[  894502ms] [LOG] [Fast Refresh] done in 2553ms @ http://localhost:3000/_next/static/chunks/f12ff_next_dist_95687940._.js:2302
[  922086ms] [LOG] [Fast Refresh] rebuilding @ http://localhost:3000/_next/static/chunks/f12ff_next_dist_95687940._.js:2302
[  929641ms] [LOG] [Fast Refresh] done in 724ms @ http://localhost:3000/_next/static/chunks/f12ff_next_dist_95687940._.js:2302
[  929884ms] [WARNING] %c%s%c PortableText block detected in page blocks array. This should be rendered via PortableTextRenderer, not Blocks component. background: #e6e6e6;background: light-dark(rgba(0,0,0,0.1), rgba(255,255,255,0.25));color: #000000;color: light-dark(#000000, #ffffff);border-radius: 2px  Server   qj8oy7g @ http://localhost:3000/_next/static/chunks/f12ff_next_dist_95687940._.js:2302
[  929887ms] [WARNING] %c%s%c PortableText block detected in page blocks array. This should be rendered via PortableTextRenderer, not Blocks component. background: #e6e6e6;background: light-dark(rgba(0,0,0,0.1), rgba(255,255,255,0.25));color: #000000;color: light-dark(#000000, #ffffff);border-radius: 2px  Server   hug9xb @ http://localhost:3000/_next/static/chunks/f12ff_next_dist_95687940._.js:2302
[  929889ms] [WARNING] %c%s%c PortableText block detected in page blocks array. This should be rendered via PortableTextRenderer, not Blocks component. background: #e6e6e6;background: light-dark(rgba(0,0,0,0.1), rgba(255,255,255,0.25));color: #000000;color: light-dark(#000000, #ffffff);border-radius: 2px  Server   5tjyj @ http://localhost:3000/_next/static/chunks/f12ff_next_dist_95687940._.js:2302
[  940109ms] [LOG] [Fast Refresh] rebuilding @ http://localhost:3000/_next/static/chunks/f12ff_next_dist_95687940._.js:2302
[  941048ms] [LOG] [Fast Refresh] done in 1014ms @ http://localhost:3000/_next/static/chunks/f12ff_next_dist_95687940._.js:2302
[  941253ms] [LOG] [Fast Refresh] rebuilding @ http://localhost:3000/_next/static/chunks/f12ff_next_dist_95687940._.js:2302
[  946785ms] [LOG] [Fast Refresh] done in 5656ms @ http://localhost:3000/_next/static/chunks/f12ff_next_dist_95687940._.js:2302
[  947600ms] [WARNING] %c%s%c PortableText block detected in page blocks array. This should be rendered via PortableTextRenderer, not Blocks component. background: #e6e6e6;background: light-dark(rgba(0,0,0,0.1), rgba(255,255,255,0.25));color: #000000;color: light-dark(#000000, #ffffff);border-radius: 2px  Server   qj8oy7g @ http://localhost:3000/_next/static/chunks/f12ff_next_dist_95687940._.js:2302
[  947600ms] [WARNING] %c%s%c PortableText block detected in page blocks array. This should be rendered via PortableTextRenderer, not Blocks component. background: #e6e6e6;background: light-dark(rgba(0,0,0,0.1), rgba(255,255,255,0.25));color: #000000;color: light-dark(#000000, #ffffff);border-radius: 2px  Server   hug9xb @ http://localhost:3000/_next/static/chunks/f12ff_next_dist_95687940._.js:2302
[  947602ms] [WARNING] %c%s%c PortableText block detected in page blocks array. This should be rendered via PortableTextRenderer, not Blocks component. background: #e6e6e6;background: light-dark(rgba(0,0,0,0.1), rgba(255,255,255,0.25));color: #000000;color: light-dark(#000000, #ffffff);border-radius: 2px  Server   5tjyj @ http://localhost:3000/_next/static/chunks/f12ff_next_dist_95687940._.js:2302
[  955311ms] [LOG] [Fast Refresh] rebuilding @ http://localhost:3000/_next/static/chunks/f12ff_next_dist_95687940._.js:2302
[  962625ms] [LOG] [Fast Refresh] done in 7355ms @ http://localhost:3000/_next/static/chunks/f12ff_next_dist_95687940._.js:2302
[  962725ms] [WARNING] %c%s%c PortableText block detected in page blocks array. This should be rendered via PortableTextRenderer, not Blocks component. background: #e6e6e6;background: light-dark(rgba(0,0,0,0.1), rgba(255,255,255,0.25));color: #000000;color: light-dark(#000000, #ffffff);border-radius: 2px  Server   qj8oy7g @ http://localhost:3000/_next/static/chunks/f12ff_next_dist_95687940._.js:2302
[  962725ms] [WARNING] %c%s%c PortableText block detected in page blocks array. This should be rendered via PortableTextRenderer, not Blocks component. background: #e6e6e6;background: light-dark(rgba(0,0,0,0.1), rgba(255,255,255,0.25));color: #000000;color: light-dark(#000000, #ffffff);border-radius: 2px  Server   hug9xb @ http://localhost:3000/_next/static/chunks/f12ff_next_dist_95687940._.js:2302
[  962729ms] [WARNING] %c%s%c PortableText block detected in page blocks array. This should be rendered via PortableTextRenderer, not Blocks component. background: #e6e6e6;background: light-dark(rgba(0,0,0,0.1), rgba(255,255,255,0.25));color: #000000;color: light-dark(#000000, #ffffff);border-radius: 2px  Server   5tjyj @ http://localhost:3000/_next/static/chunks/f12ff_next_dist_95687940._.js:2302
[  969483ms] [LOG] [Fast Refresh] rebuilding @ http://localhost:3000/_next/static/chunks/f12ff_next_dist_95687940._.js:2302
[  970423ms] [LOG] [Fast Refresh] done in 1025ms @ http://localhost:3000/_next/static/chunks/f12ff_next_dist_95687940._.js:2302
[  970885ms] [LOG] [Fast Refresh] rebuilding @ http://localhost:3000/_next/static/chunks/f12ff_next_dist_95687940._.js:2302
[  975019ms] [LOG] [Fast Refresh] done in 4234ms @ http://localhost:3000/_next/static/chunks/f12ff_next_dist_95687940._.js:2302
[  975779ms] [WARNING] %c%s%c PortableText block detected in page blocks array. This should be rendered via PortableTextRenderer, not Blocks component. background: #e6e6e6;background: light-dark(rgba(0,0,0,0.1), rgba(255,255,255,0.25));color: #000000;color: light-dark(#000000, #ffffff);border-radius: 2px  Server   qj8oy7g @ http://localhost:3000/_next/static/chunks/f12ff_next_dist_95687940._.js:2302
[  975779ms] [WARNING] %c%s%c PortableText block detected in page blocks array. This should be rendered via PortableTextRenderer, not Blocks component. background: #e6e6e6;background: light-dark(rgba(0,0,0,0.1), rgba(255,255,255,0.25));color: #000000;color: light-dark(#000000, #ffffff);border-radius: 2px  Server   hug9xb @ http://localhost:3000/_next/static/chunks/f12ff_next_dist_95687940._.js:2302
[  975820ms] [WARNING] %c%s%c PortableText block detected in page blocks array. This should be rendered via PortableTextRenderer, not Blocks component. background: #e6e6e6;background: light-dark(rgba(0,0,0,0.1), rgba(255,255,255,0.25));color: #000000;color: light-dark(#000000, #ffffff);border-radius: 2px  Server   5tjyj @ http://localhost:3000/_next/static/chunks/f12ff_next_dist_95687940._.js:2302
[  984469ms] [LOG] [Fast Refresh] rebuilding @ http://localhost:3000/_next/static/chunks/f12ff_next_dist_95687940._.js:2302
[  985361ms] [LOG] [Fast Refresh] done in 864ms @ http://localhost:3000/_next/static/chunks/f12ff_next_dist_95687940._.js:2302
[  985770ms] [LOG] [Fast Refresh] rebuilding @ http://localhost:3000/_next/static/chunks/f12ff_next_dist_95687940._.js:2302
[  990607ms] [LOG] [Fast Refresh] done in 4937ms @ http://localhost:3000/_next/static/chunks/f12ff_next_dist_95687940._.js:2302
[  991214ms] [WARNING] %c%s%c PortableText block detected in page blocks array. This should be rendered via PortableTextRenderer, not Blocks component. background: #e6e6e6;background: light-dark(rgba(0,0,0,0.1), rgba(255,255,255,0.25));color: #000000;color: light-dark(#000000, #ffffff);border-radius: 2px  Server   qj8oy7g @ http://localhost:3000/_next/static/chunks/f12ff_next_dist_95687940._.js:2302
[  991215ms] [WARNING] %c%s%c PortableText block detected in page blocks array. This should be rendered via PortableTextRenderer, not Blocks component. background: #e6e6e6;background: light-dark(rgba(0,0,0,0.1), rgba(255,255,255,0.25));color: #000000;color: light-dark(#000000, #ffffff);border-radius: 2px  Server   hug9xb @ http://localhost:3000/_next/static/chunks/f12ff_next_dist_95687940._.js:2302
[  991215ms] [WARNING] %c%s%c PortableText block detected in page blocks array. This should be rendered via PortableTextRenderer, not Blocks component. background: #e6e6e6;background: light-dark(rgba(0,0,0,0.1), rgba(255,255,255,0.25));color: #000000;color: light-dark(#000000, #ffffff);border-radius: 2px  Server   5tjyj @ http://localhost:3000/_next/static/chunks/f12ff_next_dist_95687940._.js:2302
