[     305ms] [LOG] [Fast Refresh] rebuilding @ http://localhost:3000/_next/static/chunks/f12ff_next_dist_95687940._.js:2302
[    3040ms] [LOG] [Fast Refresh] done in 2837ms @ http://localhost:3000/_next/static/chunks/f12ff_next_dist_95687940._.js:2302
[    4162ms] [INFO] %cDownload the React DevTools for a better development experience: https://react.dev/link/react-devtools font-weight:bold @ http://localhost:3000/_next/static/chunks/f12ff_next_dist_95687940._.js:2302
[    4335ms] [LOG] [HMR] connected @ http://localhost:3000/_next/static/chunks/f12ff_next_dist_95687940._.js:2302
[    4803ms] [WARNING] Image with src "/connecting-climate-minds-logo-white.png" was detected as the Largest Contentful Paint (LCP). Please add the `loading="eager"` property if this image is above the fold.
Read more: https://nextjs.org/docs/app/api-reference/components/image#loading @ http://localhost:3000/_next/static/chunks/f12ff_next_dist_95687940._.js:2302
[    5252ms] [WARNING] Ignoring Event: localhost @ http://localhost:3000/_next/static/chunks/f12ff_next_dist_95687940._.js:2302
[    5304ms] [WARNING] Clerk: Clerk has been loaded with development keys. Development instances have strict usage limits and should not be used when deploying your application to production. Learn more: https://clerk.com/docs/deployments/overview @ http://localhost:3000/_next/static/chunks/f12ff_next_dist_95687940._.js:2302
[    5323ms] [INFO] Sanity is live with automatic revalidation of published content @ http://localhost:3000/_next/static/chunks/f12ff_next_dist_95687940._.js:2302
[   14821ms] [LOG] [Fast Refresh] rebuilding @ http://localhost:3000/_next/static/chunks/f12ff_next_dist_95687940._.js:2302
[   15087ms] [LOG] [Fast Refresh] done in 369ms @ http://localhost:3000/_next/static/chunks/f12ff_next_dist_95687940._.js:2302
[  102184ms] [LOG] [Fast Refresh] rebuilding @ http://localhost:3000/_next/static/chunks/f12ff_next_dist_95687940._.js:2302
[  102885ms] [LOG] [Fast Refresh] done in 685ms @ http://localhost:3000/_next/static/chunks/f12ff_next_dist_95687940._.js:2302
[  121290ms] [LOG] [Fast Refresh] rebuilding @ http://localhost:3000/_next/static/chunks/f12ff_next_dist_95687940._.js:2302
[  122601ms] [LOG] [Fast Refresh] done in 1073ms @ http://localhost:3000/_next/static/chunks/f12ff_next_dist_95687940._.js:2302
[  140946ms] [LOG] [Fast Refresh] rebuilding @ http://localhost:3000/_next/static/chunks/f12ff_next_dist_95687940._.js:2302
[  141408ms] [LOG] [Fast Refresh] done in 284ms @ http://localhost:3000/_next/static/chunks/f12ff_next_dist_95687940._.js:2302
[  160361ms] [LOG] [Fast Refresh] rebuilding @ http://localhost:3000/_next/static/chunks/f12ff_next_dist_95687940._.js:2302
[  160652ms] [LOG] [Fast Refresh] done in 331ms @ http://localhost:3000/_next/static/chunks/f12ff_next_dist_95687940._.js:2302
[  191178ms] [LOG] [Fast Refresh] rebuilding @ http://localhost:3000/_next/static/chunks/f12ff_next_dist_95687940._.js:2302
[  191355ms] [LOG] [Fast Refresh] done in 277ms @ http://localhost:3000/_next/static/chunks/f12ff_next_dist_95687940._.js:2302
[  226734ms] [LOG] [Fast Refresh] rebuilding @ http://localhost:3000/_next/static/chunks/f12ff_next_dist_95687940._.js:2302
[  227033ms] [LOG] [Fast Refresh] done in 400ms @ http://localhost:3000/_next/static/chunks/f12ff_next_dist_95687940._.js:2302
[  249544ms] [LOG] [Fast Refresh] rebuilding @ http://localhost:3000/_next/static/chunks/f12ff_next_dist_95687940._.js:2302
[  249727ms] [LOG] [Fast Refresh] done in 114ms @ http://localhost:3000/_next/static/chunks/f12ff_next_dist_95687940._.js:2302
[  277172ms] [LOG] [Fast Refresh] rebuilding @ http://localhost:3000/_next/static/chunks/f12ff_next_dist_95687940._.js:2302
[  277538ms] [LOG] [Fast Refresh] done in 221ms @ http://localhost:3000/_next/static/chunks/f12ff_next_dist_95687940._.js:2302
[  301580ms] [LOG] [Fast Refresh] rebuilding @ http://localhost:3000/_next/static/chunks/f12ff_next_dist_95687940._.js:2302
[  301675ms] [LOG] [Fast Refresh] done in 144ms @ http://localhost:3000/_next/static/chunks/f12ff_next_dist_95687940._.js:2302
