[     421ms] [LOG] [Fast Refresh] rebuilding @ http://localhost:3000/_next/static/chunks/f12ff_next_dist_95687940._.js:2302
[     446ms] [LOG] [Fast Refresh] done in 126ms @ http://localhost:3000/_next/static/chunks/f12ff_next_dist_95687940._.js:2302
[    6266ms] [INFO] %cDownload the React DevTools for a better development experience: https://react.dev/link/react-devtools font-weight:bold @ http://localhost:3000/_next/static/chunks/f12ff_next_dist_95687940._.js:2302
[    6397ms] [LOG] [HMR] connected @ http://localhost:3000/_next/static/chunks/f12ff_next_dist_95687940._.js:2302
[    6622ms] [LOG] [Fast Refresh] rebuilding @ http://localhost:3000/_next/static/chunks/f12ff_next_dist_95687940._.js:2302
[    6632ms] [WARNING] Missing Algolia environment variables: ALGOLIA_API_KEY @ http://localhost:3000/_next/static/chunks/f12ff_next_dist_95687940._.js:2302
[    6633ms] [WARNING] Algolia admin client not available - missing credentials @ http://localhost:3000/_next/static/chunks/f12ff_next_dist_95687940._.js:2302
[    6633ms] [LOG] ✅ Algolia search client initialized successfully @ http://localhost:3000/_next/static/chunks/f12ff_next_dist_95687940._.js:2302
[    6745ms] [WARNING] Ignoring Event: localhost @ http://localhost:3000/_next/static/chunks/f12ff_next_dist_95687940._.js:2302
[    6745ms] [LOG] [Fast Refresh] done in 241ms @ http://localhost:3000/_next/static/chunks/f12ff_next_dist_95687940._.js:2302
[    6847ms] [WARNING] Clerk: Clerk has been loaded with development keys. Development instances have strict usage limits and should not be used when deploying your application to production. Learn more: https://clerk.com/docs/deployments/overview @ http://localhost:3000/_next/static/chunks/f12ff_next_dist_95687940._.js:2302
[    6888ms] [INFO] Sanity is live with automatic revalidation of published content @ http://localhost:3000/_next/static/chunks/f12ff_next_dist_95687940._.js:2302
[   66122ms] [LOG] [Fast Refresh] rebuilding @ http://localhost:3000/_next/static/chunks/f12ff_next_dist_95687940._.js:2302
[   69642ms] [LOG] [Fast Refresh] done in 3620ms @ http://localhost:3000/_next/static/chunks/f12ff_next_dist_95687940._.js:2302
[   98631ms] [LOG] [Fast Refresh] rebuilding @ http://localhost:3000/_next/static/chunks/f12ff_next_dist_95687940._.js:2302
[   98642ms] [LOG] [Fast Refresh] done in 112ms @ http://localhost:3000/_next/static/chunks/f12ff_next_dist_95687940._.js:2302
[  172372ms] [LOG] [Fast Refresh] rebuilding @ http://localhost:3000/_next/static/chunks/f12ff_next_dist_95687940._.js:2302
[  172375ms] [LOG] [Fast Refresh] done in 105ms @ http://localhost:3000/_next/static/chunks/f12ff_next_dist_95687940._.js:2302
[  226751ms] [LOG] [Fast Refresh] rebuilding @ http://localhost:3000/_next/static/chunks/f12ff_next_dist_95687940._.js:2302
[  228712ms] [LOG] [Fast Refresh] done in 2063ms @ http://localhost:3000/_next/static/chunks/f12ff_next_dist_95687940._.js:2302
[  409259ms] [LOG] [Fast Refresh] rebuilding @ http://localhost:3000/_next/static/chunks/f12ff_next_dist_95687940._.js:2302
[  410494ms] [LOG] [Fast Refresh] done in 1337ms @ http://localhost:3000/_next/static/chunks/f12ff_next_dist_95687940._.js:2302
[  443288ms] [LOG] [Fast Refresh] rebuilding @ http://localhost:3000/_next/static/chunks/f12ff_next_dist_95687940._.js:2302
[  444000ms] [LOG] [Fast Refresh] done in 815ms @ http://localhost:3000/_next/static/chunks/f12ff_next_dist_95687940._.js:2302
[  522561ms] [LOG] [Fast Refresh] rebuilding @ http://localhost:3000/_next/static/chunks/f12ff_next_dist_95687940._.js:2302
[  523049ms] [LOG] [Fast Refresh] done in 592ms @ http://localhost:3000/_next/static/chunks/f12ff_next_dist_95687940._.js:2302
[  546326ms] [LOG] [Fast Refresh] rebuilding @ http://localhost:3000/_next/static/chunks/f12ff_next_dist_95687940._.js:2302
[  546518ms] [LOG] [Fast Refresh] done in 295ms @ http://localhost:3000/_next/static/chunks/f12ff_next_dist_95687940._.js:2302
[ 3391501ms] [LOG] [Fast Refresh] rebuilding @ http://localhost:3000/_next/static/chunks/f12ff_next_dist_95687940._.js:2302
[ 3394489ms] [LOG] [Fast Refresh] done in 3094ms @ http://localhost:3000/_next/static/chunks/f12ff_next_dist_95687940._.js:2302
[ 3446743ms] [LOG] [Fast Refresh] rebuilding @ http://localhost:3000/_next/static/chunks/f12ff_next_dist_95687940._.js:2302
[ 3449293ms] [LOG] [Fast Refresh] done in 2655ms @ http://localhost:3000/_next/static/chunks/f12ff_next_dist_95687940._.js:2302
[ 3477312ms] [LOG] [Fast Refresh] rebuilding @ http://localhost:3000/_next/static/chunks/f12ff_next_dist_95687940._.js:2302
[ 3477516ms] [LOG] [Fast Refresh] done in 305ms @ http://localhost:3000/_next/static/chunks/f12ff_next_dist_95687940._.js:2302
[ 3478643ms] [LOG] [Fast Refresh] rebuilding @ http://localhost:3000/_next/static/chunks/f12ff_next_dist_95687940._.js:2302
[ 3484425ms] [LOG] [Fast Refresh] done in 5882ms @ http://localhost:3000/_next/static/chunks/f12ff_next_dist_95687940._.js:2302
[ 3485761ms] [LOG] [Fast Refresh] rebuilding @ http://localhost:3000/_next/static/chunks/f12ff_next_dist_95687940._.js:2302
[ 3485796ms] [LOG] [Fast Refresh] done in 136ms @ http://localhost:3000/_next/static/chunks/f12ff_next_dist_95687940._.js:2302
[ 3532045ms] [LOG] [Fast Refresh] rebuilding @ http://localhost:3000/_next/static/chunks/f12ff_next_dist_95687940._.js:2302
[ 3532234ms] [LOG] [Fast Refresh] done in 291ms @ http://localhost:3000/_next/static/chunks/f12ff_next_dist_95687940._.js:2302
[ 3617964ms] [LOG] [Fast Refresh] rebuilding @ http://localhost:3000/_next/static/chunks/f12ff_next_dist_95687940._.js:2302
[ 3618117ms] [LOG] [Fast Refresh] done in 256ms @ http://localhost:3000/_next/static/chunks/f12ff_next_dist_95687940._.js:2302
[ 3652381ms] [LOG] [Fast Refresh] rebuilding @ http://localhost:3000/_next/static/chunks/f12ff_next_dist_95687940._.js:2302
[ 3652461ms] [LOG] [Fast Refresh] done in 182ms @ http://localhost:3000/_next/static/chunks/f12ff_next_dist_95687940._.js:2302
[ 3725891ms] [LOG] [Fast Refresh] rebuilding @ http://localhost:3000/_next/static/chunks/f12ff_next_dist_95687940._.js:2302
[ 3725982ms] [LOG] [Fast Refresh] done in 193ms @ http://localhost:3000/_next/static/chunks/f12ff_next_dist_95687940._.js:2302
[ 3829929ms] [LOG] [Fast Refresh] rebuilding @ http://localhost:3000/_next/static/chunks/f12ff_next_dist_95687940._.js:2302
[ 3830066ms] [LOG] [Fast Refresh] done in 239ms @ http://localhost:3000/_next/static/chunks/f12ff_next_dist_95687940._.js:2302
[ 3834858ms] [LOG] [Fast Refresh] rebuilding @ http://localhost:3000/_next/static/chunks/f12ff_next_dist_95687940._.js:2302
[ 3835074ms] [LOG] [Fast Refresh] done in 318ms @ http://localhost:3000/_next/static/chunks/f12ff_next_dist_95687940._.js:2302
[ 3867378ms] [LOG] [Fast Refresh] rebuilding @ http://localhost:3000/_next/static/chunks/f12ff_next_dist_95687940._.js:2302
[ 3867917ms] [LOG] [Fast Refresh] done in 638ms @ http://localhost:3000/_next/static/chunks/f12ff_next_dist_95687940._.js:2302
[ 3899369ms] [LOG] [Fast Refresh] rebuilding @ http://localhost:3000/_next/static/chunks/f12ff_next_dist_95687940._.js:2302
[ 3899592ms] [LOG] [Fast Refresh] done in 272ms @ http://localhost:3000/_next/static/chunks/f12ff_next_dist_95687940._.js:2302
[ 3899948ms] [LOG] [Fast Refresh] rebuilding @ http://localhost:3000/_next/static/chunks/f12ff_next_dist_95687940._.js:2302
[ 3902607ms] [LOG] [Fast Refresh] done in 2759ms @ http://localhost:3000/_next/static/chunks/f12ff_next_dist_95687940._.js:2302
[ 3904574ms] [LOG] [Fast Refresh] rebuilding @ http://localhost:3000/_next/static/chunks/f12ff_next_dist_95687940._.js:2302
[ 3904882ms] [LOG] [Fast Refresh] done in 410ms @ http://localhost:3000/_next/static/chunks/f12ff_next_dist_95687940._.js:2302
[ 3905228ms] [LOG] [Fast Refresh] rebuilding @ http://localhost:3000/_next/static/chunks/f12ff_next_dist_95687940._.js:2302
[ 3905268ms] [LOG] [Fast Refresh] done in 143ms @ http://localhost:3000/_next/static/chunks/f12ff_next_dist_95687940._.js:2302
[ 3906180ms] [LOG] [Fast Refresh] rebuilding @ http://localhost:3000/_next/static/chunks/f12ff_next_dist_95687940._.js:2302
[ 3906189ms] [LOG] [Fast Refresh] done in 111ms @ http://localhost:3000/_next/static/chunks/f12ff_next_dist_95687940._.js:2302
[ 3906782ms] [LOG] [Fast Refresh] rebuilding @ http://localhost:3000/_next/static/chunks/f12ff_next_dist_95687940._.js:2302
[ 3906826ms] [LOG] [Fast Refresh] done in 145ms @ http://localhost:3000/_next/static/chunks/f12ff_next_dist_95687940._.js:2302
[ 3907077ms] [LOG] [Fast Refresh] rebuilding @ http://localhost:3000/_next/static/chunks/f12ff_next_dist_95687940._.js:2302
[ 3907096ms] [LOG] [Fast Refresh] done in 122ms @ http://localhost:3000/_next/static/chunks/f12ff_next_dist_95687940._.js:2302
[ 3907334ms] [LOG] [Fast Refresh] rebuilding @ http://localhost:3000/_next/static/chunks/f12ff_next_dist_95687940._.js:2302
[ 3907446ms] [LOG] [Fast Refresh] done in 213ms @ http://localhost:3000/_next/static/chunks/f12ff_next_dist_95687940._.js:2302
[ 3907973ms] [LOG] [Fast Refresh] rebuilding @ http://localhost:3000/_next/static/chunks/f12ff_next_dist_95687940._.js:2302
[ 3908505ms] [LOG] [Fast Refresh] done in 634ms @ http://localhost:3000/_next/static/chunks/f12ff_next_dist_95687940._.js:2302
[ 3957292ms] [LOG] [Fast Refresh] rebuilding @ http://localhost:3000/_next/static/chunks/f12ff_next_dist_95687940._.js:2302
[ 3957349ms] [LOG] [Fast Refresh] done in 158ms @ http://localhost:3000/_next/static/chunks/f12ff_next_dist_95687940._.js:2302
[ 3995966ms] [LOG] [Fast Refresh] rebuilding @ http://localhost:3000/_next/static/chunks/f12ff_next_dist_95687940._.js:2302
[ 3995979ms] [LOG] [Fast Refresh] done in 116ms @ http://localhost:3000/_next/static/chunks/f12ff_next_dist_95687940._.js:2302
