[    1309ms] [INFO] %cDownload the React DevTools for a better development experience: https://react.dev/link/react-devtools font-weight:bold @ http://localhost:3000/_next/static/chunks/f12ff_next_dist_95687940._.js:2302
[    1450ms] [LOG] [HMR] connected @ http://localhost:3000/_next/static/chunks/f12ff_next_dist_95687940._.js:2302
[    1516ms] [WARNING] Clerk: Clerk has been loaded with development keys. Development instances have strict usage limits and should not be used when deploying your application to production. Learn more: https://clerk.com/docs/deployments/overview @ http://localhost:3000/_next/static/chunks/f12ff_next_dist_95687940._.js:2302
[    1690ms] [WARNING] Image with src "/connecting-climate-minds-logo-white.png" was detected as the Largest Contentful Paint (LCP). Please add the `loading="eager"` property if this image is above the fold.
Read more: https://nextjs.org/docs/app/api-reference/components/image#loading @ http://localhost:3000/_next/static/chunks/f12ff_next_dist_95687940._.js:2302
[    1852ms] [ERROR] A tree hydrated but some attributes of the server rendered HTML didn't match the client properties. This won't be patched up. This can happen if a SSR-ed Client Component used:

- A server/client branch `if (typeof window !== 'undefined')`.
- Variable input such as `Date.now()` or `Math.random()` which changes each time it's called.
- Date formatting in a user's locale which doesn't match the server.
- External changing data without sending a snapshot of it along with the HTML.
- Invalid HTML tag nesting.

It can also happen if the client has a browser extension installed which messes with the HTML before React loaded.

%s%s https://react.dev/link/hydration-mismatch 

  ...
    <div className="flex flex-...">
      <div>
      ...
        <SelectCollectionProvider scope={undefined}>
          <SelectCollectionProviderProvider scope={undefined} itemMap={Map} collectionRef={{current:null}}>
            <SelectProvider scope={undefined} onNativeOptionAdd={function Select.useCallback} ...>
              <SelectTrigger className="w-full sm:...">
                <SelectTrigger ref={undefined} data-slot="select-tri..." data-size="default" className={"border-i..."}>
                  <PopperAnchor asChild={true} __scopePopper={{Popper:[...]}}>
                    <Primitive.div asChild={true} ref={function}>
                      <Primitive.div.Slot ref={function}>
                        <Primitive.div.SlotClone ref={function}>
                          <Primitive.button type="button" role="combobox" aria-controls="radix-_R_p..." ...>
                            <button
                              type="button"
                              role="combobox"
+                             aria-controls="radix-_R_pklritpeukndb7t9etb_"
-                             aria-controls="radix-_R_36inebn5rqkndb7t9etb_"
                              aria-expanded={false}
                              aria-required={undefined}
                              aria-autocomplete="none"
                              dir="ltr"
                              data-state="closed"
                              disabled={false}
                              data-disabled={undefined}
                              data-placeholder=""
                              data-slot="select-trigger"
                              data-size="default"
                              className={"border-input data-[placeholder]:text-muted-foreground [&_svg:not([class*='t..."}
                              onClick={function handleEvent}
                              onPointerDown={function handleEvent}
                              onKeyDown={function handleEvent}
                              ref={function}
                            >
              ...
        ...
      ...
        <PopperProvider scope={{Popper:[...]}} anchor={null} onAnchorChange={function bound dispatchSetState}>
          <PopoverProvider scope={undefined} contentId="radix-_R_t..." triggerRef={{current:null}} open={false} ...>
            <PopoverTrigger asChild={true}>
              <PopperAnchor asChild={true} __scopePopper={{Popper:[...]}}>
                <Primitive.div asChild={true} ref={function}>
                  <Primitive.div.Slot ref={function}>
                    <Primitive.div.SlotClone ref={function}>
                      <Primitive.button type="button" aria-haspopup="dialog" aria-expanded={false} ...>
                        <Primitive.button.Slot type="button" aria-haspopup="dialog" aria-expanded={false} ...>
                          <Primitive.button.SlotClone type="button" aria-haspopup="dialog" aria-expanded={false} ...>
                            <Button variant="outline" className="flex items..." type="button" aria-haspopup="dialog" ...>
                              <button
                                data-slot="button"
                                className={"justify-center text-center text-balance font-bold transition-[color,backg..."}
                                type="button"
                                aria-haspopup="dialog"
                                aria-expanded={false}
+                               aria-controls="radix-_R_tklritpeukndb7t9etb_"
-                               aria-controls="radix-_R_3minebn5rqkndb7t9etb_"
                                data-state="closed"
                                onClick={function handleEvent}
                                ref={function}
                              >
            ...
 @ http://localhost:3000/_next/static/chunks/f12ff_next_dist_95687940._.js:3132
[    1941ms] [WARNING] Ignoring Event: localhost @ http://localhost:3000/_next/static/chunks/f12ff_next_dist_95687940._.js:2302
[    1980ms] [INFO] Sanity is live with automatic revalidation of published content @ http://localhost:3000/_next/static/chunks/f12ff_next_dist_95687940._.js:2302
[    1980ms] [WARNING] Image with src "https://cdn.sanity.io/images/gm67v7rk/production_2/1d3fae800fffe1b06b1978b583d73667dc0771bc-5760x3240.jpg?w=1200&h=675&fit=crop&auto=format" was detected as the Largest Contentful Paint (LCP). Please add the `loading="eager"` property if this image is above the fold.
Read more: https://nextjs.org/docs/app/api-reference/components/image#loading @ http://localhost:3000/_next/static/chunks/f12ff_next_dist_95687940._.js:2302
[    2160ms] [LOG] [Fast Refresh] rebuilding @ http://localhost:3000/_next/static/chunks/f12ff_next_dist_95687940._.js:2302
[    2852ms] [LOG] [Fast Refresh] done in 793ms @ http://localhost:3000/_next/static/chunks/f12ff_next_dist_95687940._.js:2302
[   18538ms] [LOG] [Fast Refresh] rebuilding @ http://localhost:3000/_next/static/chunks/f12ff_next_dist_95687940._.js:2302
[   18624ms] [LOG] [Fast Refresh] done in 188ms @ http://localhost:3000/_next/static/chunks/f12ff_next_dist_95687940._.js:2302
