[    2366ms] [LOG] [Fast Refresh] rebuilding @ http://localhost:3000/_next/static/chunks/6f8fc_next_dist_2f27c456._.js:2297
[   72937ms] [LOG] [Fast Refresh] done in 70715ms @ http://localhost:3000/_next/static/chunks/6f8fc_next_dist_2f27c456._.js:2297
[   74999ms] [LOG] [Fast Refresh] rebuilding @ http://localhost:3000/_next/static/chunks/6f8fc_next_dist_2f27c456._.js:2297
[   75006ms] [LOG] [Fast Refresh] done in 109ms @ http://localhost:3000/_next/static/chunks/6f8fc_next_dist_2f27c456._.js:2297
[   76015ms] [INFO] %cDownload the React DevTools for a better development experience: https://react.dev/link/react-devtools font-weight:bold @ http://localhost:3000/_next/static/chunks/6f8fc_next_dist_2f27c456._.js:2297
[   76280ms] [LOG] [HMR] connected @ http://localhost:3000/_next/static/chunks/6f8fc_next_dist_2f27c456._.js:2297
[   76479ms] [WARNING] Image with src "/connecting-climate-minds-logo-white.png" was detected as the Largest Contentful Paint (LCP). Please add the `loading="eager"` property if this image is above the fold.
Read more: https://nextjs.org/docs/app/api-reference/components/image#loading @ http://localhost:3000/_next/static/chunks/6f8fc_next_dist_2f27c456._.js:2297
[   76822ms] [ERROR] Loading the image 'https://www.gravatar.com/avatar?d=mp' violates the following Content Security Policy directive: "img-src 'self' data: blob: https://cdn.sanity.io https://img.youtube.com https://img.clerk.com". The action has been blocked. @ http://localhost:3000/en/collaborate:0
[   76828ms] [ERROR] Loading the image 'https://www.gravatar.com/avatar?d=mp' violates the following Content Security Policy directive: "img-src 'self' data: blob: https://cdn.sanity.io https://img.youtube.com https://img.clerk.com". The action has been blocked. @ http://localhost:3000/en/collaborate:0
[   76828ms] [ERROR] Loading the image 'https://www.gravatar.com/avatar?d=mp' violates the following Content Security Policy directive: "img-src 'self' data: blob: https://cdn.sanity.io https://img.youtube.com https://img.clerk.com". The action has been blocked. @ http://localhost:3000/en/collaborate:0
[   76828ms] [ERROR] Loading the image 'https://www.gravatar.com/avatar?d=mp' violates the following Content Security Policy directive: "img-src 'self' data: blob: https://cdn.sanity.io https://img.youtube.com https://img.clerk.com". The action has been blocked. @ http://localhost:3000/en/collaborate:0
[   76828ms] [ERROR] Loading the image 'https://www.gravatar.com/avatar?d=mp' violates the following Content Security Policy directive: "img-src 'self' data: blob: https://cdn.sanity.io https://img.youtube.com https://img.clerk.com". The action has been blocked. @ http://localhost:3000/en/collaborate:0
[   76828ms] [ERROR] Loading the image 'https://www.gravatar.com/avatar?d=mp' violates the following Content Security Policy directive: "img-src 'self' data: blob: https://cdn.sanity.io https://img.youtube.com https://img.clerk.com". The action has been blocked. @ http://localhost:3000/en/collaborate:0
[   76828ms] [ERROR] Loading the image 'https://www.gravatar.com/avatar?d=mp' violates the following Content Security Policy directive: "img-src 'self' data: blob: https://cdn.sanity.io https://img.youtube.com https://img.clerk.com". The action has been blocked. @ http://localhost:3000/en/collaborate:0
[   76828ms] [ERROR] Loading the image 'https://www.gravatar.com/avatar?d=mp' violates the following Content Security Policy directive: "img-src 'self' data: blob: https://cdn.sanity.io https://img.youtube.com https://img.clerk.com". The action has been blocked. @ http://localhost:3000/en/collaborate:0
[   76828ms] [ERROR] Loading the image 'https://www.gravatar.com/avatar?d=mp' violates the following Content Security Policy directive: "img-src 'self' data: blob: https://cdn.sanity.io https://img.youtube.com https://img.clerk.com". The action has been blocked. @ http://localhost:3000/en/collaborate:0
[   76828ms] [ERROR] Loading the image 'https://www.gravatar.com/avatar?d=mp' violates the following Content Security Policy directive: "img-src 'self' data: blob: https://cdn.sanity.io https://img.youtube.com https://img.clerk.com". The action has been blocked. @ http://localhost:3000/en/collaborate:0
[   76828ms] [ERROR] Loading the image 'https://www.gravatar.com/avatar?d=mp' violates the following Content Security Policy directive: "img-src 'self' data: blob: https://cdn.sanity.io https://img.youtube.com https://img.clerk.com". The action has been blocked. @ http://localhost:3000/en/collaborate:0
[   76828ms] [ERROR] Loading the image 'https://www.gravatar.com/avatar?d=mp' violates the following Content Security Policy directive: "img-src 'self' data: blob: https://cdn.sanity.io https://img.youtube.com https://img.clerk.com". The action has been blocked. @ http://localhost:3000/en/collaborate:0
[   76828ms] [ERROR] Loading the image 'https://www.gravatar.com/avatar?d=mp' violates the following Content Security Policy directive: "img-src 'self' data: blob: https://cdn.sanity.io https://img.youtube.com https://img.clerk.com". The action has been blocked. @ http://localhost:3000/en/collaborate:0
[   76828ms] [ERROR] Loading the image 'https://www.gravatar.com/avatar?d=mp' violates the following Content Security Policy directive: "img-src 'self' data: blob: https://cdn.sanity.io https://img.youtube.com https://img.clerk.com". The action has been blocked. @ http://localhost:3000/en/collaborate:0
[   76829ms] [ERROR] Loading the image 'https://www.gravatar.com/avatar?d=mp' violates the following Content Security Policy directive: "img-src 'self' data: blob: https://cdn.sanity.io https://img.youtube.com https://img.clerk.com". The action has been blocked. @ http://localhost:3000/en/collaborate:0
[   76829ms] [ERROR] Loading the image 'https://www.gravatar.com/avatar?d=mp' violates the following Content Security Policy directive: "img-src 'self' data: blob: https://cdn.sanity.io https://img.youtube.com https://img.clerk.com". The action has been blocked. @ http://localhost:3000/en/collaborate:0
[   76829ms] [ERROR] Loading the image 'https://www.gravatar.com/avatar?d=mp' violates the following Content Security Policy directive: "img-src 'self' data: blob: https://cdn.sanity.io https://img.youtube.com https://img.clerk.com". The action has been blocked. @ http://localhost:3000/en/collaborate:0
[   76829ms] [ERROR] Loading the image 'https://www.gravatar.com/avatar?d=mp' violates the following Content Security Policy directive: "img-src 'self' data: blob: https://cdn.sanity.io https://img.youtube.com https://img.clerk.com". The action has been blocked. @ http://localhost:3000/en/collaborate:0
[   76829ms] [ERROR] Loading the image 'https://www.gravatar.com/avatar?d=mp' violates the following Content Security Policy directive: "img-src 'self' data: blob: https://cdn.sanity.io https://img.youtube.com https://img.clerk.com". The action has been blocked. @ http://localhost:3000/en/collaborate:0
[   76829ms] [ERROR] Loading the image 'https://www.gravatar.com/avatar?d=mp' violates the following Content Security Policy directive: "img-src 'self' data: blob: https://cdn.sanity.io https://img.youtube.com https://img.clerk.com". The action has been blocked. @ http://localhost:3000/en/collaborate:0
[   76829ms] [ERROR] Loading the image 'https://www.gravatar.com/avatar?d=mp' violates the following Content Security Policy directive: "img-src 'self' data: blob: https://cdn.sanity.io https://img.youtube.com https://img.clerk.com". The action has been blocked. @ http://localhost:3000/en/collaborate:0
[   76870ms] [WARNING] Ignoring Event: localhost @ http://localhost:3000/_next/static/chunks/6f8fc_next_dist_2f27c456._.js:2297
[   76938ms] [INFO] Sanity is live with automatic revalidation of published content @ http://localhost:3000/_next/static/chunks/6f8fc_next_dist_2f27c456._.js:2297
[   76994ms] [WARNING] Clerk: Clerk has been loaded with development keys. Development instances have strict usage limits and should not be used when deploying your application to production. Learn more: https://clerk.com/docs/deployments/overview @ http://localhost:3000/_next/static/chunks/6f8fc_next_dist_2f27c456._.js:2297
[   85215ms] [LOG] [Fast Refresh] rebuilding @ http://localhost:3000/_next/static/chunks/6f8fc_next_dist_2f27c456._.js:2297
[   85375ms] [LOG] [Fast Refresh] done in 261ms @ http://localhost:3000/_next/static/chunks/6f8fc_next_dist_2f27c456._.js:2297
