[    4128ms] [LOG] [Client Instrumentation Hook] Slow execution detected: 41ms (Note: Code download overhead is not included in this measurement) @ http://localhost:3000/_next/static/chunks/f12ff_next_dist_95687940._.js:1530
[    4218ms] [INFO] %cDownload the React DevTools for a better development experience: https://react.dev/link/react-devtools font-weight:bold @ http://localhost:3000/_next/static/chunks/f12ff_next_dist_95687940._.js:2302
[    4519ms] [LOG] [HMR] connected @ http://localhost:3000/_next/static/chunks/f12ff_next_dist_95687940._.js:2302
[    4661ms] [WARNING] Clerk: Clerk has been loaded with development keys. Development instances have strict usage limits and should not be used when deploying your application to production. Learn more: https://clerk.com/docs/deployments/overview @ http://localhost:3000/_next/static/chunks/f12ff_next_dist_95687940._.js:2302
[    4723ms] [LOG] [Fast Refresh] rebuilding @ http://localhost:3000/_next/static/chunks/f12ff_next_dist_95687940._.js:2302
[    4850ms] [WARNING] Ignoring Event: localhost @ http://localhost:3000/_next/static/chunks/f12ff_next_dist_95687940._.js:2302
[    5040ms] [LOG] [Fast Refresh] done in 472ms @ http://localhost:3000/_next/static/chunks/f12ff_next_dist_95687940._.js:2302
[    5405ms] [VERBOSE] [DOM] Input elements should have autocomplete attributes (suggested: "current-password"): (More info: https://goo.gl/9p2vKq) %o @ http://localhost:3000/en/sign-in?v=2:0
[   64735ms] [LOG] [Fast Refresh] rebuilding @ http://localhost:3000/_next/static/chunks/f12ff_next_dist_95687940._.js:2302
[   65600ms] [LOG] [Fast Refresh] done in 968ms @ http://localhost:3000/_next/static/chunks/f12ff_next_dist_95687940._.js:2302
[  106974ms] [LOG] [Fast Refresh] rebuilding @ http://localhost:3000/_next/static/chunks/f12ff_next_dist_95687940._.js:2302
[  107011ms] [LOG] [Fast Refresh] done in 140ms @ http://localhost:3000/_next/static/chunks/f12ff_next_dist_95687940._.js:2302
[  545169ms] [LOG] [Fast Refresh] rebuilding @ http://localhost:3000/_next/static/chunks/f12ff_next_dist_95687940._.js:2302
[  548165ms] [LOG] [Fast Refresh] done in 3101ms @ http://localhost:3000/_next/static/chunks/f12ff_next_dist_95687940._.js:2302
[  550302ms] [INFO] %cDownload the React DevTools for a better development experience: https://react.dev/link/react-devtools font-weight:bold @ http://localhost:3000/_next/static/chunks/f12ff_next_dist_95687940._.js:2302
[  550608ms] [LOG] [HMR] connected @ http://localhost:3000/_next/static/chunks/f12ff_next_dist_95687940._.js:2302
[  550693ms] [WARNING] Clerk: Clerk has been loaded with development keys. Development instances have strict usage limits and should not be used when deploying your application to production. Learn more: https://clerk.com/docs/deployments/overview @ http://localhost:3000/_next/static/chunks/f12ff_next_dist_95687940._.js:2302
[  550781ms] [LOG] [Fast Refresh] rebuilding @ http://localhost:3000/_next/static/chunks/f12ff_next_dist_95687940._.js:2302
[  551200ms] [WARNING] Ignoring Event: localhost @ http://localhost:3000/_next/static/chunks/f12ff_next_dist_95687940._.js:2302
[  551231ms] [LOG] [Fast Refresh] done in 568ms @ http://localhost:3000/_next/static/chunks/f12ff_next_dist_95687940._.js:2302
[  551731ms] [VERBOSE] [DOM] Input elements should have autocomplete attributes (suggested: "current-password"): (More info: https://goo.gl/9p2vKq) %o @ http://localhost:3000/en/sign-in:0
[  551735ms] [LOG] [Fast Refresh] rebuilding @ http://localhost:3000/_next/static/chunks/f12ff_next_dist_95687940._.js:2302
[  551814ms] [LOG] [Fast Refresh] done in 193ms @ http://localhost:3000/_next/static/chunks/f12ff_next_dist_95687940._.js:2302
[  563087ms] [WARNING] Ignoring Event: localhost @ http://localhost:3000/_next/static/chunks/f12ff_next_dist_95687940._.js:2302
[  563552ms] [VERBOSE] [DOM] Input elements should have autocomplete attributes (suggested: "current-password"): (More info: https://goo.gl/9p2vKq) %o @ http://localhost:3000/en/sign-in/factor-one:0
[  568875ms] [WARNING] Ignoring Event: localhost @ http://localhost:3000/_next/static/chunks/f12ff_next_dist_95687940._.js:2302
[  569249ms] [ERROR] Failed to load resource: the server responded with a status of 422 () @ https://generous-hagfish-7.clerk.accounts.dev/v1/client/sign_ins/sia_3FSElLIcTTNnTtJyDBmpXcamfWQ/attempt_first_factor?__clerk_api_version=2025-11-10&_clerk_js_version=5.125.13&__clerk_db_jwt=dvb_3FOOUfoQT9T6UmXtJa7tc2zjqQq:0
[  573775ms] [WARNING] Ignoring Event: localhost @ http://localhost:3000/_next/static/chunks/f12ff_next_dist_95687940._.js:2302
[  574551ms] [LOG] [Fast Refresh] rebuilding @ http://localhost:3000/_next/static/chunks/f12ff_next_dist_95687940._.js:2302
[  574629ms] [LOG] [Fast Refresh] done in 180ms @ http://localhost:3000/_next/static/chunks/f12ff_next_dist_95687940._.js:2302
[  575200ms] [VERBOSE] [DOM] Input elements should have autocomplete attributes (suggested: "current-password"): (More info: https://goo.gl/9p2vKq) %o @ http://localhost:3000/en/sign-in:0
[  576851ms] [LOG] [Fast Refresh] rebuilding @ http://localhost:3000/_next/static/chunks/f12ff_next_dist_95687940._.js:2302
[  590962ms] [LOG] [Fast Refresh] done in 14211ms @ http://localhost:3000/_next/static/chunks/f12ff_next_dist_95687940._.js:2302
[  596021ms] [LOG] [Fast Refresh] rebuilding @ http://localhost:3000/_next/static/chunks/f12ff_next_dist_95687940._.js:2302
[  596467ms] [WARNING] Missing Algolia environment variables: ALGOLIA_API_KEY @ http://localhost:3000/_next/static/chunks/f12ff_next_dist_95687940._.js:2302
[  596469ms] [WARNING] Algolia admin client not available - missing credentials @ http://localhost:3000/_next/static/chunks/f12ff_next_dist_95687940._.js:2302
[  596469ms] [LOG] ✅ Algolia search client initialized successfully @ http://localhost:3000/_next/static/chunks/f12ff_next_dist_95687940._.js:2302
[  596584ms] [LOG] [Fast Refresh] done in 664ms @ http://localhost:3000/_next/static/chunks/f12ff_next_dist_95687940._.js:2302
[  596987ms] [WARNING] Ignoring Event: localhost @ http://localhost:3000/_next/static/chunks/f12ff_next_dist_95687940._.js:2302
[  597344ms] [LOG] [Fast Refresh] rebuilding @ http://localhost:3000/_next/static/chunks/f12ff_next_dist_95687940._.js:2302
[  597412ms] [LOG] [Fast Refresh] done in 169ms @ http://localhost:3000/_next/static/chunks/f12ff_next_dist_95687940._.js:2302
[  597415ms] [INFO] Sanity is live with automatic revalidation of published content @ http://localhost:3000/_next/static/chunks/f12ff_next_dist_95687940._.js:2302
[  597662ms] [LOG] [Fast Refresh] rebuilding @ http://localhost:3000/_next/static/chunks/f12ff_next_dist_95687940._.js:2302
[  597805ms] [LOG] [Fast Refresh] done in 245ms @ http://localhost:3000/_next/static/chunks/f12ff_next_dist_95687940._.js:2302
[  597909ms] [LOG] [Fast Refresh] rebuilding @ http://localhost:3000/_next/static/chunks/f12ff_next_dist_95687940._.js:2302
[  599642ms] [WARNING] Image with src "https://img.clerk.com/eyJ0eXBlIjoiZGVmYXVsdCIsImlpZCI6Imluc18yd0FvcFFvS1pvZVl0dng1SXk0QkxJRURlaVkiLCJyaWQiOiJ1c2VyXzNGN2RCNzcyNE9WQ2tHcXV1cjZSc0VSODRuVyIsImluaXRpYWxzIjoiQUwifQ" has "fill" but is missing "sizes" prop. Please add it to improve page performance. Read more: https://nextjs.org/docs/api-reference/next/image#sizes @ http://localhost:3000/_next/static/chunks/f12ff_next_dist_95687940._.js:2302
[  630214ms] [LOG] [Fast Refresh] done in 11073ms @ http://localhost:3000/_next/static/chunks/f12ff_next_dist_95687940._.js:2302
[  634026ms] [LOG] [Fast Refresh] rebuilding @ http://localhost:3000/_next/static/chunks/f12ff_next_dist_95687940._.js:2302
[  636060ms] [LOG] [Fast Refresh] done in 2136ms @ http://localhost:3000/_next/static/chunks/f12ff_next_dist_95687940._.js:2302
[  636164ms] [LOG] [Fast Refresh] rebuilding @ http://localhost:3000/_next/static/chunks/f12ff_next_dist_95687940._.js:2302
[  667971ms] [LOG] [Fast Refresh] done in 31904ms @ http://localhost:3000/_next/static/chunks/f12ff_next_dist_95687940._.js:2302
[  670846ms] [LOG] [Fast Refresh] rebuilding @ http://localhost:3000/_next/static/chunks/f12ff_next_dist_95687940._.js:2302
