[   12231ms] [ERROR] Failed to load resource: the server responded with a status of 404 (Not Found) @ http://localhost:3037/_next/image?url=https%3A%2F%2Fcdn.sanity.io%2Fimages%2Fgm67v7rk%2Fdevelopment%2Feda83dfa50044686af5c5460a7357193fdafe434-750x750.webp%3Ffm%3Dwebp%26fit%3Dmax&w=96&q=75:0
[   12234ms] [ERROR] Failed to load resource: the server responded with a status of 404 (Not Found) @ http://localhost:3037/_next/image?url=https%3A%2F%2Fcdn.sanity.io%2Fimages%2Fgm67v7rk%2Fdevelopment%2F4d9d7a94f2c8f2dad9da4d47b702bc091a8795c6-750x750.webp%3Ffm%3Dwebp%26fit%3Dmax&w=96&q=75:0
[   14376ms] [ERROR] Failed to load resource: the server responded with a status of 404 (Not Found) @ http://localhost:3037/_next/image?url=https%3A%2F%2Fcdn.sanity.io%2Fimages%2Fgm67v7rk%2Fdevelopment%2F11af89ad0f6b46dd87a02de8bd5709815561c12e-750x750.webp%3Ffm%3Dwebp%26fit%3Dmax&w=96&q=75:0
[   30882ms] [ERROR] Failed to load resource: the server responded with a status of 504 (Gateway Timeout) @ http://localhost:3037/_next/image?url=https%3A%2F%2Fcdn.sanity.io%2Fimages%2Fgm67v7rk%2Fdevelopment%2F41c12b03acf832baf1a7bc1dd79c3bcd9854dadf-3937x4096.webp%3Fw%3D1100%26fm%3Dwebp%26fit%3Dmax&w=640&q=75:0
[   32387ms] [INFO] %cDownload the React DevTools for a better development experience: https://react.dev/link/react-devtools font-weight:bold @ http://localhost:3037/_next/static/chunks/f12ff_next_dist_95687940._.js:2302
[   32664ms] [LOG] [HMR] connected @ http://localhost:3037/_next/static/chunks/f12ff_next_dist_95687940._.js:2302
[   32821ms] [WARNING] Clerk: Clerk has been loaded with development keys. Development instances have strict usage limits and should not be used when deploying your application to production. Learn more: https://clerk.com/docs/deployments/overview @ http://localhost:3037/_next/static/chunks/f12ff_next_dist_95687940._.js:2302
[   35541ms] [WARNING] %c%s%c PortableText block detected in page blocks array. This should be rendered via PortableTextRenderer, not Blocks component. background: #e6e6e6;background: light-dark(rgba(0,0,0,0.1), rgba(255,255,255,0.25));color: #000000;color: light-dark(#000000, #ffffff);border-radius: 2px  Server   20o54t @ http://localhost:3037/_next/static/chunks/f12ff_next_dist_95687940._.js:2302
[   36412ms] [WARNING] Missing Algolia environment variables: ALGOLIA_API_KEY @ http://localhost:3037/_next/static/chunks/f12ff_next_dist_95687940._.js:2302
[   36412ms] [WARNING] Algolia admin client not available - missing credentials @ http://localhost:3037/_next/static/chunks/f12ff_next_dist_95687940._.js:2302
[   36412ms] [LOG] ✅ Algolia search client initialized successfully @ http://localhost:3037/_next/static/chunks/f12ff_next_dist_95687940._.js:2302
[   36781ms] [LOG] [Fast Refresh] rebuilding @ http://localhost:3037/_next/static/chunks/f12ff_next_dist_95687940._.js:2302
[   37192ms] [WARNING] Ignoring Event: localhost @ http://localhost:3037/_next/static/chunks/f12ff_next_dist_95687940._.js:2302
[   37253ms] [ERROR] Access to resource at 'https://gm67v7rk.api.sanity.io/v2024-04-24/data/live/events/development?tag=next-loader.live' from origin 'http://localhost:3037' has been blocked by CORS policy: No 'Access-Control-Allow-Origin' header is present on the requested resource. @ http://localhost:3037/en:0
[   37256ms] [ERROR] Failed to load resource: net::ERR_FAILED @ https://gm67v7rk.api.sanity.io/v2024-04-24/data/live/events/development?tag=next-loader.live:0
[   37287ms] [ERROR] Access to fetch at 'https://gm67v7rk.api.sanity.io/v2024-04-24/data/live/events/development?tag=next-loader.live' from origin 'http://localhost:3037' has been blocked by CORS policy: Response to preflight request doesn't pass access control check: No 'Access-Control-Allow-Origin' header is present on the requested resource. @ http://localhost:3037/en:0
[   37288ms] [ERROR] Failed to load resource: net::ERR_FAILED @ https://gm67v7rk.api.sanity.io/v2024-04-24/data/live/events/development?tag=next-loader.live:0
[   37386ms] [ERROR] Access to fetch at 'https://gm67v7rk.api.sanity.io/v2024-04-24/data/live/events/development?tag=next-loader.live' from origin 'http://localhost:3037' has been blocked by CORS policy: Response to preflight request doesn't pass access control check: No 'Access-Control-Allow-Origin' header is present on the requested resource. @ http://localhost:3037/en:0
[   37386ms] [ERROR] Failed to load resource: net::ERR_FAILED @ https://gm67v7rk.api.sanity.io/v2024-04-24/data/live/events/development?tag=next-loader.live:0
[   37387ms] [WARNING] Sanity Live is unable to connect to the Sanity API as the current origin - http://localhost:3037 - is not in the list of allowed CORS origins for this Sanity Project. Add it here: https://sanity.io/manage/project/gm67v7rk/api?cors=add&origin=http%3A%2F%2Flocalhost%3A3037 @ http://localhost:3037/_next/static/chunks/f12ff_next_dist_95687940._.js:2302
[   39168ms] [ERROR] Connecting to 'https://clerk-telemetry.com/v1/event' violates the following Content Security Policy directive: "connect-src 'self' https://*.clerk.com https://clerk.connectingclimateminds.org https://*.clerk.accounts.dev https://*.algolia.net https://*.algolianet.com https://plausible.io https://*.sanity.io https://*.r2.cloudflarestorage.com https://*.upstash.io https://*.ingest.sentry.io https://*.ingest.us.sentry.io https://*.ingest.de.sentry.io". The action has been blocked. @ https://generous-hagfish-7.clerk.accounts.dev/npm/@clerk/clerk-js@5/dist/clerk.browser.js:18
[   39176ms] [ERROR] Fetch API cannot load https://clerk-telemetry.com/v1/event. Refused to connect because it violates the document's Content Security Policy. @ https://generous-hagfish-7.clerk.accounts.dev/npm/@clerk/clerk-js@5/dist/clerk.browser.js:18
[   39879ms] [LOG] [Fast Refresh] done in 3257ms @ http://localhost:3037/_next/static/chunks/f12ff_next_dist_95687940._.js:2302
[   40508ms] [LOG] [Fast Refresh] rebuilding @ http://localhost:3037/_next/static/chunks/f12ff_next_dist_95687940._.js:2302
[   45767ms] [LOG] [Fast Refresh] done in 5360ms @ http://localhost:3037/_next/static/chunks/f12ff_next_dist_95687940._.js:2302
[   46856ms] [LOG] [Fast Refresh] rebuilding @ http://localhost:3037/_next/static/chunks/f12ff_next_dist_95687940._.js:2302
[   46856ms] [LOG] [Fast Refresh] done in 434ms @ http://localhost:3037/_next/static/chunks/f12ff_next_dist_95687940._.js:2302
[   46994ms] [LOG] [Fast Refresh] rebuilding @ http://localhost:3037/_next/static/chunks/f12ff_next_dist_95687940._.js:2302
[   47074ms] [LOG] [Fast Refresh] done in 183ms @ http://localhost:3037/_next/static/chunks/f12ff_next_dist_95687940._.js:2302
[  122366ms] [ERROR] Failed to load resource: the server responded with a status of 404 (Not Found) @ http://localhost:3037/_next/image?url=https%3A%2F%2Fcdn.sanity.io%2Fimages%2Fgm67v7rk%2Fdevelopment%2F74293faba6e6038a03b01b21d417b6284da694dc-750x750.webp%3Ffm%3Dwebp%26fit%3Dmax&w=96&q=75:0
[  122393ms] [ERROR] Failed to load resource: the server responded with a status of 404 (Not Found) @ http://localhost:3037/_next/image?url=https%3A%2F%2Fcdn.sanity.io%2Fimages%2Fgm67v7rk%2Fdevelopment%2Fb98281c67c85a4ad37a1845fd11151112f091da9-750x750.webp%3Ffm%3Dwebp%26fit%3Dmax&w=96&q=75:0
[  122393ms] [ERROR] Failed to load resource: the server responded with a status of 404 (Not Found) @ http://localhost:3037/_next/image?url=https%3A%2F%2Fcdn.sanity.io%2Fimages%2Fgm67v7rk%2Fdevelopment%2Fa916d9a8bee47d6fc90074b1b63d2c976435ab49-750x750.webp%3Ffm%3Dwebp%26fit%3Dmax&w=96&q=75:0
[  123522ms] [ERROR] Failed to load resource: the server responded with a status of 404 (Not Found) @ http://localhost:3037/_next/image?url=https%3A%2F%2Fcdn.sanity.io%2Fimages%2Fgm67v7rk%2Fdevelopment%2F38d69bc1d7ab168e940dafa51abc4837d967d691-750x750.webp%3Ffm%3Dwebp%26fit%3Dmax&w=96&q=75:0
[  123538ms] [ERROR] Failed to load resource: the server responded with a status of 404 (Not Found) @ http://localhost:3037/_next/image?url=https%3A%2F%2Fcdn.sanity.io%2Fimages%2Fgm67v7rk%2Fdevelopment%2F5efd81114e5949e05f8b5eecfbb48b7a6b9b1d18-384x281.webp%3Ffm%3Dwebp%26fit%3Dmax&w=96&q=75:0
[  123592ms] [ERROR] Failed to load resource: the server responded with a status of 404 (Not Found) @ http://localhost:3037/_next/image?url=https%3A%2F%2Fcdn.sanity.io%2Fimages%2Fgm67v7rk%2Fdevelopment%2Fa7e6dc310b622f00ead8abddd65762ff80b1c104-750x750.webp%3Ffm%3Dwebp%26fit%3Dmax&w=96&q=75:0
[  123812ms] [ERROR] Failed to load resource: the server responded with a status of 404 (Not Found) @ http://localhost:3037/_next/image?url=https%3A%2F%2Fcdn.sanity.io%2Fimages%2Fgm67v7rk%2Fdevelopment%2Fab11d65d7b66f84578619c8b018a04fbc60559ca-750x549.webp%3Ffm%3Dwebp%26fit%3Dmax&w=96&q=75:0
[  126083ms] [ERROR] Failed to load resource: the server responded with a status of 404 (Not Found) @ http://localhost:3037/_next/image?url=https%3A%2F%2Fcdn.sanity.io%2Fimages%2Fgm67v7rk%2Fdevelopment%2F6437b4ba6cb5b4f299f64692dc7806d2fceac7ef-750x549.webp%3Ffm%3Dwebp%26fit%3Dmax&w=96&q=75:0
[  126255ms] [ERROR] Failed to load resource: the server responded with a status of 404 (Not Found) @ http://localhost:3037/_next/image?url=https%3A%2F%2Fcdn.sanity.io%2Fimages%2Fgm67v7rk%2Fdevelopment%2Fb7e4d1e3b0a6c8f4db622ada4a03d2e3e1ad54b3-772x772.webp%3Ffm%3Dwebp%26fit%3Dmax&w=96&q=75:0
[  127323ms] [ERROR] Failed to load resource: the server responded with a status of 404 (Not Found) @ http://localhost:3037/_next/image?url=https%3A%2F%2Fcdn.sanity.io%2Fimages%2Fgm67v7rk%2Fdevelopment%2F84a70c2c58245617e6dca99edfa23e273d4c1aba-750x750.webp%3Ffm%3Dwebp%26fit%3Dmax&w=96&q=75:0
[  127413ms] [ERROR] Failed to load resource: the server responded with a status of 404 (Not Found) @ http://localhost:3037/_next/image?url=https%3A%2F%2Fcdn.sanity.io%2Fimages%2Fgm67v7rk%2Fdevelopment%2F30b103b868e2d0ab9974a66c0cf03a8479b4a228-750x549.webp%3Ffm%3Dwebp%26fit%3Dmax&w=96&q=75:0
[  128727ms] [ERROR] Failed to load resource: the server responded with a status of 404 (Not Found) @ http://localhost:3037/_next/image?url=https%3A%2F%2Fcdn.sanity.io%2Fimages%2Fgm67v7rk%2Fdevelopment%2Ffc928150891e063f2f7cc221e4a82658b78cb046-750x549.webp%3Ffm%3Dwebp%26fit%3Dmax&w=96&q=75:0
[  129682ms] [ERROR] Failed to load resource: the server responded with a status of 404 (Not Found) @ http://localhost:3037/_next/image?url=https%3A%2F%2Fcdn.sanity.io%2Fimages%2Fgm67v7rk%2Fdevelopment%2F689e390cba4a4a3c089eb0f65fe1d871a65e6b41-750x750.webp%3Ffm%3Dwebp%26fit%3Dmax&w=96&q=75:0
[  130345ms] [ERROR] Failed to load resource: the server responded with a status of 404 (Not Found) @ http://localhost:3037/_next/image?url=https%3A%2F%2Fcdn.sanity.io%2Fimages%2Fgm67v7rk%2Fdevelopment%2Fcdc11b432cc1729c2208ecfa720f210f9c8eda6f-750x549.webp%3Ffm%3Dwebp%26fit%3Dmax&w=96&q=75:0
[  131389ms] [ERROR] Failed to load resource: the server responded with a status of 404 (Not Found) @ http://localhost:3037/_next/image?url=https%3A%2F%2Fcdn.sanity.io%2Fimages%2Fgm67v7rk%2Fdevelopment%2Fb5294c3d34ea4dab9b3159a95d664ef180240c5a-772x772.webp%3Ffm%3Dwebp%26fit%3Dmax&w=96&q=75:0
[  132521ms] [ERROR] Failed to load resource: the server responded with a status of 404 (Not Found) @ http://localhost:3037/_next/image?url=https%3A%2F%2Fcdn.sanity.io%2Fimages%2Fgm67v7rk%2Fdevelopment%2F3c59206099c46c53b85b61cf2d73730e6abec90c-750x750.webp%3Ffm%3Dwebp%26fit%3Dmax&w=96&q=75:0
[  133676ms] [ERROR] Failed to load resource: the server responded with a status of 404 (Not Found) @ http://localhost:3037/_next/image?url=https%3A%2F%2Fcdn.sanity.io%2Fimages%2Fgm67v7rk%2Fdevelopment%2Ff7d6a83272a69669d1fcc8f415b894879b7876c4-750x750.webp%3Ffm%3Dwebp%26fit%3Dmax&w=96&q=75:0
[  134415ms] [ERROR] Failed to load resource: the server responded with a status of 404 (Not Found) @ http://localhost:3037/_next/image?url=https%3A%2F%2Fcdn.sanity.io%2Fimages%2Fgm67v7rk%2Fdevelopment%2Feda83dfa50044686af5c5460a7357193fdafe434-750x750.webp%3Ffm%3Dwebp%26fit%3Dmax&w=96&q=75:0
[  135476ms] [ERROR] Failed to load resource: the server responded with a status of 404 (Not Found) @ http://localhost:3037/_next/image?url=https%3A%2F%2Fcdn.sanity.io%2Fimages%2Fgm67v7rk%2Fdevelopment%2F4d9d7a94f2c8f2dad9da4d47b702bc091a8795c6-750x750.webp%3Ffm%3Dwebp%26fit%3Dmax&w=96&q=75:0
[  136705ms] [ERROR] Failed to load resource: the server responded with a status of 404 (Not Found) @ http://localhost:3037/_next/image?url=https%3A%2F%2Fcdn.sanity.io%2Fimages%2Fgm67v7rk%2Fdevelopment%2F11af89ad0f6b46dd87a02de8bd5709815561c12e-750x750.webp%3Ffm%3Dwebp%26fit%3Dmax&w=96&q=75:0
[  137630ms] [ERROR] Failed to load resource: the server responded with a status of 404 (Not Found) @ http://localhost:3037/_next/image?url=https%3A%2F%2Fcdn.sanity.io%2Fimages%2Fgm67v7rk%2Fdevelopment%2Fb98281c67c85a4ad37a1845fd11151112f091da9-750x750.webp%3Ffm%3Dwebp%26fit%3Dmax&w=96&q=75:0
[  138492ms] [ERROR] Failed to load resource: the server responded with a status of 404 (Not Found) @ http://localhost:3037/_next/image?url=https%3A%2F%2Fcdn.sanity.io%2Fimages%2Fgm67v7rk%2Fdevelopment%2Fa916d9a8bee47d6fc90074b1b63d2c976435ab49-750x750.webp%3Ffm%3Dwebp%26fit%3Dmax&w=96&q=75:0
