[     423ms] [INFO] %cDownload the React DevTools for a better development experience: https://react.dev/link/react-devtools font-weight:bold @ http://localhost:3000/_next/static/chunks/f12ff_next_dist_95687940._.js:2302
[     591ms] [LOG] [HMR] connected @ http://localhost:3000/_next/static/chunks/f12ff_next_dist_95687940._.js:2302
[     683ms] [WARNING] Clerk: Clerk has been loaded with development keys. Development instances have strict usage limits and should not be used when deploying your application to production. Learn more: https://clerk.com/docs/deployments/overview @ http://localhost:3000/_next/static/chunks/f12ff_next_dist_95687940._.js:2302
[     817ms] [WARNING] Image with src "/connecting-climate-minds-logo-white.png" was detected as the Largest Contentful Paint (LCP). Please add the `loading="eager"` property if this image is above the fold.
Read more: https://nextjs.org/docs/app/api-reference/components/image#loading @ http://localhost:3000/_next/static/chunks/f12ff_next_dist_95687940._.js:2302
[     988ms] [WARNING] Ignoring Event: localhost @ http://localhost:3000/_next/static/chunks/f12ff_next_dist_95687940._.js:2302
[    1084ms] [INFO] Sanity is live with automatic revalidation of published content @ http://localhost:3000/_next/static/chunks/f12ff_next_dist_95687940._.js:2302
[   12995ms] [LOG] [Fast Refresh] rebuilding @ http://localhost:3000/_next/static/chunks/f12ff_next_dist_95687940._.js:2302
[   13332ms] [LOG] [Fast Refresh] done in 439ms @ http://localhost:3000/_next/static/chunks/f12ff_next_dist_95687940._.js:2302
[  102667ms] [LOG] [Fast Refresh] rebuilding @ http://localhost:3000/_next/static/chunks/f12ff_next_dist_95687940._.js:2302
[  102692ms] [LOG] [Fast Refresh] done in 132ms @ http://localhost:3000/_next/static/chunks/f12ff_next_dist_95687940._.js:2302
[  223531ms] [LOG] [Fast Refresh] rebuilding @ http://localhost:3000/_next/static/chunks/f12ff_next_dist_95687940._.js:2302
[  224086ms] [LOG] [Fast Refresh] done in 618ms @ http://localhost:3000/_next/static/chunks/f12ff_next_dist_95687940._.js:2302
[  306801ms] [LOG] [Fast Refresh] rebuilding @ http://localhost:3000/_next/static/chunks/f12ff_next_dist_95687940._.js:2302
[  308233ms] [LOG] [Fast Refresh] done in 1490ms @ http://localhost:3000/_next/static/chunks/f12ff_next_dist_95687940._.js:2302
[  347068ms] [LOG] [Fast Refresh] rebuilding @ http://localhost:3000/_next/static/chunks/f12ff_next_dist_95687940._.js:2302
[  347309ms] [LOG] [Fast Refresh] done in 211ms @ http://localhost:3000/_next/static/chunks/f12ff_next_dist_95687940._.js:2302
[  366196ms] [LOG] [Fast Refresh] rebuilding @ http://localhost:3000/_next/static/chunks/f12ff_next_dist_95687940._.js:2302
[  368616ms] [LOG] [Fast Refresh] done in 2397ms @ http://localhost:3000/_next/static/chunks/f12ff_next_dist_95687940._.js:2302
[  395084ms] [LOG] [Fast Refresh] rebuilding @ http://localhost:3000/_next/static/chunks/f12ff_next_dist_95687940._.js:2302
[  397477ms] [WARNING] [Fast Refresh] performing full reload

Fast Refresh will perform a full reload when you edit a file that's imported by modules outside of the React rendering tree.
You might have a file which exports a React component but also exports a value that is imported by a non-React component file.
Consider migrating the non-React component export to a separate file and importing it into both files.

It is also possible the parent component of the component you edited is a class component, which disables Fast Refresh.
Fast Refresh requires at least one parent function component in your React tree. @ http://localhost:3000/_next/static/chunks/f12ff_next_dist_95687940._.js:2302
[  397482ms] [LOG] [Fast Refresh] done in 2266ms @ http://localhost:3000/_next/static/chunks/f12ff_next_dist_95687940._.js:2302
[  404402ms] [INFO] %cDownload the React DevTools for a better development experience: https://react.dev/link/react-devtools font-weight:bold @ http://localhost:3000/_next/static/chunks/f12ff_next_dist_95687940._.js:2302
[  404537ms] [LOG] [HMR] connected @ http://localhost:3000/_next/static/chunks/f12ff_next_dist_95687940._.js:2302
[  405146ms] [WARNING] Clerk: Clerk has been loaded with development keys. Development instances have strict usage limits and should not be used when deploying your application to production. Learn more: https://clerk.com/docs/deployments/overview @ http://localhost:3000/_next/static/chunks/f12ff_next_dist_95687940._.js:2302
[  405566ms] [LOG] [Fast Refresh] rebuilding @ http://localhost:3000/_next/static/chunks/f12ff_next_dist_95687940._.js:2302
[  405596ms] [WARNING] Missing Algolia environment variables: ALGOLIA_API_KEY @ http://localhost:3000/_next/static/chunks/f12ff_next_dist_95687940._.js:2302
[  405596ms] [WARNING] Algolia admin client not available - missing credentials @ http://localhost:3000/_next/static/chunks/f12ff_next_dist_95687940._.js:2302
[  405597ms] [LOG] ✅ Algolia search client initialized successfully @ http://localhost:3000/_next/static/chunks/f12ff_next_dist_95687940._.js:2302
[  405631ms] [WARNING] Image with src "/connecting-climate-minds-logo-white.png" was detected as the Largest Contentful Paint (LCP). Please add the `loading="eager"` property if this image is above the fold.
Read more: https://nextjs.org/docs/app/api-reference/components/image#loading @ http://localhost:3000/_next/static/chunks/f12ff_next_dist_95687940._.js:2302
[  405848ms] [ERROR] A tree hydrated but some attributes of the server rendered HTML didn't match the client properties. This won't be patched up. This can happen if a SSR-ed Client Component used:

- A server/client branch `if (typeof window !== 'undefined')`.
- Variable input such as `Date.now()` or `Math.random()` which changes each time it's called.
- Date formatting in a user's locale which doesn't match the server.
- External changing data without sending a snapshot of it along with the HTML.
- Invalid HTML tag nesting.

It can also happen if the client has a browser extension installed which messes with the HTML before React loaded.

%s%s https://react.dev/link/hydration-mismatch 

  ...
    <div className="flex flex-...">
      <div>
      ...
        <PopperProvider scope={{Popper:[...]}} anchor={null} onAnchorChange={function bound dispatchSetState}>
          <PopoverProvider scope={undefined} contentId="radix-_R_a..." triggerRef={{current:null}} open={false} ...>
            <PopoverTrigger asChild={true}>
              <PopperAnchor asChild={true} __scopePopper={{Popper:[...]}}>
                <Primitive.div asChild={true} ref={function}>
                  <Primitive.div.Slot ref={function}>
                    <Primitive.div.SlotClone ref={function}>
                      <Primitive.button type="button" aria-haspopup="dialog" aria-expanded={false} ...>
                        <Primitive.button.Slot type="button" aria-haspopup="dialog" aria-expanded={false} ...>
                          <Primitive.button.SlotClone type="button" aria-haspopup="dialog" aria-expanded={false} ...>
                            <Button variant="outline" className="justify-st..." type="button" aria-haspopup="dialog" ...>
                              <button
                                data-slot="button"
                                className={"inline-flex items-center gap-2 text-balance transition-[color,background-..."}
                                type="button"
                                aria-haspopup="dialog"
                                aria-expanded={false}
+                               aria-controls="radix-_R_amqatpeukndb7t9etb_"
-                               aria-controls="radix-_R_1ar9bn5rqkndb7t9etb_"
                                data-state="closed"
                                onClick={function handleEvent}
                                ref={function}
                              >
            ...
      <div>
      ...
        <PopperProvider scope={{Popper:[...]}} anchor={null} onAnchorChange={function bound dispatchSetState}>
          <PopoverProvider scope={undefined} contentId="radix-_R_b..." triggerRef={{current:null}} open={false} ...>
            <PopoverTrigger asChild={true}>
              <PopperAnchor asChild={true} __scopePopper={{Popper:[...]}}>
                <Primitive.div asChild={true} ref={function}>
                  <Primitive.div.Slot ref={function}>
                    <Primitive.div.SlotClone ref={function}>
                      <Primitive.button type="button" aria-haspopup="dialog" aria-expanded={false} ...>
                        <Primitive.button.Slot type="button" aria-haspopup="dialog" aria-expanded={false} ...>
                          <Primitive.button.SlotClone type="button" aria-haspopup="dialog" aria-expanded={false} ...>
                            <Button variant="outline" className="justify-st..." type="button" aria-haspopup="dialog" ...>
                              <button
                                data-slot="button"
                                className={"inline-flex items-center gap-2 text-balance transition-[color,background-..."}
                                type="button"
                                aria-haspopup="dialog"
                                aria-expanded={false}
+                               aria-controls="radix-_R_b6qatpeukndb7t9etb_"
-                               aria-controls="radix-_R_1cr9bn5rqkndb7t9etb_"
                                data-state="closed"
                                onClick={function handleEvent}
                                ref={function}
                              >
            ...
      ...
        <PopperProvider scope={{Popper:[...]}} anchor={null} onAnchorChange={function bound dispatchSetState}>
          <PopoverProvider scope={undefined} contentId="radix-_R_3..." triggerRef={{current:null}} open={false} ...>
            <PopoverTrigger asChild={true}>
              <PopperAnchor asChild={true} __scopePopper={{Popper:[...]}}>
                <Primitive.div asChild={true} ref={function}>
                  <Primitive.div.Slot ref={function}>
                    <Primitive.div.SlotClone ref={function}>
                      <Primitive.button type="button" aria-haspopup="dialog" aria-expanded={false} ...>
                        <Primitive.button.Slot type="button" aria-haspopup="dialog" aria-expanded={false} ...>
                          <Primitive.button.SlotClone type="button" aria-haspopup="dialog" aria-expanded={false} ...>
                            <Button variant="outline" className="flex items..." type="button" aria-haspopup="dialog" ...>
                              <button
                                data-slot="button"
                                className={"justify-center text-center text-balance font-bold transition-[color,backg..."}
                                type="button"
                                aria-haspopup="dialog"
                                aria-expanded={false}
+                               aria-controls="radix-_R_3eqatpeukndb7t9etb_"
-                               aria-controls="radix-_R_dr9bn5rqkndb7t9etb_"
                                data-state="closed"
                                onClick={function handleEvent}
                                ref={function}
                              >
            ...
 @ http://localhost:3000/_next/static/chunks/f12ff_next_dist_95687940._.js:3132
[  406029ms] [WARNING] Ignoring Event: localhost @ http://localhost:3000/_next/static/chunks/f12ff_next_dist_95687940._.js:2302
[  406030ms] [LOG] [Fast Refresh] done in 570ms @ http://localhost:3000/_next/static/chunks/f12ff_next_dist_95687940._.js:2302
[  406074ms] [INFO] Sanity is live with automatic revalidation of published content @ http://localhost:3000/_next/static/chunks/f12ff_next_dist_95687940._.js:2302
[  406296ms] [LOG] [Fast Refresh] rebuilding @ http://localhost:3000/_next/static/chunks/f12ff_next_dist_95687940._.js:2302
[  407156ms] [LOG] [Fast Refresh] done in 962ms @ http://localhost:3000/_next/static/chunks/f12ff_next_dist_95687940._.js:2302
[  441161ms] [LOG] [Fast Refresh] rebuilding @ http://localhost:3000/_next/static/chunks/f12ff_next_dist_95687940._.js:2302
[  441498ms] [LOG] [Fast Refresh] done in 369ms @ http://localhost:3000/_next/static/chunks/f12ff_next_dist_95687940._.js:2302
[  441863ms] [LOG] [Fast Refresh] rebuilding @ http://localhost:3000/_next/static/chunks/f12ff_next_dist_95687940._.js:2302
[  444696ms] [LOG] [Fast Refresh] done in 2933ms @ http://localhost:3000/_next/static/chunks/f12ff_next_dist_95687940._.js:2302
[  460023ms] [LOG] [Fast Refresh] rebuilding @ http://localhost:3000/_next/static/chunks/f12ff_next_dist_95687940._.js:2302
[  461313ms] [LOG] [Fast Refresh] done in 337ms @ http://localhost:3000/_next/static/chunks/f12ff_next_dist_95687940._.js:2302
[  461550ms] [LOG] [Fast Refresh] rebuilding @ http://localhost:3000/_next/static/chunks/f12ff_next_dist_95687940._.js:2302
[  461567ms] [LOG] [Fast Refresh] done in 117ms @ http://localhost:3000/_next/static/chunks/f12ff_next_dist_95687940._.js:2302
[  462194ms] [LOG] [Fast Refresh] rebuilding @ http://localhost:3000/_next/static/chunks/f12ff_next_dist_95687940._.js:2302
[  462223ms] [LOG] [Fast Refresh] done in 131ms @ http://localhost:3000/_next/static/chunks/f12ff_next_dist_95687940._.js:2302
[  462538ms] [LOG] [Fast Refresh] rebuilding @ http://localhost:3000/_next/static/chunks/f12ff_next_dist_95687940._.js:2302
[  462568ms] [LOG] [Fast Refresh] done in 132ms @ http://localhost:3000/_next/static/chunks/f12ff_next_dist_95687940._.js:2302
[  462670ms] [LOG] [Fast Refresh] rebuilding @ http://localhost:3000/_next/static/chunks/f12ff_next_dist_95687940._.js:2302
[  463205ms] [LOG] [Fast Refresh] done in 635ms @ http://localhost:3000/_next/static/chunks/f12ff_next_dist_95687940._.js:2302
[  481730ms] [LOG] [Fast Refresh] rebuilding @ http://localhost:3000/_next/static/chunks/f12ff_next_dist_95687940._.js:2302
[  481889ms] [LOG] [Fast Refresh] done in 262ms @ http://localhost:3000/_next/static/chunks/f12ff_next_dist_95687940._.js:2302
[  482082ms] [LOG] [Fast Refresh] rebuilding @ http://localhost:3000/_next/static/chunks/f12ff_next_dist_95687940._.js:2302
[  482684ms] [LOG] [Fast Refresh] done in 720ms @ http://localhost:3000/_next/static/chunks/f12ff_next_dist_95687940._.js:2302
[  500955ms] [LOG] [Fast Refresh] rebuilding @ http://localhost:3000/_next/static/chunks/f12ff_next_dist_95687940._.js:2302
[  501197ms] [LOG] [Fast Refresh] done in 348ms @ http://localhost:3000/_next/static/chunks/f12ff_next_dist_95687940._.js:2302
[  501457ms] [LOG] [Fast Refresh] rebuilding @ http://localhost:3000/_next/static/chunks/f12ff_next_dist_95687940._.js:2302
[  501920ms] [LOG] [Fast Refresh] done in 664ms @ http://localhost:3000/_next/static/chunks/f12ff_next_dist_95687940._.js:2302
[  502171ms] [LOG] [Fast Refresh] rebuilding @ http://localhost:3000/_next/static/chunks/f12ff_next_dist_95687940._.js:2302
[  502195ms] [LOG] [Fast Refresh] done in 126ms @ http://localhost:3000/_next/static/chunks/f12ff_next_dist_95687940._.js:2302
[  525463ms] [LOG] [Fast Refresh] rebuilding @ http://localhost:3000/_next/static/chunks/f12ff_next_dist_95687940._.js:2302
[  525933ms] [LOG] [Fast Refresh] done in 535ms @ http://localhost:3000/_next/static/chunks/f12ff_next_dist_95687940._.js:2302
