[   62473ms] [LOG] [Fast Refresh] done in 46273ms @ http://localhost:3000/_next/static/chunks/f12ff_next_dist_95687940._.js:2302
[   63056ms] [LOG] [Fast Refresh] rebuilding @ http://localhost:3000/_next/static/chunks/f12ff_next_dist_95687940._.js:2302
[   87545ms] [LOG] [Fast Refresh] done in 24577ms @ http://localhost:3000/_next/static/chunks/f12ff_next_dist_95687940._.js:2302
[  112305ms] [LOG] [Fast Refresh] rebuilding @ http://localhost:3000/_next/static/chunks/f12ff_next_dist_95687940._.js:2302
[  113953ms] [LOG] [Fast Refresh] done in 1755ms @ http://localhost:3000/_next/static/chunks/f12ff_next_dist_95687940._.js:2302
[  126614ms] [LOG] [Fast Refresh] rebuilding @ http://localhost:3000/_next/static/chunks/f12ff_next_dist_95687940._.js:2302
[  132227ms] [INFO] %cDownload the React DevTools for a better development experience: https://react.dev/link/react-devtools font-weight:bold @ http://localhost:3000/_next/static/chunks/f12ff_next_dist_95687940._.js:2302
[  133654ms] [LOG] [HMR] connected @ http://localhost:3000/_next/static/chunks/f12ff_next_dist_95687940._.js:2302
[  136153ms] [WARNING] Clerk: Clerk has been loaded with development keys. Development instances have strict usage limits and should not be used when deploying your application to production. Learn more: https://clerk.com/docs/deployments/overview @ http://localhost:3000/_next/static/chunks/f12ff_next_dist_95687940._.js:2302
[  136626ms] [WARNING] Missing Algolia environment variables: ALGOLIA_API_KEY @ http://localhost:3000/_next/static/chunks/f12ff_next_dist_95687940._.js:2302
[  136626ms] [WARNING] Algolia admin client not available - missing credentials @ http://localhost:3000/_next/static/chunks/f12ff_next_dist_95687940._.js:2302
[  136628ms] [LOG] ✅ Algolia search client initialized successfully @ http://localhost:3000/_next/static/chunks/f12ff_next_dist_95687940._.js:2302
[  136693ms] [WARNING] %c%s%c PortableText block detected in page blocks array. This should be rendered via PortableTextRenderer, not Blocks component. background: #e6e6e6;background: light-dark(rgba(0,0,0,0.1), rgba(255,255,255,0.25));color: #000000;color: light-dark(#000000, #ffffff);border-radius: 2px  Server   ukren1 @ http://localhost:3000/_next/static/chunks/f12ff_next_dist_95687940._.js:2302
[  136694ms] [WARNING] %c%s%c PortableText block detected in page blocks array. This should be rendered via PortableTextRenderer, not Blocks component. background: #e6e6e6;background: light-dark(rgba(0,0,0,0.1), rgba(255,255,255,0.25));color: #000000;color: light-dark(#000000, #ffffff);border-radius: 2px  Server   wm4f29 @ http://localhost:3000/_next/static/chunks/f12ff_next_dist_95687940._.js:2302
[  136695ms] [WARNING] %c%s%c PortableText block detected in page blocks array. This should be rendered via PortableTextRenderer, not Blocks component. background: #e6e6e6;background: light-dark(rgba(0,0,0,0.1), rgba(255,255,255,0.25));color: #000000;color: light-dark(#000000, #ffffff);border-radius: 2px  Server   20o54t @ http://localhost:3000/_next/static/chunks/f12ff_next_dist_95687940._.js:2302
[  136704ms] [WARNING] Image with src "/connecting-climate-minds-logo-white.png" was detected as the Largest Contentful Paint (LCP). Please add the `loading="eager"` property if this image is above the fold.
Read more: https://nextjs.org/docs/app/api-reference/components/image#loading @ http://localhost:3000/_next/static/chunks/f12ff_next_dist_95687940._.js:2302
[  136710ms] [LOG] [Fast Refresh] rebuilding @ http://localhost:3000/_next/static/chunks/f12ff_next_dist_95687940._.js:2302
[  136824ms] [LOG] [Fast Refresh] done in 236ms @ http://localhost:3000/_next/static/chunks/f12ff_next_dist_95687940._.js:2302
[  137984ms] [WARNING] Ignoring Event: localhost @ http://localhost:3000/_next/static/chunks/f12ff_next_dist_95687940._.js:2302
[  138162ms] [INFO] Sanity is live with automatic revalidation of published content @ http://localhost:3000/_next/static/chunks/f12ff_next_dist_95687940._.js:2302
[  141082ms] [LOG] [Fast Refresh] rebuilding @ http://localhost:3000/_next/static/chunks/f12ff_next_dist_95687940._.js:2302
[  141802ms] [LOG] [Fast Refresh] done in 821ms @ http://localhost:3000/_next/static/chunks/f12ff_next_dist_95687940._.js:2302
[  143692ms] [LOG] [Fast Refresh] rebuilding @ http://localhost:3000/_next/static/chunks/f12ff_next_dist_95687940._.js:2302
[  145028ms] [LOG] [Fast Refresh] done in 1433ms @ http://localhost:3000/_next/static/chunks/f12ff_next_dist_95687940._.js:2302
[  146318ms] [LOG] [Fast Refresh] rebuilding @ http://localhost:3000/_next/static/chunks/f12ff_next_dist_95687940._.js:2302
[  146329ms] [LOG] [Fast Refresh] done in 112ms @ http://localhost:3000/_next/static/chunks/f12ff_next_dist_95687940._.js:2302
