[     567ms] [INFO] %cDownload the React DevTools for a better development experience: https://react.dev/link/react-devtools font-weight:bold @ http://localhost:3000/_next/static/chunks/f12ff_next_dist_95687940._.js:2302
[     618ms] [LOG] [HMR] connected @ http://localhost:3000/_next/static/chunks/f12ff_next_dist_95687940._.js:2302
[     629ms] [WARNING] Clerk: Clerk has been loaded with development keys. Development instances have strict usage limits and should not be used when deploying your application to production. Learn more: https://clerk.com/docs/deployments/overview @ http://localhost:3000/_next/static/chunks/f12ff_next_dist_95687940._.js:2302
[     749ms] [WARNING] Missing Algolia environment variables: ALGOLIA_API_KEY @ http://localhost:3000/_next/static/chunks/f12ff_next_dist_95687940._.js:2302
[     750ms] [WARNING] Algolia admin client not available - missing credentials @ http://localhost:3000/_next/static/chunks/f12ff_next_dist_95687940._.js:2302
[     750ms] [LOG] ✅ Algolia search client initialized successfully @ http://localhost:3000/_next/static/chunks/f12ff_next_dist_95687940._.js:2302
[     764ms] [WARNING] [react-instantsearch-nextjs] InstantSearchNext relies on experimental APIs and may break in the future.
This message will only be displayed in development mode. @ http://localhost:3000/_next/static/chunks/f12ff_next_dist_95687940._.js:2302
[     814ms] [WARNING] Ignoring Event: localhost @ http://localhost:3000/_next/static/chunks/f12ff_next_dist_95687940._.js:2302
[     851ms] [INFO] Sanity is live with automatic revalidation of published content @ http://localhost:3000/_next/static/chunks/f12ff_next_dist_95687940._.js:2302
[    9488ms] [WARNING] Image with src "/connecting-climate-minds-logo-white.png" was detected as the Largest Contentful Paint (LCP). Please add the `loading="eager"` property if this image is above the fold.
Read more: https://nextjs.org/docs/app/api-reference/components/image#loading @ http://localhost:3000/_next/static/chunks/f12ff_next_dist_95687940._.js:2302
[  170206ms] [LOG] [Fast Refresh] rebuilding @ http://localhost:3000/_next/static/chunks/f12ff_next_dist_95687940._.js:2302
[  170737ms] [LOG] [Fast Refresh] done in 634ms @ http://localhost:3000/_next/static/chunks/f12ff_next_dist_95687940._.js:2302
[  213432ms] [LOG] [Fast Refresh] rebuilding @ http://localhost:3000/_next/static/chunks/f12ff_next_dist_95687940._.js:2302
[  213472ms] [LOG] [Fast Refresh] done in 141ms @ http://localhost:3000/_next/static/chunks/f12ff_next_dist_95687940._.js:2302
[  383622ms] [LOG] [Fast Refresh] rebuilding @ http://localhost:3000/_next/static/chunks/f12ff_next_dist_95687940._.js:2302
[  386886ms] [LOG] [Fast Refresh] done in 3283ms @ http://localhost:3000/_next/static/chunks/f12ff_next_dist_95687940._.js:2302
[  438900ms] [LOG] [Fast Refresh] rebuilding @ http://localhost:3000/_next/static/chunks/f12ff_next_dist_95687940._.js:2302
[  439573ms] [LOG] [Fast Refresh] done in 730ms @ http://localhost:3000/_next/static/chunks/f12ff_next_dist_95687940._.js:2302
[  461961ms] [LOG] [Fast Refresh] rebuilding @ http://localhost:3000/_next/static/chunks/f12ff_next_dist_95687940._.js:2302
[  462135ms] [LOG] [Fast Refresh] done in 240ms @ http://localhost:3000/_next/static/chunks/f12ff_next_dist_95687940._.js:2302
[  482826ms] [LOG] [Fast Refresh] rebuilding @ http://localhost:3000/_next/static/chunks/f12ff_next_dist_95687940._.js:2302
[  482999ms] [LOG] [Fast Refresh] done in 274ms @ http://localhost:3000/_next/static/chunks/f12ff_next_dist_95687940._.js:2302
