[     248ms] [LOG] [Fast Refresh] rebuilding @ http://localhost:3001/_next/static/chunks/f12ff_next_dist_95687940._.js:2302
[     776ms] [LOG] [Fast Refresh] done in 631ms @ http://localhost:3001/_next/static/chunks/f12ff_next_dist_95687940._.js:2302
[    4154ms] [INFO] %cDownload the React DevTools for a better development experience: https://react.dev/link/react-devtools font-weight:bold @ http://localhost:3001/_next/static/chunks/f12ff_next_dist_95687940._.js:2302
[    4280ms] [LOG] [HMR] connected @ http://localhost:3001/_next/static/chunks/f12ff_next_dist_95687940._.js:2302
[    4344ms] [WARNING] Missing Algolia environment variables: ALGOLIA_API_KEY @ http://localhost:3001/_next/static/chunks/f12ff_next_dist_95687940._.js:2302
[    4344ms] [WARNING] Algolia admin client not available - missing credentials @ http://localhost:3001/_next/static/chunks/f12ff_next_dist_95687940._.js:2302
[    4345ms] [LOG] ✅ Algolia search client initialized successfully @ http://localhost:3001/_next/static/chunks/f12ff_next_dist_95687940._.js:2302
[    4355ms] [WARNING] Image with src "/connecting-climate-minds-logo-white.png" was detected as the Largest Contentful Paint (LCP). Please add the `loading="eager"` property if this image is above the fold.
Read more: https://nextjs.org/docs/app/api-reference/components/image#loading @ http://localhost:3001/_next/static/chunks/f12ff_next_dist_95687940._.js:2302
[    4498ms] [WARNING] Ignoring Event: localhost @ http://localhost:3001/_next/static/chunks/f12ff_next_dist_95687940._.js:2302
[    4588ms] [WARNING] Clerk: Clerk has been loaded with development keys. Development instances have strict usage limits and should not be used when deploying your application to production. Learn more: https://clerk.com/docs/deployments/overview @ http://localhost:3001/_next/static/chunks/f12ff_next_dist_95687940._.js:2302
[    4601ms] [ERROR] Access to resource at 'https://gm67v7rk.api.sanity.io/v2024-04-24/data/live/events/development?tag=next-loader.live' from origin 'http://localhost:3001' has been blocked by CORS policy: No 'Access-Control-Allow-Origin' header is present on the requested resource. @ http://localhost:3001/en/collaborations/cmqqd42z90001okbzget8ttzn:0
[    4602ms] [ERROR] Failed to load resource: net::ERR_FAILED @ https://gm67v7rk.api.sanity.io/v2024-04-24/data/live/events/development?tag=next-loader.live:0
[    4706ms] [ERROR] Access to fetch at 'https://gm67v7rk.api.sanity.io/v2024-04-24/data/live/events/development?tag=next-loader.live' from origin 'http://localhost:3001' has been blocked by CORS policy: Response to preflight request doesn't pass access control check: No 'Access-Control-Allow-Origin' header is present on the requested resource. @ http://localhost:3001/en/collaborations/cmqqd42z90001okbzget8ttzn:0
[    4706ms] [ERROR] Failed to load resource: net::ERR_FAILED @ https://gm67v7rk.api.sanity.io/v2024-04-24/data/live/events/development?tag=next-loader.live:0
[    4800ms] [ERROR] Access to fetch at 'https://gm67v7rk.api.sanity.io/v2024-04-24/data/live/events/development?tag=next-loader.live' from origin 'http://localhost:3001' has been blocked by CORS policy: Response to preflight request doesn't pass access control check: No 'Access-Control-Allow-Origin' header is present on the requested resource. @ http://localhost:3001/en/collaborations/cmqqd42z90001okbzget8ttzn:0
[    4800ms] [ERROR] Failed to load resource: net::ERR_FAILED @ https://gm67v7rk.api.sanity.io/v2024-04-24/data/live/events/development?tag=next-loader.live:0
[    4800ms] [WARNING] Sanity Live is unable to connect to the Sanity API as the current origin - http://localhost:3001 - is not in the list of allowed CORS origins for this Sanity Project. Add it here: https://sanity.io/manage/project/gm67v7rk/api?cors=add&origin=http%3A%2F%2Flocalhost%3A3001 @ http://localhost:3001/_next/static/chunks/f12ff_next_dist_95687940._.js:2302
[   66362ms] [ERROR] Cannot call startTransition while rendering. @ http://localhost:3001/_next/static/chunks/f12ff_next_dist_95687940._.js:3132
[   66364ms] [ERROR] Cannot update a component (`%s`) while rendering a different component (`%s`). To locate the bad setState() call inside `%s`, follow the stack trace as described in https://react.dev/link/setstate-in-render Router WorkspacePlan WorkspacePlan @ http://localhost:3001/_next/static/chunks/f12ff_next_dist_95687940._.js:3132
[   66519ms] [LOG] [Fast Refresh] rebuilding @ http://localhost:3001/_next/static/chunks/f12ff_next_dist_95687940._.js:2302
[   66705ms] [LOG] [Fast Refresh] done in 288ms @ http://localhost:3001/_next/static/chunks/f12ff_next_dist_95687940._.js:2302
[   68511ms] [ERROR] Cannot call startTransition while rendering. @ http://localhost:3001/_next/static/chunks/f12ff_next_dist_95687940._.js:3132
[   69294ms] [ERROR] Cannot call startTransition while rendering. @ http://localhost:3001/_next/static/chunks/f12ff_next_dist_95687940._.js:3132
[   70168ms] [ERROR] Cannot call startTransition while rendering. @ http://localhost:3001/_next/static/chunks/f12ff_next_dist_95687940._.js:3132
[   71109ms] [ERROR] Cannot call startTransition while rendering. @ http://localhost:3001/_next/static/chunks/f12ff_next_dist_95687940._.js:3132
[   72052ms] [ERROR] Cannot call startTransition while rendering. @ http://localhost:3001/_next/static/chunks/f12ff_next_dist_95687940._.js:3132
[   72840ms] [ERROR] Cannot call startTransition while rendering. @ http://localhost:3001/_next/static/chunks/f12ff_next_dist_95687940._.js:3132
[   73640ms] [ERROR] Cannot call startTransition while rendering. @ http://localhost:3001/_next/static/chunks/f12ff_next_dist_95687940._.js:3132
[   74433ms] [ERROR] Cannot call startTransition while rendering. @ http://localhost:3001/_next/static/chunks/f12ff_next_dist_95687940._.js:3132
[   75216ms] [ERROR] Cannot call startTransition while rendering. @ http://localhost:3001/_next/static/chunks/f12ff_next_dist_95687940._.js:3132
[   76010ms] [ERROR] Cannot call startTransition while rendering. @ http://localhost:3001/_next/static/chunks/f12ff_next_dist_95687940._.js:3132
[   76802ms] [ERROR] Cannot call startTransition while rendering. @ http://localhost:3001/_next/static/chunks/f12ff_next_dist_95687940._.js:3132
[   77608ms] [ERROR] Cannot call startTransition while rendering. @ http://localhost:3001/_next/static/chunks/f12ff_next_dist_95687940._.js:3132
[   78397ms] [ERROR] Cannot call startTransition while rendering. @ http://localhost:3001/_next/static/chunks/f12ff_next_dist_95687940._.js:3132
[   79194ms] [ERROR] Cannot call startTransition while rendering. @ http://localhost:3001/_next/static/chunks/f12ff_next_dist_95687940._.js:3132
[   79988ms] [ERROR] Cannot call startTransition while rendering. @ http://localhost:3001/_next/static/chunks/f12ff_next_dist_95687940._.js:3132
[   80877ms] [ERROR] Cannot call startTransition while rendering. @ http://localhost:3001/_next/static/chunks/f12ff_next_dist_95687940._.js:3132
[   81669ms] [ERROR] Cannot call startTransition while rendering. @ http://localhost:3001/_next/static/chunks/f12ff_next_dist_95687940._.js:3132
[   82464ms] [ERROR] Cannot call startTransition while rendering. @ http://localhost:3001/_next/static/chunks/f12ff_next_dist_95687940._.js:3132
[   83249ms] [ERROR] Cannot call startTransition while rendering. @ http://localhost:3001/_next/static/chunks/f12ff_next_dist_95687940._.js:3132
[   84152ms] [ERROR] Cannot call startTransition while rendering. @ http://localhost:3001/_next/static/chunks/f12ff_next_dist_95687940._.js:3132
[   84947ms] [ERROR] Cannot call startTransition while rendering. @ http://localhost:3001/_next/static/chunks/f12ff_next_dist_95687940._.js:3132
[   85747ms] [ERROR] Cannot call startTransition while rendering. @ http://localhost:3001/_next/static/chunks/f12ff_next_dist_95687940._.js:3132
[   86537ms] [ERROR] Cannot call startTransition while rendering. @ http://localhost:3001/_next/static/chunks/f12ff_next_dist_95687940._.js:3132
[   87319ms] [ERROR] Cannot call startTransition while rendering. @ http://localhost:3001/_next/static/chunks/f12ff_next_dist_95687940._.js:3132
[   88106ms] [ERROR] Cannot call startTransition while rendering. @ http://localhost:3001/_next/static/chunks/f12ff_next_dist_95687940._.js:3132
[   88106ms] [ERROR] Cannot call startTransition while rendering. @ http://localhost:3001/_next/static/chunks/f12ff_next_dist_95687940._.js:3132
[   88107ms] [ERROR] Cannot call startTransition while rendering. @ http://localhost:3001/_next/static/chunks/f12ff_next_dist_95687940._.js:3132
[   90494ms] [ERROR] Cannot call startTransition while rendering. @ http://localhost:3001/_next/static/chunks/f12ff_next_dist_95687940._.js:3132
[   90495ms] [ERROR] Cannot call startTransition while rendering. @ http://localhost:3001/_next/static/chunks/f12ff_next_dist_95687940._.js:3132
[   90496ms] [ERROR] Cannot call startTransition while rendering. @ http://localhost:3001/_next/static/chunks/f12ff_next_dist_95687940._.js:3132
[   93483ms] [ERROR] Cannot call startTransition while rendering. @ http://localhost:3001/_next/static/chunks/f12ff_next_dist_95687940._.js:3132
[   93483ms] [ERROR] Cannot call startTransition while rendering. @ http://localhost:3001/_next/static/chunks/f12ff_next_dist_95687940._.js:3132
[   93483ms] [ERROR] Cannot call startTransition while rendering. @ http://localhost:3001/_next/static/chunks/f12ff_next_dist_95687940._.js:3132
[   96272ms] [ERROR] Cannot call startTransition while rendering. @ http://localhost:3001/_next/static/chunks/f12ff_next_dist_95687940._.js:3132
[   96272ms] [ERROR] Cannot call startTransition while rendering. @ http://localhost:3001/_next/static/chunks/f12ff_next_dist_95687940._.js:3132
[   96273ms] [ERROR] Cannot call startTransition while rendering. @ http://localhost:3001/_next/static/chunks/f12ff_next_dist_95687940._.js:3132
[   98639ms] [ERROR] Cannot call startTransition while rendering. @ http://localhost:3001/_next/static/chunks/f12ff_next_dist_95687940._.js:3132
[   98639ms] [ERROR] Cannot call startTransition while rendering. @ http://localhost:3001/_next/static/chunks/f12ff_next_dist_95687940._.js:3132
[   98639ms] [ERROR] Cannot call startTransition while rendering. @ http://localhost:3001/_next/static/chunks/f12ff_next_dist_95687940._.js:3132
[  101003ms] [ERROR] Cannot call startTransition while rendering. @ http://localhost:3001/_next/static/chunks/f12ff_next_dist_95687940._.js:3132
[  101004ms] [ERROR] Cannot call startTransition while rendering. @ http://localhost:3001/_next/static/chunks/f12ff_next_dist_95687940._.js:3132
[  101004ms] [ERROR] Cannot call startTransition while rendering. @ http://localhost:3001/_next/static/chunks/f12ff_next_dist_95687940._.js:3132
[  103370ms] [ERROR] Cannot call startTransition while rendering. @ http://localhost:3001/_next/static/chunks/f12ff_next_dist_95687940._.js:3132
[  103371ms] [ERROR] Cannot call startTransition while rendering. @ http://localhost:3001/_next/static/chunks/f12ff_next_dist_95687940._.js:3132
[  103371ms] [ERROR] Cannot call startTransition while rendering. @ http://localhost:3001/_next/static/chunks/f12ff_next_dist_95687940._.js:3132
[  105736ms] [ERROR] Cannot call startTransition while rendering. @ http://localhost:3001/_next/static/chunks/f12ff_next_dist_95687940._.js:3132
[  105736ms] [ERROR] Cannot call startTransition while rendering. @ http://localhost:3001/_next/static/chunks/f12ff_next_dist_95687940._.js:3132
[  105737ms] [ERROR] Cannot call startTransition while rendering. @ http://localhost:3001/_next/static/chunks/f12ff_next_dist_95687940._.js:3132
[  108141ms] [ERROR] Cannot call startTransition while rendering. @ http://localhost:3001/_next/static/chunks/f12ff_next_dist_95687940._.js:3132
[  108142ms] [ERROR] Cannot call startTransition while rendering. @ http://localhost:3001/_next/static/chunks/f12ff_next_dist_95687940._.js:3132
[  108142ms] [ERROR] Cannot call startTransition while rendering. @ http://localhost:3001/_next/static/chunks/f12ff_next_dist_95687940._.js:3132
[  110497ms] [ERROR] Cannot call startTransition while rendering. @ http://localhost:3001/_next/static/chunks/f12ff_next_dist_95687940._.js:3132
[  110498ms] [ERROR] Cannot call startTransition while rendering. @ http://localhost:3001/_next/static/chunks/f12ff_next_dist_95687940._.js:3132
[  110498ms] [ERROR] Cannot call startTransition while rendering. @ http://localhost:3001/_next/static/chunks/f12ff_next_dist_95687940._.js:3132
[  112945ms] [ERROR] Cannot call startTransition while rendering. @ http://localhost:3001/_next/static/chunks/f12ff_next_dist_95687940._.js:3132
[  112946ms] [ERROR] Cannot call startTransition while rendering. @ http://localhost:3001/_next/static/chunks/f12ff_next_dist_95687940._.js:3132
[  112946ms] [ERROR] Cannot call startTransition while rendering. @ http://localhost:3001/_next/static/chunks/f12ff_next_dist_95687940._.js:3132
[  115315ms] [ERROR] Cannot call startTransition while rendering. @ http://localhost:3001/_next/static/chunks/f12ff_next_dist_95687940._.js:3132
[  115316ms] [ERROR] Cannot call startTransition while rendering. @ http://localhost:3001/_next/static/chunks/f12ff_next_dist_95687940._.js:3132
[  115317ms] [ERROR] Cannot call startTransition while rendering. @ http://localhost:3001/_next/static/chunks/f12ff_next_dist_95687940._.js:3132
[  117684ms] [ERROR] Cannot call startTransition while rendering. @ http://localhost:3001/_next/static/chunks/f12ff_next_dist_95687940._.js:3132
[  117684ms] [ERROR] Cannot call startTransition while rendering. @ http://localhost:3001/_next/static/chunks/f12ff_next_dist_95687940._.js:3132
[  117684ms] [ERROR] Cannot call startTransition while rendering. @ http://localhost:3001/_next/static/chunks/f12ff_next_dist_95687940._.js:3132
[  120098ms] [ERROR] Cannot call startTransition while rendering. @ http://localhost:3001/_next/static/chunks/f12ff_next_dist_95687940._.js:3132
[  120099ms] [ERROR] Cannot call startTransition while rendering. @ http://localhost:3001/_next/static/chunks/f12ff_next_dist_95687940._.js:3132
[  120099ms] [ERROR] Cannot call startTransition while rendering. @ http://localhost:3001/_next/static/chunks/f12ff_next_dist_95687940._.js:3132
[  122530ms] [ERROR] Cannot call startTransition while rendering. @ http://localhost:3001/_next/static/chunks/f12ff_next_dist_95687940._.js:3132
[  122530ms] [ERROR] Cannot call startTransition while rendering. @ http://localhost:3001/_next/static/chunks/f12ff_next_dist_95687940._.js:3132
[  122530ms] [ERROR] Cannot call startTransition while rendering. @ http://localhost:3001/_next/static/chunks/f12ff_next_dist_95687940._.js:3132
[  125144ms] [ERROR] Cannot call startTransition while rendering. @ http://localhost:3001/_next/static/chunks/f12ff_next_dist_95687940._.js:3132
[  125144ms] [ERROR] Cannot call startTransition while rendering. @ http://localhost:3001/_next/static/chunks/f12ff_next_dist_95687940._.js:3132
[  125144ms] [ERROR] Cannot call startTransition while rendering. @ http://localhost:3001/_next/static/chunks/f12ff_next_dist_95687940._.js:3132
[  127619ms] [ERROR] Cannot call startTransition while rendering. @ http://localhost:3001/_next/static/chunks/f12ff_next_dist_95687940._.js:3132
[  127620ms] [ERROR] Cannot call startTransition while rendering. @ http://localhost:3001/_next/static/chunks/f12ff_next_dist_95687940._.js:3132
[  127620ms] [ERROR] Cannot call startTransition while rendering. @ http://localhost:3001/_next/static/chunks/f12ff_next_dist_95687940._.js:3132
[  129959ms] [ERROR] Cannot call startTransition while rendering. @ http://localhost:3001/_next/static/chunks/f12ff_next_dist_95687940._.js:3132
[  129960ms] [ERROR] Cannot call startTransition while rendering. @ http://localhost:3001/_next/static/chunks/f12ff_next_dist_95687940._.js:3132
[  129960ms] [ERROR] Cannot call startTransition while rendering. @ http://localhost:3001/_next/static/chunks/f12ff_next_dist_95687940._.js:3132
[  132308ms] [ERROR] Cannot call startTransition while rendering. @ http://localhost:3001/_next/static/chunks/f12ff_next_dist_95687940._.js:3132
[  132309ms] [ERROR] Cannot call startTransition while rendering. @ http://localhost:3001/_next/static/chunks/f12ff_next_dist_95687940._.js:3132
[  132309ms] [ERROR] Cannot call startTransition while rendering. @ http://localhost:3001/_next/static/chunks/f12ff_next_dist_95687940._.js:3132
[  134684ms] [ERROR] Cannot call startTransition while rendering. @ http://localhost:3001/_next/static/chunks/f12ff_next_dist_95687940._.js:3132
[  134684ms] [ERROR] Cannot call startTransition while rendering. @ http://localhost:3001/_next/static/chunks/f12ff_next_dist_95687940._.js:3132
[  134684ms] [ERROR] Cannot call startTransition while rendering. @ http://localhost:3001/_next/static/chunks/f12ff_next_dist_95687940._.js:3132
[  137076ms] [ERROR] Cannot call startTransition while rendering. @ http://localhost:3001/_next/static/chunks/f12ff_next_dist_95687940._.js:3132
[  137077ms] [ERROR] Cannot call startTransition while rendering. @ http://localhost:3001/_next/static/chunks/f12ff_next_dist_95687940._.js:3132
[  137077ms] [ERROR] Cannot call startTransition while rendering. @ http://localhost:3001/_next/static/chunks/f12ff_next_dist_95687940._.js:3132
[  139434ms] [ERROR] Cannot call startTransition while rendering. @ http://localhost:3001/_next/static/chunks/f12ff_next_dist_95687940._.js:3132
[  139434ms] [ERROR] Cannot call startTransition while rendering. @ http://localhost:3001/_next/static/chunks/f12ff_next_dist_95687940._.js:3132
[  139434ms] [ERROR] Cannot call startTransition while rendering. @ http://localhost:3001/_next/static/chunks/f12ff_next_dist_95687940._.js:3132
[  141904ms] [ERROR] Cannot call startTransition while rendering. @ http://localhost:3001/_next/static/chunks/f12ff_next_dist_95687940._.js:3132
[  141904ms] [ERROR] Cannot call startTransition while rendering. @ http://localhost:3001/_next/static/chunks/f12ff_next_dist_95687940._.js:3132
[  141905ms] [ERROR] Cannot call startTransition while rendering. @ http://localhost:3001/_next/static/chunks/f12ff_next_dist_95687940._.js:3132
[  144254ms] [ERROR] Cannot call startTransition while rendering. @ http://localhost:3001/_next/static/chunks/f12ff_next_dist_95687940._.js:3132
[  144255ms] [ERROR] Cannot call startTransition while rendering. @ http://localhost:3001/_next/static/chunks/f12ff_next_dist_95687940._.js:3132
[  144255ms] [ERROR] Cannot call startTransition while rendering. @ http://localhost:3001/_next/static/chunks/f12ff_next_dist_95687940._.js:3132
[  145273ms] [LOG] [Fast Refresh] rebuilding @ http://localhost:3001/_next/static/chunks/f12ff_next_dist_95687940._.js:2302
[  146600ms] [LOG] [Fast Refresh] done in 1405ms @ http://localhost:3001/_next/static/chunks/f12ff_next_dist_95687940._.js:2302
[  147477ms] [ERROR] Cannot call startTransition while rendering. @ http://localhost:3001/_next/static/chunks/f12ff_next_dist_95687940._.js:3132
[  147478ms] [ERROR] Cannot call startTransition while rendering. @ http://localhost:3001/_next/static/chunks/f12ff_next_dist_95687940._.js:3132
[  147478ms] [ERROR] Cannot call startTransition while rendering. @ http://localhost:3001/_next/static/chunks/f12ff_next_dist_95687940._.js:3132
[  150181ms] [ERROR] Cannot call startTransition while rendering. @ http://localhost:3001/_next/static/chunks/f12ff_next_dist_95687940._.js:3132
[  150182ms] [ERROR] Cannot call startTransition while rendering. @ http://localhost:3001/_next/static/chunks/f12ff_next_dist_95687940._.js:3132
[  150182ms] [ERROR] Cannot call startTransition while rendering. @ http://localhost:3001/_next/static/chunks/f12ff_next_dist_95687940._.js:3132
[  152585ms] [ERROR] Cannot call startTransition while rendering. @ http://localhost:3001/_next/static/chunks/f12ff_next_dist_95687940._.js:3132
[  152585ms] [ERROR] Cannot call startTransition while rendering. @ http://localhost:3001/_next/static/chunks/f12ff_next_dist_95687940._.js:3132
[  152586ms] [ERROR] Cannot call startTransition while rendering. @ http://localhost:3001/_next/static/chunks/f12ff_next_dist_95687940._.js:3132
[  154947ms] [ERROR] Cannot call startTransition while rendering. @ http://localhost:3001/_next/static/chunks/f12ff_next_dist_95687940._.js:3132
[  154948ms] [ERROR] Cannot call startTransition while rendering. @ http://localhost:3001/_next/static/chunks/f12ff_next_dist_95687940._.js:3132
[  154948ms] [ERROR] Cannot call startTransition while rendering. @ http://localhost:3001/_next/static/chunks/f12ff_next_dist_95687940._.js:3132
[  157499ms] [ERROR] Cannot call startTransition while rendering. @ http://localhost:3001/_next/static/chunks/f12ff_next_dist_95687940._.js:3132
[  157500ms] [ERROR] Cannot call startTransition while rendering. @ http://localhost:3001/_next/static/chunks/f12ff_next_dist_95687940._.js:3132
[  157500ms] [ERROR] Cannot call startTransition while rendering. @ http://localhost:3001/_next/static/chunks/f12ff_next_dist_95687940._.js:3132
[  159879ms] [ERROR] Cannot call startTransition while rendering. @ http://localhost:3001/_next/static/chunks/f12ff_next_dist_95687940._.js:3132
[  159879ms] [ERROR] Cannot call startTransition while rendering. @ http://localhost:3001/_next/static/chunks/f12ff_next_dist_95687940._.js:3132
[  159879ms] [ERROR] Cannot call startTransition while rendering. @ http://localhost:3001/_next/static/chunks/f12ff_next_dist_95687940._.js:3132
[  162200ms] [ERROR] Cannot call startTransition while rendering. @ http://localhost:3001/_next/static/chunks/f12ff_next_dist_95687940._.js:3132
[  162201ms] [ERROR] Cannot call startTransition while rendering. @ http://localhost:3001/_next/static/chunks/f12ff_next_dist_95687940._.js:3132
[  162201ms] [ERROR] Cannot call startTransition while rendering. @ http://localhost:3001/_next/static/chunks/f12ff_next_dist_95687940._.js:3132
[  164568ms] [ERROR] Cannot call startTransition while rendering. @ http://localhost:3001/_next/static/chunks/f12ff_next_dist_95687940._.js:3132
[  164568ms] [ERROR] Cannot call startTransition while rendering. @ http://localhost:3001/_next/static/chunks/f12ff_next_dist_95687940._.js:3132
[  164568ms] [ERROR] Cannot call startTransition while rendering. @ http://localhost:3001/_next/static/chunks/f12ff_next_dist_95687940._.js:3132
[  167049ms] [ERROR] Cannot call startTransition while rendering. @ http://localhost:3001/_next/static/chunks/f12ff_next_dist_95687940._.js:3132
[  167049ms] [ERROR] Cannot call startTransition while rendering. @ http://localhost:3001/_next/static/chunks/f12ff_next_dist_95687940._.js:3132
[  167049ms] [ERROR] Cannot call startTransition while rendering. @ http://localhost:3001/_next/static/chunks/f12ff_next_dist_95687940._.js:3132
[  169715ms] [ERROR] Cannot call startTransition while rendering. @ http://localhost:3001/_next/static/chunks/f12ff_next_dist_95687940._.js:3132
[  169715ms] [ERROR] Cannot call startTransition while rendering. @ http://localhost:3001/_next/static/chunks/f12ff_next_dist_95687940._.js:3132
[  169715ms] [ERROR] Cannot call startTransition while rendering. @ http://localhost:3001/_next/static/chunks/f12ff_next_dist_95687940._.js:3132
[  172064ms] [ERROR] Cannot call startTransition while rendering. @ http://localhost:3001/_next/static/chunks/f12ff_next_dist_95687940._.js:3132
[  172064ms] [ERROR] Cannot call startTransition while rendering. @ http://localhost:3001/_next/static/chunks/f12ff_next_dist_95687940._.js:3132
[  172064ms] [ERROR] Cannot call startTransition while rendering. @ http://localhost:3001/_next/static/chunks/f12ff_next_dist_95687940._.js:3132
[  174744ms] [ERROR] Cannot call startTransition while rendering. @ http://localhost:3001/_next/static/chunks/f12ff_next_dist_95687940._.js:3132
[  174745ms] [ERROR] Cannot call startTransition while rendering. @ http://localhost:3001/_next/static/chunks/f12ff_next_dist_95687940._.js:3132
[  174745ms] [ERROR] Cannot call startTransition while rendering. @ http://localhost:3001/_next/static/chunks/f12ff_next_dist_95687940._.js:3132
[  177172ms] [ERROR] Cannot call startTransition while rendering. @ http://localhost:3001/_next/static/chunks/f12ff_next_dist_95687940._.js:3132
[  177172ms] [ERROR] Cannot call startTransition while rendering. @ http://localhost:3001/_next/static/chunks/f12ff_next_dist_95687940._.js:3132
[  177173ms] [ERROR] Cannot call startTransition while rendering. @ http://localhost:3001/_next/static/chunks/f12ff_next_dist_95687940._.js:3132
