[    3645ms] [LOG] [Fast Refresh] rebuilding @ http://localhost:3000/_next/static/chunks/f12ff_next_dist_95687940._.js:2302
[   13933ms] [LOG] [Fast Refresh] done in 10521ms @ http://localhost:3000/_next/static/chunks/f12ff_next_dist_95687940._.js:2302
[   19084ms] [LOG] [Client Instrumentation Hook] Slow execution detected: 17ms (Note: Code download overhead is not included in this measurement) @ http://localhost:3000/_next/static/chunks/f12ff_next_dist_95687940._.js:1530
[   19111ms] [INFO] %cDownload the React DevTools for a better development experience: https://react.dev/link/react-devtools font-weight:bold @ http://localhost:3000/_next/static/chunks/f12ff_next_dist_95687940._.js:2302
[   19366ms] [LOG] [HMR] connected @ http://localhost:3000/_next/static/chunks/f12ff_next_dist_95687940._.js:2302
[   19696ms] [LOG] [Fast Refresh] rebuilding @ http://localhost:3000/_next/static/chunks/f12ff_next_dist_95687940._.js:2302
[   20564ms] [LOG] [Fast Refresh] done in 1012ms @ http://localhost:3000/_next/static/chunks/f12ff_next_dist_95687940._.js:2302
[   20574ms] [WARNING] Clerk: Clerk has been loaded with development keys. Development instances have strict usage limits and should not be used when deploying your application to production. Learn more: https://clerk.com/docs/deployments/overview @ http://localhost:3000/_next/static/chunks/f12ff_next_dist_95687940._.js:2302
[   20656ms] [WARNING] %c%s%c PortableText block detected in page blocks array. This should be rendered via PortableTextRenderer, not Blocks component. background: #e6e6e6;background: light-dark(rgba(0,0,0,0.1), rgba(255,255,255,0.25));color: #000000;color: light-dark(#000000, #ffffff);border-radius: 2px  Server   ukren1 @ http://localhost:3000/_next/static/chunks/f12ff_next_dist_95687940._.js:2302
[   20656ms] [WARNING] %c%s%c PortableText block detected in page blocks array. This should be rendered via PortableTextRenderer, not Blocks component. background: #e6e6e6;background: light-dark(rgba(0,0,0,0.1), rgba(255,255,255,0.25));color: #000000;color: light-dark(#000000, #ffffff);border-radius: 2px  Server   wm4f29 @ http://localhost:3000/_next/static/chunks/f12ff_next_dist_95687940._.js:2302
[   20657ms] [WARNING] %c%s%c PortableText block detected in page blocks array. This should be rendered via PortableTextRenderer, not Blocks component. background: #e6e6e6;background: light-dark(rgba(0,0,0,0.1), rgba(255,255,255,0.25));color: #000000;color: light-dark(#000000, #ffffff);border-radius: 2px  Server   20o54t @ http://localhost:3000/_next/static/chunks/f12ff_next_dist_95687940._.js:2302
[   21560ms] [WARNING] Ignoring Event: localhost @ http://localhost:3000/_next/static/chunks/f12ff_next_dist_95687940._.js:2302
[   21964ms] [INFO] Sanity is live with automatic revalidation of published content @ http://localhost:3000/_next/static/chunks/f12ff_next_dist_95687940._.js:2302
[   22753ms] [LOG] [Fast Refresh] rebuilding @ http://localhost:3000/_next/static/chunks/f12ff_next_dist_95687940._.js:2302
[   22766ms] [LOG] [Fast Refresh] done in 118ms @ http://localhost:3000/_next/static/chunks/f12ff_next_dist_95687940._.js:2302
[   34186ms] [LOG] [Fast Refresh] rebuilding @ http://localhost:3000/_next/static/chunks/f12ff_next_dist_95687940._.js:2302
[   34459ms] [LOG] [Fast Refresh] done in 373ms @ http://localhost:3000/_next/static/chunks/f12ff_next_dist_95687940._.js:2302
[   43461ms] [LOG] [Fast Refresh] rebuilding @ http://localhost:3000/_next/static/chunks/f12ff_next_dist_95687940._.js:2302
[   44481ms] [LOG] [Fast Refresh] done in 1122ms @ http://localhost:3000/_next/static/chunks/f12ff_next_dist_95687940._.js:2302
[  106191ms] [LOG] [Fast Refresh] rebuilding @ http://localhost:3000/_next/static/chunks/f12ff_next_dist_95687940._.js:2302
[  106423ms] [LOG] [Fast Refresh] done in 336ms @ http://localhost:3000/_next/static/chunks/f12ff_next_dist_95687940._.js:2302
[  128894ms] [WARNING] Ignoring Event: localhost @ http://localhost:3000/_next/static/chunks/f12ff_next_dist_95687940._.js:2302
[  130079ms] [LOG] [Fast Refresh] rebuilding @ http://localhost:3000/_next/static/chunks/f12ff_next_dist_95687940._.js:2302
[  150339ms] [LOG] [Fast Refresh] done in 20350ms @ http://localhost:3000/_next/static/chunks/f12ff_next_dist_95687940._.js:2302
[  154440ms] [WARNING] Missing Algolia environment variables: ALGOLIA_API_KEY @ http://localhost:3000/_next/static/chunks/f12ff_next_dist_95687940._.js:2302
[  154440ms] [WARNING] Algolia admin client not available - missing credentials @ http://localhost:3000/_next/static/chunks/f12ff_next_dist_95687940._.js:2302
[  154440ms] [LOG] ✅ Algolia search client initialized successfully @ http://localhost:3000/_next/static/chunks/f12ff_next_dist_95687940._.js:2302
[  154501ms] [LOG] [Fast Refresh] rebuilding @ http://localhost:3000/_next/static/chunks/f12ff_next_dist_95687940._.js:2302
[  154594ms] [WARNING] Ignoring Event: localhost @ http://localhost:3000/_next/static/chunks/f12ff_next_dist_95687940._.js:2302
[  154693ms] [INFO] Starting from the next major version, InstantSearch will not clean up the URL from active refinements when it is disposed.

We recommend setting `cleanUrlOnDispose` to false to adopt this change today.
To stay with the current behaviour and remove this warning, set the option to true.

See documentation: https://www.algolia.com/doc/api-reference/widgets/history-router/js/#widget-param-cleanurlondispose @ http://localhost:3000/_next/static/chunks/f12ff_next_dist_95687940._.js:2302
[  154695ms] [WARNING] [react-instantsearch-nextjs] InstantSearchNext relies on experimental APIs and may break in the future.
This message will only be displayed in development mode. @ http://localhost:3000/_next/static/chunks/f12ff_next_dist_95687940._.js:2302
[  154751ms] [INFO] Starting from the next major version, InstantSearch will not clean up the URL from active refinements when it is disposed.

We recommend setting `cleanUrlOnDispose` to false to adopt this change today.
To stay with the current behaviour and remove this warning, set the option to true.

See documentation: https://www.algolia.com/doc/api-reference/widgets/history-router/js/#widget-param-cleanurlondispose @ http://localhost:3000/_next/static/chunks/f12ff_next_dist_95687940._.js:2302
[  154759ms] [INFO] Starting from the next major version, InstantSearch will not clean up the URL from active refinements when it is disposed.

We recommend setting `cleanUrlOnDispose` to false to adopt this change today.
To stay with the current behaviour and remove this warning, set the option to true.

See documentation: https://www.algolia.com/doc/api-reference/widgets/history-router/js/#widget-param-cleanurlondispose @ http://localhost:3000/_next/static/chunks/f12ff_next_dist_95687940._.js:2302
[  156127ms] [ERROR] Failed to load resource: the server responded with a status of 403 (Forbidden) @ https://jwepepsgj5-dsn.algolia.net/1/indexes/*/queries?x-algolia-agent=Algolia%20for%20JavaScript%20(5.46.2)%3B%20Search%20(5.46.2)%3B%20Browser%3B%20instantsearch.js%20(4.85.2)%3B%20react%20(19.3.0-canary-f93b9fd4-20251217)%3B%20react-instantsearch%20(7.21.0)%3B%20react-instantsearch-core%20(7.21.0)%3B%20next.js%20(16.1.1)%3B%20JS%20Helper%20(3.26.1)&x-algolia-api-key=46ef813f447af6910eb24aee6f61a537&x-algolia-application-id=JWEPEPSGJ5:0
[  156134ms] [ERROR] Failed to load resource: the server responded with a status of 403 (Forbidden) @ https://jwepepsgj5-dsn.algolia.net/1/indexes/*/queries?x-algolia-agent=Algolia%20for%20JavaScript%20(5.46.2)%3B%20Search%20(5.46.2)%3B%20Browser%3B%20instantsearch.js%20(4.85.2)%3B%20react%20(19.3.0-canary-f93b9fd4-20251217)%3B%20react-instantsearch%20(7.21.0)%3B%20react-instantsearch-core%20(7.21.0)%3B%20next.js%20(16.1.1)%3B%20JS%20Helper%20(3.26.1)&x-algolia-api-key=46ef813f447af6910eb24aee6f61a537&x-algolia-application-id=JWEPEPSGJ5:0
[  156169ms] ApiError: Invalid Application-ID or API key
    at deserializeFailure (http://localhost:3000/_next/static/chunks/node_modules__pnpm_7b2f9b07._.js:4018:16)
    at retry (http://localhost:3000/_next/static/chunks/node_modules__pnpm_7b2f9b07._.js:4144:19)
[  156169ms] ApiError: Invalid Application-ID or API key
    at deserializeFailure (http://localhost:3000/_next/static/chunks/node_modules__pnpm_7b2f9b07._.js:4018:16)
    at retry (http://localhost:3000/_next/static/chunks/node_modules__pnpm_7b2f9b07._.js:4144:19)
[  156212ms] [ERROR] Failed to load resource: the server responded with a status of 403 (Forbidden) @ https://jwepepsgj5-dsn.algolia.net/1/indexes/*/queries?x-algolia-agent=Algolia%20for%20JavaScript%20(5.46.2)%3B%20Search%20(5.46.2)%3B%20Browser%3B%20instantsearch.js%20(4.85.2)%3B%20react%20(19.3.0-canary-f93b9fd4-20251217)%3B%20react-instantsearch%20(7.21.0)%3B%20react-instantsearch-core%20(7.21.0)%3B%20next.js%20(16.1.1)%3B%20JS%20Helper%20(3.26.1)&x-algolia-api-key=46ef813f447af6910eb24aee6f61a537&x-algolia-application-id=JWEPEPSGJ5:0
[  156213ms] ApiError: Invalid Application-ID or API key
    at deserializeFailure (http://localhost:3000/_next/static/chunks/node_modules__pnpm_7b2f9b07._.js:4018:16)
    at retry (http://localhost:3000/_next/static/chunks/node_modules__pnpm_7b2f9b07._.js:4144:19)
[  157007ms] [LOG] [Fast Refresh] done in 2663ms @ http://localhost:3000/_next/static/chunks/f12ff_next_dist_95687940._.js:2302
[  188103ms] [LOG] [Fast Refresh] rebuilding @ http://localhost:3000/_next/static/chunks/f12ff_next_dist_95687940._.js:2302
[  191103ms] [LOG] [Fast Refresh] done in 3109ms @ http://localhost:3000/_next/static/chunks/f12ff_next_dist_95687940._.js:2302
[  682830ms] [LOG] [Fast Refresh] rebuilding @ http://localhost:3000/_next/static/chunks/f12ff_next_dist_95687940._.js:2302
[  685097ms] [LOG] [Fast Refresh] done in 2391ms @ http://localhost:3000/_next/static/chunks/f12ff_next_dist_95687940._.js:2302
[ 2174761ms] [LOG] [Fast Refresh] rebuilding @ http://localhost:3000/_next/static/chunks/f12ff_next_dist_95687940._.js:2302
[ 2177715ms] [LOG] [Fast Refresh] done in 3077ms @ http://localhost:3000/_next/static/chunks/f12ff_next_dist_95687940._.js:2302
[ 2198067ms] [LOG] [Fast Refresh] rebuilding @ http://localhost:3000/_next/static/chunks/f12ff_next_dist_95687940._.js:2302
[ 2198170ms] [LOG] [Fast Refresh] done in 207ms @ http://localhost:3000/_next/static/chunks/f12ff_next_dist_95687940._.js:2302
[ 2213941ms] [LOG] [Fast Refresh] rebuilding @ http://localhost:3000/_next/static/chunks/f12ff_next_dist_95687940._.js:2302
[ 2213974ms] [LOG] [Fast Refresh] done in 134ms @ http://localhost:3000/_next/static/chunks/f12ff_next_dist_95687940._.js:2302
[ 2233521ms] [LOG] [Fast Refresh] rebuilding @ http://localhost:3000/_next/static/chunks/f12ff_next_dist_95687940._.js:2302
[ 2233535ms] [LOG] [Fast Refresh] done in 117ms @ http://localhost:3000/_next/static/chunks/f12ff_next_dist_95687940._.js:2302
[ 2258217ms] [LOG] [Fast Refresh] rebuilding @ http://localhost:3000/_next/static/chunks/f12ff_next_dist_95687940._.js:2302
[ 2258262ms] [LOG] [Fast Refresh] done in 146ms @ http://localhost:3000/_next/static/chunks/f12ff_next_dist_95687940._.js:2302
[ 2320945ms] [LOG] [Fast Refresh] rebuilding @ http://localhost:3000/_next/static/chunks/f12ff_next_dist_95687940._.js:2302
[ 2321057ms] [LOG] [Fast Refresh] done in 219ms @ http://localhost:3000/_next/static/chunks/f12ff_next_dist_95687940._.js:2302
[ 2334269ms] [LOG] [Fast Refresh] rebuilding @ http://localhost:3000/_next/static/chunks/f12ff_next_dist_95687940._.js:2302
[ 2334331ms] [LOG] [Fast Refresh] done in 170ms @ http://localhost:3000/_next/static/chunks/f12ff_next_dist_95687940._.js:2302
[ 2349298ms] [LOG] [Fast Refresh] rebuilding @ http://localhost:3000/_next/static/chunks/f12ff_next_dist_95687940._.js:2302
[ 2349368ms] [LOG] [Fast Refresh] done in 172ms @ http://localhost:3000/_next/static/chunks/f12ff_next_dist_95687940._.js:2302
[ 2349471ms] [LOG] [Fast Refresh] rebuilding @ http://localhost:3000/_next/static/chunks/f12ff_next_dist_95687940._.js:2302
[ 2353314ms] [LOG] [Fast Refresh] done in 3654ms @ http://localhost:3000/_next/static/chunks/f12ff_next_dist_95687940._.js:2302
[ 2354422ms] [LOG] [Fast Refresh] rebuilding @ http://localhost:3000/_next/static/chunks/f12ff_next_dist_95687940._.js:2302
[ 2375985ms] [LOG] [Fast Refresh] done in 21595ms @ http://localhost:3000/_next/static/chunks/f12ff_next_dist_95687940._.js:2302
[ 2388381ms] [LOG] [Client Instrumentation Hook] Slow execution detected: 26ms (Note: Code download overhead is not included in this measurement) @ http://localhost:3000/_next/static/chunks/f12ff_next_dist_95687940._.js:1530
[ 2388457ms] [INFO] %cDownload the React DevTools for a better development experience: https://react.dev/link/react-devtools font-weight:bold @ http://localhost:3000/_next/static/chunks/f12ff_next_dist_95687940._.js:2302
[ 2389563ms] [LOG] [HMR] connected @ http://localhost:3000/_next/static/chunks/f12ff_next_dist_95687940._.js:2302
[ 2389743ms] [WARNING] Clerk: Clerk has been loaded with development keys. Development instances have strict usage limits and should not be used when deploying your application to production. Learn more: https://clerk.com/docs/deployments/overview @ http://localhost:3000/_next/static/chunks/f12ff_next_dist_95687940._.js:2302
[ 2389839ms] [LOG] [Fast Refresh] rebuilding @ http://localhost:3000/_next/static/chunks/f12ff_next_dist_95687940._.js:2302
[ 2390102ms] [LOG] [Fast Refresh] done in 390ms @ http://localhost:3000/_next/static/chunks/f12ff_next_dist_95687940._.js:2302
[ 2390226ms] [ERROR] %o

%s ReferenceError: SearchInterface is not defined
    at SearchPage (about://React/Server/file:///Users/amitlockshinski/WebstormProjects/turbo2/.next/dev/server/chunks/ssr/%5Broot-of-the-server%5D__1682539e._.js?24:298:480)
    at resolveErrorDev (http://localhost:3000/_next/static/chunks/f12ff_next_dist_compiled_react-server-dom-turbopack_6272b205._.js:1881:148)
    at processFullStringRow (http://localhost:3000/_next/static/chunks/f12ff_next_dist_compiled_react-server-dom-turbopack_6272b205._.js:2389:29)
    at processFullBinaryRow (http://localhost:3000/_next/static/chunks/f12ff_next_dist_compiled_react-server-dom-turbopack_6272b205._.js:2348:9)
    at processBinaryChunk (http://localhost:3000/_next/static/chunks/f12ff_next_dist_compiled_react-server-dom-turbopack_6272b205._.js:2457:221)
    at progress (http://localhost:3000/_next/static/chunks/f12ff_next_dist_compiled_react-server-dom-turbopack_6272b205._.js:2625:13) The above error occurred in the <SearchPage> component. It was handled by the <ErrorBoundaryHandler> error boundary. @ http://localhost:3000/_next/static/chunks/f12ff_next_dist_client_d93c57ad._.js:1342
[ 2390234ms] [ERROR] ReferenceError: SearchInterface is not defined
    at SearchPage (about://React/Server/file:///Users/amitlockshinski/WebstormProjects/turbo2/.next/dev/server/chunks/ssr/%5Broot-of-the-server%5D__1682539e._.js?24:298:480)
    at resolveErrorDev (http://localhost:3000/_next/static/chunks/f12ff_next_dist_compiled_react-server-dom-turbopack_6272b205._.js:1881:148)
    at processFullStringRow (http://localhost:3000/_next/static/chunks/f12ff_next_dist_compiled_react-server-dom-turbopack_6272b205._.js:2389:29)
    at processFullBinaryRow (http://localhost:3000/_next/static/chunks/f12ff_next_dist_compiled_react-server-dom-turbopack_6272b205._.js:2348:9)
    at processBinaryChunk (http://localhost:3000/_next/static/chunks/f12ff_next_dist_compiled_react-server-dom-turbopack_6272b205._.js:2457:221)
    at progress (http://localhost:3000/_next/static/chunks/f12ff_next_dist_compiled_react-server-dom-turbopack_6272b205._.js:2625:13) @ http://localhost:3000/_next/static/chunks/f12ff_next_dist_95687940._.js:3132
[ 2390236ms] [ERROR] ReferenceError: SearchInterface is not defined
    at SearchPage (about://React/Server/file:///Users/amitlockshinski/WebstormProjects/turbo2/.next/dev/server/chunks/ssr/%5Broot-of-the-server%5D__1682539e._.js?24:298:480)
    at resolveErrorDev (http://localhost:3000/_next/static/chunks/f12ff_next_dist_compiled_react-server-dom-turbopack_6272b205._.js:1881:148)
    at processFullStringRow (http://localhost:3000/_next/static/chunks/f12ff_next_dist_compiled_react-server-dom-turbopack_6272b205._.js:2389:29)
    at processFullBinaryRow (http://localhost:3000/_next/static/chunks/f12ff_next_dist_compiled_react-server-dom-turbopack_6272b205._.js:2348:9)
    at processBinaryChunk (http://localhost:3000/_next/static/chunks/f12ff_next_dist_compiled_react-server-dom-turbopack_6272b205._.js:2457:221)
    at progress (http://localhost:3000/_next/static/chunks/f12ff_next_dist_compiled_react-server-dom-turbopack_6272b205._.js:2625:13) @ http://localhost:3000/_next/static/chunks/f12ff_next_dist_95687940._.js:3132
[ 2390243ms] [WARNING] Ignoring Event: localhost @ http://localhost:3000/_next/static/chunks/f12ff_next_dist_95687940._.js:2302
[ 2390350ms] [INFO] Sanity is live with automatic revalidation of published content @ http://localhost:3000/_next/static/chunks/f12ff_next_dist_95687940._.js:2302
[ 2390351ms] [LOG] [Fast Refresh] rebuilding @ http://localhost:3000/_next/static/chunks/f12ff_next_dist_95687940._.js:2302
[ 2390518ms] [LOG] [Fast Refresh] done in 273ms @ http://localhost:3000/_next/static/chunks/f12ff_next_dist_95687940._.js:2302
[ 2390720ms] [LOG] [Fast Refresh] rebuilding @ http://localhost:3000/_next/static/chunks/f12ff_next_dist_95687940._.js:2302
[ 2404499ms] [LOG] [Fast Refresh] done in 13880ms @ http://localhost:3000/_next/static/chunks/f12ff_next_dist_95687940._.js:2302
[ 2404795ms] Error: Rendered more hooks than during the previous render.
    at updateWorkInProgressHook (http://localhost:3000/_next/static/chunks/f12ff_next_dist_compiled_react-dom_7b2f6d3d._.js:4765:23)
    at updateMemo (http://localhost:3000/_next/static/chunks/f12ff_next_dist_compiled_react-dom_7b2f6d3d._.js:5440:20)
    at Object.useMemo (http://localhost:3000/_next/static/chunks/f12ff_next_dist_compiled_react-dom_7b2f6d3d._.js:15255:24)
    at exports.useMemo (http://localhost:3000/_next/static/chunks/f12ff_next_dist_compiled_cd863794._.js:1742:36)
    at Router (http://localhost:3000/_next/static/chunks/f12ff_next_dist_client_d93c57ad._.js:11908:59)
    at Object.react_stack_bottom_frame (http://localhost:3000/_next/static/chunks/f12ff_next_dist_compiled_react-dom_7b2f6d3d._.js:14826:24)
    at renderWithHooks (http://localhost:3000/_next/static/chunks/f12ff_next_dist_compiled_react-dom_7b2f6d3d._.js:4651:24)
    at updateFunctionComponent (http://localhost:3000/_next/static/chunks/f12ff_next_dist_compiled_react-dom_7b2f6d3d._.js:6112:21)
    at beginWork (http://localhost:3000/_next/static/chunks/f12ff_next_dist_compiled_react-dom_7b2f6d3d._.js:6708:24)
    at runWithFiberInDEV (http://localhost:3000/_next/static/chunks/f12ff_next_dist_compiled_react-dom_7b2f6d3d._.js:965:74)
    at performUnitOfWork (http://localhost:3000/_next/static/chunks/f12ff_next_dist_compiled_react-dom_7b2f6d3d._.js:9562:97)
    at workLoopSync (http://localhost:3000/_next/static/chunks/f12ff_next_dist_compiled_react-dom_7b2f6d3d._.js:9456:40)
    at renderRootSync (http://localhost:3000/_next/static/chunks/f12ff_next_dist_compiled_react-dom_7b2f6d3d._.js:9440:13)
    at performWorkOnRoot (http://localhost:3000/_next/static/chunks/f12ff_next_dist_compiled_react-dom_7b2f6d3d._.js:9105:47)
    at performWorkOnRootViaSchedulerTask (http://localhost:3000/_next/static/chunks/f12ff_next_dist_compiled_react-dom_7b2f6d3d._.js:10230:9)
    at MessagePort.performWorkUntilDeadline (http://localhost:3000/_next/static/chunks/f12ff_next_dist_compiled_cd863794._.js:2647:64)
[ 2404972ms] [LOG] [Fast Refresh] rebuilding @ http://localhost:3000/_next/static/chunks/f12ff_next_dist_95687940._.js:2302
[ 2408871ms] [LOG] [Fast Refresh] done in 4000ms @ http://localhost:3000/_next/static/chunks/f12ff_next_dist_95687940._.js:2302
[ 2409062ms] [LOG] [Fast Refresh] rebuilding @ http://localhost:3000/_next/static/chunks/f12ff_next_dist_95687940._.js:2302
[ 2410660ms] [LOG] [Fast Refresh] done in 1699ms @ http://localhost:3000/_next/static/chunks/f12ff_next_dist_95687940._.js:2302
[ 2411519ms] [LOG] [Fast Refresh] rebuilding @ http://localhost:3000/_next/static/chunks/f12ff_next_dist_95687940._.js:2302
[ 2411582ms] [WARNING] Missing Algolia environment variables: ALGOLIA_API_KEY @ http://localhost:3000/_next/static/chunks/f12ff_next_dist_95687940._.js:2302
[ 2411582ms] [WARNING] Algolia admin client not available - missing credentials @ http://localhost:3000/_next/static/chunks/f12ff_next_dist_95687940._.js:2302
[ 2411582ms] [LOG] ✅ Algolia search client initialized successfully @ http://localhost:3000/_next/static/chunks/f12ff_next_dist_95687940._.js:2302
[ 2411853ms] [LOG] [Fast Refresh] done in 560ms @ http://localhost:3000/_next/static/chunks/f12ff_next_dist_95687940._.js:2302
[ 2423687ms] [LOG] [Fast Refresh] rebuilding @ http://localhost:3000/_next/static/chunks/f12ff_next_dist_95687940._.js:2302
[ 2424902ms] [LOG] [Fast Refresh] done in 1329ms @ http://localhost:3000/_next/static/chunks/f12ff_next_dist_95687940._.js:2302
[ 2425733ms] [LOG] [Fast Refresh] rebuilding @ http://localhost:3000/_next/static/chunks/f12ff_next_dist_95687940._.js:2302
[ 2429876ms] [LOG] [Fast Refresh] done in 4393ms @ http://localhost:3000/_next/static/chunks/f12ff_next_dist_95687940._.js:2302
[ 2449448ms] [INFO] %cDownload the React DevTools for a better development experience: https://react.dev/link/react-devtools font-weight:bold @ http://localhost:3000/_next/static/chunks/f12ff_next_dist_95687940._.js:2302
[ 2450981ms] [LOG] [HMR] connected @ http://localhost:3000/_next/static/chunks/f12ff_next_dist_95687940._.js:2302
[ 2451459ms] [WARNING] Clerk: Clerk has been loaded with development keys. Development instances have strict usage limits and should not be used when deploying your application to production. Learn more: https://clerk.com/docs/deployments/overview @ http://localhost:3000/_next/static/chunks/f12ff_next_dist_95687940._.js:2302
[ 2451578ms] [LOG] [Fast Refresh] rebuilding @ http://localhost:3000/_next/static/chunks/f12ff_next_dist_95687940._.js:2302
[ 2452095ms] [WARNING] Missing Algolia environment variables: ALGOLIA_API_KEY @ http://localhost:3000/_next/static/chunks/f12ff_next_dist_95687940._.js:2302
[ 2452095ms] [WARNING] Algolia admin client not available - missing credentials @ http://localhost:3000/_next/static/chunks/f12ff_next_dist_95687940._.js:2302
[ 2452096ms] [LOG] ✅ Algolia search client initialized successfully @ http://localhost:3000/_next/static/chunks/f12ff_next_dist_95687940._.js:2302
[ 2452136ms] [WARNING] [react-instantsearch-nextjs] InstantSearchNext relies on experimental APIs and may break in the future.
This message will only be displayed in development mode. @ http://localhost:3000/_next/static/chunks/f12ff_next_dist_95687940._.js:2302
[ 2452475ms] [INFO] Sanity is live with automatic revalidation of published content @ http://localhost:3000/_next/static/chunks/f12ff_next_dist_95687940._.js:2302
[ 2452840ms] [WARNING] Ignoring Event: localhost @ http://localhost:3000/_next/static/chunks/f12ff_next_dist_95687940._.js:2302
[ 2479217ms] [LOG] [Fast Refresh] done in 27769ms @ http://localhost:3000/_next/static/chunks/f12ff_next_dist_95687940._.js:2302
[ 2486939ms] [LOG] [Fast Refresh] rebuilding @ http://localhost:3000/_next/static/chunks/f12ff_next_dist_95687940._.js:2302
[ 2514056ms] [LOG] [Fast Refresh] done in 340ms @ http://localhost:3000/_next/static/chunks/f12ff_next_dist_95687940._.js:2302
[ 2515936ms] [LOG] [Fast Refresh] rebuilding @ http://localhost:3000/_next/static/chunks/f12ff_next_dist_95687940._.js:2302
[ 2516169ms] [LOG] [Fast Refresh] done in 831ms @ http://localhost:3000/_next/static/chunks/f12ff_next_dist_95687940._.js:2302
[ 2517577ms] [LOG] [Fast Refresh] rebuilding @ http://localhost:3000/_next/static/chunks/f12ff_next_dist_95687940._.js:2302
[ 2517588ms] [LOG] [Fast Refresh] done in 111ms @ http://localhost:3000/_next/static/chunks/f12ff_next_dist_95687940._.js:2302
[ 2517699ms] [LOG] [Fast Refresh] rebuilding @ http://localhost:3000/_next/static/chunks/f12ff_next_dist_95687940._.js:2302
[ 2517815ms] [LOG] [Fast Refresh] done in 218ms @ http://localhost:3000/_next/static/chunks/f12ff_next_dist_95687940._.js:2302
[ 2518427ms] [LOG] [Fast Refresh] rebuilding @ http://localhost:3000/_next/static/chunks/f12ff_next_dist_95687940._.js:2302
[ 2518693ms] [LOG] [Fast Refresh] done in 368ms @ http://localhost:3000/_next/static/chunks/f12ff_next_dist_95687940._.js:2302
[ 2518817ms] [LOG] [Fast Refresh] rebuilding @ http://localhost:3000/_next/static/chunks/f12ff_next_dist_95687940._.js:2302
[ 2518921ms] [LOG] [Fast Refresh] done in 205ms @ http://localhost:3000/_next/static/chunks/f12ff_next_dist_95687940._.js:2302
[ 2535379ms] [LOG] [Fast Refresh] rebuilding @ http://localhost:3000/_next/static/chunks/f12ff_next_dist_95687940._.js:2302
[ 2538887ms] [LOG] [Fast Refresh] done in 3547ms @ http://localhost:3000/_next/static/chunks/f12ff_next_dist_95687940._.js:2302
[ 2555261ms] [WARNING] Image with src "/connecting-climate-minds-logo-white.png" was detected as the Largest Contentful Paint (LCP). Please add the `loading="eager"` property if this image is above the fold.
Read more: https://nextjs.org/docs/app/api-reference/components/image#loading @ http://localhost:3000/_next/static/chunks/f12ff_next_dist_95687940._.js:2302
[ 2555312ms] [LOG] [Fast Refresh] rebuilding @ http://localhost:3000/_next/static/chunks/f12ff_next_dist_95687940._.js:2302
[ 2555456ms] [LOG] [Fast Refresh] done in 246ms @ http://localhost:3000/_next/static/chunks/f12ff_next_dist_95687940._.js:2302
