[     815ms] [LOG] [Fast Refresh] rebuilding @ http://localhost:3000/_next/static/chunks/f12ff_next_dist_95687940._.js:2302
[   18856ms] [LOG] [Fast Refresh] done in 18142ms @ http://localhost:3000/_next/static/chunks/f12ff_next_dist_95687940._.js:2302
[   25170ms] [ERROR] Failed to load resource: net::ERR_EMPTY_RESPONSE @ http://localhost:3000/_next/static/chunks/f12ff_next_dist_compiled_next-devtools_index_737f3f2d.js:0
[   25170ms] [ERROR] Failed to load resource: net::ERR_EMPTY_RESPONSE @ http://localhost:3000/_next/static/chunks/f12ff_next_dist_compiled_react-server-dom-turbopack_6272b205._.js:0
[   25170ms] [ERROR] Failed to load resource: net::ERR_EMPTY_RESPONSE @ http://localhost:3000/_next/static/chunks/f12ff_next_dist_compiled_react-dom_7b2f6d3d._.js:0
[   25172ms] [ERROR] Failed to load resource: net::ERR_INCOMPLETE_CHUNKED_ENCODING @ http://localhost:3000/en/collaborate:0
[   25176ms] [ERROR] Failed to load resource: net::ERR_CONNECTION_REFUSED @ http://localhost:3000/_next/static/chunks/%5Broot-of-the-server%5D__71366bca._.css:0
[   25176ms] [ERROR] Failed to load resource: net::ERR_CONNECTION_REFUSED @ http://localhost:3000/_next/static/chunks/f12ff_next_dist_client_d93c57ad._.js:0
[   25176ms] [ERROR] Failed to load resource: net::ERR_CONNECTION_REFUSED @ http://localhost:3000/_next/static/chunks/f12ff_next_dist_compiled_cd863794._.js:0
[   25176ms] [ERROR] Failed to load resource: net::ERR_CONNECTION_REFUSED @ http://localhost:3000/_next/static/chunks/f12ff_next_dist_95687940._.js:0
[   25176ms] [ERROR] Failed to load resource: net::ERR_CONNECTION_REFUSED @ http://localhost:3000/_next/static/chunks/77e04_%40sentry_core_build_esm_2b95c629._.js:0
[   25176ms] [ERROR] Failed to load resource: net::ERR_CONNECTION_REFUSED @ http://localhost:3000/_next/static/chunks/ee32e_%40sentry_browser-utils_build_esm_b44a6bae._.js:0
[   25176ms] [ERROR] Failed to load resource: net::ERR_CONNECTION_REFUSED @ http://localhost:3000/_next/static/chunks/node_modules__pnpm_5de52fc6._.js:0
[   25176ms] [ERROR] Failed to load resource: net::ERR_CONNECTION_REFUSED @ http://localhost:3000/_next/static/chunks/instrumentation-client_ts_15a74a80._.js:0
[   25176ms] [ERROR] Failed to load resource: net::ERR_CONNECTION_REFUSED @ http://localhost:3000/_next/static/chunks/_a0ff3932._.js:0
[   25176ms] [ERROR] Failed to load resource: net::ERR_CONNECTION_REFUSED @ http://localhost:3000/_next/static/chunks/turbopack-_734dda52._.js:0
[   25176ms] [ERROR] Failed to load resource: net::ERR_CONNECTION_REFUSED @ http://localhost:3000/_next/static/chunks/f12ff_next_dist_70a79f7c._.js:0
[   25176ms] [ERROR] Failed to load resource: net::ERR_CONNECTION_REFUSED @ http://localhost:3000/_next/static/chunks/app_global-error_tsx_29b32c6b._.js:0
[   25177ms] [ERROR] Failed to load resource: net::ERR_CONNECTION_REFUSED @ http://localhost:3000/_next/static/chunks/app_global-error_tsx_3d161551._.js:0
[   25177ms] [ERROR] Failed to load resource: net::ERR_CONNECTION_REFUSED @ http://localhost:3000/_next/static/chunks/39c48_%40clerk_nextjs_dist_esm_app-router_90ddb113._.js:0
[   25177ms] [ERROR] Failed to load resource: net::ERR_CONNECTION_REFUSED @ http://localhost:3000/_next/static/chunks/_46c9aa62._.js:0
[   25177ms] [ERROR] Failed to load resource: net::ERR_CONNECTION_REFUSED @ http://localhost:3000/_next/static/chunks/ecbfe_%40clerk_shared_dist_runtime_44dd319f._.js:0
[   25177ms] [ERROR] Failed to load resource: net::ERR_CONNECTION_REFUSED @ http://localhost:3000/_next/static/chunks/f9359_swr_dist_f25ba00f._.js:0
[   25177ms] [ERROR] Failed to load resource: net::ERR_CONNECTION_REFUSED @ http://localhost:3000/_next/static/chunks/522ae_%40clerk_clerk-react_dist_1f92c8ab._.js:0
[   25177ms] [ERROR] Failed to load resource: net::ERR_CONNECTION_REFUSED @ http://localhost:3000/_next/static/chunks/39c48_%40clerk_nextjs_dist_esm_2569832b._.js:0
[   25177ms] [ERROR] Failed to load resource: net::ERR_CONNECTION_REFUSED @ http://localhost:3000/_next/static/chunks/a94f9_tailwind-merge_dist_bundle-mjs_mjs_f110c13e._.js:0
[   25177ms] [ERROR] Failed to load resource: net::ERR_CONNECTION_REFUSED @ http://localhost:3000/_next/static/chunks/node_modules__pnpm_a92eadf3._.js:0
[   25177ms] [ERROR] Failed to load resource: net::ERR_CONNECTION_REFUSED @ http://localhost:3000/_next/static/chunks/app_%5Blocale%5D_layout_tsx_3d161551._.js:0
[   25177ms] [ERROR] Failed to load resource: net::ERR_CONNECTION_REFUSED @ http://localhost:3000/_next/static/chunks/node_modules__pnpm_ddf89ace._.js:0
[   25177ms] [ERROR] Failed to load resource: net::ERR_CONNECTION_REFUSED @ http://localhost:3000/_next/static/chunks/_c455a8f2._.js:0
[   25177ms] [ERROR] Failed to load resource: net::ERR_CONNECTION_REFUSED @ http://localhost:3000/_next/static/chunks/f12ff_next_a76c912b._.js:0
[   25177ms] [ERROR] Failed to load resource: net::ERR_CONNECTION_REFUSED @ http://localhost:3000/_next/static/chunks/70266_swr_dist_ab3062ce._.js:0
[   25177ms] [ERROR] Failed to load resource: net::ERR_CONNECTION_REFUSED @ http://localhost:3000/_next/static/chunks/cea30_%40sanity_client_dist_07a1600a._.js:0
[   25177ms] [ERROR] Failed to load resource: net::ERR_CONNECTION_REFUSED @ http://localhost:3000/_next/static/chunks/9e564_xstate_42e063f9._.js:0
[   25177ms] [ERROR] Failed to load resource: net::ERR_CONNECTION_REFUSED @ http://localhost:3000/_next/static/chunks/7316e_rxjs_dist_esm5_internal_03d8bf2a._.js:0
[   25177ms] [ERROR] Failed to load resource: net::ERR_CONNECTION_REFUSED @ http://localhost:3000/_next/static/chunks/6fc77_valibot_dist_index_mjs_c7087cc7._.js:0
[   25185ms] [ERROR] Failed to load resource: net::ERR_CONNECTION_REFUSED @ http://localhost:3000/_next/static/chunks/node_modules__pnpm_0809a00a._.js:0
[   25185ms] [ERROR] Failed to load resource: net::ERR_CONNECTION_REFUSED @ http://localhost:3000/_next/static/chunks/app_%5Blocale%5D_(main)_layout_tsx_00417f87._.js:0
[   25185ms] [ERROR] Failed to load resource: net::ERR_CONNECTION_REFUSED @ http://localhost:3000/_next/static/chunks/app_%5Blocale%5D_(main)_error_tsx_7b6091bd._.js:0
[   25185ms] [ERROR] Failed to load resource: net::ERR_CONNECTION_REFUSED @ http://localhost:3000/_next/static/chunks/app_%5Blocale%5D_(main)_error_tsx_ac902abb._.js:0
[   25185ms] [ERROR] Failed to load resource: net::ERR_CONNECTION_REFUSED @ http://localhost:3000/_next/static/chunks/components_404_tsx_0c505ecd._.js:0
[   25185ms] [ERROR] Failed to load resource: net::ERR_CONNECTION_REFUSED @ http://localhost:3000/_next/static/chunks/app_%5Blocale%5D_(main)_not-found_tsx_ac902abb._.js:0
[   25185ms] [ERROR] Failed to load resource: net::ERR_CONNECTION_REFUSED @ http://localhost:3000/_next/static/chunks/_f9a4d1c7._.js:0
[   25185ms] [ERROR] Failed to load resource: net::ERR_CONNECTION_REFUSED @ http://localhost:3000/_next/static/chunks/da39b_lucide-react_dist_esm_icons_fc087d0d._.js:0
[   25185ms] [ERROR] Failed to load resource: net::ERR_CONNECTION_REFUSED @ http://localhost:3000/_next/static/chunks/app_%5Blocale%5D_(main)_collaborate_page_tsx_ac902abb._.js:0
