[     229ms] [LOG] [Fast Refresh] rebuilding @ http://localhost:3000/_next/static/chunks/f12ff_next_dist_95687940._.js:2302
[     251ms] [LOG] [Fast Refresh] done in 124ms @ http://localhost:3000/_next/static/chunks/f12ff_next_dist_95687940._.js:2302
[    1652ms] [INFO] %cDownload the React DevTools for a better development experience: https://react.dev/link/react-devtools font-weight:bold @ http://localhost:3000/_next/static/chunks/f12ff_next_dist_95687940._.js:2302
[    1792ms] [LOG] [HMR] connected @ http://localhost:3000/_next/static/chunks/f12ff_next_dist_95687940._.js:2302
[    1828ms] [WARNING] Missing Algolia environment variables: ALGOLIA_API_KEY @ http://localhost:3000/_next/static/chunks/f12ff_next_dist_95687940._.js:2302
[    1828ms] [WARNING] Algolia admin client not available - missing credentials @ http://localhost:3000/_next/static/chunks/f12ff_next_dist_95687940._.js:2302
[    1828ms] [LOG] ✅ Algolia search client initialized successfully @ http://localhost:3000/_next/static/chunks/f12ff_next_dist_95687940._.js:2302
[    1963ms] [WARNING] Ignoring Event: localhost @ http://localhost:3000/_next/static/chunks/f12ff_next_dist_95687940._.js:2302
[    2008ms] [WARNING] Clerk: Clerk has been loaded with development keys. Development instances have strict usage limits and should not be used when deploying your application to production. Learn more: https://clerk.com/docs/deployments/overview @ http://localhost:3000/_next/static/chunks/f12ff_next_dist_95687940._.js:2302
[    2067ms] [INFO] Sanity is live with automatic revalidation of published content @ http://localhost:3000/_next/static/chunks/f12ff_next_dist_95687940._.js:2302
[   62695ms] [LOG] [Fast Refresh] rebuilding @ http://localhost:3000/_next/static/chunks/f12ff_next_dist_95687940._.js:2302
[   62729ms] [LOG] [Fast Refresh] done in 139ms @ http://localhost:3000/_next/static/chunks/f12ff_next_dist_95687940._.js:2302
[  134917ms] [LOG] [Fast Refresh] rebuilding @ http://localhost:3000/_next/static/chunks/f12ff_next_dist_95687940._.js:2302
[  136693ms] [LOG] [Fast Refresh] done in 1562ms @ http://localhost:3000/_next/static/chunks/f12ff_next_dist_95687940._.js:2302
[  136802ms] [LOG] [Fast Refresh] rebuilding @ http://localhost:3000/_next/static/chunks/f12ff_next_dist_95687940._.js:2302
[  136946ms] [LOG] [Fast Refresh] done in 247ms @ http://localhost:3000/_next/static/chunks/f12ff_next_dist_95687940._.js:2302
[  154813ms] [LOG] [Fast Refresh] rebuilding @ http://localhost:3000/_next/static/chunks/f12ff_next_dist_95687940._.js:2302
[  156459ms] [LOG] [Fast Refresh] done in 1590ms @ http://localhost:3000/_next/static/chunks/f12ff_next_dist_95687940._.js:2302
[  156612ms] [LOG] [Fast Refresh] rebuilding @ http://localhost:3000/_next/static/chunks/f12ff_next_dist_95687940._.js:2302
[  156707ms] [LOG] [Fast Refresh] done in 210ms @ http://localhost:3000/_next/static/chunks/f12ff_next_dist_95687940._.js:2302
[  231457ms] [LOG] [Fast Refresh] rebuilding @ http://localhost:3000/_next/static/chunks/f12ff_next_dist_95687940._.js:2302
[  231602ms] [LOG] [Fast Refresh] done in 248ms @ http://localhost:3000/_next/static/chunks/f12ff_next_dist_95687940._.js:2302
[  279919ms] [LOG] [Fast Refresh] rebuilding @ http://localhost:3000/_next/static/chunks/f12ff_next_dist_95687940._.js:2302
[  280061ms] [LOG] [Fast Refresh] done in 245ms @ http://localhost:3000/_next/static/chunks/f12ff_next_dist_95687940._.js:2302
[  338509ms] [LOG] [Fast Refresh] rebuilding @ http://localhost:3000/_next/static/chunks/f12ff_next_dist_95687940._.js:2302
[  338749ms] [LOG] [Fast Refresh] done in 341ms @ http://localhost:3000/_next/static/chunks/f12ff_next_dist_95687940._.js:2302
[  396178ms] [LOG] [Fast Refresh] rebuilding @ http://localhost:3000/_next/static/chunks/f12ff_next_dist_95687940._.js:2302
[  396305ms] [LOG] [Fast Refresh] done in 227ms @ http://localhost:3000/_next/static/chunks/f12ff_next_dist_95687940._.js:2302
[  416442ms] [LOG] [Fast Refresh] rebuilding @ http://localhost:3000/_next/static/chunks/f12ff_next_dist_95687940._.js:2302
[  416495ms] [LOG] [Fast Refresh] done in 155ms @ http://localhost:3000/_next/static/chunks/f12ff_next_dist_95687940._.js:2302
[  464271ms] [LOG] [Fast Refresh] rebuilding @ http://localhost:3000/_next/static/chunks/f12ff_next_dist_95687940._.js:2302
[  464365ms] [LOG] [Fast Refresh] done in 195ms @ http://localhost:3000/_next/static/chunks/f12ff_next_dist_95687940._.js:2302
[  541548ms] [LOG] [Fast Refresh] rebuilding @ http://localhost:3000/_next/static/chunks/f12ff_next_dist_95687940._.js:2302
[  541669ms] [LOG] [Fast Refresh] done in 221ms @ http://localhost:3000/_next/static/chunks/f12ff_next_dist_95687940._.js:2302
