[    1063ms] [LOG] [Fast Refresh] rebuilding @ http://localhost:3000/_next/static/chunks/f12ff_next_dist_95687940._.js:2302
[    5827ms] [LOG] [Fast Refresh] done in 4865ms @ http://localhost:3000/_next/static/chunks/f12ff_next_dist_95687940._.js:2302
[    9375ms] [INFO] %cDownload the React DevTools for a better development experience: https://react.dev/link/react-devtools font-weight:bold @ http://localhost:3000/_next/static/chunks/f12ff_next_dist_95687940._.js:2302
[    9816ms] [LOG] [HMR] connected @ http://localhost:3000/_next/static/chunks/f12ff_next_dist_95687940._.js:2302
[   10001ms] [WARNING] Clerk: Clerk has been loaded with development keys. Development instances have strict usage limits and should not be used when deploying your application to production. Learn more: https://clerk.com/docs/deployments/overview @ http://localhost:3000/_next/static/chunks/f12ff_next_dist_95687940._.js:2302
[   10372ms] [LOG] [Fast Refresh] rebuilding @ http://localhost:3000/_next/static/chunks/f12ff_next_dist_95687940._.js:2302
[   10408ms] [WARNING] Image with src "/connecting-climate-minds-logo-white.png" was detected as the Largest Contentful Paint (LCP). Please add the `loading="eager"` property if this image is above the fold.
Read more: https://nextjs.org/docs/app/api-reference/components/image#loading @ http://localhost:3000/_next/static/chunks/f12ff_next_dist_95687940._.js:2302
[   10879ms] [WARNING] Ignoring Event: localhost @ http://localhost:3000/_next/static/chunks/f12ff_next_dist_95687940._.js:2302
[   10905ms] [INFO] Sanity is live with automatic revalidation of published content @ http://localhost:3000/_next/static/chunks/f12ff_next_dist_95687940._.js:2302
[   11956ms] [LOG] [Fast Refresh] done in 1703ms @ http://localhost:3000/_next/static/chunks/f12ff_next_dist_95687940._.js:2302
[   12106ms] [LOG] [Fast Refresh] rebuilding @ http://localhost:3000/_next/static/chunks/f12ff_next_dist_95687940._.js:2302
[   12233ms] [LOG] [Fast Refresh] done in 228ms @ http://localhost:3000/_next/static/chunks/f12ff_next_dist_95687940._.js:2302
[   24907ms] [LOG] [Fast Refresh] rebuilding @ http://localhost:3000/_next/static/chunks/f12ff_next_dist_95687940._.js:2302
[   25083ms] [LOG] [Fast Refresh] done in 283ms @ http://localhost:3000/_next/static/chunks/f12ff_next_dist_95687940._.js:2302
[  140333ms] [LOG] [Fast Refresh] rebuilding @ http://localhost:3000/_next/static/chunks/f12ff_next_dist_95687940._.js:2302
[  143768ms] [LOG] [Fast Refresh] done in 3516ms @ http://localhost:3000/_next/static/chunks/f12ff_next_dist_95687940._.js:2302
[  183665ms] [LOG] [Fast Refresh] rebuilding @ http://localhost:3000/_next/static/chunks/f12ff_next_dist_95687940._.js:2302
[  185556ms] [LOG] [Fast Refresh] done in 1964ms @ http://localhost:3000/_next/static/chunks/f12ff_next_dist_95687940._.js:2302
[  185720ms] [LOG] [Fast Refresh] rebuilding @ http://localhost:3000/_next/static/chunks/f12ff_next_dist_95687940._.js:2302
[  185785ms] [LOG] [Fast Refresh] done in 166ms @ http://localhost:3000/_next/static/chunks/f12ff_next_dist_95687940._.js:2302
[  204514ms] [LOG] [Fast Refresh] rebuilding @ http://localhost:3000/_next/static/chunks/f12ff_next_dist_95687940._.js:2302
[  204895ms] [LOG] [Fast Refresh] done in 454ms @ http://localhost:3000/_next/static/chunks/f12ff_next_dist_95687940._.js:2302
[  205004ms] [LOG] [Fast Refresh] rebuilding @ http://localhost:3000/_next/static/chunks/f12ff_next_dist_95687940._.js:2302
[  205011ms] [LOG] [Fast Refresh] done in 109ms @ http://localhost:3000/_next/static/chunks/f12ff_next_dist_95687940._.js:2302
[  272936ms] [LOG] [Fast Refresh] rebuilding @ http://localhost:3000/_next/static/chunks/f12ff_next_dist_95687940._.js:2302
[  273135ms] [LOG] [Fast Refresh] done in 325ms @ http://localhost:3000/_next/static/chunks/f12ff_next_dist_95687940._.js:2302
[  273311ms] [LOG] [Fast Refresh] rebuilding @ http://localhost:3000/_next/static/chunks/f12ff_next_dist_95687940._.js:2302
[  275841ms] [LOG] [Fast Refresh] done in 2647ms @ http://localhost:3000/_next/static/chunks/f12ff_next_dist_95687940._.js:2302
[  300456ms] [LOG] [Fast Refresh] rebuilding @ http://localhost:3000/_next/static/chunks/f12ff_next_dist_95687940._.js:2302
[  300619ms] [LOG] [Fast Refresh] done in 248ms @ http://localhost:3000/_next/static/chunks/f12ff_next_dist_95687940._.js:2302
[  300733ms] [LOG] [Fast Refresh] rebuilding @ http://localhost:3000/_next/static/chunks/f12ff_next_dist_95687940._.js:2302
[  301322ms] [LOG] [Fast Refresh] done in 691ms @ http://localhost:3000/_next/static/chunks/f12ff_next_dist_95687940._.js:2302
[  328735ms] [LOG] [Fast Refresh] rebuilding @ http://localhost:3000/_next/static/chunks/f12ff_next_dist_95687940._.js:2302
[  328825ms] [LOG] [Fast Refresh] done in 166ms @ http://localhost:3000/_next/static/chunks/f12ff_next_dist_95687940._.js:2302
[  328928ms] [LOG] [Fast Refresh] rebuilding @ http://localhost:3000/_next/static/chunks/f12ff_next_dist_95687940._.js:2302
[  329524ms] [LOG] [Fast Refresh] done in 697ms @ http://localhost:3000/_next/static/chunks/f12ff_next_dist_95687940._.js:2302
[  357271ms] [LOG] [Fast Refresh] rebuilding @ http://localhost:3000/_next/static/chunks/f12ff_next_dist_95687940._.js:2302
[  357498ms] [LOG] [Fast Refresh] done in 330ms @ http://localhost:3000/_next/static/chunks/f12ff_next_dist_95687940._.js:2302
[  357735ms] [LOG] [Fast Refresh] rebuilding @ http://localhost:3000/_next/static/chunks/f12ff_next_dist_95687940._.js:2302
[  358133ms] [LOG] [Fast Refresh] done in 574ms @ http://localhost:3000/_next/static/chunks/f12ff_next_dist_95687940._.js:2302
[  386327ms] [LOG] [Fast Refresh] rebuilding @ http://localhost:3000/_next/static/chunks/f12ff_next_dist_95687940._.js:2302
[  386551ms] [LOG] [Fast Refresh] done in 333ms @ http://localhost:3000/_next/static/chunks/f12ff_next_dist_95687940._.js:2302
[  392856ms] [LOG] [Fast Refresh] rebuilding @ http://localhost:3000/_next/static/chunks/f12ff_next_dist_95687940._.js:2302
[  409720ms] [LOG] [Fast Refresh] done in 2735ms @ http://localhost:3000/_next/static/chunks/f12ff_next_dist_95687940._.js:2302
[  411861ms] [WARNING] %c%s%c [@portabletext/react] Unknown block type "image", specify a component for it in the `components.types` prop background: #e6e6e6;background: light-dark(rgba(0,0,0,0.1), rgba(255,255,255,0.25));color: #000000;color: light-dark(#000000, #ffffff);border-radius: 2px  Server   @ http://localhost:3000/_next/static/chunks/f12ff_next_dist_95687940._.js:2302
[  411907ms] [WARNING] %c%s%c [@portabletext/react] Unknown block type "image", specify a component for it in the `components.types` prop background: #e6e6e6;background: light-dark(rgba(0,0,0,0.1), rgba(255,255,255,0.25));color: #000000;color: light-dark(#000000, #ffffff);border-radius: 2px  Server   @ http://localhost:3000/_next/static/chunks/f12ff_next_dist_95687940._.js:2302
[  411974ms] [WARNING] Ignoring Event: localhost @ http://localhost:3000/_next/static/chunks/f12ff_next_dist_95687940._.js:2302
[  412042ms] [LOG] [Fast Refresh] rebuilding @ http://localhost:3000/_next/static/chunks/f12ff_next_dist_95687940._.js:2302
[  412182ms] [LOG] [Fast Refresh] done in 251ms @ http://localhost:3000/_next/static/chunks/f12ff_next_dist_95687940._.js:2302
[  412546ms] [LOG] [Fast Refresh] rebuilding @ http://localhost:3000/_next/static/chunks/f12ff_next_dist_95687940._.js:2302
[  412780ms] [LOG] [Fast Refresh] done in 336ms @ http://localhost:3000/_next/static/chunks/f12ff_next_dist_95687940._.js:2302
[  437750ms] [LOG] [Fast Refresh] rebuilding @ http://localhost:3000/_next/static/chunks/f12ff_next_dist_95687940._.js:2302
[  437941ms] [LOG] [Fast Refresh] done in 280ms @ http://localhost:3000/_next/static/chunks/f12ff_next_dist_95687940._.js:2302
[  438083ms] [LOG] [Fast Refresh] rebuilding @ http://localhost:3000/_next/static/chunks/f12ff_next_dist_95687940._.js:2302
[  438151ms] [LOG] [Fast Refresh] done in 169ms @ http://localhost:3000/_next/static/chunks/f12ff_next_dist_95687940._.js:2302
[  438163ms] [WARNING] %c%s%c [@portabletext/react] Unknown block type "image", specify a component for it in the `components.types` prop background: #e6e6e6;background: light-dark(rgba(0,0,0,0.1), rgba(255,255,255,0.25));color: #000000;color: light-dark(#000000, #ffffff);border-radius: 2px  Server   @ http://localhost:3000/_next/static/chunks/f12ff_next_dist_95687940._.js:2302
[  462889ms] [LOG] [Fast Refresh] rebuilding @ http://localhost:3000/_next/static/chunks/f12ff_next_dist_95687940._.js:2302
[  462997ms] [LOG] [Fast Refresh] done in 183ms @ http://localhost:3000/_next/static/chunks/f12ff_next_dist_95687940._.js:2302
[  463116ms] [LOG] [Fast Refresh] rebuilding @ http://localhost:3000/_next/static/chunks/f12ff_next_dist_95687940._.js:2302
[  463142ms] [LOG] [Fast Refresh] done in 127ms @ http://localhost:3000/_next/static/chunks/f12ff_next_dist_95687940._.js:2302
[  463148ms] [WARNING] %c%s%c [@portabletext/react] Unknown block type "image", specify a component for it in the `components.types` prop background: #e6e6e6;background: light-dark(rgba(0,0,0,0.1), rgba(255,255,255,0.25));color: #000000;color: light-dark(#000000, #ffffff);border-radius: 2px  Server   @ http://localhost:3000/_next/static/chunks/f12ff_next_dist_95687940._.js:2302
