[     641ms] [LOG] [Fast Refresh] rebuilding @ http://localhost:3000/_next/static/chunks/f12ff_next_dist_95687940._.js:2302
[   10971ms] [LOG] [Fast Refresh] done in 10429ms @ http://localhost:3000/_next/static/chunks/f12ff_next_dist_95687940._.js:2302
[   16986ms] [INFO] %cDownload the React DevTools for a better development experience: https://react.dev/link/react-devtools font-weight:bold @ http://localhost:3000/_next/static/chunks/f12ff_next_dist_95687940._.js:2302
[   17431ms] [LOG] [HMR] connected @ http://localhost:3000/_next/static/chunks/f12ff_next_dist_95687940._.js:2302
[   18299ms] [WARNING] Clerk: Clerk has been loaded with development keys. Development instances have strict usage limits and should not be used when deploying your application to production. Learn more: https://clerk.com/docs/deployments/overview @ http://localhost:3000/_next/static/chunks/f12ff_next_dist_95687940._.js:2302
[   18403ms] [LOG] [Fast Refresh] rebuilding @ http://localhost:3000/_next/static/chunks/f12ff_next_dist_95687940._.js:2302
[   18471ms] [WARNING] Missing Algolia environment variables: ALGOLIA_API_KEY @ http://localhost:3000/_next/static/chunks/f12ff_next_dist_95687940._.js:2302
[   18471ms] [WARNING] Algolia admin client not available - missing credentials @ http://localhost:3000/_next/static/chunks/f12ff_next_dist_95687940._.js:2302
[   18471ms] [LOG] ✅ Algolia search client initialized successfully @ http://localhost:3000/_next/static/chunks/f12ff_next_dist_95687940._.js:2302
[   18486ms] [WARNING] Image with src "/connecting-climate-minds-logo-white.png" was detected as the Largest Contentful Paint (LCP). Please add the `loading="eager"` property if this image is above the fold.
Read more: https://nextjs.org/docs/app/api-reference/components/image#loading @ http://localhost:3000/_next/static/chunks/f12ff_next_dist_95687940._.js:2302
[   19580ms] [WARNING] Ignoring Event: localhost @ http://localhost:3000/_next/static/chunks/f12ff_next_dist_95687940._.js:2302
[   19581ms] [LOG] [Fast Refresh] done in 1310ms @ http://localhost:3000/_next/static/chunks/f12ff_next_dist_95687940._.js:2302
[   19631ms] [INFO] Sanity is live with automatic revalidation of published content @ http://localhost:3000/_next/static/chunks/f12ff_next_dist_95687940._.js:2302
[   36378ms] [LOG] [Fast Refresh] rebuilding @ http://localhost:3000/_next/static/chunks/f12ff_next_dist_95687940._.js:2302
[   37400ms] [LOG] [Fast Refresh] done in 1130ms @ http://localhost:3000/_next/static/chunks/f12ff_next_dist_95687940._.js:2302
[   72676ms] [LOG] [Fast Refresh] rebuilding @ http://localhost:3000/_next/static/chunks/f12ff_next_dist_95687940._.js:2302
[   72806ms] [LOG] [Fast Refresh] done in 232ms @ http://localhost:3000/_next/static/chunks/f12ff_next_dist_95687940._.js:2302
[  190138ms] [LOG] [Fast Refresh] rebuilding @ http://localhost:3000/_next/static/chunks/f12ff_next_dist_95687940._.js:2302
[  191121ms] [LOG] [Fast Refresh] done in 1093ms @ http://localhost:3000/_next/static/chunks/f12ff_next_dist_95687940._.js:2302
[  218154ms] [LOG] [Fast Refresh] rebuilding @ http://localhost:3000/_next/static/chunks/f12ff_next_dist_95687940._.js:2302
[  218577ms] [LOG] [Fast Refresh] done in 527ms @ http://localhost:3000/_next/static/chunks/f12ff_next_dist_95687940._.js:2302
[  257522ms] [LOG] [Fast Refresh] rebuilding @ http://localhost:3000/_next/static/chunks/f12ff_next_dist_95687940._.js:2302
[  259586ms] [LOG] [Fast Refresh] done in 2081ms @ http://localhost:3000/_next/static/chunks/f12ff_next_dist_95687940._.js:2302
[  282864ms] [LOG] [Fast Refresh] rebuilding @ http://localhost:3000/_next/static/chunks/f12ff_next_dist_95687940._.js:2302
[  283099ms] [LOG] [Fast Refresh] done in 343ms @ http://localhost:3000/_next/static/chunks/f12ff_next_dist_95687940._.js:2302
[  328294ms] [LOG] [Fast Refresh] rebuilding @ http://localhost:3000/_next/static/chunks/f12ff_next_dist_95687940._.js:2302
[  329027ms] [LOG] [Fast Refresh] done in 840ms @ http://localhost:3000/_next/static/chunks/f12ff_next_dist_95687940._.js:2302
[  330045ms] [LOG] [Fast Refresh] rebuilding @ http://localhost:3000/_next/static/chunks/f12ff_next_dist_95687940._.js:2302
[  349829ms] [LOG] [Fast Refresh] done in 19877ms @ http://localhost:3000/_next/static/chunks/f12ff_next_dist_95687940._.js:2302
[  354392ms] [LOG] [Fast Refresh] rebuilding @ http://localhost:3000/_next/static/chunks/f12ff_next_dist_95687940._.js:2302
[  355684ms] [LOG] [Fast Refresh] done in 1392ms @ http://localhost:3000/_next/static/chunks/f12ff_next_dist_95687940._.js:2302
[  357639ms] [LOG] [Fast Refresh] rebuilding @ http://localhost:3000/_next/static/chunks/f12ff_next_dist_95687940._.js:2302
[  358736ms] [LOG] [Fast Refresh] done in 1199ms @ http://localhost:3000/_next/static/chunks/f12ff_next_dist_95687940._.js:2302
[  369395ms] [LOG] [Fast Refresh] rebuilding @ http://localhost:3000/_next/static/chunks/f12ff_next_dist_95687940._.js:2302
[  369622ms] [LOG] [Fast Refresh] done in 327ms @ http://localhost:3000/_next/static/chunks/f12ff_next_dist_95687940._.js:2302
[  542031ms] [LOG] [Fast Refresh] rebuilding @ http://localhost:3000/_next/static/chunks/f12ff_next_dist_95687940._.js:2302
[  545192ms] [LOG] [Fast Refresh] done in 3204ms @ http://localhost:3000/_next/static/chunks/f12ff_next_dist_95687940._.js:2302
[  545793ms] [LOG] [Fast Refresh] rebuilding @ http://localhost:3000/_next/static/chunks/f12ff_next_dist_95687940._.js:2302
[  547459ms] [LOG] [Fast Refresh] done in 1768ms @ http://localhost:3000/_next/static/chunks/f12ff_next_dist_95687940._.js:2302
[  588481ms] [LOG] [Fast Refresh] rebuilding @ http://localhost:3000/_next/static/chunks/f12ff_next_dist_95687940._.js:2302
[  593017ms] [LOG] [Fast Refresh] done in 4560ms @ http://localhost:3000/_next/static/chunks/f12ff_next_dist_95687940._.js:2302
[  593438ms] [LOG] [Fast Refresh] rebuilding @ http://localhost:3000/_next/static/chunks/f12ff_next_dist_95687940._.js:2302
[  594026ms] [LOG] [Fast Refresh] done in 688ms @ http://localhost:3000/_next/static/chunks/f12ff_next_dist_95687940._.js:2302
[  613859ms] [LOG] [Fast Refresh] rebuilding @ http://localhost:3000/_next/static/chunks/f12ff_next_dist_95687940._.js:2302
[  614234ms] [LOG] [Fast Refresh] done in 476ms @ http://localhost:3000/_next/static/chunks/f12ff_next_dist_95687940._.js:2302
[  614402ms] [LOG] [Fast Refresh] rebuilding @ http://localhost:3000/_next/static/chunks/f12ff_next_dist_95687940._.js:2302
[  624505ms] [LOG] [Fast Refresh] done in 10204ms @ http://localhost:3000/_next/static/chunks/f12ff_next_dist_95687940._.js:2302
[  626875ms] [LOG] [Fast Refresh] rebuilding @ http://localhost:3000/_next/static/chunks/f12ff_next_dist_95687940._.js:2302
[  626908ms] [LOG] [Fast Refresh] done in 136ms @ http://localhost:3000/_next/static/chunks/f12ff_next_dist_95687940._.js:2302
[  930585ms] [LOG] [Fast Refresh] rebuilding @ http://localhost:3000/_next/static/chunks/f12ff_next_dist_95687940._.js:2302
[  931058ms] [LOG] [Fast Refresh] done in 577ms @ http://localhost:3000/_next/static/chunks/f12ff_next_dist_95687940._.js:2302
[  974758ms] [LOG] [Fast Refresh] rebuilding @ http://localhost:3000/_next/static/chunks/f12ff_next_dist_95687940._.js:2302
[  978818ms] [LOG] [Fast Refresh] done in 4165ms @ http://localhost:3000/_next/static/chunks/f12ff_next_dist_95687940._.js:2302
[  982141ms] [LOG] [Fast Refresh] rebuilding @ http://localhost:3000/_next/static/chunks/f12ff_next_dist_95687940._.js:2302
[  982620ms] [LOG] [Fast Refresh] done in 580ms @ http://localhost:3000/_next/static/chunks/f12ff_next_dist_95687940._.js:2302
[  982725ms] [LOG] [Fast Refresh] rebuilding @ http://localhost:3000/_next/static/chunks/f12ff_next_dist_95687940._.js:2302
[  983630ms] [LOG] [Fast Refresh] done in 1005ms @ http://localhost:3000/_next/static/chunks/f12ff_next_dist_95687940._.js:2302
[  985076ms] [LOG] [Fast Refresh] rebuilding @ http://localhost:3000/_next/static/chunks/f12ff_next_dist_95687940._.js:2302
[  991944ms] [LOG] [Fast Refresh] done in 6969ms @ http://localhost:3000/_next/static/chunks/f12ff_next_dist_95687940._.js:2302
[  992271ms] [LOG] [Fast Refresh] rebuilding @ http://localhost:3000/_next/static/chunks/f12ff_next_dist_95687940._.js:2302
[  992360ms] [LOG] [Fast Refresh] done in 189ms @ http://localhost:3000/_next/static/chunks/f12ff_next_dist_95687940._.js:2302
[  994207ms] [LOG] [Fast Refresh] rebuilding @ http://localhost:3000/_next/static/chunks/f12ff_next_dist_95687940._.js:2302
[  994410ms] [LOG] [Fast Refresh] done in 304ms @ http://localhost:3000/_next/static/chunks/f12ff_next_dist_95687940._.js:2302
[ 1066149ms] [LOG] [Fast Refresh] rebuilding @ http://localhost:3000/_next/static/chunks/f12ff_next_dist_95687940._.js:2302
[ 1066392ms] [LOG] [Fast Refresh] done in 333ms @ http://localhost:3000/_next/static/chunks/f12ff_next_dist_95687940._.js:2302
[ 1107901ms] [LOG] [Fast Refresh] rebuilding @ http://localhost:3000/_next/static/chunks/f12ff_next_dist_95687940._.js:2302
[ 1108137ms] [LOG] [Fast Refresh] done in 315ms @ http://localhost:3000/_next/static/chunks/f12ff_next_dist_95687940._.js:2302
[ 1131591ms] [LOG] [Fast Refresh] rebuilding @ http://localhost:3000/_next/static/chunks/f12ff_next_dist_95687940._.js:2302
[ 1131697ms] [LOG] [Fast Refresh] done in 177ms @ http://localhost:3000/_next/static/chunks/f12ff_next_dist_95687940._.js:2302
[ 1173792ms] [LOG] [Fast Refresh] rebuilding @ http://localhost:3000/_next/static/chunks/f12ff_next_dist_95687940._.js:2302
[ 1174624ms] [LOG] [Fast Refresh] done in 931ms @ http://localhost:3000/_next/static/chunks/f12ff_next_dist_95687940._.js:2302
[ 1174763ms] [LOG] [Fast Refresh] rebuilding @ http://localhost:3000/_next/static/chunks/f12ff_next_dist_95687940._.js:2302
[ 1174767ms] [LOG] [Fast Refresh] done in 104ms @ http://localhost:3000/_next/static/chunks/f12ff_next_dist_95687940._.js:2302
[ 1242000ms] [LOG] [Fast Refresh] rebuilding @ http://localhost:3000/_next/static/chunks/f12ff_next_dist_95687940._.js:2302
[ 1242164ms] [LOG] [Fast Refresh] done in 268ms @ http://localhost:3000/_next/static/chunks/f12ff_next_dist_95687940._.js:2302
[ 1350084ms] [LOG] [Fast Refresh] rebuilding @ http://localhost:3000/_next/static/chunks/f12ff_next_dist_95687940._.js:2302
[ 1351085ms] [LOG] [Fast Refresh] done in 1055ms @ http://localhost:3000/_next/static/chunks/f12ff_next_dist_95687940._.js:2302
[ 1382040ms] [LOG] [Fast Refresh] rebuilding @ http://localhost:3000/_next/static/chunks/f12ff_next_dist_95687940._.js:2302
[ 1382527ms] [LOG] [Fast Refresh] done in 571ms @ http://localhost:3000/_next/static/chunks/f12ff_next_dist_95687940._.js:2302
[ 1383112ms] [LOG] [Fast Refresh] rebuilding @ http://localhost:3000/_next/static/chunks/f12ff_next_dist_95687940._.js:2302
[ 1383171ms] [LOG] [Fast Refresh] done in 160ms @ http://localhost:3000/_next/static/chunks/f12ff_next_dist_95687940._.js:2302
[ 1427617ms] [LOG] [Fast Refresh] rebuilding @ http://localhost:3000/_next/static/chunks/f12ff_next_dist_95687940._.js:2302
[ 1430643ms] [LOG] [Fast Refresh] done in 3095ms @ http://localhost:3000/_next/static/chunks/f12ff_next_dist_95687940._.js:2302
[ 1431285ms] [LOG] [Fast Refresh] rebuilding @ http://localhost:3000/_next/static/chunks/f12ff_next_dist_95687940._.js:2302
[ 1431320ms] [LOG] [Fast Refresh] done in 137ms @ http://localhost:3000/_next/static/chunks/f12ff_next_dist_95687940._.js:2302
[ 1455520ms] [LOG] [Fast Refresh] rebuilding @ http://localhost:3000/_next/static/chunks/f12ff_next_dist_95687940._.js:2302
[ 1456526ms] [LOG] [Fast Refresh] done in 1120ms @ http://localhost:3000/_next/static/chunks/f12ff_next_dist_95687940._.js:2302
[ 1457118ms] [LOG] [Fast Refresh] rebuilding @ http://localhost:3000/_next/static/chunks/f12ff_next_dist_95687940._.js:2302
[ 1466569ms] [LOG] [Fast Refresh] done in 9551ms @ http://localhost:3000/_next/static/chunks/f12ff_next_dist_95687940._.js:2302
