[     366ms] [LOG] [Fast Refresh] rebuilding @ http://localhost:3000/_next/static/chunks/6f8fc_next_dist_2f27c456._.js:2297
[    1709ms] [LOG] [Fast Refresh] done in 1448ms @ http://localhost:3000/_next/static/chunks/6f8fc_next_dist_2f27c456._.js:2297
[    7201ms] [INFO] %cDownload the React DevTools for a better development experience: https://react.dev/link/react-devtools font-weight:bold @ http://localhost:3000/_next/static/chunks/6f8fc_next_dist_2f27c456._.js:2297
[    7255ms] [WARNING] %c%s%c PortableText block detected in page blocks array. This should be rendered via PortableTextRenderer, not Blocks component. background: #e6e6e6;background: light-dark(rgba(0,0,0,0.1), rgba(255,255,255,0.25));color: #000000;color: light-dark(#000000, #ffffff);border-radius: 2px  Server   65637bb0d5b1 @ http://localhost:3000/_next/static/chunks/6f8fc_next_dist_2f27c456._.js:2297
[    7256ms] [WARNING] %c%s%c PortableText block detected in page blocks array. This should be rendered via PortableTextRenderer, not Blocks component. background: #e6e6e6;background: light-dark(rgba(0,0,0,0.1), rgba(255,255,255,0.25));color: #000000;color: light-dark(#000000, #ffffff);border-radius: 2px  Server   7cd1800b06a3 @ http://localhost:3000/_next/static/chunks/6f8fc_next_dist_2f27c456._.js:2297
[    7295ms] [ERROR] Loading the image 'https://images.clerk.dev/uploaded/img_35lz0ZDOvx0KuP74X0z5FwRTnVo' violates the following Content Security Policy directive: "img-src 'self' data: blob: https://cdn.sanity.io https://img.youtube.com https://img.clerk.com". The action has been blocked. @ http://localhost:3000/en/communities/sub-saharan-africa:283
[    7298ms] [ERROR] Loading the image 'https://www.gravatar.com/avatar?d=mp' violates the following Content Security Policy directive: "img-src 'self' data: blob: https://cdn.sanity.io https://img.youtube.com https://img.clerk.com". The action has been blocked. @ http://localhost:3000/en/communities/sub-saharan-africa:283
[    7298ms] [ERROR] Loading the image 'https://images.clerk.dev/uploaded/img_35lz0ZDOvx0KuP74X0z5FwRTnVo' violates the following Content Security Policy directive: "img-src 'self' data: blob: https://cdn.sanity.io https://img.youtube.com https://img.clerk.com". The action has been blocked. @ http://localhost:3000/en/communities/sub-saharan-africa:283
[    7298ms] [ERROR] Loading the image 'https://www.gravatar.com/avatar?d=mp' violates the following Content Security Policy directive: "img-src 'self' data: blob: https://cdn.sanity.io https://img.youtube.com https://img.clerk.com". The action has been blocked. @ http://localhost:3000/en/communities/sub-saharan-africa:283
[    7308ms] [LOG] [HMR] connected @ http://localhost:3000/_next/static/chunks/6f8fc_next_dist_2f27c456._.js:2297
[    7318ms] [WARNING] Clerk: Clerk has been loaded with development keys. Development instances have strict usage limits and should not be used when deploying your application to production. Learn more: https://clerk.com/docs/deployments/overview @ http://localhost:3000/_next/static/chunks/6f8fc_next_dist_2f27c456._.js:2297
[    7431ms] [WARNING] Image with src "/connecting-climate-minds-logo-white.png" was detected as the Largest Contentful Paint (LCP). Please add the `loading="eager"` property if this image is above the fold.
Read more: https://nextjs.org/docs/app/api-reference/components/image#loading @ http://localhost:3000/_next/static/chunks/6f8fc_next_dist_2f27c456._.js:2297
[    7589ms] [LOG] [Fast Refresh] rebuilding @ http://localhost:3000/_next/static/chunks/6f8fc_next_dist_2f27c456._.js:2297
[    7653ms] [LOG] [Fast Refresh] done in 186ms @ http://localhost:3000/_next/static/chunks/6f8fc_next_dist_2f27c456._.js:2297
[    7806ms] [WARNING] Ignoring Event: localhost @ http://localhost:3000/_next/static/chunks/6f8fc_next_dist_2f27c456._.js:2297
[    7848ms] [INFO] Sanity is live with automatic revalidation of published content @ http://localhost:3000/_next/static/chunks/6f8fc_next_dist_2f27c456._.js:2297
[   26062ms] [LOG] [Fast Refresh] rebuilding @ http://localhost:3000/_next/static/chunks/6f8fc_next_dist_2f27c456._.js:2297
[   26855ms] [LOG] [Fast Refresh] done in 894ms @ http://localhost:3000/_next/static/chunks/6f8fc_next_dist_2f27c456._.js:2297
[   52058ms] [LOG] [Fast Refresh] rebuilding @ http://localhost:3000/_next/static/chunks/6f8fc_next_dist_2f27c456._.js:2297
[   52234ms] [LOG] [Fast Refresh] done in 280ms @ http://localhost:3000/_next/static/chunks/6f8fc_next_dist_2f27c456._.js:2297
[ 7028912ms] [LOG] [Fast Refresh] rebuilding @ http://localhost:3000/_next/static/chunks/6f8fc_next_dist_2f27c456._.js:2297
[ 7030169ms] [LOG] [Fast Refresh] done in 1371ms @ http://localhost:3000/_next/static/chunks/6f8fc_next_dist_2f27c456._.js:2297
[ 7036180ms] [LOG] [HMR] connected @ http://localhost:3000/_next/static/chunks/6f8fc_next_dist_2f27c456._.js:2297
[ 7036426ms] [LOG] [Fast Refresh] rebuilding @ http://localhost:3000/_next/static/chunks/6f8fc_next_dist_2f27c456._.js:2297
[ 7036641ms] [LOG] [Fast Refresh] done in 315ms @ http://localhost:3000/_next/static/chunks/6f8fc_next_dist_2f27c456._.js:2297
[ 7952081ms] [ERROR] Failed to load resource: net::ERR_QUIC_PROTOCOL_ERROR.QUIC_PUBLIC_RESET @ https://gm67v7rk.api.sanity.io/v2024-04-24/data/live/events/production_2?tag=next-loader.live:0
[ 7954173ms] [LOG] [Fast Refresh] rebuilding @ http://localhost:3000/_next/static/chunks/6f8fc_next_dist_2f27c456._.js:2297
[ 7955143ms] [INFO] Sanity is live with automatic revalidation of published content @ http://localhost:3000/_next/static/chunks/6f8fc_next_dist_2f27c456._.js:2297
[ 7955516ms] [LOG] [Fast Refresh] done in 1445ms @ http://localhost:3000/_next/static/chunks/6f8fc_next_dist_2f27c456._.js:2297
[ 7955741ms] [LOG] [Fast Refresh] rebuilding @ http://localhost:3000/_next/static/chunks/6f8fc_next_dist_2f27c456._.js:2297
[ 7956065ms] [LOG] [Fast Refresh] done in 426ms @ http://localhost:3000/_next/static/chunks/6f8fc_next_dist_2f27c456._.js:2297
[ 7957869ms] [WARNING] %c%s%c PortableText block detected in page blocks array. This should be rendered via PortableTextRenderer, not Blocks component. background: #e6e6e6;background: light-dark(rgba(0,0,0,0.1), rgba(255,255,255,0.25));color: #000000;color: light-dark(#000000, #ffffff);border-radius: 2px  Server   65637bb0d5b1 @ http://localhost:3000/_next/static/chunks/6f8fc_next_dist_2f27c456._.js:2297
[ 7957870ms] [WARNING] %c%s%c PortableText block detected in page blocks array. This should be rendered via PortableTextRenderer, not Blocks component. background: #e6e6e6;background: light-dark(rgba(0,0,0,0.1), rgba(255,255,255,0.25));color: #000000;color: light-dark(#000000, #ffffff);border-radius: 2px  Server   7cd1800b06a3 @ http://localhost:3000/_next/static/chunks/6f8fc_next_dist_2f27c456._.js:2297
[ 7957879ms] [WARNING] %c%s%c PortableText block detected in page blocks array. This should be rendered via PortableTextRenderer, not Blocks component. background: #e6e6e6;background: light-dark(rgba(0,0,0,0.1), rgba(255,255,255,0.25));color: #000000;color: light-dark(#000000, #ffffff);border-radius: 2px  Server   65637bb0d5b1 @ http://localhost:3000/_next/static/chunks/6f8fc_next_dist_2f27c456._.js:2297
[ 7957879ms] [WARNING] %c%s%c PortableText block detected in page blocks array. This should be rendered via PortableTextRenderer, not Blocks component. background: #e6e6e6;background: light-dark(rgba(0,0,0,0.1), rgba(255,255,255,0.25));color: #000000;color: light-dark(#000000, #ffffff);border-radius: 2px  Server   7cd1800b06a3 @ http://localhost:3000/_next/static/chunks/6f8fc_next_dist_2f27c456._.js:2297
[ 8717527ms] [ERROR] Failed to load resource: net::ERR_QUIC_PROTOCOL_ERROR.QUIC_PUBLIC_RESET @ https://gm67v7rk.api.sanity.io/v2024-04-24/data/live/events/production_2?tag=next-loader.live:0
[ 8718125ms] [LOG] [Fast Refresh] rebuilding @ http://localhost:3000/_next/static/chunks/6f8fc_next_dist_2f27c456._.js:2297
[ 8718175ms] [LOG] [Fast Refresh] done in 192ms @ http://localhost:3000/_next/static/chunks/6f8fc_next_dist_2f27c456._.js:2297
[ 8719107ms] [WARNING] %c%s%c PortableText block detected in page blocks array. This should be rendered via PortableTextRenderer, not Blocks component. background: #e6e6e6;background: light-dark(rgba(0,0,0,0.1), rgba(255,255,255,0.25));color: #000000;color: light-dark(#000000, #ffffff);border-radius: 2px  Server   65637bb0d5b1 @ http://localhost:3000/_next/static/chunks/6f8fc_next_dist_2f27c456._.js:2297
[ 8719108ms] [WARNING] %c%s%c PortableText block detected in page blocks array. This should be rendered via PortableTextRenderer, not Blocks component. background: #e6e6e6;background: light-dark(rgba(0,0,0,0.1), rgba(255,255,255,0.25));color: #000000;color: light-dark(#000000, #ffffff);border-radius: 2px  Server   7cd1800b06a3 @ http://localhost:3000/_next/static/chunks/6f8fc_next_dist_2f27c456._.js:2297
[ 8720582ms] [INFO] Sanity is live with automatic revalidation of published content @ http://localhost:3000/_next/static/chunks/6f8fc_next_dist_2f27c456._.js:2297
[17995130ms] [LOG] [Fast Refresh] rebuilding @ http://localhost:3000/_next/static/chunks/6f8fc_next_dist_2f27c456._.js:2297
[17996174ms] [LOG] [Fast Refresh] done in 1121ms @ http://localhost:3000/_next/static/chunks/6f8fc_next_dist_2f27c456._.js:2297
[17997514ms] [LOG] [Fast Refresh] rebuilding @ http://localhost:3000/_next/static/chunks/6f8fc_next_dist_2f27c456._.js:2297
[17998212ms] [LOG] [Fast Refresh] done in 799ms @ http://localhost:3000/_next/static/chunks/6f8fc_next_dist_2f27c456._.js:2297
[18004749ms] [LOG] [Fast Refresh] rebuilding @ http://localhost:3000/_next/static/chunks/6f8fc_next_dist_2f27c456._.js:2297
[18004834ms] [LOG] [Fast Refresh] done in 187ms @ http://localhost:3000/_next/static/chunks/6f8fc_next_dist_2f27c456._.js:2297
[18005297ms] [WARNING] %c%s%c PortableText block detected in page blocks array. This should be rendered via PortableTextRenderer, not Blocks component. background: #e6e6e6;background: light-dark(rgba(0,0,0,0.1), rgba(255,255,255,0.25));color: #000000;color: light-dark(#000000, #ffffff);border-radius: 2px  Server   65637bb0d5b1 @ http://localhost:3000/_next/static/chunks/6f8fc_next_dist_2f27c456._.js:2297
[18005298ms] [WARNING] %c%s%c PortableText block detected in page blocks array. This should be rendered via PortableTextRenderer, not Blocks component. background: #e6e6e6;background: light-dark(rgba(0,0,0,0.1), rgba(255,255,255,0.25));color: #000000;color: light-dark(#000000, #ffffff);border-radius: 2px  Server   7cd1800b06a3 @ http://localhost:3000/_next/static/chunks/6f8fc_next_dist_2f27c456._.js:2297
[18005313ms] [WARNING] %c%s%c PortableText block detected in page blocks array. This should be rendered via PortableTextRenderer, not Blocks component. background: #e6e6e6;background: light-dark(rgba(0,0,0,0.1), rgba(255,255,255,0.25));color: #000000;color: light-dark(#000000, #ffffff);border-radius: 2px  Server   65637bb0d5b1 @ http://localhost:3000/_next/static/chunks/6f8fc_next_dist_2f27c456._.js:2297
[18005313ms] [WARNING] %c%s%c PortableText block detected in page blocks array. This should be rendered via PortableTextRenderer, not Blocks component. background: #e6e6e6;background: light-dark(rgba(0,0,0,0.1), rgba(255,255,255,0.25));color: #000000;color: light-dark(#000000, #ffffff);border-radius: 2px  Server   7cd1800b06a3 @ http://localhost:3000/_next/static/chunks/6f8fc_next_dist_2f27c456._.js:2297
[18005331ms] [WARNING] %c%s%c PortableText block detected in page blocks array. This should be rendered via PortableTextRenderer, not Blocks component. background: #e6e6e6;background: light-dark(rgba(0,0,0,0.1), rgba(255,255,255,0.25));color: #000000;color: light-dark(#000000, #ffffff);border-radius: 2px  Server   65637bb0d5b1 @ http://localhost:3000/_next/static/chunks/6f8fc_next_dist_2f27c456._.js:2297
[18005331ms] [WARNING] %c%s%c PortableText block detected in page blocks array. This should be rendered via PortableTextRenderer, not Blocks component. background: #e6e6e6;background: light-dark(rgba(0,0,0,0.1), rgba(255,255,255,0.25));color: #000000;color: light-dark(#000000, #ffffff);border-radius: 2px  Server   7cd1800b06a3 @ http://localhost:3000/_next/static/chunks/6f8fc_next_dist_2f27c456._.js:2297
[18005382ms] [WARNING] %c%s%c PortableText block detected in page blocks array. This should be rendered via PortableTextRenderer, not Blocks component. background: #e6e6e6;background: light-dark(rgba(0,0,0,0.1), rgba(255,255,255,0.25));color: #000000;color: light-dark(#000000, #ffffff);border-radius: 2px  Server   65637bb0d5b1 @ http://localhost:3000/_next/static/chunks/6f8fc_next_dist_2f27c456._.js:2297
[18005382ms] [WARNING] %c%s%c PortableText block detected in page blocks array. This should be rendered via PortableTextRenderer, not Blocks component. background: #e6e6e6;background: light-dark(rgba(0,0,0,0.1), rgba(255,255,255,0.25));color: #000000;color: light-dark(#000000, #ffffff);border-radius: 2px  Server   7cd1800b06a3 @ http://localhost:3000/_next/static/chunks/6f8fc_next_dist_2f27c456._.js:2297
[18005412ms] [WARNING] %c%s%c PortableText block detected in page blocks array. This should be rendered via PortableTextRenderer, not Blocks component. background: #e6e6e6;background: light-dark(rgba(0,0,0,0.1), rgba(255,255,255,0.25));color: #000000;color: light-dark(#000000, #ffffff);border-radius: 2px  Server   65637bb0d5b1 @ http://localhost:3000/_next/static/chunks/6f8fc_next_dist_2f27c456._.js:2297
[18005413ms] [WARNING] %c%s%c PortableText block detected in page blocks array. This should be rendered via PortableTextRenderer, not Blocks component. background: #e6e6e6;background: light-dark(rgba(0,0,0,0.1), rgba(255,255,255,0.25));color: #000000;color: light-dark(#000000, #ffffff);border-radius: 2px  Server   7cd1800b06a3 @ http://localhost:3000/_next/static/chunks/6f8fc_next_dist_2f27c456._.js:2297
[18008458ms] [LOG] [Fast Refresh] rebuilding @ http://localhost:3000/_next/static/chunks/6f8fc_next_dist_2f27c456._.js:2297
[18009332ms] [LOG] [Fast Refresh] done in 976ms @ http://localhost:3000/_next/static/chunks/6f8fc_next_dist_2f27c456._.js:2297
[18045986ms] [LOG] [Fast Refresh] rebuilding @ http://localhost:3000/_next/static/chunks/6f8fc_next_dist_2f27c456._.js:2297
[18046111ms] [LOG] [Fast Refresh] done in 226ms @ http://localhost:3000/_next/static/chunks/6f8fc_next_dist_2f27c456._.js:2297
