[    2604ms] [LOG] [Fast Refresh] rebuilding @ http://localhost:3000/_next/static/chunks/f12ff_next_dist_95687940._.js:2302
[    4977ms] [LOG] [Fast Refresh] done in 2482ms @ http://localhost:3000/_next/static/chunks/f12ff_next_dist_95687940._.js:2302
[    6890ms] [INFO] %cDownload the React DevTools for a better development experience: https://react.dev/link/react-devtools font-weight:bold @ http://localhost:3000/_next/static/chunks/f12ff_next_dist_95687940._.js:2302
[    7120ms] [LOG] [HMR] connected @ http://localhost:3000/_next/static/chunks/f12ff_next_dist_95687940._.js:2302
[    7264ms] [WARNING] Clerk: Clerk has been loaded with development keys. Development instances have strict usage limits and should not be used when deploying your application to production. Learn more: https://clerk.com/docs/deployments/overview @ http://localhost:3000/_next/static/chunks/f12ff_next_dist_95687940._.js:2302
[    7542ms] [LOG] [Fast Refresh] rebuilding @ http://localhost:3000/_next/static/chunks/f12ff_next_dist_95687940._.js:2302
[    7626ms] [WARNING] Image with src "/connecting-climate-minds-logo-white.png" was detected as the Largest Contentful Paint (LCP). Please add the `loading="eager"` property if this image is above the fold.
Read more: https://nextjs.org/docs/app/api-reference/components/image#loading @ http://localhost:3000/_next/static/chunks/f12ff_next_dist_95687940._.js:2302
[    7695ms] [LOG] [Fast Refresh] done in 287ms @ http://localhost:3000/_next/static/chunks/f12ff_next_dist_95687940._.js:2302
[    8035ms] [WARNING] Ignoring Event: localhost @ http://localhost:3000/_next/static/chunks/f12ff_next_dist_95687940._.js:2302
[    8126ms] [INFO] Sanity is live with automatic revalidation of published content @ http://localhost:3000/_next/static/chunks/f12ff_next_dist_95687940._.js:2302
[   22877ms] [LOG] [Fast Refresh] rebuilding @ http://localhost:3000/_next/static/chunks/f12ff_next_dist_95687940._.js:2302
[   23141ms] [LOG] [Fast Refresh] done in 367ms @ http://localhost:3000/_next/static/chunks/f12ff_next_dist_95687940._.js:2302
[  110251ms] [LOG] [Fast Refresh] rebuilding @ http://localhost:3000/_next/static/chunks/f12ff_next_dist_95687940._.js:2302
[  110259ms] [LOG] [Fast Refresh] done in 114ms @ http://localhost:3000/_next/static/chunks/f12ff_next_dist_95687940._.js:2302
[  570237ms] [LOG] [Fast Refresh] rebuilding @ http://localhost:3000/_next/static/chunks/f12ff_next_dist_95687940._.js:2302
[  570831ms] [LOG] [Fast Refresh] done in 703ms @ http://localhost:3000/_next/static/chunks/f12ff_next_dist_95687940._.js:2302
[  605089ms] [LOG] [Fast Refresh] rebuilding @ http://localhost:3000/_next/static/chunks/f12ff_next_dist_95687940._.js:2302
[  605212ms] [LOG] [Fast Refresh] done in 227ms @ http://localhost:3000/_next/static/chunks/f12ff_next_dist_95687940._.js:2302
[  644893ms] [LOG] [Fast Refresh] rebuilding @ http://localhost:3000/_next/static/chunks/f12ff_next_dist_95687940._.js:2302
[  645022ms] [LOG] [Fast Refresh] done in 230ms @ http://localhost:3000/_next/static/chunks/f12ff_next_dist_95687940._.js:2302
[  652338ms] [LOG] [Fast Refresh] rebuilding @ http://localhost:3000/_next/static/chunks/f12ff_next_dist_95687940._.js:2302
[  652502ms] [LOG] [Fast Refresh] done in 266ms @ http://localhost:3000/_next/static/chunks/f12ff_next_dist_95687940._.js:2302
[  663512ms] [LOG] [Fast Refresh] rebuilding @ http://localhost:3000/_next/static/chunks/f12ff_next_dist_95687940._.js:2302
[  663644ms] [LOG] [Fast Refresh] done in 236ms @ http://localhost:3000/_next/static/chunks/f12ff_next_dist_95687940._.js:2302
[  689532ms] [LOG] [Fast Refresh] rebuilding @ http://localhost:3000/_next/static/chunks/f12ff_next_dist_95687940._.js:2302
[  689705ms] [LOG] [Fast Refresh] done in 276ms @ http://localhost:3000/_next/static/chunks/f12ff_next_dist_95687940._.js:2302
[  717270ms] [LOG] [Fast Refresh] rebuilding @ http://localhost:3000/_next/static/chunks/f12ff_next_dist_95687940._.js:2302
[  717331ms] [LOG] [Fast Refresh] done in 164ms @ http://localhost:3000/_next/static/chunks/f12ff_next_dist_95687940._.js:2302
