[    1807ms] [LOG] [Fast Refresh] rebuilding @ http://localhost:3000/_next/static/chunks/6f8fc_next_dist_2f27c456._.js:2297
[   66545ms] [LOG] [Fast Refresh] done in 64778ms @ http://localhost:3000/_next/static/chunks/6f8fc_next_dist_2f27c456._.js:2297
[  107387ms] [INFO] %cDownload the React DevTools for a better development experience: https://react.dev/link/react-devtools font-weight:bold @ http://localhost:3000/_next/static/chunks/6f8fc_next_dist_2f27c456._.js:2297
[  107800ms] [LOG] [HMR] connected @ http://localhost:3000/_next/static/chunks/6f8fc_next_dist_2f27c456._.js:2297
[  107978ms] [WARNING] Clerk: Clerk has been loaded with development keys. Development instances have strict usage limits and should not be used when deploying your application to production. Learn more: https://clerk.com/docs/deployments/overview @ http://localhost:3000/_next/static/chunks/6f8fc_next_dist_2f27c456._.js:2297
[  108204ms] [WARNING] Image with src "/connecting-climate-minds-logo-white.png" was detected as the Largest Contentful Paint (LCP). Please add the `loading="eager"` property if this image is above the fold.
Read more: https://nextjs.org/docs/app/api-reference/components/image#loading @ http://localhost:3000/_next/static/chunks/6f8fc_next_dist_2f27c456._.js:2297
[  110005ms] [ERROR] Loading the image 'https://www.gravatar.com/avatar?d=mp' violates the following Content Security Policy directive: "img-src 'self' data: blob: https://cdn.sanity.io https://img.youtube.com https://img.clerk.com". The action has been blocked. @ http://localhost:3000/en/collaborate:0
[  110009ms] [ERROR] Loading the image 'https://www.gravatar.com/avatar?d=mp' violates the following Content Security Policy directive: "img-src 'self' data: blob: https://cdn.sanity.io https://img.youtube.com https://img.clerk.com". The action has been blocked. @ http://localhost:3000/en/collaborate:0
[  110009ms] [ERROR] Loading the image 'https://www.gravatar.com/avatar?d=mp' violates the following Content Security Policy directive: "img-src 'self' data: blob: https://cdn.sanity.io https://img.youtube.com https://img.clerk.com". The action has been blocked. @ http://localhost:3000/en/collaborate:0
[  110009ms] [ERROR] Loading the image 'https://www.gravatar.com/avatar?d=mp' violates the following Content Security Policy directive: "img-src 'self' data: blob: https://cdn.sanity.io https://img.youtube.com https://img.clerk.com". The action has been blocked. @ http://localhost:3000/en/collaborate:0
[  110009ms] [ERROR] Loading the image 'https://www.gravatar.com/avatar?d=mp' violates the following Content Security Policy directive: "img-src 'self' data: blob: https://cdn.sanity.io https://img.youtube.com https://img.clerk.com". The action has been blocked. @ http://localhost:3000/en/collaborate:0
[  110009ms] [ERROR] Loading the image 'https://www.gravatar.com/avatar?d=mp' violates the following Content Security Policy directive: "img-src 'self' data: blob: https://cdn.sanity.io https://img.youtube.com https://img.clerk.com". The action has been blocked. @ http://localhost:3000/en/collaborate:0
[  110009ms] [ERROR] Loading the image 'https://www.gravatar.com/avatar?d=mp' violates the following Content Security Policy directive: "img-src 'self' data: blob: https://cdn.sanity.io https://img.youtube.com https://img.clerk.com". The action has been blocked. @ http://localhost:3000/en/collaborate:0
[  110009ms] [ERROR] Loading the image 'https://www.gravatar.com/avatar?d=mp' violates the following Content Security Policy directive: "img-src 'self' data: blob: https://cdn.sanity.io https://img.youtube.com https://img.clerk.com". The action has been blocked. @ http://localhost:3000/en/collaborate:0
[  110009ms] [ERROR] Loading the image 'https://www.gravatar.com/avatar?d=mp' violates the following Content Security Policy directive: "img-src 'self' data: blob: https://cdn.sanity.io https://img.youtube.com https://img.clerk.com". The action has been blocked. @ http://localhost:3000/en/collaborate:0
[  110009ms] [ERROR] Loading the image 'https://www.gravatar.com/avatar?d=mp' violates the following Content Security Policy directive: "img-src 'self' data: blob: https://cdn.sanity.io https://img.youtube.com https://img.clerk.com". The action has been blocked. @ http://localhost:3000/en/collaborate:0
[  110009ms] [ERROR] Loading the image 'https://www.gravatar.com/avatar?d=mp' violates the following Content Security Policy directive: "img-src 'self' data: blob: https://cdn.sanity.io https://img.youtube.com https://img.clerk.com". The action has been blocked. @ http://localhost:3000/en/collaborate:0
[  110010ms] [ERROR] Loading the image 'https://www.gravatar.com/avatar?d=mp' violates the following Content Security Policy directive: "img-src 'self' data: blob: https://cdn.sanity.io https://img.youtube.com https://img.clerk.com". The action has been blocked. @ http://localhost:3000/en/collaborate:0
[  110010ms] [ERROR] Loading the image 'https://www.gravatar.com/avatar?d=mp' violates the following Content Security Policy directive: "img-src 'self' data: blob: https://cdn.sanity.io https://img.youtube.com https://img.clerk.com". The action has been blocked. @ http://localhost:3000/en/collaborate:0
[  110010ms] [ERROR] Loading the image 'https://www.gravatar.com/avatar?d=mp' violates the following Content Security Policy directive: "img-src 'self' data: blob: https://cdn.sanity.io https://img.youtube.com https://img.clerk.com". The action has been blocked. @ http://localhost:3000/en/collaborate:0
[  110010ms] [ERROR] Loading the image 'https://www.gravatar.com/avatar?d=mp' violates the following Content Security Policy directive: "img-src 'self' data: blob: https://cdn.sanity.io https://img.youtube.com https://img.clerk.com". The action has been blocked. @ http://localhost:3000/en/collaborate:0
[  110010ms] [ERROR] Loading the image 'https://www.gravatar.com/avatar?d=mp' violates the following Content Security Policy directive: "img-src 'self' data: blob: https://cdn.sanity.io https://img.youtube.com https://img.clerk.com". The action has been blocked. @ http://localhost:3000/en/collaborate:0
[  110010ms] [ERROR] Loading the image 'https://www.gravatar.com/avatar?d=mp' violates the following Content Security Policy directive: "img-src 'self' data: blob: https://cdn.sanity.io https://img.youtube.com https://img.clerk.com". The action has been blocked. @ http://localhost:3000/en/collaborate:0
[  110010ms] [ERROR] Loading the image 'https://www.gravatar.com/avatar?d=mp' violates the following Content Security Policy directive: "img-src 'self' data: blob: https://cdn.sanity.io https://img.youtube.com https://img.clerk.com". The action has been blocked. @ http://localhost:3000/en/collaborate:0
[  110010ms] [ERROR] Loading the image 'https://www.gravatar.com/avatar?d=mp' violates the following Content Security Policy directive: "img-src 'self' data: blob: https://cdn.sanity.io https://img.youtube.com https://img.clerk.com". The action has been blocked. @ http://localhost:3000/en/collaborate:0
[  110010ms] [ERROR] Loading the image 'https://www.gravatar.com/avatar?d=mp' violates the following Content Security Policy directive: "img-src 'self' data: blob: https://cdn.sanity.io https://img.youtube.com https://img.clerk.com". The action has been blocked. @ http://localhost:3000/en/collaborate:0
[  110010ms] [ERROR] Loading the image 'https://www.gravatar.com/avatar?d=mp' violates the following Content Security Policy directive: "img-src 'self' data: blob: https://cdn.sanity.io https://img.youtube.com https://img.clerk.com". The action has been blocked. @ http://localhost:3000/en/collaborate:0
[  110026ms] [WARNING] Ignoring Event: localhost @ http://localhost:3000/_next/static/chunks/6f8fc_next_dist_2f27c456._.js:2297
[  110059ms] [LOG] [Fast Refresh] rebuilding @ http://localhost:3000/_next/static/chunks/6f8fc_next_dist_2f27c456._.js:2297
[  110065ms] [INFO] Sanity is live with automatic revalidation of published content @ http://localhost:3000/_next/static/chunks/6f8fc_next_dist_2f27c456._.js:2297
[  111653ms] [LOG] [Fast Refresh] done in 2586ms @ http://localhost:3000/_next/static/chunks/6f8fc_next_dist_2f27c456._.js:2297
