[    3144ms] [LOG] [Fast Refresh] rebuilding @ http://localhost:3000/_next/static/chunks/f12ff_next_dist_95687940._.js:2302
[    3547ms] [LOG] [Fast Refresh] done in 502ms @ http://localhost:3000/_next/static/chunks/f12ff_next_dist_95687940._.js:2302
[   42973ms] [INFO] %cDownload the React DevTools for a better development experience: https://react.dev/link/react-devtools font-weight:bold @ http://localhost:3000/_next/static/chunks/f12ff_next_dist_95687940._.js:2302
[   43305ms] [LOG] [HMR] connected @ http://localhost:3000/_next/static/chunks/f12ff_next_dist_95687940._.js:2302
[   43602ms] [WARNING] Missing Algolia environment variables: ALGOLIA_API_KEY @ http://localhost:3000/_next/static/chunks/f12ff_next_dist_95687940._.js:2302
[   43604ms] [WARNING] Algolia admin client not available - missing credentials @ http://localhost:3000/_next/static/chunks/f12ff_next_dist_95687940._.js:2302
[   43604ms] [LOG] ✅ Algolia search client initialized successfully @ http://localhost:3000/_next/static/chunks/f12ff_next_dist_95687940._.js:2302
[   44084ms] [WARNING] Clerk: Clerk has been loaded with development keys. Development instances have strict usage limits and should not be used when deploying your application to production. Learn more: https://clerk.com/docs/deployments/overview @ http://localhost:3000/_next/static/chunks/f12ff_next_dist_95687940._.js:2302
[   44480ms] [LOG] [Fast Refresh] rebuilding @ http://localhost:3000/_next/static/chunks/f12ff_next_dist_95687940._.js:2302
[   44484ms] [WARNING] Image with src "/connecting-climate-minds-logo-white.png" was detected as the Largest Contentful Paint (LCP). Please add the `loading="eager"` property if this image is above the fold.
Read more: https://nextjs.org/docs/app/api-reference/components/image#loading @ http://localhost:3000/_next/static/chunks/f12ff_next_dist_95687940._.js:2302
[   46273ms] [WARNING] Ignoring Event: localhost @ http://localhost:3000/_next/static/chunks/f12ff_next_dist_95687940._.js:2302
[   46358ms] [INFO] Sanity is live with automatic revalidation of published content @ http://localhost:3000/_next/static/chunks/f12ff_next_dist_95687940._.js:2302
[   49681ms] [LOG] [Fast Refresh] done in 5318ms @ http://localhost:3000/_next/static/chunks/f12ff_next_dist_95687940._.js:2302
[   68714ms] [LOG] [Fast Refresh] rebuilding @ http://localhost:3000/_next/static/chunks/f12ff_next_dist_95687940._.js:2302
[   71468ms] [LOG] [Fast Refresh] done in 2868ms @ http://localhost:3000/_next/static/chunks/f12ff_next_dist_95687940._.js:2302
[  199137ms] [LOG] [Fast Refresh] rebuilding @ http://localhost:3000/_next/static/chunks/f12ff_next_dist_95687940._.js:2302
[  201117ms] [LOG] [Fast Refresh] done in 2048ms @ http://localhost:3000/_next/static/chunks/f12ff_next_dist_95687940._.js:2302
[  202234ms] [LOG] [Fast Refresh] rebuilding @ http://localhost:3000/_next/static/chunks/f12ff_next_dist_95687940._.js:2302
[  206034ms] [LOG] [Fast Refresh] done in 3899ms @ http://localhost:3000/_next/static/chunks/f12ff_next_dist_95687940._.js:2302
[  292506ms] [LOG] [Fast Refresh] rebuilding @ http://localhost:3000/_next/static/chunks/f12ff_next_dist_95687940._.js:2302
[  294017ms] [LOG] [Fast Refresh] done in 1565ms @ http://localhost:3000/_next/static/chunks/f12ff_next_dist_95687940._.js:2302
[  295502ms] [LOG] [Fast Refresh] rebuilding @ http://localhost:3000/_next/static/chunks/f12ff_next_dist_95687940._.js:2302
[  297795ms] [LOG] [Fast Refresh] done in 2398ms @ http://localhost:3000/_next/static/chunks/f12ff_next_dist_95687940._.js:2302
[  345240ms] [LOG] [Fast Refresh] rebuilding @ http://localhost:3000/_next/static/chunks/f12ff_next_dist_95687940._.js:2302
[  349264ms] [LOG] [Fast Refresh] done in 4305ms @ http://localhost:3000/_next/static/chunks/f12ff_next_dist_95687940._.js:2302
[  393474ms] [LOG] [Fast Refresh] rebuilding @ http://localhost:3000/_next/static/chunks/f12ff_next_dist_95687940._.js:2302
[  394927ms] [LOG] [Fast Refresh] done in 1503ms @ http://localhost:3000/_next/static/chunks/f12ff_next_dist_95687940._.js:2302
[  398282ms] [LOG] [Fast Refresh] rebuilding @ http://localhost:3000/_next/static/chunks/f12ff_next_dist_95687940._.js:2302
[  399427ms] [LOG] [Fast Refresh] done in 1249ms @ http://localhost:3000/_next/static/chunks/f12ff_next_dist_95687940._.js:2302
[  428680ms] [LOG] [Fast Refresh] rebuilding @ http://localhost:3000/_next/static/chunks/f12ff_next_dist_95687940._.js:2302
[  434590ms] [LOG] [Fast Refresh] done in 6011ms @ http://localhost:3000/_next/static/chunks/f12ff_next_dist_95687940._.js:2302
[  484599ms] [LOG] [Fast Refresh] rebuilding @ http://localhost:3000/_next/static/chunks/f12ff_next_dist_95687940._.js:2302
[  485808ms] [LOG] [Fast Refresh] done in 1301ms @ http://localhost:3000/_next/static/chunks/f12ff_next_dist_95687940._.js:2302
[  487325ms] [LOG] [Fast Refresh] rebuilding @ http://localhost:3000/_next/static/chunks/f12ff_next_dist_95687940._.js:2302
[  504431ms] [LOG] [Fast Refresh] done in 17204ms @ http://localhost:3000/_next/static/chunks/f12ff_next_dist_95687940._.js:2302
[  505847ms] [LOG] [Fast Refresh] rebuilding @ http://localhost:3000/_next/static/chunks/f12ff_next_dist_95687940._.js:2302
[  505869ms] [LOG] [Fast Refresh] done in 123ms @ http://localhost:3000/_next/static/chunks/f12ff_next_dist_95687940._.js:2302
[  506205ms] [LOG] [Fast Refresh] rebuilding @ http://localhost:3000/_next/static/chunks/f12ff_next_dist_95687940._.js:2302
[  506210ms] [LOG] [Fast Refresh] done in 106ms @ http://localhost:3000/_next/static/chunks/f12ff_next_dist_95687940._.js:2302
[  506743ms] [LOG] [Fast Refresh] rebuilding @ http://localhost:3000/_next/static/chunks/f12ff_next_dist_95687940._.js:2302
[  506788ms] [LOG] [Fast Refresh] done in 147ms @ http://localhost:3000/_next/static/chunks/f12ff_next_dist_95687940._.js:2302
