[     273ms] [LOG] [Fast Refresh] rebuilding @ http://localhost:3000/_next/static/chunks/f12ff_next_dist_95687940._.js:2302
[     339ms] [LOG] [Fast Refresh] done in 168ms @ http://localhost:3000/_next/static/chunks/f12ff_next_dist_95687940._.js:2302
[     647ms] [INFO] %cDownload the React DevTools for a better development experience: https://react.dev/link/react-devtools font-weight:bold @ http://localhost:3000/_next/static/chunks/f12ff_next_dist_95687940._.js:2302
[     718ms] [LOG] [HMR] connected @ http://localhost:3000/_next/static/chunks/f12ff_next_dist_95687940._.js:2302
[     764ms] [WARNING] Clerk: Clerk has been loaded with development keys. Development instances have strict usage limits and should not be used when deploying your application to production. Learn more: https://clerk.com/docs/deployments/overview @ http://localhost:3000/_next/static/chunks/f12ff_next_dist_95687940._.js:2302
[     829ms] [WARNING] Image with src "/connecting-climate-minds-logo-white.png" was detected as the Largest Contentful Paint (LCP). Please add the `loading="eager"` property if this image is above the fold.
Read more: https://nextjs.org/docs/app/api-reference/components/image#loading @ http://localhost:3000/_next/static/chunks/f12ff_next_dist_95687940._.js:2302
[    1038ms] [WARNING] Ignoring Event: localhost @ http://localhost:3000/_next/static/chunks/f12ff_next_dist_95687940._.js:2302
[    1143ms] [INFO] Sanity is live with automatic revalidation of published content @ http://localhost:3000/_next/static/chunks/f12ff_next_dist_95687940._.js:2302
[   87649ms] [LOG] [Fast Refresh] rebuilding @ http://localhost:3000/_next/static/chunks/f12ff_next_dist_95687940._.js:2302
[   88988ms] [LOG] [Fast Refresh] done in 1415ms @ http://localhost:3000/_next/static/chunks/f12ff_next_dist_95687940._.js:2302
[   89102ms] [LOG] [Fast Refresh] rebuilding @ http://localhost:3000/_next/static/chunks/f12ff_next_dist_95687940._.js:2302
[   89568ms] [LOG] [Fast Refresh] done in 567ms @ http://localhost:3000/_next/static/chunks/f12ff_next_dist_95687940._.js:2302
[  113280ms] [LOG] [Fast Refresh] rebuilding @ http://localhost:3000/_next/static/chunks/f12ff_next_dist_95687940._.js:2302
[  113420ms] [LOG] [Fast Refresh] done in 241ms @ http://localhost:3000/_next/static/chunks/f12ff_next_dist_95687940._.js:2302
[  113701ms] [WARNING] %c%s%c [@portabletext/react] Unknown block type "image", specify a component for it in the `components.types` prop background: #e6e6e6;background: light-dark(rgba(0,0,0,0.1), rgba(255,255,255,0.25));color: #000000;color: light-dark(#000000, #ffffff);border-radius: 2px  Server   @ http://localhost:3000/_next/static/chunks/f12ff_next_dist_95687940._.js:2302
[  113740ms] [WARNING] Ignoring Event: localhost @ http://localhost:3000/_next/static/chunks/f12ff_next_dist_95687940._.js:2302
[  113833ms] [LOG] [Fast Refresh] rebuilding @ http://localhost:3000/_next/static/chunks/f12ff_next_dist_95687940._.js:2302
[  113835ms] [LOG] [Fast Refresh] done in 104ms @ http://localhost:3000/_next/static/chunks/f12ff_next_dist_95687940._.js:2302
[  115601ms] [WARNING] Ignoring Event: localhost @ http://localhost:3000/_next/static/chunks/f12ff_next_dist_95687940._.js:2302
[  116538ms] [LOG] [Fast Refresh] rebuilding @ http://localhost:3000/_next/static/chunks/f12ff_next_dist_95687940._.js:2302
[  116607ms] [LOG] [Fast Refresh] done in 169ms @ http://localhost:3000/_next/static/chunks/f12ff_next_dist_95687940._.js:2302
[  131355ms] [LOG] [Fast Refresh] rebuilding @ http://localhost:3000/_next/static/chunks/f12ff_next_dist_95687940._.js:2302
[  131879ms] [LOG] [Fast Refresh] done in 613ms @ http://localhost:3000/_next/static/chunks/f12ff_next_dist_95687940._.js:2302
[  132017ms] [LOG] [Fast Refresh] rebuilding @ http://localhost:3000/_next/static/chunks/f12ff_next_dist_95687940._.js:2302
[  132562ms] [LOG] [Fast Refresh] done in 646ms @ http://localhost:3000/_next/static/chunks/f12ff_next_dist_95687940._.js:2302
[  162321ms] [LOG] [Fast Refresh] rebuilding @ http://localhost:3000/_next/static/chunks/f12ff_next_dist_95687940._.js:2302
[  162624ms] [LOG] [Fast Refresh] done in 329ms @ http://localhost:3000/_next/static/chunks/f12ff_next_dist_95687940._.js:2302
[  163015ms] [LOG] [Fast Refresh] rebuilding @ http://localhost:3000/_next/static/chunks/f12ff_next_dist_95687940._.js:2302
[  163766ms] [LOG] [Fast Refresh] done in 852ms @ http://localhost:3000/_next/static/chunks/f12ff_next_dist_95687940._.js:2302
[  176042ms] [WARNING] Ignoring Event: localhost @ http://localhost:3000/_next/static/chunks/f12ff_next_dist_95687940._.js:2302
