[     -37ms] [WARNING] Ignoring Event: localhost @ http://localhost:3001/_next/static/chunks/f12ff_next_dist_95687940._.js:2302
[     -36ms] [LOG] [Fast Refresh] done in 527ms @ http://localhost:3001/_next/static/chunks/f12ff_next_dist_95687940._.js:2302
[      23ms] [ERROR] Access to resource at 'https://gm67v7rk.api.sanity.io/v2024-04-24/data/live/events/development?tag=next-loader.live' from origin 'http://localhost:3001' has been blocked by CORS policy: No 'Access-Control-Allow-Origin' header is present on the requested resource. @ http://localhost:3001/en:0
[      24ms] [ERROR] Failed to load resource: net::ERR_FAILED @ https://gm67v7rk.api.sanity.io/v2024-04-24/data/live/events/development?tag=next-loader.live:0
[      54ms] [ERROR] Access to fetch at 'https://gm67v7rk.api.sanity.io/v2024-04-24/data/live/events/development?tag=next-loader.live' from origin 'http://localhost:3001' has been blocked by CORS policy: Response to preflight request doesn't pass access control check: No 'Access-Control-Allow-Origin' header is present on the requested resource. @ http://localhost:3001/en:0
[      54ms] [ERROR] Failed to load resource: net::ERR_FAILED @ https://gm67v7rk.api.sanity.io/v2024-04-24/data/live/events/development?tag=next-loader.live:0
[      78ms] [ERROR] Access to fetch at 'https://gm67v7rk.api.sanity.io/v2024-04-24/data/live/events/development?tag=next-loader.live' from origin 'http://localhost:3001' has been blocked by CORS policy: Response to preflight request doesn't pass access control check: No 'Access-Control-Allow-Origin' header is present on the requested resource. @ http://localhost:3001/en:0
[      78ms] [ERROR] Failed to load resource: net::ERR_FAILED @ https://gm67v7rk.api.sanity.io/v2024-04-24/data/live/events/development?tag=next-loader.live:0
[      78ms] [WARNING] Sanity Live is unable to connect to the Sanity API as the current origin - http://localhost:3001 - is not in the list of allowed CORS origins for this Sanity Project. Add it here: https://sanity.io/manage/project/gm67v7rk/api?cors=add&origin=http%3A%2F%2Flocalhost%3A3001 @ http://localhost:3001/_next/static/chunks/f12ff_next_dist_95687940._.js:2302
[     171ms] [LOG] [Fast Refresh] rebuilding @ http://localhost:3001/_next/static/chunks/f12ff_next_dist_95687940._.js:2302
[     203ms] [LOG] [Fast Refresh] done in 134ms @ http://localhost:3001/_next/static/chunks/f12ff_next_dist_95687940._.js:2302
[     313ms] [LOG] [Fast Refresh] rebuilding @ http://localhost:3001/_next/static/chunks/f12ff_next_dist_95687940._.js:2302
[     669ms] [LOG] [Fast Refresh] done in 457ms @ http://localhost:3001/_next/static/chunks/f12ff_next_dist_95687940._.js:2302
[    3918ms] [INFO] %cDownload the React DevTools for a better development experience: https://react.dev/link/react-devtools font-weight:bold @ http://localhost:3001/_next/static/chunks/f12ff_next_dist_95687940._.js:2302
[    4035ms] [LOG] [HMR] connected @ http://localhost:3001/_next/static/chunks/f12ff_next_dist_95687940._.js:2302
[    4047ms] [WARNING] Missing Algolia environment variables: ALGOLIA_API_KEY @ http://localhost:3001/_next/static/chunks/f12ff_next_dist_95687940._.js:2302
[    4047ms] [WARNING] Algolia admin client not available - missing credentials @ http://localhost:3001/_next/static/chunks/f12ff_next_dist_95687940._.js:2302
[    4047ms] [LOG] ✅ Algolia search client initialized successfully @ http://localhost:3001/_next/static/chunks/f12ff_next_dist_95687940._.js:2302
[    4063ms] [WARNING] Image with src "/connecting-climate-minds-logo-white.png" was detected as the Largest Contentful Paint (LCP). Please add the `loading="eager"` property if this image is above the fold.
Read more: https://nextjs.org/docs/app/api-reference/components/image#loading @ http://localhost:3001/_next/static/chunks/f12ff_next_dist_95687940._.js:2302
[    4392ms] [WARNING] Ignoring Event: localhost @ http://localhost:3001/_next/static/chunks/f12ff_next_dist_95687940._.js:2302
[    4428ms] [ERROR] Access to resource at 'https://gm67v7rk.api.sanity.io/v2024-04-24/data/live/events/development?tag=next-loader.live' from origin 'http://localhost:3001' has been blocked by CORS policy: No 'Access-Control-Allow-Origin' header is present on the requested resource. @ http://localhost:3001/en/collaborations/cmqqpqyey0003oky2hufx7h7d:0
[    4429ms] [ERROR] Failed to load resource: net::ERR_FAILED @ https://gm67v7rk.api.sanity.io/v2024-04-24/data/live/events/development?tag=next-loader.live:0
[    4437ms] [WARNING] Clerk: Clerk has been loaded with development keys. Development instances have strict usage limits and should not be used when deploying your application to production. Learn more: https://clerk.com/docs/deployments/overview @ http://localhost:3001/_next/static/chunks/f12ff_next_dist_95687940._.js:2302
[    4480ms] [ERROR] Access to fetch at 'https://gm67v7rk.api.sanity.io/v2024-04-24/data/live/events/development?tag=next-loader.live' from origin 'http://localhost:3001' has been blocked by CORS policy: Response to preflight request doesn't pass access control check: No 'Access-Control-Allow-Origin' header is present on the requested resource. @ http://localhost:3001/en/collaborations/cmqqpqyey0003oky2hufx7h7d:0
[    4480ms] [ERROR] Failed to load resource: net::ERR_FAILED @ https://gm67v7rk.api.sanity.io/v2024-04-24/data/live/events/development?tag=next-loader.live:0
[    4582ms] [ERROR] Access to fetch at 'https://gm67v7rk.api.sanity.io/v2024-04-24/data/live/events/development?tag=next-loader.live' from origin 'http://localhost:3001' has been blocked by CORS policy: Response to preflight request doesn't pass access control check: No 'Access-Control-Allow-Origin' header is present on the requested resource. @ http://localhost:3001/en/collaborations/cmqqpqyey0003oky2hufx7h7d:0
[    4582ms] [ERROR] Failed to load resource: net::ERR_FAILED @ https://gm67v7rk.api.sanity.io/v2024-04-24/data/live/events/development?tag=next-loader.live:0
[    4582ms] [WARNING] Sanity Live is unable to connect to the Sanity API as the current origin - http://localhost:3001 - is not in the list of allowed CORS origins for this Sanity Project. Add it here: https://sanity.io/manage/project/gm67v7rk/api?cors=add&origin=http%3A%2F%2Flocalhost%3A3001 @ http://localhost:3001/_next/static/chunks/f12ff_next_dist_95687940._.js:2302
[   51619ms] [LOG] [Fast Refresh] rebuilding @ http://localhost:3001/_next/static/chunks/f12ff_next_dist_95687940._.js:2302
[   52813ms] [LOG] [Fast Refresh] done in 1265ms @ http://localhost:3001/_next/static/chunks/f12ff_next_dist_95687940._.js:2302
[ 6324717ms] [LOG] [HMR] connected @ http://localhost:3001/_next/static/chunks/f12ff_next_dist_95687940._.js:2302
[ 6324866ms] [LOG] [Fast Refresh] rebuilding @ http://localhost:3001/_next/static/chunks/f12ff_next_dist_95687940._.js:2302
[ 6324919ms] [LOG] [Fast Refresh] done in 155ms @ http://localhost:3001/_next/static/chunks/f12ff_next_dist_95687940._.js:2302
[ 9367688ms] [LOG] [Fast Refresh] rebuilding @ http://localhost:3001/_next/static/chunks/f12ff_next_dist_95687940._.js:2302
[ 9367932ms] [LOG] [Fast Refresh] done in 349ms @ http://localhost:3001/_next/static/chunks/f12ff_next_dist_95687940._.js:2302
[11857315ms] [ERROR] Connecting to 'https://clerk-telemetry.com/v1/event' violates the following Content Security Policy directive: "connect-src 'self' https://*.clerk.com https://clerk.connectingclimateminds.org https://*.clerk.accounts.dev https://*.algolia.net https://*.algolianet.com https://plausible.io https://*.sanity.io https://*.r2.cloudflarestorage.com https://*.upstash.io https://*.ingest.sentry.io https://*.ingest.us.sentry.io https://*.ingest.de.sentry.io". The action has been blocked. @ https://generous-hagfish-7.clerk.accounts.dev/npm/@clerk/clerk-js@5/dist/clerk.browser.js:18
[11857318ms] [ERROR] Fetch API cannot load https://clerk-telemetry.com/v1/event. Refused to connect because it violates the document's Content Security Policy. @ https://generous-hagfish-7.clerk.accounts.dev/npm/@clerk/clerk-js@5/dist/clerk.browser.js:18
[12983275ms] [LOG] [Fast Refresh] rebuilding @ http://localhost:3001/_next/static/chunks/f12ff_next_dist_95687940._.js:2302
[12983923ms] [LOG] [Fast Refresh] done in 751ms @ http://localhost:3001/_next/static/chunks/f12ff_next_dist_95687940._.js:2302
[13012779ms] [LOG] [Fast Refresh] rebuilding @ http://localhost:3001/_next/static/chunks/f12ff_next_dist_95687940._.js:2302
[13013173ms] [LOG] [Fast Refresh] done in 496ms @ http://localhost:3001/_next/static/chunks/f12ff_next_dist_95687940._.js:2302
[13015474ms] [LOG] [Fast Refresh] rebuilding @ http://localhost:3001/_next/static/chunks/f12ff_next_dist_95687940._.js:2302
[13015733ms] [LOG] [Fast Refresh] done in 360ms @ http://localhost:3001/_next/static/chunks/f12ff_next_dist_95687940._.js:2302
[13018499ms] [LOG] [Client Instrumentation Hook] Slow execution detected: 20ms (Note: Code download overhead is not included in this measurement) @ http://localhost:3001/_next/static/chunks/f12ff_next_dist_95687940._.js:1530
[13018576ms] [INFO] %cDownload the React DevTools for a better development experience: https://react.dev/link/react-devtools font-weight:bold @ http://localhost:3001/_next/static/chunks/f12ff_next_dist_95687940._.js:2302
[13019984ms] [LOG] [HMR] connected @ http://localhost:3001/_next/static/chunks/f12ff_next_dist_95687940._.js:2302
[13020229ms] [WARNING] Clerk: Clerk has been loaded with development keys. Development instances have strict usage limits and should not be used when deploying your application to production. Learn more: https://clerk.com/docs/deployments/overview @ http://localhost:3001/_next/static/chunks/f12ff_next_dist_95687940._.js:2302
[13020265ms] [LOG] [Fast Refresh] rebuilding @ http://localhost:3001/_next/static/chunks/f12ff_next_dist_95687940._.js:2302
[13020307ms] [LOG] [Fast Refresh] done in 208ms @ http://localhost:3001/_next/static/chunks/f12ff_next_dist_95687940._.js:2302
[13020350ms] [WARNING] Missing Algolia environment variables: ALGOLIA_API_KEY @ http://localhost:3001/_next/static/chunks/f12ff_next_dist_95687940._.js:2302
[13020350ms] [WARNING] Algolia admin client not available - missing credentials @ http://localhost:3001/_next/static/chunks/f12ff_next_dist_95687940._.js:2302
[13020350ms] [LOG] ✅ Algolia search client initialized successfully @ http://localhost:3001/_next/static/chunks/f12ff_next_dist_95687940._.js:2302
[13020559ms] [WARNING] Ignoring Event: localhost @ http://localhost:3001/_next/static/chunks/f12ff_next_dist_95687940._.js:2302
[13020655ms] [ERROR] Access to resource at 'https://gm67v7rk.api.sanity.io/v2024-04-24/data/live/events/development?tag=next-loader.live' from origin 'http://localhost:3001' has been blocked by CORS policy: No 'Access-Control-Allow-Origin' header is present on the requested resource. @ http://localhost:3001/en/collaborations/cmqqpqyey0003oky2hufx7h7d:0
[13020656ms] [ERROR] Failed to load resource: net::ERR_FAILED @ https://gm67v7rk.api.sanity.io/v2024-04-24/data/live/events/development?tag=next-loader.live:0
[13020692ms] [ERROR] Access to fetch at 'https://gm67v7rk.api.sanity.io/v2024-04-24/data/live/events/development?tag=next-loader.live' from origin 'http://localhost:3001' has been blocked by CORS policy: Response to preflight request doesn't pass access control check: No 'Access-Control-Allow-Origin' header is present on the requested resource. @ http://localhost:3001/en/collaborations/cmqqpqyey0003oky2hufx7h7d:0
[13020692ms] [ERROR] Failed to load resource: net::ERR_FAILED @ https://gm67v7rk.api.sanity.io/v2024-04-24/data/live/events/development?tag=next-loader.live:0
[13020719ms] [ERROR] Access to fetch at 'https://gm67v7rk.api.sanity.io/v2024-04-24/data/live/events/development?tag=next-loader.live' from origin 'http://localhost:3001' has been blocked by CORS policy: Response to preflight request doesn't pass access control check: No 'Access-Control-Allow-Origin' header is present on the requested resource. @ http://localhost:3001/en/collaborations/cmqqpqyey0003oky2hufx7h7d:0
[13020719ms] [ERROR] Failed to load resource: net::ERR_FAILED @ https://gm67v7rk.api.sanity.io/v2024-04-24/data/live/events/development?tag=next-loader.live:0
[13020719ms] [WARNING] Sanity Live is unable to connect to the Sanity API as the current origin - http://localhost:3001 - is not in the list of allowed CORS origins for this Sanity Project. Add it here: https://sanity.io/manage/project/gm67v7rk/api?cors=add&origin=http%3A%2F%2Flocalhost%3A3001 @ http://localhost:3001/_next/static/chunks/f12ff_next_dist_95687940._.js:2302
[13063562ms] [LOG] [Fast Refresh] rebuilding @ http://localhost:3001/_next/static/chunks/f12ff_next_dist_95687940._.js:2302
[13063590ms] [LOG] [Fast Refresh] done in 130ms @ http://localhost:3001/_next/static/chunks/f12ff_next_dist_95687940._.js:2302
[13065319ms] [WARNING] %c%s%c PortableText block detected in page blocks array. This should be rendered via PortableTextRenderer, not Blocks component. background: #e6e6e6;background: light-dark(rgba(0,0,0,0.1), rgba(255,255,255,0.25));color: #000000;color: light-dark(#000000, #ffffff);border-radius: 2px  Server   ukren1 @ http://localhost:3001/_next/static/chunks/f12ff_next_dist_95687940._.js:2302
[13065319ms] [WARNING] %c%s%c PortableText block detected in page blocks array. This should be rendered via PortableTextRenderer, not Blocks component. background: #e6e6e6;background: light-dark(rgba(0,0,0,0.1), rgba(255,255,255,0.25));color: #000000;color: light-dark(#000000, #ffffff);border-radius: 2px  Server   wm4f29 @ http://localhost:3001/_next/static/chunks/f12ff_next_dist_95687940._.js:2302
[13065319ms] [WARNING] %c%s%c PortableText block detected in page blocks array. This should be rendered via PortableTextRenderer, not Blocks component. background: #e6e6e6;background: light-dark(rgba(0,0,0,0.1), rgba(255,255,255,0.25));color: #000000;color: light-dark(#000000, #ffffff);border-radius: 2px  Server   20o54t @ http://localhost:3001/_next/static/chunks/f12ff_next_dist_95687940._.js:2302
[13065383ms] [WARNING] Ignoring Event: localhost @ http://localhost:3001/_next/static/chunks/f12ff_next_dist_95687940._.js:2302
[13065712ms] [ERROR] Failed to load resource: the server responded with a status of 404 (Not Found) @ http://localhost:3001/_next/image?url=https%3A%2F%2Fcdn.sanity.io%2Fimages%2Fgm67v7rk%2Fdevelopment%2F4d9d7a94f2c8f2dad9da4d47b702bc091a8795c6-750x750.webp%3Ffm%3Dwebp%26fit%3Dmax&w=256&q=75:0
[13065717ms] [ERROR] Failed to load resource: the server responded with a status of 404 (Not Found) @ http://localhost:3001/_next/image?url=https%3A%2F%2Fcdn.sanity.io%2Fimages%2Fgm67v7rk%2Fdevelopment%2Feda83dfa50044686af5c5460a7357193fdafe434-750x750.webp%3Ffm%3Dwebp%26fit%3Dmax&w=256&q=75:0
[13065718ms] [ERROR] Failed to load resource: the server responded with a status of 404 (Not Found) @ http://localhost:3001/_next/image?url=https%3A%2F%2Fcdn.sanity.io%2Fimages%2Fgm67v7rk%2Fdevelopment%2F11af89ad0f6b46dd87a02de8bd5709815561c12e-750x750.webp%3Ffm%3Dwebp%26fit%3Dmax&w=256&q=75:0
[13065719ms] [ERROR] Failed to load resource: the server responded with a status of 404 (Not Found) @ http://localhost:3001/_next/image?url=https%3A%2F%2Fcdn.sanity.io%2Fimages%2Fgm67v7rk%2Fdevelopment%2F41c12b03acf832baf1a7bc1dd79c3bcd9854dadf-3937x4096.webp%3Fw%3D1100%26fm%3Dwebp%26fit%3Dmax&w=1200&q=75:0
[13065721ms] [ERROR] Failed to load resource: the server responded with a status of 404 (Not Found) @ http://localhost:3001/_next/image?url=https%3A%2F%2Fcdn.sanity.io%2Fimages%2Fgm67v7rk%2Fdevelopment%2F9596343a0722c7e501a5c63912b85e75a989ed3a-828x716.webp%3Fw%3D1100%26fm%3Dwebp%26fit%3Dmax&w=1200&q=75:0
[13065723ms] [ERROR] Failed to load resource: the server responded with a status of 404 (Not Found) @ http://localhost:3001/_next/image?url=https%3A%2F%2Fcdn.sanity.io%2Fimages%2Fgm67v7rk%2Fdevelopment%2F7131d0c3058e42bdacb40588daaa07ca3bf11b5f-2083x1488.png%3Fw%3D1100%26fm%3Dwebp%26fit%3Dmax&w=1200&q=75:0
[13065740ms] [ERROR] Failed to load resource: the server responded with a status of 404 (Not Found) @ http://localhost:3001/_next/image?url=https%3A%2F%2Fcdn.sanity.io%2Fimages%2Fgm67v7rk%2Fdevelopment%2Fd800ae0083a85016fd1640ec6a414b5dfd8217f1-3840x2160.png%3Frect%3D299%2C0%2C3242%2C2160%26w%3D800%26h%3D533%26fit%3Dcrop%26auto%3Dformat&w=828&q=75:0
[13065741ms] [ERROR] Failed to load resource: the server responded with a status of 404 (Not Found) @ http://localhost:3001/_next/image?url=https%3A%2F%2Fcdn.sanity.io%2Fimages%2Fgm67v7rk%2Fdevelopment%2Fa188992df760eecc7333d6fbe0c264d859fb3523-3840x2160.png%3Frect%3D299%2C0%2C3242%2C2160%26w%3D800%26h%3D533%26fit%3Dcrop%26auto%3Dformat&w=828&q=75:0
[13065743ms] [ERROR] Failed to load resource: the server responded with a status of 404 (Not Found) @ http://localhost:3001/_next/image?url=https%3A%2F%2Fcdn.sanity.io%2Fimages%2Fgm67v7rk%2Fdevelopment%2F5a171b7507c1d52a3190bd70967050359220c0d8-3840x2160.png%3Frect%3D299%2C0%2C3242%2C2160%26w%3D800%26h%3D533%26fit%3Dcrop%26auto%3Dformat&w=828&q=75:0
[13067042ms] [ERROR] Failed to load resource: the server responded with a status of 404 (Not Found) @ http://localhost:3001/_next/image?url=https%3A%2F%2Fcdn.sanity.io%2Fimages%2Fgm67v7rk%2Fdevelopment%2F57cb29c17a2461ae75ee12f8427837d0ee0dabe7-1920x1080.webp%3Frect%3D150%2C0%2C1621%2C1080%26w%3D800%26h%3D533%26fit%3Dcrop%26auto%3Dformat&w=828&q=75:0
[13067045ms] [ERROR] Failed to load resource: the server responded with a status of 404 (Not Found) @ http://localhost:3001/_next/image?url=https%3A%2F%2Fcdn.sanity.io%2Fimages%2Fgm67v7rk%2Fdevelopment%2F55c6db4f9014a38d8f96aad25fbaa3295abc68e4-1920x1080.webp%3Frect%3D150%2C0%2C1621%2C1080%26w%3D800%26h%3D533%26fit%3Dcrop%26auto%3Dformat&w=828&q=75:0
[13067047ms] [ERROR] Failed to load resource: the server responded with a status of 404 (Not Found) @ http://localhost:3001/_next/image?url=https%3A%2F%2Fcdn.sanity.io%2Fimages%2Fgm67v7rk%2Fdevelopment%2F4a3f03eb4bac43c6d93ce72a569d4de47637ccd4-1920x1080.webp%3Frect%3D150%2C0%2C1621%2C1080%26w%3D800%26h%3D533%26fit%3Dcrop%26auto%3Dformat&w=828&q=75:0
[13067218ms] [ERROR] Failed to load resource: the server responded with a status of 404 (Not Found) @ http://localhost:3001/_next/image?url=https%3A%2F%2Fcdn.sanity.io%2Fimages%2Fgm67v7rk%2Fdevelopment%2F82a8471785a1948de6dc2263076553c20ea83a8a-1920x1080.webp%3Frect%3D150%2C0%2C1621%2C1080%26w%3D800%26h%3D533%26fit%3Dcrop%26auto%3Dformat&w=828&q=75:0
[13067221ms] [ERROR] Failed to load resource: the server responded with a status of 404 (Not Found) @ http://localhost:3001/_next/image?url=https%3A%2F%2Fcdn.sanity.io%2Fimages%2Fgm67v7rk%2Fdevelopment%2F8f182169a67886cf95906ec92a3beb8ff792e6ae-1920x1080.webp%3Frect%3D150%2C0%2C1621%2C1080%26w%3D800%26h%3D533%26fit%3Dcrop%26auto%3Dformat&w=828&q=75:0
[13067223ms] [ERROR] Failed to load resource: the server responded with a status of 404 (Not Found) @ http://localhost:3001/_next/image?url=https%3A%2F%2Fcdn.sanity.io%2Fimages%2Fgm67v7rk%2Fdevelopment%2Fe2ad835ed91c9e4296e1436fd8dd63d5d8ce5fcf-1920x1080.webp%3Frect%3D150%2C0%2C1621%2C1080%26w%3D800%26h%3D533%26fit%3Dcrop%26auto%3Dformat&w=828&q=75:0
[13068856ms] [ERROR] Failed to load resource: the server responded with a status of 404 (Not Found) @ http://localhost:3001/_next/image?url=https%3A%2F%2Fcdn.sanity.io%2Fimages%2Fgm67v7rk%2Fdevelopment%2F3d248e796789c6d5cd9cb4af3dd45b915348f0f1-1920x1080.webp%3Frect%3D150%2C0%2C1621%2C1080%26w%3D800%26h%3D533%26fit%3Dcrop%26auto%3Dformat&w=828&q=75:0
[13068926ms] [ERROR] Failed to load resource: the server responded with a status of 404 (Not Found) @ http://localhost:3001/_next/image?url=https%3A%2F%2Fcdn.sanity.io%2Fimages%2Fgm67v7rk%2Fdevelopment%2F57418cdb829659625ab81fb7a141aec3ba10dfa2-640x666.webp%3Fw%3D1100%26fm%3Dwebp%26fit%3Dmax&w=1200&q=75:0
[13069046ms] [ERROR] Failed to load resource: the server responded with a status of 404 (Not Found) @ http://localhost:3001/_next/image?url=https%3A%2F%2Fcdn.sanity.io%2Fimages%2Fgm67v7rk%2Fdevelopment%2F4808835b193451a77f9f87fd3cccd1d686805cbe-1200x630.jpg%3Frect%3D127%2C0%2C946%2C630%26w%3D800%26h%3D533%26fit%3Dcrop%26auto%3Dformat&w=828&q=75:0
[13069068ms] [ERROR] Failed to load resource: the server responded with a status of 404 (Not Found) @ http://localhost:3001/_next/image?url=https%3A%2F%2Fcdn.sanity.io%2Fimages%2Fgm67v7rk%2Fdevelopment%2F1e53c8216d88a819ddc8ef94749e4f380103ee4e-3840x1280.heif%3Frect%3D960%2C0%2C1921%2C1280%26w%3D800%26h%3D533%26fit%3Dcrop%26auto%3Dformat&w=828&q=75:0
[13069363ms] [ERROR] Failed to load resource: the server responded with a status of 404 (Not Found) @ http://localhost:3001/_next/image?url=https%3A%2F%2Fcdn.sanity.io%2Fimages%2Fgm67v7rk%2Fdevelopment%2F0316fdac42c8440a3ccd61ff5ca6d65582068426-640x603.webp%3Fw%3D1100%26fm%3Dwebp%26fit%3Dmax&w=1200&q=75:0
[13070098ms] [ERROR] Failed to load resource: the server responded with a status of 404 (Not Found) @ http://localhost:3001/_next/image?url=https%3A%2F%2Fcdn.sanity.io%2Fimages%2Fgm67v7rk%2Fdevelopment%2F74293faba6e6038a03b01b21d417b6284da694dc-750x750.webp%3Ffm%3Dwebp%26fit%3Dmax&w=256&q=75:0
[13070109ms] [ERROR] Failed to load resource: the server responded with a status of 404 (Not Found) @ http://localhost:3001/_next/image?url=https%3A%2F%2Fcdn.sanity.io%2Fimages%2Fgm67v7rk%2Fdevelopment%2F38d69bc1d7ab168e940dafa51abc4837d967d691-750x750.webp%3Ffm%3Dwebp%26fit%3Dmax&w=256&q=75:0
[13070132ms] [ERROR] Failed to load resource: the server responded with a status of 404 (Not Found) @ http://localhost:3001/_next/image?url=https%3A%2F%2Fcdn.sanity.io%2Fimages%2Fgm67v7rk%2Fdevelopment%2F5efd81114e5949e05f8b5eecfbb48b7a6b9b1d18-384x281.webp%3Ffm%3Dwebp%26fit%3Dmax&w=256&q=75:0
[13070142ms] [ERROR] Failed to load resource: the server responded with a status of 404 (Not Found) @ http://localhost:3001/_next/image?url=https%3A%2F%2Fcdn.sanity.io%2Fimages%2Fgm67v7rk%2Fdevelopment%2Fa7e6dc310b622f00ead8abddd65762ff80b1c104-750x750.webp%3Ffm%3Dwebp%26fit%3Dmax&w=256&q=75:0
[13070147ms] [ERROR] Failed to load resource: the server responded with a status of 404 (Not Found) @ http://localhost:3001/_next/image?url=https%3A%2F%2Fcdn.sanity.io%2Fimages%2Fgm67v7rk%2Fdevelopment%2Fab11d65d7b66f84578619c8b018a04fbc60559ca-750x549.webp%3Ffm%3Dwebp%26fit%3Dmax&w=256&q=75:0
[13070994ms] [ERROR] Failed to load resource: the server responded with a status of 404 (Not Found) @ http://localhost:3001/_next/image?url=https%3A%2F%2Fcdn.sanity.io%2Fimages%2Fgm67v7rk%2Fdevelopment%2F6437b4ba6cb5b4f299f64692dc7806d2fceac7ef-750x549.webp%3Ffm%3Dwebp%26fit%3Dmax&w=256&q=75:0
[13283190ms] [LOG] [Fast Refresh] rebuilding @ http://localhost:3001/_next/static/chunks/f12ff_next_dist_95687940._.js:2302
[13283750ms] [LOG] [Fast Refresh] done in 664ms @ http://localhost:3001/_next/static/chunks/f12ff_next_dist_95687940._.js:2302
[13290273ms] [LOG] [Fast Refresh] rebuilding @ http://localhost:3001/_next/static/chunks/f12ff_next_dist_95687940._.js:2302
[13299922ms] [LOG] [Fast Refresh] done in 9742ms @ http://localhost:3001/_next/static/chunks/f12ff_next_dist_95687940._.js:2302
[13303561ms] [LOG] [Fast Refresh] rebuilding @ http://localhost:3001/_next/static/chunks/f12ff_next_dist_95687940._.js:2302
[13303775ms] [LOG] [Fast Refresh] done in 314ms @ http://localhost:3001/_next/static/chunks/f12ff_next_dist_95687940._.js:2302
[13304085ms] [WARNING] %c%s%c PortableText block detected in page blocks array. This should be rendered via PortableTextRenderer, not Blocks component. background: #e6e6e6;background: light-dark(rgba(0,0,0,0.1), rgba(255,255,255,0.25));color: #000000;color: light-dark(#000000, #ffffff);border-radius: 2px  Server   65637bb0d5b1 @ http://localhost:3001/_next/static/chunks/f12ff_next_dist_95687940._.js:2302
[13304086ms] [WARNING] %c%s%c PortableText block detected in page blocks array. This should be rendered via PortableTextRenderer, not Blocks component. background: #e6e6e6;background: light-dark(rgba(0,0,0,0.1), rgba(255,255,255,0.25));color: #000000;color: light-dark(#000000, #ffffff);border-radius: 2px  Server   7cd1800b06a3 @ http://localhost:3001/_next/static/chunks/f12ff_next_dist_95687940._.js:2302
[13304397ms] [WARNING] Ignoring Event: localhost @ http://localhost:3001/_next/static/chunks/f12ff_next_dist_95687940._.js:2302
[13304644ms] [ERROR] Failed to load resource: the server responded with a status of 404 (Not Found) @ http://localhost:3001/_next/image?url=https%3A%2F%2Fcdn.sanity.io%2Fimages%2Fgm67v7rk%2Fdevelopment%2F82e51c65ba89bca23e270406d475a550ae361f8a-1054x772.png%3Ffm%3Dwebp%26fit%3Dmax&w=256&q=75:0
[13304649ms] [ERROR] Failed to load resource: the server responded with a status of 404 (Not Found) @ http://localhost:3001/_next/image?url=https%3A%2F%2Fcdn.sanity.io%2Fimages%2Fgm67v7rk%2Fdevelopment%2F996b457dd199d9cfc5bf382aa6fe5f094ed2a102-1054x772.png%3Ffm%3Dwebp%26fit%3Dmax&w=256&q=75:0
[13304696ms] [ERROR] Failed to load resource: the server responded with a status of 404 (Not Found) @ http://localhost:3001/_next/image?url=https%3A%2F%2Fcdn.sanity.io%2Fimages%2Fgm67v7rk%2Fdevelopment%2F261fa3551e22bb1f3827967b8f351239d99eef88-1054x772.png%3Ffm%3Dwebp%26fit%3Dmax&w=256&q=75:0
[13306006ms] [ERROR] Failed to load resource: the server responded with a status of 404 (Not Found) @ http://localhost:3001/_next/image?url=https%3A%2F%2Fcdn.sanity.io%2Fimages%2Fgm67v7rk%2Fdevelopment%2F050f2313c967c3868bc67de1ea58ff4e937cf465-1612x1612.png%3Fw%3D1100%26fm%3Dwebp%26fit%3Dmax&w=1200&q=75:0
[13306061ms] [ERROR] Failed to load resource: the server responded with a status of 404 (Not Found) @ http://localhost:3001/_next/image?url=https%3A%2F%2Fcdn.sanity.io%2Fimages%2Fgm67v7rk%2Fdevelopment%2Fef5efaa22ca6b69efd05840cc7a09094a22f3dba-1920x1080.jpg%3Fw%3D1100%26fm%3Dwebp%26fit%3Dmax&w=1200&q=75:0
[13306063ms] [ERROR] Failed to load resource: the server responded with a status of 404 (Not Found) @ http://localhost:3001/_next/image?url=https%3A%2F%2Fcdn.sanity.io%2Fimages%2Fgm67v7rk%2Fdevelopment%2F34e0ba8b9830188be002a51f7d8628ec382cee7e-1920x1080.jpg%3Frect%3D150%2C0%2C1621%2C1080%26w%3D800%26h%3D533%26fit%3Dcrop%26auto%3Dformat&w=828&q=75:0
[13306421ms] [ERROR] Failed to load resource: the server responded with a status of 404 (Not Found) @ http://localhost:3001/_next/image?url=https%3A%2F%2Fcdn.sanity.io%2Fimages%2Fgm67v7rk%2Fdevelopment%2F4fc643764730c1a9d2bac75a9a4c562e9e16376b-1612x1612.png%3Ffm%3Dwebp%26fit%3Dmax&w=640&q=75:0
[13319106ms] [LOG] [Fast Refresh] rebuilding @ http://localhost:3001/_next/static/chunks/f12ff_next_dist_95687940._.js:2302
[13322460ms] [LOG] [Fast Refresh] done in 3458ms @ http://localhost:3001/_next/static/chunks/f12ff_next_dist_95687940._.js:2302
[13324711ms] [WARNING] Ignoring Event: localhost @ http://localhost:3001/_next/static/chunks/f12ff_next_dist_95687940._.js:2302
[13324966ms] [LOG] [Fast Refresh] rebuilding @ http://localhost:3001/_next/static/chunks/f12ff_next_dist_95687940._.js:2302
[13325063ms] [LOG] [Fast Refresh] done in 203ms @ http://localhost:3001/_next/static/chunks/f12ff_next_dist_95687940._.js:2302
[13326444ms] [WARNING] Image with src "https://img.clerk.com/eyJ0eXBlIjoiZGVmYXVsdCIsImlpZCI6Imluc18yd0FvcFFvS1pvZVl0dng1SXk0QkxJRURlaVkiLCJyaWQiOiJ1c2VyXzNGN2RCNzcyNE9WQ2tHcXV1cjZSc0VSODRuVyIsImluaXRpYWxzIjoiQUwifQ" has "fill" but is missing "sizes" prop. Please add it to improve page performance. Read more: https://nextjs.org/docs/api-reference/next/image#sizes @ http://localhost:3001/_next/static/chunks/f12ff_next_dist_95687940._.js:2302
