[    1001ms] [INFO] %cDownload the React DevTools for a better development experience: https://react.dev/link/react-devtools font-weight:bold @ http://localhost:3001/_next/static/chunks/f12ff_next_dist_95687940._.js:2302
[    1064ms] [LOG] [HMR] connected @ http://localhost:3001/_next/static/chunks/f12ff_next_dist_95687940._.js:2302
[    1266ms] [WARNING] Clerk: Clerk has been loaded with development keys. Development instances have strict usage limits and should not be used when deploying your application to production. Learn more: https://clerk.com/docs/deployments/overview @ http://localhost:3001/_next/static/chunks/f12ff_next_dist_95687940._.js:2302
[    1430ms] [LOG] [Fast Refresh] rebuilding @ http://localhost:3001/_next/static/chunks/f12ff_next_dist_95687940._.js:2302
[    1438ms] [LOG] [Fast Refresh] done in 120ms @ http://localhost:3001/_next/static/chunks/f12ff_next_dist_95687940._.js:2302
[    1479ms] [WARNING] Missing Algolia environment variables: ALGOLIA_API_KEY @ http://localhost:3001/_next/static/chunks/f12ff_next_dist_95687940._.js:2302
[    1479ms] [WARNING] Algolia admin client not available - missing credentials @ http://localhost:3001/_next/static/chunks/f12ff_next_dist_95687940._.js:2302
[    1479ms] [LOG] ✅ Algolia search client initialized successfully @ http://localhost:3001/_next/static/chunks/f12ff_next_dist_95687940._.js:2302
[    1496ms] [WARNING] Image with src "/connecting-climate-minds-logo-white.png" was detected as the Largest Contentful Paint (LCP). Please add the `loading="eager"` property if this image is above the fold.
Read more: https://nextjs.org/docs/app/api-reference/components/image#loading @ http://localhost:3001/_next/static/chunks/f12ff_next_dist_95687940._.js:2302
[    1789ms] [WARNING] Ignoring Event: localhost @ http://localhost:3001/_next/static/chunks/f12ff_next_dist_95687940._.js:2302
[    1907ms] [INFO] Sanity is live with automatic revalidation of published content @ http://localhost:3001/_next/static/chunks/f12ff_next_dist_95687940._.js:2302
[   24051ms] [ERROR] WebSocket connection to 'ws://localhost:3001/_next/webpack-hmr?id=3mJJUIYsFPrDl-7PEStf8' failed: Error in connection establishment: net::ERR_CONNECTION_REFUSED @ http://localhost:3001/_next/static/chunks/f12ff_next_dist_client_d93c57ad._.js:10876
[   25056ms] [ERROR] WebSocket connection to 'ws://localhost:3001/_next/webpack-hmr?id=3mJJUIYsFPrDl-7PEStf8' failed: Error in connection establishment: net::ERR_CONNECTION_REFUSED @ http://localhost:3001/_next/static/chunks/f12ff_next_dist_client_d93c57ad._.js:10876
[   26060ms] [ERROR] WebSocket connection to 'ws://localhost:3001/_next/webpack-hmr?id=3mJJUIYsFPrDl-7PEStf8' failed: Error in connection establishment: net::ERR_CONNECTION_REFUSED @ http://localhost:3001/_next/static/chunks/f12ff_next_dist_client_d93c57ad._.js:10876
[   27064ms] [ERROR] WebSocket connection to 'ws://localhost:3001/_next/webpack-hmr?id=3mJJUIYsFPrDl-7PEStf8' failed: Error in connection establishment: net::ERR_CONNECTION_REFUSED @ http://localhost:3001/_next/static/chunks/f12ff_next_dist_client_d93c57ad._.js:10876
[   28068ms] [ERROR] WebSocket connection to 'ws://localhost:3001/_next/webpack-hmr?id=3mJJUIYsFPrDl-7PEStf8' failed: Error in connection establishment: net::ERR_CONNECTION_REFUSED @ http://localhost:3001/_next/static/chunks/f12ff_next_dist_client_d93c57ad._.js:10876
[   33070ms] [ERROR] WebSocket connection to 'ws://localhost:3001/_next/webpack-hmr?id=3mJJUIYsFPrDl-7PEStf8' failed: Error in connection establishment: net::ERR_CONNECTION_REFUSED @ http://localhost:3001/_next/static/chunks/f12ff_next_dist_client_d93c57ad._.js:10876
[   38074ms] [ERROR] WebSocket connection to 'ws://localhost:3001/_next/webpack-hmr?id=3mJJUIYsFPrDl-7PEStf8' failed: Error in connection establishment: net::ERR_CONNECTION_REFUSED @ http://localhost:3001/_next/static/chunks/f12ff_next_dist_client_d93c57ad._.js:10876
[   43078ms] [ERROR] WebSocket connection to 'ws://localhost:3001/_next/webpack-hmr?id=3mJJUIYsFPrDl-7PEStf8' failed: Error in connection establishment: net::ERR_CONNECTION_REFUSED @ http://localhost:3001/_next/static/chunks/f12ff_next_dist_client_d93c57ad._.js:10876
[   48082ms] [ERROR] WebSocket connection to 'ws://localhost:3001/_next/webpack-hmr?id=3mJJUIYsFPrDl-7PEStf8' failed: Error in connection establishment: net::ERR_CONNECTION_REFUSED @ http://localhost:3001/_next/static/chunks/f12ff_next_dist_client_d93c57ad._.js:10876
[   53085ms] [ERROR] WebSocket connection to 'ws://localhost:3001/_next/webpack-hmr?id=3mJJUIYsFPrDl-7PEStf8' failed: Error in connection establishment: net::ERR_CONNECTION_REFUSED @ http://localhost:3001/_next/static/chunks/f12ff_next_dist_client_d93c57ad._.js:10876
[   58090ms] [ERROR] WebSocket connection to 'ws://localhost:3001/_next/webpack-hmr?id=3mJJUIYsFPrDl-7PEStf8' failed: Error in connection establishment: net::ERR_CONNECTION_REFUSED @ http://localhost:3001/_next/static/chunks/f12ff_next_dist_client_d93c57ad._.js:10876
[   63093ms] [ERROR] WebSocket connection to 'ws://localhost:3001/_next/webpack-hmr?id=3mJJUIYsFPrDl-7PEStf8' failed: Error in connection establishment: net::ERR_CONNECTION_REFUSED @ http://localhost:3001/_next/static/chunks/f12ff_next_dist_client_d93c57ad._.js:10876
