[     185ms] [LOG] [Fast Refresh] rebuilding @ http://localhost:3000/_next/static/chunks/f12ff_next_dist_95687940._.js:2302
[     861ms] [LOG] [Fast Refresh] done in 777ms @ http://localhost:3000/_next/static/chunks/f12ff_next_dist_95687940._.js:2302
[    1636ms] [INFO] %cDownload the React DevTools for a better development experience: https://react.dev/link/react-devtools font-weight:bold @ http://localhost:3000/_next/static/chunks/f12ff_next_dist_95687940._.js:2302
[    1680ms] [LOG] [HMR] connected @ http://localhost:3000/_next/static/chunks/f12ff_next_dist_95687940._.js:2302
[    1732ms] [WARNING] Clerk: Clerk has been loaded with development keys. Development instances have strict usage limits and should not be used when deploying your application to production. Learn more: https://clerk.com/docs/deployments/overview @ http://localhost:3000/_next/static/chunks/f12ff_next_dist_95687940._.js:2302
[    1790ms] [WARNING] Missing Algolia environment variables: ALGOLIA_API_KEY @ http://localhost:3000/_next/static/chunks/f12ff_next_dist_95687940._.js:2302
[    1790ms] [WARNING] Algolia admin client not available - missing credentials @ http://localhost:3000/_next/static/chunks/f12ff_next_dist_95687940._.js:2302
[    1791ms] [LOG] ✅ Algolia search client initialized successfully @ http://localhost:3000/_next/static/chunks/f12ff_next_dist_95687940._.js:2302
[    1804ms] [WARNING] Image with src "/connecting-climate-minds-logo-white.png" was detected as the Largest Contentful Paint (LCP). Please add the `loading="eager"` property if this image is above the fold.
Read more: https://nextjs.org/docs/app/api-reference/components/image#loading @ http://localhost:3000/_next/static/chunks/f12ff_next_dist_95687940._.js:2302
[    1997ms] [WARNING] Ignoring Event: localhost @ http://localhost:3000/_next/static/chunks/f12ff_next_dist_95687940._.js:2302
[    2052ms] [INFO] Sanity is live with automatic revalidation of published content @ http://localhost:3000/_next/static/chunks/f12ff_next_dist_95687940._.js:2302
[   29616ms] [ERROR] WebSocket connection to 'ws://localhost:3000/_next/webpack-hmr?id=jaGa7KfqVUtHWaKPy4xaX' failed: Error in connection establishment: net::ERR_CONNECTION_REFUSED @ http://localhost:3000/_next/static/chunks/f12ff_next_dist_client_d93c57ad._.js:10876
[   30619ms] [ERROR] WebSocket connection to 'ws://localhost:3000/_next/webpack-hmr?id=jaGa7KfqVUtHWaKPy4xaX' failed: Error in connection establishment: net::ERR_CONNECTION_REFUSED @ http://localhost:3000/_next/static/chunks/f12ff_next_dist_client_d93c57ad._.js:10876
[   31630ms] [ERROR] WebSocket connection to 'ws://localhost:3000/_next/webpack-hmr?id=jaGa7KfqVUtHWaKPy4xaX' failed: Error in connection establishment: net::ERR_CONNECTION_REFUSED @ http://localhost:3000/_next/static/chunks/f12ff_next_dist_client_d93c57ad._.js:10876
[   32633ms] [ERROR] WebSocket connection to 'ws://localhost:3000/_next/webpack-hmr?id=jaGa7KfqVUtHWaKPy4xaX' failed: Error in connection establishment: net::ERR_CONNECTION_REFUSED @ http://localhost:3000/_next/static/chunks/f12ff_next_dist_client_d93c57ad._.js:10876
[   33636ms] [ERROR] WebSocket connection to 'ws://localhost:3000/_next/webpack-hmr?id=jaGa7KfqVUtHWaKPy4xaX' failed: Error in connection establishment: net::ERR_CONNECTION_REFUSED @ http://localhost:3000/_next/static/chunks/f12ff_next_dist_client_d93c57ad._.js:10876
[   38641ms] [ERROR] WebSocket connection to 'ws://localhost:3000/_next/webpack-hmr?id=jaGa7KfqVUtHWaKPy4xaX' failed: Error in connection establishment: net::ERR_CONNECTION_REFUSED @ http://localhost:3000/_next/static/chunks/f12ff_next_dist_client_d93c57ad._.js:10876
[   43646ms] [ERROR] WebSocket connection to 'ws://localhost:3000/_next/webpack-hmr?id=jaGa7KfqVUtHWaKPy4xaX' failed: Error in connection establishment: net::ERR_CONNECTION_REFUSED @ http://localhost:3000/_next/static/chunks/f12ff_next_dist_client_d93c57ad._.js:10876
[   48649ms] [ERROR] WebSocket connection to 'ws://localhost:3000/_next/webpack-hmr?id=jaGa7KfqVUtHWaKPy4xaX' failed: Error in connection establishment: net::ERR_CONNECTION_REFUSED @ http://localhost:3000/_next/static/chunks/f12ff_next_dist_client_d93c57ad._.js:10876
[   53653ms] [ERROR] WebSocket connection to 'ws://localhost:3000/_next/webpack-hmr?id=jaGa7KfqVUtHWaKPy4xaX' failed: Error in connection establishment: net::ERR_CONNECTION_REFUSED @ http://localhost:3000/_next/static/chunks/f12ff_next_dist_client_d93c57ad._.js:10876
[   58660ms] [ERROR] WebSocket connection to 'ws://localhost:3000/_next/webpack-hmr?id=jaGa7KfqVUtHWaKPy4xaX' failed: Error in connection establishment: net::ERR_CONNECTION_REFUSED @ http://localhost:3000/_next/static/chunks/f12ff_next_dist_client_d93c57ad._.js:10876
[   63665ms] [ERROR] WebSocket connection to 'ws://localhost:3000/_next/webpack-hmr?id=jaGa7KfqVUtHWaKPy4xaX' failed: Error in connection establishment: net::ERR_CONNECTION_REFUSED @ http://localhost:3000/_next/static/chunks/f12ff_next_dist_client_d93c57ad._.js:10876
[   68669ms] [ERROR] WebSocket connection to 'ws://localhost:3000/_next/webpack-hmr?id=jaGa7KfqVUtHWaKPy4xaX' failed: Error in connection establishment: net::ERR_CONNECTION_REFUSED @ http://localhost:3000/_next/static/chunks/f12ff_next_dist_client_d93c57ad._.js:10876
[24558619ms] [INFO] %cDownload the React DevTools for a better development experience: https://react.dev/link/react-devtools font-weight:bold @ http://localhost:3000/_next/static/chunks/f12ff_next_dist_95687940._.js:2302
[24558859ms] [LOG] [HMR] connected @ http://localhost:3000/_next/static/chunks/f12ff_next_dist_95687940._.js:2302
[24558905ms] [WARNING] Clerk: Clerk has been loaded with development keys. Development instances have strict usage limits and should not be used when deploying your application to production. Learn more: https://clerk.com/docs/deployments/overview @ http://localhost:3000/_next/static/chunks/f12ff_next_dist_95687940._.js:2302
[24558977ms] [WARNING] Missing Algolia environment variables: ALGOLIA_API_KEY @ http://localhost:3000/_next/static/chunks/f12ff_next_dist_95687940._.js:2302
[24558977ms] [WARNING] Algolia admin client not available - missing credentials @ http://localhost:3000/_next/static/chunks/f12ff_next_dist_95687940._.js:2302
[24558977ms] [LOG] ✅ Algolia search client initialized successfully @ http://localhost:3000/_next/static/chunks/f12ff_next_dist_95687940._.js:2302
[24558990ms] [LOG] [Fast Refresh] rebuilding @ http://localhost:3000/_next/static/chunks/f12ff_next_dist_95687940._.js:2302
[24559000ms] [WARNING] Image with src "/connecting-climate-minds-logo-white.png" was detected as the Largest Contentful Paint (LCP). Please add the `loading="eager"` property if this image is above the fold.
Read more: https://nextjs.org/docs/app/api-reference/components/image#loading @ http://localhost:3000/_next/static/chunks/f12ff_next_dist_95687940._.js:2302
[24559257ms] [WARNING] Ignoring Event: localhost @ http://localhost:3000/_next/static/chunks/f12ff_next_dist_95687940._.js:2302
[24559354ms] [ERROR] Connecting to 'https://clerk-telemetry.com/v1/event' violates the following Content Security Policy directive: "connect-src 'self' https://*.clerk.com https://clerk.connectingclimateminds.org https://*.clerk.accounts.dev https://*.algolia.net https://*.algolianet.com https://plausible.io https://*.sanity.io https://*.r2.cloudflarestorage.com https://*.upstash.io https://*.ingest.sentry.io https://*.ingest.us.sentry.io https://*.ingest.de.sentry.io". The action has been blocked. @ https://generous-hagfish-7.clerk.accounts.dev/npm/@clerk/clerk-js@5/dist/clerk.browser.js:18
[24559355ms] [ERROR] Fetch API cannot load https://clerk-telemetry.com/v1/event. Refused to connect because it violates the document's Content Security Policy. @ https://generous-hagfish-7.clerk.accounts.dev/npm/@clerk/clerk-js@5/dist/clerk.browser.js:18
[24559417ms] [INFO] Sanity is live with automatic revalidation of published content @ http://localhost:3000/_next/static/chunks/f12ff_next_dist_95687940._.js:2302
[24559974ms] [LOG] [Fast Refresh] done in 1090ms @ http://localhost:3000/_next/static/chunks/f12ff_next_dist_95687940._.js:2302
[24569714ms] [ERROR] Connecting to 'https://clerk-telemetry.com/v1/event' violates the following Content Security Policy directive: "connect-src 'self' https://*.clerk.com https://clerk.connectingclimateminds.org https://*.clerk.accounts.dev https://*.algolia.net https://*.algolianet.com https://plausible.io https://*.sanity.io https://*.r2.cloudflarestorage.com https://*.upstash.io https://*.ingest.sentry.io https://*.ingest.us.sentry.io https://*.ingest.de.sentry.io". The action has been blocked. @ https://generous-hagfish-7.clerk.accounts.dev/npm/@clerk/clerk-js@5/dist/clerk.browser.js:18
[24569714ms] [ERROR] Fetch API cannot load https://clerk-telemetry.com/v1/event. Refused to connect because it violates the document's Content Security Policy. @ https://generous-hagfish-7.clerk.accounts.dev/npm/@clerk/clerk-js@5/dist/clerk.browser.js:18
[24583822ms] [INFO] %cDownload the React DevTools for a better development experience: https://react.dev/link/react-devtools font-weight:bold @ http://localhost:3000/_next/static/chunks/f12ff_next_dist_95687940._.js:2302
[24583857ms] [LOG] [HMR] connected @ http://localhost:3000/_next/static/chunks/f12ff_next_dist_95687940._.js:2302
[24583956ms] [WARNING] Clerk: Clerk has been loaded with development keys. Development instances have strict usage limits and should not be used when deploying your application to production. Learn more: https://clerk.com/docs/deployments/overview @ http://localhost:3000/_next/static/chunks/f12ff_next_dist_95687940._.js:2302
[24584047ms] [WARNING] Missing Algolia environment variables: ALGOLIA_API_KEY @ http://localhost:3000/_next/static/chunks/f12ff_next_dist_95687940._.js:2302
[24584047ms] [WARNING] Algolia admin client not available - missing credentials @ http://localhost:3000/_next/static/chunks/f12ff_next_dist_95687940._.js:2302
[24584048ms] [LOG] ✅ Algolia search client initialized successfully @ http://localhost:3000/_next/static/chunks/f12ff_next_dist_95687940._.js:2302
[24584061ms] [WARNING] Image with src "/connecting-climate-minds-logo-white.png" was detected as the Largest Contentful Paint (LCP). Please add the `loading="eager"` property if this image is above the fold.
Read more: https://nextjs.org/docs/app/api-reference/components/image#loading @ http://localhost:3000/_next/static/chunks/f12ff_next_dist_95687940._.js:2302
[24584266ms] [WARNING] Ignoring Event: localhost @ http://localhost:3000/_next/static/chunks/f12ff_next_dist_95687940._.js:2302
[24584330ms] [INFO] Sanity is live with automatic revalidation of published content @ http://localhost:3000/_next/static/chunks/f12ff_next_dist_95687940._.js:2302
[24592087ms] [LOG] [Fast Refresh] rebuilding @ http://localhost:3000/_next/static/chunks/f12ff_next_dist_95687940._.js:2302
[24592208ms] [LOG] [Fast Refresh] done in 224ms @ http://localhost:3000/_next/static/chunks/f12ff_next_dist_95687940._.js:2302
[24594321ms] [LOG] [Fast Refresh] rebuilding @ http://localhost:3000/_next/static/chunks/f12ff_next_dist_95687940._.js:2302
[24594357ms] [LOG] [Fast Refresh] done in 137ms @ http://localhost:3000/_next/static/chunks/f12ff_next_dist_95687940._.js:2302
[24615946ms] [LOG] [Fast Refresh] rebuilding @ http://localhost:3000/_next/static/chunks/f12ff_next_dist_95687940._.js:2302
[24617231ms] [LOG] [Fast Refresh] done in 1384ms @ http://localhost:3000/_next/static/chunks/f12ff_next_dist_95687940._.js:2302
[24647666ms] [ERROR] WebSocket connection to 'ws://localhost:3000/_next/webpack-hmr?id=aB7kkD_8YiDEcH6P0NVVo' failed: Error in connection establishment: net::ERR_CONNECTION_REFUSED @ http://localhost:3000/_next/static/chunks/f12ff_next_dist_client_d93c57ad._.js:10876
[24648669ms] [ERROR] WebSocket connection to 'ws://localhost:3000/_next/webpack-hmr?id=aB7kkD_8YiDEcH6P0NVVo' failed: Error in connection establishment: net::ERR_CONNECTION_REFUSED @ http://localhost:3000/_next/static/chunks/f12ff_next_dist_client_d93c57ad._.js:10876
[24649672ms] [ERROR] WebSocket connection to 'ws://localhost:3000/_next/webpack-hmr?id=aB7kkD_8YiDEcH6P0NVVo' failed: Error in connection establishment: net::ERR_CONNECTION_REFUSED @ http://localhost:3000/_next/static/chunks/f12ff_next_dist_client_d93c57ad._.js:10876
[24650675ms] [ERROR] WebSocket connection to 'ws://localhost:3000/_next/webpack-hmr?id=aB7kkD_8YiDEcH6P0NVVo' failed: Error in connection establishment: net::ERR_CONNECTION_REFUSED @ http://localhost:3000/_next/static/chunks/f12ff_next_dist_client_d93c57ad._.js:10876
[24651680ms] [ERROR] WebSocket connection to 'ws://localhost:3000/_next/webpack-hmr?id=aB7kkD_8YiDEcH6P0NVVo' failed: Error in connection establishment: net::ERR_CONNECTION_REFUSED @ http://localhost:3000/_next/static/chunks/f12ff_next_dist_client_d93c57ad._.js:10876
[24656683ms] [ERROR] WebSocket connection to 'ws://localhost:3000/_next/webpack-hmr?id=aB7kkD_8YiDEcH6P0NVVo' failed: Error in connection establishment: net::ERR_CONNECTION_REFUSED @ http://localhost:3000/_next/static/chunks/f12ff_next_dist_client_d93c57ad._.js:10876
[24661687ms] [ERROR] WebSocket connection to 'ws://localhost:3000/_next/webpack-hmr?id=aB7kkD_8YiDEcH6P0NVVo' failed: Error in connection establishment: net::ERR_CONNECTION_REFUSED @ http://localhost:3000/_next/static/chunks/f12ff_next_dist_client_d93c57ad._.js:10876
[24666690ms] [ERROR] WebSocket connection to 'ws://localhost:3000/_next/webpack-hmr?id=aB7kkD_8YiDEcH6P0NVVo' failed: Error in connection establishment: net::ERR_CONNECTION_REFUSED @ http://localhost:3000/_next/static/chunks/f12ff_next_dist_client_d93c57ad._.js:10876
[24671694ms] [ERROR] WebSocket connection to 'ws://localhost:3000/_next/webpack-hmr?id=aB7kkD_8YiDEcH6P0NVVo' failed: Error in connection establishment: net::ERR_CONNECTION_REFUSED @ http://localhost:3000/_next/static/chunks/f12ff_next_dist_client_d93c57ad._.js:10876
[24676699ms] [ERROR] WebSocket connection to 'ws://localhost:3000/_next/webpack-hmr?id=aB7kkD_8YiDEcH6P0NVVo' failed: Error in connection establishment: net::ERR_CONNECTION_REFUSED @ http://localhost:3000/_next/static/chunks/f12ff_next_dist_client_d93c57ad._.js:10876
[24681702ms] [ERROR] WebSocket connection to 'ws://localhost:3000/_next/webpack-hmr?id=aB7kkD_8YiDEcH6P0NVVo' failed: Error in connection establishment: net::ERR_CONNECTION_REFUSED @ http://localhost:3000/_next/static/chunks/f12ff_next_dist_client_d93c57ad._.js:10876
[24686704ms] [ERROR] WebSocket connection to 'ws://localhost:3000/_next/webpack-hmr?id=aB7kkD_8YiDEcH6P0NVVo' failed: Error in connection establishment: net::ERR_CONNECTION_REFUSED @ http://localhost:3000/_next/static/chunks/f12ff_next_dist_client_d93c57ad._.js:10876
[24898956ms] [INFO] %cDownload the React DevTools for a better development experience: https://react.dev/link/react-devtools font-weight:bold @ http://localhost:3000/_next/static/chunks/f12ff_next_dist_95687940._.js:2302
[24899212ms] [LOG] [HMR] connected @ http://localhost:3000/_next/static/chunks/f12ff_next_dist_95687940._.js:2302
[24899270ms] [WARNING] Clerk: Clerk has been loaded with development keys. Development instances have strict usage limits and should not be used when deploying your application to production. Learn more: https://clerk.com/docs/deployments/overview @ http://localhost:3000/_next/static/chunks/f12ff_next_dist_95687940._.js:2302
[24899414ms] [LOG] [Fast Refresh] rebuilding @ http://localhost:3000/_next/static/chunks/f12ff_next_dist_95687940._.js:2302
[24899541ms] [WARNING] Missing Algolia environment variables: ALGOLIA_API_KEY @ http://localhost:3000/_next/static/chunks/f12ff_next_dist_95687940._.js:2302
[24899541ms] [WARNING] Algolia admin client not available - missing credentials @ http://localhost:3000/_next/static/chunks/f12ff_next_dist_95687940._.js:2302
[24899542ms] [LOG] ✅ Algolia search client initialized successfully @ http://localhost:3000/_next/static/chunks/f12ff_next_dist_95687940._.js:2302
[24899575ms] [WARNING] Image with src "/connecting-climate-minds-logo-white.png" was detected as the Largest Contentful Paint (LCP). Please add the `loading="eager"` property if this image is above the fold.
Read more: https://nextjs.org/docs/app/api-reference/components/image#loading @ http://localhost:3000/_next/static/chunks/f12ff_next_dist_95687940._.js:2302
[24900145ms] [WARNING] Ignoring Event: localhost @ http://localhost:3000/_next/static/chunks/f12ff_next_dist_95687940._.js:2302
[24900262ms] [INFO] Sanity is live with automatic revalidation of published content @ http://localhost:3000/_next/static/chunks/f12ff_next_dist_95687940._.js:2302
[24900466ms] [LOG] [Fast Refresh] done in 1157ms @ http://localhost:3000/_next/static/chunks/f12ff_next_dist_95687940._.js:2302
[24901118ms] [LOG] [Fast Refresh] rebuilding @ http://localhost:3000/_next/static/chunks/f12ff_next_dist_95687940._.js:2302
[24901461ms] [LOG] [Fast Refresh] done in 444ms @ http://localhost:3000/_next/static/chunks/f12ff_next_dist_95687940._.js:2302
[24904502ms] [VERBOSE] [DOM] Input elements should have autocomplete attributes (suggested: "current-password"): (More info: https://goo.gl/9p2vKq) %o @ http://localhost:3000/en/atlas?layers=memberCount%2CcaseStudyCount&region=nawa:0
[25123628ms] [LOG] [Fast Refresh] rebuilding @ http://localhost:3000/_next/static/chunks/f12ff_next_dist_95687940._.js:2302
[25123914ms] [LOG] [Fast Refresh] done in 387ms @ http://localhost:3000/_next/static/chunks/f12ff_next_dist_95687940._.js:2302
[25124015ms] [LOG] [Fast Refresh] rebuilding @ http://localhost:3000/_next/static/chunks/f12ff_next_dist_95687940._.js:2302
[25125415ms] [LOG] [Fast Refresh] done in 1500ms @ http://localhost:3000/_next/static/chunks/f12ff_next_dist_95687940._.js:2302
[25128235ms] [WARNING] %c%s%c PortableText block detected in page blocks array. This should be rendered via PortableTextRenderer, not Blocks component. background: #e6e6e6;background: light-dark(rgba(0,0,0,0.1), rgba(255,255,255,0.25));color: #000000;color: light-dark(#000000, #ffffff);border-radius: 2px  Server   20o54t @ http://localhost:3000/_next/static/chunks/f12ff_next_dist_95687940._.js:2302
[25128343ms] [LOG] [Fast Refresh] rebuilding @ http://localhost:3000/_next/static/chunks/f12ff_next_dist_95687940._.js:2302
[25128696ms] [WARNING] Ignoring Event: localhost @ http://localhost:3000/_next/static/chunks/f12ff_next_dist_95687940._.js:2302
[25129430ms] [LOG] [Fast Refresh] done in 1194ms @ http://localhost:3000/_next/static/chunks/f12ff_next_dist_95687940._.js:2302
[25129947ms] [ERROR] Failed to load resource: the server responded with a status of 404 (Not Found) @ http://localhost:3000/_next/image?url=https%3A%2F%2Fcdn.sanity.io%2Fimages%2Fgm67v7rk%2Fdevelopment%2Feda83dfa50044686af5c5460a7357193fdafe434-750x750.webp%3Ffm%3Dwebp%26fit%3Dmax&w=64&q=75:0
[25129969ms] [ERROR] Failed to load resource: the server responded with a status of 404 (Not Found) @ http://localhost:3000/_next/image?url=https%3A%2F%2Fcdn.sanity.io%2Fimages%2Fgm67v7rk%2Fdevelopment%2F4d9d7a94f2c8f2dad9da4d47b702bc091a8795c6-750x750.webp%3Ffm%3Dwebp%26fit%3Dmax&w=64&q=75:0
[25129996ms] [ERROR] Failed to load resource: the server responded with a status of 404 (Not Found) @ http://localhost:3000/_next/image?url=https%3A%2F%2Fcdn.sanity.io%2Fimages%2Fgm67v7rk%2Fdevelopment%2F11af89ad0f6b46dd87a02de8bd5709815561c12e-750x750.webp%3Ffm%3Dwebp%26fit%3Dmax&w=64&q=75:0
[25130136ms] [ERROR] Failed to load resource: the server responded with a status of 404 (Not Found) @ http://localhost:3000/_next/image?url=https%3A%2F%2Fcdn.sanity.io%2Fimages%2Fgm67v7rk%2Fdevelopment%2F41c12b03acf832baf1a7bc1dd79c3bcd9854dadf-3937x4096.webp%3Fw%3D1100%26fm%3Dwebp%26fit%3Dmax&w=384&q=75:0
[25130276ms] [LOG] [Fast Refresh] rebuilding @ http://localhost:3000/_next/static/chunks/f12ff_next_dist_95687940._.js:2302
[25131332ms] [LOG] [Fast Refresh] done in 1157ms @ http://localhost:3000/_next/static/chunks/f12ff_next_dist_95687940._.js:2302
[25131714ms] [WARNING] %c%s%c PortableText block detected in page blocks array. This should be rendered via PortableTextRenderer, not Blocks component. background: #e6e6e6;background: light-dark(rgba(0,0,0,0.1), rgba(255,255,255,0.25));color: #000000;color: light-dark(#000000, #ffffff);border-radius: 2px  Server   20o54t @ http://localhost:3000/_next/static/chunks/f12ff_next_dist_95687940._.js:2302
[25136420ms] [ERROR] Failed to load resource: the server responded with a status of 404 (Not Found) @ http://localhost:3000/_next/image?url=https%3A%2F%2Fcdn.sanity.io%2Fimages%2Fgm67v7rk%2Fdevelopment%2Fb7e4d1e3b0a6c8f4db622ada4a03d2e3e1ad54b3-772x772.webp%3Ffm%3Dwebp%26fit%3Dmax&w=64&q=75:0
[25136423ms] [ERROR] Failed to load resource: the server responded with a status of 404 (Not Found) @ http://localhost:3000/_next/image?url=https%3A%2F%2Fcdn.sanity.io%2Fimages%2Fgm67v7rk%2Fdevelopment%2F38d69bc1d7ab168e940dafa51abc4837d967d691-750x750.webp%3Ffm%3Dwebp%26fit%3Dmax&w=64&q=75:0
[25136424ms] [ERROR] Failed to load resource: the server responded with a status of 404 (Not Found) @ http://localhost:3000/_next/image?url=https%3A%2F%2Fcdn.sanity.io%2Fimages%2Fgm67v7rk%2Fdevelopment%2F5efd81114e5949e05f8b5eecfbb48b7a6b9b1d18-384x281.webp%3Ffm%3Dwebp%26fit%3Dmax&w=64&q=75:0
[25136429ms] [ERROR] Failed to load resource: the server responded with a status of 404 (Not Found) @ http://localhost:3000/_next/image?url=https%3A%2F%2Fcdn.sanity.io%2Fimages%2Fgm67v7rk%2Fdevelopment%2F6437b4ba6cb5b4f299f64692dc7806d2fceac7ef-750x549.webp%3Ffm%3Dwebp%26fit%3Dmax&w=64&q=75:0
[25136432ms] [ERROR] Failed to load resource: the server responded with a status of 404 (Not Found) @ http://localhost:3000/_next/image?url=https%3A%2F%2Fcdn.sanity.io%2Fimages%2Fgm67v7rk%2Fdevelopment%2Fab11d65d7b66f84578619c8b018a04fbc60559ca-750x549.webp%3Ffm%3Dwebp%26fit%3Dmax&w=64&q=75:0
[25136437ms] [ERROR] Failed to load resource: the server responded with a status of 404 (Not Found) @ http://localhost:3000/_next/image?url=https%3A%2F%2Fcdn.sanity.io%2Fimages%2Fgm67v7rk%2Fdevelopment%2Fa7e6dc310b622f00ead8abddd65762ff80b1c104-750x750.webp%3Ffm%3Dwebp%26fit%3Dmax&w=64&q=75:0
[25136543ms] [ERROR] Failed to load resource: the server responded with a status of 404 (Not Found) @ http://localhost:3000/_next/image?url=https%3A%2F%2Fcdn.sanity.io%2Fimages%2Fgm67v7rk%2Fdevelopment%2F30b103b868e2d0ab9974a66c0cf03a8479b4a228-750x549.webp%3Ffm%3Dwebp%26fit%3Dmax&w=64&q=75:0
[25136550ms] [ERROR] Failed to load resource: the server responded with a status of 404 (Not Found) @ http://localhost:3000/_next/image?url=https%3A%2F%2Fcdn.sanity.io%2Fimages%2Fgm67v7rk%2Fdevelopment%2Ffc928150891e063f2f7cc221e4a82658b78cb046-750x549.webp%3Ffm%3Dwebp%26fit%3Dmax&w=64&q=75:0
[25136550ms] [ERROR] Failed to load resource: the server responded with a status of 404 (Not Found) @ http://localhost:3000/_next/image?url=https%3A%2F%2Fcdn.sanity.io%2Fimages%2Fgm67v7rk%2Fdevelopment%2F84a70c2c58245617e6dca99edfa23e273d4c1aba-750x750.webp%3Ffm%3Dwebp%26fit%3Dmax&w=64&q=75:0
[25136656ms] [ERROR] Failed to load resource: the server responded with a status of 404 (Not Found) @ http://localhost:3000/_next/image?url=https%3A%2F%2Fcdn.sanity.io%2Fimages%2Fgm67v7rk%2Fdevelopment%2F689e390cba4a4a3c089eb0f65fe1d871a65e6b41-750x750.webp%3Ffm%3Dwebp%26fit%3Dmax&w=64&q=75:0
[25137592ms] [ERROR] Failed to load resource: the server responded with a status of 404 (Not Found) @ http://localhost:3000/_next/image?url=https%3A%2F%2Fcdn.sanity.io%2Fimages%2Fgm67v7rk%2Fdevelopment%2Fcdc11b432cc1729c2208ecfa720f210f9c8eda6f-750x549.webp%3Ffm%3Dwebp%26fit%3Dmax&w=64&q=75:0
[25192123ms] [ERROR] Failed to load resource: the server responded with a status of 404 (Not Found) @ http://localhost:3000/_next/image?url=https%3A%2F%2Fcdn.sanity.io%2Fimages%2Fgm67v7rk%2Fdevelopment%2Fb98281c67c85a4ad37a1845fd11151112f091da9-750x750.webp%3Ffm%3Dwebp%26fit%3Dmax&w=64&q=75:0
[25192127ms] [ERROR] Failed to load resource: the server responded with a status of 404 (Not Found) @ http://localhost:3000/_next/image?url=https%3A%2F%2Fcdn.sanity.io%2Fimages%2Fgm67v7rk%2Fdevelopment%2F74293faba6e6038a03b01b21d417b6284da694dc-750x750.webp%3Ffm%3Dwebp%26fit%3Dmax&w=64&q=75:0
[25192135ms] [ERROR] Failed to load resource: the server responded with a status of 404 (Not Found) @ http://localhost:3000/_next/image?url=https%3A%2F%2Fcdn.sanity.io%2Fimages%2Fgm67v7rk%2Fdevelopment%2Fa916d9a8bee47d6fc90074b1b63d2c976435ab49-750x750.webp%3Ffm%3Dwebp%26fit%3Dmax&w=64&q=75:0
[25194483ms] [LOG] [Fast Refresh] rebuilding @ http://localhost:3000/_next/static/chunks/f12ff_next_dist_95687940._.js:2302
[25196233ms] [LOG] [Fast Refresh] done in 1851ms @ http://localhost:3000/_next/static/chunks/f12ff_next_dist_95687940._.js:2302
[25197400ms] [WARNING] Ignoring Event: localhost @ http://localhost:3000/_next/static/chunks/f12ff_next_dist_95687940._.js:2302
[25197530ms] [LOG] [Fast Refresh] rebuilding @ http://localhost:3000/_next/static/chunks/f12ff_next_dist_95687940._.js:2302
[25197546ms] [LOG] [Fast Refresh] done in 118ms @ http://localhost:3000/_next/static/chunks/f12ff_next_dist_95687940._.js:2302
[25198199ms] [ERROR] Connecting to 'https://clerk-telemetry.com/v1/event' violates the following Content Security Policy directive: "connect-src 'self' https://*.clerk.com https://clerk.connectingclimateminds.org https://*.clerk.accounts.dev https://*.algolia.net https://*.algolianet.com https://plausible.io https://*.sanity.io https://*.r2.cloudflarestorage.com https://*.upstash.io https://*.ingest.sentry.io https://*.ingest.us.sentry.io https://*.ingest.de.sentry.io". The action has been blocked. @ https://generous-hagfish-7.clerk.accounts.dev/npm/@clerk/clerk-js@5/dist/clerk.browser.js:18
[25198202ms] [ERROR] Fetch API cannot load https://clerk-telemetry.com/v1/event. Refused to connect because it violates the document's Content Security Policy. @ https://generous-hagfish-7.clerk.accounts.dev/npm/@clerk/clerk-js@5/dist/clerk.browser.js:18
[25198275ms] [VERBOSE] [DOM] Input elements should have autocomplete attributes (suggested: "current-password"): (More info: https://goo.gl/9p2vKq) %o @ http://localhost:3000/en/sign-in?redirect=/collaborate:0
[25206448ms] [WARNING] Ignoring Event: localhost @ http://localhost:3000/_next/static/chunks/f12ff_next_dist_95687940._.js:2302
[25207748ms] [LOG] [Fast Refresh] rebuilding @ http://localhost:3000/_next/static/chunks/f12ff_next_dist_95687940._.js:2302
[25207885ms] [LOG] [Fast Refresh] done in 238ms @ http://localhost:3000/_next/static/chunks/f12ff_next_dist_95687940._.js:2302
[25208997ms] [WARNING] Ignoring Event: localhost @ http://localhost:3000/_next/static/chunks/f12ff_next_dist_95687940._.js:2302
[25209134ms] [INFO] Sanity is live with automatic revalidation of published content @ http://localhost:3000/_next/static/chunks/f12ff_next_dist_95687940._.js:2302
[25209280ms] [LOG] [Fast Refresh] rebuilding @ http://localhost:3000/_next/static/chunks/f12ff_next_dist_95687940._.js:2302
[25209661ms] [LOG] [Fast Refresh] done in 481ms @ http://localhost:3000/_next/static/chunks/f12ff_next_dist_95687940._.js:2302
[25209730ms] [WARNING] Image with src "https://img.clerk.com/eyJ0eXBlIjoiZGVmYXVsdCIsImlpZCI6Imluc18yd0FvcFFvS1pvZVl0dng1SXk0QkxJRURlaVkiLCJyaWQiOiJ1c2VyXzNGN2RCNzcyNE9WQ2tHcXV1cjZSc0VSODRuVyIsImluaXRpYWxzIjoiQUwifQ" has "fill" but is missing "sizes" prop. Please add it to improve page performance. Read more: https://nextjs.org/docs/api-reference/next/image#sizes @ http://localhost:3000/_next/static/chunks/f12ff_next_dist_95687940._.js:2302
[25211897ms] [WARNING] Ignoring Event: localhost @ http://localhost:3000/_next/static/chunks/f12ff_next_dist_95687940._.js:2302
[25212514ms] [LOG] [Fast Refresh] rebuilding @ http://localhost:3000/_next/static/chunks/f12ff_next_dist_95687940._.js:2302
[25212963ms] [LOG] [Fast Refresh] done in 557ms @ http://localhost:3000/_next/static/chunks/f12ff_next_dist_95687940._.js:2302
[25251261ms] [LOG] [Fast Refresh] rebuilding @ http://localhost:3000/_next/static/chunks/f12ff_next_dist_95687940._.js:2302
[25251485ms] [LOG] [Fast Refresh] done in 325ms @ http://localhost:3000/_next/static/chunks/f12ff_next_dist_95687940._.js:2302
[25259045ms] [LOG] [Fast Refresh] rebuilding @ http://localhost:3000/_next/static/chunks/f12ff_next_dist_95687940._.js:2302
[25259160ms] [LOG] [Fast Refresh] done in 215ms @ http://localhost:3000/_next/static/chunks/f12ff_next_dist_95687940._.js:2302
[25299241ms] [LOG] [Fast Refresh] rebuilding @ http://localhost:3000/_next/static/chunks/f12ff_next_dist_95687940._.js:2302
[25302347ms] [LOG] [Fast Refresh] done in 3207ms @ http://localhost:3000/_next/static/chunks/f12ff_next_dist_95687940._.js:2302
[25303543ms] [WARNING] Ignoring Event: localhost @ http://localhost:3000/_next/static/chunks/f12ff_next_dist_95687940._.js:2302
[25303712ms] [LOG] [Fast Refresh] rebuilding @ http://localhost:3000/_next/static/chunks/f12ff_next_dist_95687940._.js:2302
[25303821ms] [LOG] [Fast Refresh] done in 211ms @ http://localhost:3000/_next/static/chunks/f12ff_next_dist_95687940._.js:2302
[25304436ms] [ERROR] Failed to load resource: the server responded with a status of 404 (Not Found) @ http://localhost:3000/_next/image?url=https%3A%2F%2Fcdn.sanity.io%2Fimages%2Fgm67v7rk%2Fdevelopment%2F1e53c8216d88a819ddc8ef94749e4f380103ee4e-3840x1280.heif%3Ffm%3Dwebp%26fit%3Dmax&w=640&q=75:0
[25304444ms] [ERROR] Failed to load resource: the server responded with a status of 404 (Not Found) @ http://localhost:3000/_next/image?url=https%3A%2F%2Fcdn.sanity.io%2Fimages%2Fgm67v7rk%2Fdevelopment%2F4808835b193451a77f9f87fd3cccd1d686805cbe-1200x630.jpg%3Ffm%3Dwebp%26fit%3Dmax&w=640&q=75:0
[25309718ms] [LOG] [Fast Refresh] rebuilding @ http://localhost:3000/_next/static/chunks/f12ff_next_dist_95687940._.js:2302
[25310221ms] [LOG] [Fast Refresh] done in 603ms @ http://localhost:3000/_next/static/chunks/f12ff_next_dist_95687940._.js:2302
[25311021ms] [WARNING] Ignoring Event: localhost @ http://localhost:3000/_next/static/chunks/f12ff_next_dist_95687940._.js:2302
[25311094ms] [LOG] [Fast Refresh] rebuilding @ http://localhost:3000/_next/static/chunks/f12ff_next_dist_95687940._.js:2302
[25311212ms] [LOG] [Fast Refresh] done in 221ms @ http://localhost:3000/_next/static/chunks/f12ff_next_dist_95687940._.js:2302
[25311772ms] [ERROR] Failed to load resource: the server responded with a status of 404 (Not Found) @ http://localhost:3000/_next/image?url=https%3A%2F%2Fcdn.sanity.io%2Fimages%2Fgm67v7rk%2Fdevelopment%2F1d3fae800fffe1b06b1978b583d73667dc0771bc-5760x3240.jpg%3Fw%3D1200%26h%3D675%26fit%3Dcrop%26auto%3Dformat&w=640&q=75:0
[25311778ms] [ERROR] Failed to load resource: the server responded with a status of 404 (Not Found) @ http://localhost:3000/_next/image?url=https%3A%2F%2Fcdn.sanity.io%2Fimages%2Fgm67v7rk%2Fdevelopment%2Fb729d400282432d98191f5d09b047c932b115928-5760x3240.jpg%3Fw%3D800%26h%3D450%26fit%3Dcrop%26auto%3Dformat&w=640&q=75:0
[25311781ms] [ERROR] Failed to load resource: the server responded with a status of 404 (Not Found) @ http://localhost:3000/_next/image?url=https%3A%2F%2Fcdn.sanity.io%2Fimages%2Fgm67v7rk%2Fdevelopment%2Fa282930165acf6e24907b0eb70b9a9d451b9ca5e-5760x3240.jpg%3Fw%3D1200%26h%3D675%26fit%3Dcrop%26auto%3Dformat&w=640&q=75:0
[25311788ms] [ERROR] Failed to load resource: the server responded with a status of 404 (Not Found) @ http://localhost:3000/_next/image?url=https%3A%2F%2Fcdn.sanity.io%2Fimages%2Fgm67v7rk%2Fdevelopment%2F62a17d25d42626083f78283e26050d1d21db6c3f-5760x3240.jpg%3Fw%3D800%26h%3D450%26fit%3Dcrop%26auto%3Dformat&w=640&q=75:0
[25311795ms] [ERROR] Failed to load resource: the server responded with a status of 404 (Not Found) @ http://localhost:3000/_next/image?url=https%3A%2F%2Fcdn.sanity.io%2Fimages%2Fgm67v7rk%2Fdevelopment%2F409812e1376a6963f9d2c1b5bde737db665072f8-5760x3240.jpg%3Fw%3D800%26h%3D450%26fit%3Dcrop%26auto%3Dformat&w=640&q=75:0
[25311845ms] [ERROR] Failed to load resource: the server responded with a status of 404 (Not Found) @ http://localhost:3000/_next/image?url=https%3A%2F%2Fcdn.sanity.io%2Fimages%2Fgm67v7rk%2Fdevelopment%2F0bd85731843e59465cec14ea6bdcfa3f62ad7755-5760x3240.jpg%3Fw%3D800%26h%3D450%26fit%3Dcrop%26auto%3Dformat&w=640&q=75:0
[25311857ms] [ERROR] Failed to load resource: the server responded with a status of 404 (Not Found) @ http://localhost:3000/_next/image?url=https%3A%2F%2Fcdn.sanity.io%2Fimages%2Fgm67v7rk%2Fdevelopment%2F4702de34c3d2d250b21cdf332147acfc908c564d-5760x3240.jpg%3Fw%3D800%26h%3D450%26fit%3Dcrop%26auto%3Dformat&w=640&q=75:0
[25314278ms] [ERROR] Failed to load resource: the server responded with a status of 404 (Not Found) @ http://localhost:3000/_next/image?url=https%3A%2F%2Fcdn.sanity.io%2Fimages%2Fgm67v7rk%2Fdevelopment%2F63e576f4a1b0dbfaa57650ee2538f85b7410a365-5760x3240.jpg%3Fw%3D800%26h%3D450%26fit%3Dcrop%26auto%3Dformat&w=640&q=75:0
[25314291ms] [ERROR] Failed to load resource: the server responded with a status of 404 (Not Found) @ http://localhost:3000/_next/image?url=https%3A%2F%2Fcdn.sanity.io%2Fimages%2Fgm67v7rk%2Fdevelopment%2Fc187fa8032707cf9a52bfb43bf4953eb13a49c08-5760x3240.jpg%3Fw%3D1200%26h%3D675%26fit%3Dcrop%26auto%3Dformat&w=640&q=75:0
[25317423ms] [ERROR] Failed to load resource: the server responded with a status of 404 (Not Found) @ http://localhost:3000/_next/image?url=https%3A%2F%2Fcdn.sanity.io%2Fimages%2Fgm67v7rk%2Fdevelopment%2Fba227b8947360c54af92bbcc9a43d498fbdbfff8-5760x3240.jpg%3Fw%3D800%26h%3D450%26fit%3Dcrop%26auto%3Dformat&w=640&q=75:0
[25318180ms] [ERROR] Failed to load resource: the server responded with a status of 404 (Not Found) @ http://localhost:3000/_next/image?url=https%3A%2F%2Fcdn.sanity.io%2Fimages%2Fgm67v7rk%2Fdevelopment%2F14e6994af186afdb274d3672b812e9f7e56cb94f-5760x3240.jpg%3Fw%3D1200%26h%3D675%26fit%3Dcrop%26auto%3Dformat&w=640&q=75:0
[25319275ms] [ERROR] Failed to load resource: the server responded with a status of 404 (Not Found) @ http://localhost:3000/_next/image?url=https%3A%2F%2Fcdn.sanity.io%2Fimages%2Fgm67v7rk%2Fdevelopment%2F0625145dfc370cbf9d5fdcd462cec17e0262176f-5760x3240.jpg%3Fw%3D1200%26h%3D675%26fit%3Dcrop%26auto%3Dformat&w=640&q=75:0
[25319357ms] [ERROR] Failed to load resource: the server responded with a status of 404 (Not Found) @ http://localhost:3000/_next/image?url=https%3A%2F%2Fcdn.sanity.io%2Fimages%2Fgm67v7rk%2Fdevelopment%2F1f75ac24ae57c353083be437fdbb59aefbe28d03-5760x3240.jpg%3Fw%3D800%26h%3D450%26fit%3Dcrop%26auto%3Dformat&w=640&q=75:0
[25319748ms] [ERROR] Failed to load resource: the server responded with a status of 404 (Not Found) @ http://localhost:3000/_next/image?url=https%3A%2F%2Fcdn.sanity.io%2Fimages%2Fgm67v7rk%2Fdevelopment%2F671afb7f218e51ee87f8d107883629536ef35788-3840x2160.jpg%3Fw%3D800%26h%3D450%26fit%3Dcrop%26auto%3Dformat&w=640&q=75:0
[25319750ms] [ERROR] Failed to load resource: the server responded with a status of 404 (Not Found) @ http://localhost:3000/_next/image?url=https%3A%2F%2Fcdn.sanity.io%2Fimages%2Fgm67v7rk%2Fdevelopment%2F0147ffc6806b5f79d04e2115512ae7314c1cde22-3840x2160.jpg%3Fw%3D1200%26h%3D675%26fit%3Dcrop%26auto%3Dformat&w=640&q=75:0
[25320049ms] [ERROR] Failed to load resource: the server responded with a status of 404 (Not Found) @ http://localhost:3000/_next/image?url=https%3A%2F%2Fcdn.sanity.io%2Fimages%2Fgm67v7rk%2Fdevelopment%2F0147ffc6806b5f79d04e2115512ae7314c1cde22-3840x2160.jpg%3Fw%3D800%26h%3D450%26fit%3Dcrop%26auto%3Dformat&w=640&q=75:0
[25324472ms] [LOG] [Fast Refresh] rebuilding @ http://localhost:3000/_next/static/chunks/f12ff_next_dist_95687940._.js:2302
[25325743ms] [LOG] [Fast Refresh] done in 1372ms @ http://localhost:3000/_next/static/chunks/f12ff_next_dist_95687940._.js:2302
[25326798ms] [LOG] [Fast Refresh] rebuilding @ http://localhost:3000/_next/static/chunks/f12ff_next_dist_95687940._.js:2302
[25326827ms] [WARNING] Ignoring Event: localhost @ http://localhost:3000/_next/static/chunks/f12ff_next_dist_95687940._.js:2302
[25326884ms] [LOG] [Fast Refresh] done in 194ms @ http://localhost:3000/_next/static/chunks/f12ff_next_dist_95687940._.js:2302
[25327408ms] [LOG] [Fast Refresh] rebuilding @ http://localhost:3000/_next/static/chunks/f12ff_next_dist_95687940._.js:2302
[25328971ms] [LOG] [Fast Refresh] done in 1664ms @ http://localhost:3000/_next/static/chunks/f12ff_next_dist_95687940._.js:2302
[25334612ms] [LOG] [Fast Refresh] rebuilding @ http://localhost:3000/_next/static/chunks/f12ff_next_dist_95687940._.js:2302
[25336064ms] [LOG] [Fast Refresh] done in 1552ms @ http://localhost:3000/_next/static/chunks/f12ff_next_dist_95687940._.js:2302
[25348067ms] [WARNING] %c%s%c PortableText block detected in page blocks array. This should be rendered via PortableTextRenderer, not Blocks component. background: #e6e6e6;background: light-dark(rgba(0,0,0,0.1), rgba(255,255,255,0.25));color: #000000;color: light-dark(#000000, #ffffff);border-radius: 2px  Server   19d234d81259 @ http://localhost:3000/_next/static/chunks/f12ff_next_dist_95687940._.js:2302
[25348068ms] [WARNING] %c%s%c PortableText block detected in page blocks array. This should be rendered via PortableTextRenderer, not Blocks component. background: #e6e6e6;background: light-dark(rgba(0,0,0,0.1), rgba(255,255,255,0.25));color: #000000;color: light-dark(#000000, #ffffff);border-radius: 2px  Server   c59bafe040f8 @ http://localhost:3000/_next/static/chunks/f12ff_next_dist_95687940._.js:2302
[25348069ms] [WARNING] %c%s%c PortableText block detected in page blocks array. This should be rendered via PortableTextRenderer, not Blocks component. background: #e6e6e6;background: light-dark(rgba(0,0,0,0.1), rgba(255,255,255,0.25));color: #000000;color: light-dark(#000000, #ffffff);border-radius: 2px  Server   91023982e65d @ http://localhost:3000/_next/static/chunks/f12ff_next_dist_95687940._.js:2302
[25348162ms] [LOG] [Fast Refresh] rebuilding @ http://localhost:3000/_next/static/chunks/f12ff_next_dist_95687940._.js:2302
[25348212ms] [WARNING] Ignoring Event: localhost @ http://localhost:3000/_next/static/chunks/f12ff_next_dist_95687940._.js:2302
[25348585ms] [LOG] [Fast Refresh] done in 529ms @ http://localhost:3000/_next/static/chunks/f12ff_next_dist_95687940._.js:2302
[25348876ms] [ERROR] Failed to load resource: the server responded with a status of 404 (Not Found) @ http://localhost:3000/_next/image?url=https%3A%2F%2Fcdn.sanity.io%2Fimages%2Fgm67v7rk%2Fdevelopment%2F72b19fb988d8fe5d16abf18b8d57c9c6a492af13-3840x2160.png%3Fw%3D800%26h%3D450%26fit%3Dcrop%26auto%3Dformat&w=384&q=75:0
[25348879ms] [ERROR] Failed to load resource: the server responded with a status of 404 (Not Found) @ http://localhost:3000/_next/image?url=https%3A%2F%2Fcdn.sanity.io%2Fimages%2Fgm67v7rk%2Fdevelopment%2F567f9f20e9c9afb035972841f6783838d016e302-3840x2160.png%3Fw%3D800%26h%3D450%26fit%3Dcrop%26auto%3Dformat&w=384&q=75:0
[25348880ms] [ERROR] Failed to load resource: the server responded with a status of 404 (Not Found) @ http://localhost:3000/_next/image?url=https%3A%2F%2Fcdn.sanity.io%2Fimages%2Fgm67v7rk%2Fdevelopment%2F7131d0c3058e42bdacb40588daaa07ca3bf11b5f-2083x1488.png%3Fw%3D1100%26fm%3Dwebp%26fit%3Dmax&w=384&q=75:0
[25348881ms] [ERROR] Failed to load resource: the server responded with a status of 404 (Not Found) @ http://localhost:3000/_next/image?url=https%3A%2F%2Fcdn.sanity.io%2Fimages%2Fgm67v7rk%2Fdevelopment%2Fe90606c9ce644a7d64fd7f7ab86b558c63c20081-2074x1164.png%3Frect%3D3%2C0%2C2069%2C1164%26w%3D800%26h%3D450%26fit%3Dcrop%26auto%3Dformat&w=384&q=75:0
[25348882ms] [ERROR] Failed to load resource: the server responded with a status of 404 (Not Found) @ http://localhost:3000/_next/image?url=https%3A%2F%2Fcdn.sanity.io%2Fimages%2Fgm67v7rk%2Fdevelopment%2F172fcbef06c74ab8cba12e857f608d50e3c9d4ef-1436x776.png%3Frect%3D28%2C0%2C1380%2C776%26w%3D800%26h%3D450%26fit%3Dcrop%26auto%3Dformat&w=384&q=75:0
[25348884ms] [ERROR] Failed to load resource: the server responded with a status of 404 (Not Found) @ http://localhost:3000/_next/image?url=https%3A%2F%2Fcdn.sanity.io%2Fimages%2Fgm67v7rk%2Fdevelopment%2F5819229eb5fca007fe918feac37ea6224444a7e3-2083x1488.png%3Fw%3D1100%26fm%3Dwebp%26fit%3Dmax&w=384&q=75:0
[25348906ms] [ERROR] Failed to load resource: the server responded with a status of 404 (Not Found) @ http://localhost:3000/_next/image?url=https%3A%2F%2Fcdn.sanity.io%2Fimages%2Fgm67v7rk%2Fdevelopment%2F34e0ba8b9830188be002a51f7d8628ec382cee7e-1920x1080.jpg%3Frect%3D150%2C0%2C1621%2C1080%26w%3D800%26h%3D533%26fit%3Dcrop%26auto%3Dformat&w=256&q=75:0
[25348973ms] [ERROR] Failed to load resource: the server responded with a status of 404 (Not Found) @ http://localhost:3000/_next/image?url=https%3A%2F%2Fcdn.sanity.io%2Fimages%2Fgm67v7rk%2Fdevelopment%2F7971b68f228b0780af4472f44a8e93a596baf3e8-1920x1080.jpg%3Frect%3D150%2C0%2C1621%2C1080%26w%3D800%26h%3D533%26fit%3Dcrop%26auto%3Dformat&w=256&q=75:0
[25348978ms] [ERROR] Failed to load resource: the server responded with a status of 404 (Not Found) @ http://localhost:3000/_next/image?url=https%3A%2F%2Fcdn.sanity.io%2Fimages%2Fgm67v7rk%2Fdevelopment%2F1ce936d1aae2a6e375f242fbebf7eabcb3abc564-1920x1080.jpg%3Frect%3D150%2C0%2C1621%2C1080%26w%3D800%26h%3D533%26fit%3Dcrop%26auto%3Dformat&w=256&q=75:0
[25361539ms] [LOG] [Fast Refresh] rebuilding @ http://localhost:3000/_next/static/chunks/f12ff_next_dist_95687940._.js:2302
[25361843ms] [LOG] [Fast Refresh] done in 405ms @ http://localhost:3000/_next/static/chunks/f12ff_next_dist_95687940._.js:2302
[25372194ms] [ERROR] Failed to load resource: the server responded with a status of 404 (Not Found) @ http://localhost:3000/_next/image?url=https%3A%2F%2Fcdn.sanity.io%2Fimages%2Fgm67v7rk%2Fdevelopment%2F3d2ca6830166414be40adcb14de43a1d17803fba-1920x1080.jpg%3Frect%3D150%2C0%2C1621%2C1080%26w%3D800%26h%3D533%26fit%3Dcrop%26auto%3Dformat&w=256&q=75:0
[25372201ms] [ERROR] Failed to load resource: the server responded with a status of 404 (Not Found) @ http://localhost:3000/_next/image?url=https%3A%2F%2Fcdn.sanity.io%2Fimages%2Fgm67v7rk%2Fdevelopment%2F56939ba686ae83fd4f11cd850755bc2850aa9dd6-1920x1080.jpg%3Frect%3D150%2C0%2C1621%2C1080%26w%3D800%26h%3D533%26fit%3Dcrop%26auto%3Dformat&w=256&q=75:0
[25372207ms] [ERROR] Failed to load resource: the server responded with a status of 404 (Not Found) @ http://localhost:3000/_next/image?url=https%3A%2F%2Fcdn.sanity.io%2Fimages%2Fgm67v7rk%2Fdevelopment%2F2c015f41d0dc156e9f3bd3045b6a61f296413ae7-1920x1080.jpg%3Frect%3D150%2C0%2C1621%2C1080%26w%3D800%26h%3D533%26fit%3Dcrop%26auto%3Dformat&w=256&q=75:0
[25372212ms] [ERROR] Failed to load resource: the server responded with a status of 404 (Not Found) @ http://localhost:3000/_next/image?url=https%3A%2F%2Fcdn.sanity.io%2Fimages%2Fgm67v7rk%2Fdevelopment%2F7873ab82d98436bf9a3f69f11382937fe60fc1fc-1920x1080.jpg%3Frect%3D150%2C0%2C1621%2C1080%26w%3D800%26h%3D533%26fit%3Dcrop%26auto%3Dformat&w=256&q=75:0
[25373309ms] [ERROR] Failed to load resource: the server responded with a status of 404 (Not Found) @ http://localhost:3000/_next/image?url=https%3A%2F%2Fcdn.sanity.io%2Fimages%2Fgm67v7rk%2Fdevelopment%2F34e0ba8b9830188be002a51f7d8628ec382cee7e-1920x1080.jpg%3Frect%3D150%2C0%2C1621%2C1080%26w%3D800%26h%3D533%26fit%3Dcrop%26auto%3Dformat&w=256&q=75:0
[25373361ms] [ERROR] Failed to load resource: the server responded with a status of 404 (Not Found) @ http://localhost:3000/_next/image?url=https%3A%2F%2Fcdn.sanity.io%2Fimages%2Fgm67v7rk%2Fdevelopment%2F1ce936d1aae2a6e375f242fbebf7eabcb3abc564-1920x1080.jpg%3Frect%3D150%2C0%2C1621%2C1080%26w%3D800%26h%3D533%26fit%3Dcrop%26auto%3Dformat&w=256&q=75:0
[25373376ms] [ERROR] Failed to load resource: the server responded with a status of 404 (Not Found) @ http://localhost:3000/_next/image?url=https%3A%2F%2Fcdn.sanity.io%2Fimages%2Fgm67v7rk%2Fdevelopment%2F7971b68f228b0780af4472f44a8e93a596baf3e8-1920x1080.jpg%3Frect%3D150%2C0%2C1621%2C1080%26w%3D800%26h%3D533%26fit%3Dcrop%26auto%3Dformat&w=256&q=75:0
[25373532ms] [ERROR] Failed to load resource: the server responded with a status of 404 (Not Found) @ http://localhost:3000/_next/image?url=https%3A%2F%2Fcdn.sanity.io%2Fimages%2Fgm67v7rk%2Fdevelopment%2F56939ba686ae83fd4f11cd850755bc2850aa9dd6-1920x1080.jpg%3Frect%3D150%2C0%2C1621%2C1080%26w%3D800%26h%3D533%26fit%3Dcrop%26auto%3Dformat&w=256&q=75:0
[25373542ms] [ERROR] Failed to load resource: the server responded with a status of 404 (Not Found) @ http://localhost:3000/_next/image?url=https%3A%2F%2Fcdn.sanity.io%2Fimages%2Fgm67v7rk%2Fdevelopment%2F7873ab82d98436bf9a3f69f11382937fe60fc1fc-1920x1080.jpg%3Frect%3D150%2C0%2C1621%2C1080%26w%3D800%26h%3D533%26fit%3Dcrop%26auto%3Dformat&w=256&q=75:0
[25373542ms] [ERROR] Failed to load resource: the server responded with a status of 404 (Not Found) @ http://localhost:3000/_next/image?url=https%3A%2F%2Fcdn.sanity.io%2Fimages%2Fgm67v7rk%2Fdevelopment%2F2c015f41d0dc156e9f3bd3045b6a61f296413ae7-1920x1080.jpg%3Frect%3D150%2C0%2C1621%2C1080%26w%3D800%26h%3D533%26fit%3Dcrop%26auto%3Dformat&w=256&q=75:0
[25406861ms] [LOG] [Fast Refresh] rebuilding @ http://localhost:3000/_next/static/chunks/f12ff_next_dist_95687940._.js:2302
[25407210ms] [LOG] [Fast Refresh] done in 451ms @ http://localhost:3000/_next/static/chunks/f12ff_next_dist_95687940._.js:2302
[25413800ms] [LOG] [Fast Refresh] rebuilding @ http://localhost:3000/_next/static/chunks/f12ff_next_dist_95687940._.js:2302
[25413879ms] [LOG] [Fast Refresh] done in 181ms @ http://localhost:3000/_next/static/chunks/f12ff_next_dist_95687940._.js:2302
[25414732ms] [WARNING] %c%s%c PortableText block detected in page blocks array. This should be rendered via PortableTextRenderer, not Blocks component. background: #e6e6e6;background: light-dark(rgba(0,0,0,0.1), rgba(255,255,255,0.25));color: #000000;color: light-dark(#000000, #ffffff);border-radius: 2px  Server   19d234d81259 @ http://localhost:3000/_next/static/chunks/f12ff_next_dist_95687940._.js:2302
[25414733ms] [WARNING] %c%s%c PortableText block detected in page blocks array. This should be rendered via PortableTextRenderer, not Blocks component. background: #e6e6e6;background: light-dark(rgba(0,0,0,0.1), rgba(255,255,255,0.25));color: #000000;color: light-dark(#000000, #ffffff);border-radius: 2px  Server   c59bafe040f8 @ http://localhost:3000/_next/static/chunks/f12ff_next_dist_95687940._.js:2302
[25414733ms] [WARNING] %c%s%c PortableText block detected in page blocks array. This should be rendered via PortableTextRenderer, not Blocks component. background: #e6e6e6;background: light-dark(rgba(0,0,0,0.1), rgba(255,255,255,0.25));color: #000000;color: light-dark(#000000, #ffffff);border-radius: 2px  Server   91023982e65d @ http://localhost:3000/_next/static/chunks/f12ff_next_dist_95687940._.js:2302
[25419438ms] [WARNING] %c%s%c PortableText block detected in page blocks array. This should be rendered via PortableTextRenderer, not Blocks component. background: #e6e6e6;background: light-dark(rgba(0,0,0,0.1), rgba(255,255,255,0.25));color: #000000;color: light-dark(#000000, #ffffff);border-radius: 2px  Server   19d234d81259 @ http://localhost:3000/_next/static/chunks/f12ff_next_dist_95687940._.js:2302
[25419438ms] [WARNING] %c%s%c PortableText block detected in page blocks array. This should be rendered via PortableTextRenderer, not Blocks component. background: #e6e6e6;background: light-dark(rgba(0,0,0,0.1), rgba(255,255,255,0.25));color: #000000;color: light-dark(#000000, #ffffff);border-radius: 2px  Server   c59bafe040f8 @ http://localhost:3000/_next/static/chunks/f12ff_next_dist_95687940._.js:2302
[25419438ms] [WARNING] %c%s%c PortableText block detected in page blocks array. This should be rendered via PortableTextRenderer, not Blocks component. background: #e6e6e6;background: light-dark(rgba(0,0,0,0.1), rgba(255,255,255,0.25));color: #000000;color: light-dark(#000000, #ffffff);border-radius: 2px  Server   91023982e65d @ http://localhost:3000/_next/static/chunks/f12ff_next_dist_95687940._.js:2302
[25429274ms] [WARNING] %c%s%c PortableText block detected in page blocks array. This should be rendered via PortableTextRenderer, not Blocks component. background: #e6e6e6;background: light-dark(rgba(0,0,0,0.1), rgba(255,255,255,0.25));color: #000000;color: light-dark(#000000, #ffffff);border-radius: 2px  Server   19d234d81259 @ http://localhost:3000/_next/static/chunks/f12ff_next_dist_95687940._.js:2302
[25429274ms] [WARNING] %c%s%c PortableText block detected in page blocks array. This should be rendered via PortableTextRenderer, not Blocks component. background: #e6e6e6;background: light-dark(rgba(0,0,0,0.1), rgba(255,255,255,0.25));color: #000000;color: light-dark(#000000, #ffffff);border-radius: 2px  Server   c59bafe040f8 @ http://localhost:3000/_next/static/chunks/f12ff_next_dist_95687940._.js:2302
[25429274ms] [WARNING] %c%s%c PortableText block detected in page blocks array. This should be rendered via PortableTextRenderer, not Blocks component. background: #e6e6e6;background: light-dark(rgba(0,0,0,0.1), rgba(255,255,255,0.25));color: #000000;color: light-dark(#000000, #ffffff);border-radius: 2px  Server   91023982e65d @ http://localhost:3000/_next/static/chunks/f12ff_next_dist_95687940._.js:2302
[25446777ms] [LOG] [Fast Refresh] rebuilding @ http://localhost:3000/_next/static/chunks/f12ff_next_dist_95687940._.js:2302
[25447059ms] [LOG] [Fast Refresh] done in 382ms @ http://localhost:3000/_next/static/chunks/f12ff_next_dist_95687940._.js:2302
[25449261ms] [WARNING] %c%s%c PortableText block detected in page blocks array. This should be rendered via PortableTextRenderer, not Blocks component. background: #e6e6e6;background: light-dark(rgba(0,0,0,0.1), rgba(255,255,255,0.25));color: #000000;color: light-dark(#000000, #ffffff);border-radius: 2px  Server   19d234d81259 @ http://localhost:3000/_next/static/chunks/f12ff_next_dist_95687940._.js:2302
[25449261ms] [WARNING] %c%s%c PortableText block detected in page blocks array. This should be rendered via PortableTextRenderer, not Blocks component. background: #e6e6e6;background: light-dark(rgba(0,0,0,0.1), rgba(255,255,255,0.25));color: #000000;color: light-dark(#000000, #ffffff);border-radius: 2px  Server   c59bafe040f8 @ http://localhost:3000/_next/static/chunks/f12ff_next_dist_95687940._.js:2302
[25449261ms] [WARNING] %c%s%c PortableText block detected in page blocks array. This should be rendered via PortableTextRenderer, not Blocks component. background: #e6e6e6;background: light-dark(rgba(0,0,0,0.1), rgba(255,255,255,0.25));color: #000000;color: light-dark(#000000, #ffffff);border-radius: 2px  Server   91023982e65d @ http://localhost:3000/_next/static/chunks/f12ff_next_dist_95687940._.js:2302
[25451534ms] [LOG] [Fast Refresh] rebuilding @ http://localhost:3000/_next/static/chunks/f12ff_next_dist_95687940._.js:2302
[25451754ms] [LOG] [Fast Refresh] done in 323ms @ http://localhost:3000/_next/static/chunks/f12ff_next_dist_95687940._.js:2302
[25539717ms] [ERROR] WebSocket connection to 'ws://localhost:3000/_next/webpack-hmr?id=XB9Ho93docUc8rR6gfojU' failed: Error in connection establishment: net::ERR_CONNECTION_REFUSED @ http://localhost:3000/_next/static/chunks/f12ff_next_dist_client_d93c57ad._.js:10876
[25540721ms] [ERROR] WebSocket connection to 'ws://localhost:3000/_next/webpack-hmr?id=XB9Ho93docUc8rR6gfojU' failed: Error in connection establishment: net::ERR_CONNECTION_REFUSED @ http://localhost:3000/_next/static/chunks/f12ff_next_dist_client_d93c57ad._.js:10876
[25541723ms] [ERROR] WebSocket connection to 'ws://localhost:3000/_next/webpack-hmr?id=XB9Ho93docUc8rR6gfojU' failed: Error in connection establishment: net::ERR_CONNECTION_REFUSED @ http://localhost:3000/_next/static/chunks/f12ff_next_dist_client_d93c57ad._.js:10876
[25542727ms] [ERROR] WebSocket connection to 'ws://localhost:3000/_next/webpack-hmr?id=XB9Ho93docUc8rR6gfojU' failed: Error in connection establishment: net::ERR_CONNECTION_REFUSED @ http://localhost:3000/_next/static/chunks/f12ff_next_dist_client_d93c57ad._.js:10876
[25543731ms] [ERROR] WebSocket connection to 'ws://localhost:3000/_next/webpack-hmr?id=XB9Ho93docUc8rR6gfojU' failed: Error in connection establishment: net::ERR_CONNECTION_REFUSED @ http://localhost:3000/_next/static/chunks/f12ff_next_dist_client_d93c57ad._.js:10876
[25548737ms] [ERROR] WebSocket connection to 'ws://localhost:3000/_next/webpack-hmr?id=XB9Ho93docUc8rR6gfojU' failed: Error in connection establishment: net::ERR_CONNECTION_REFUSED @ http://localhost:3000/_next/static/chunks/f12ff_next_dist_client_d93c57ad._.js:10876
