[     435ms] [LOG] [Fast Refresh] rebuilding @ http://localhost:3000/_next/static/chunks/6f8fc_next_dist_2f27c456._.js:2297
[     847ms] [LOG] [Fast Refresh] done in 516ms @ http://localhost:3000/_next/static/chunks/6f8fc_next_dist_2f27c456._.js:2297
[    1301ms] [INFO] %cDownload the React DevTools for a better development experience: https://react.dev/link/react-devtools font-weight:bold @ http://localhost:3000/_next/static/chunks/6f8fc_next_dist_2f27c456._.js:2297
[    1360ms] [LOG] [HMR] connected @ http://localhost:3000/_next/static/chunks/6f8fc_next_dist_2f27c456._.js:2297
[    1614ms] [WARNING] Clerk: Clerk has been loaded with development keys. Development instances have strict usage limits and should not be used when deploying your application to production. Learn more: https://clerk.com/docs/deployments/overview @ http://localhost:3000/_next/static/chunks/6f8fc_next_dist_2f27c456._.js:2297
[    1801ms] [LOG] [Fast Refresh] rebuilding @ http://localhost:3000/_next/static/chunks/6f8fc_next_dist_2f27c456._.js:2297
[    1826ms] [LOG] [Fast Refresh] done in 126ms @ http://localhost:3000/_next/static/chunks/6f8fc_next_dist_2f27c456._.js:2297
[    1902ms] [WARNING] Image with src "/connecting-climate-minds-logo-white.png" was detected as the Largest Contentful Paint (LCP). Please add the `loading="eager"` property if this image is above the fold.
Read more: https://nextjs.org/docs/app/api-reference/components/image#loading @ http://localhost:3000/_next/static/chunks/6f8fc_next_dist_2f27c456._.js:2297
[    2063ms] [ERROR] A tree hydrated but some attributes of the server rendered HTML didn't match the client properties. This won't be patched up. This can happen if a SSR-ed Client Component used:

- A server/client branch `if (typeof window !== 'undefined')`.
- Variable input such as `Date.now()` or `Math.random()` which changes each time it's called.
- Date formatting in a user's locale which doesn't match the server.
- External changing data without sending a snapshot of it along with the HTML.
- Invalid HTML tag nesting.

It can also happen if the client has a browser extension installed which messes with the HTML before React loaded.

%s%s https://react.dev/link/hydration-mismatch 

  ...
    <div className="flex flex-...">
      <div>
      ...
        <PopperProvider scope={{Popper:[...]}} anchor={null} onAnchorChange={function bound dispatchSetState}>
          <PopoverProvider scope={undefined} contentId="radix-_R_a..." triggerRef={{current:null}} open={false} ...>
            <PopoverTrigger asChild={true}>
              <PopperAnchor asChild={true} __scopePopper={{Popper:[...]}}>
                <Primitive.div asChild={true} ref={function}>
                  <Primitive.div.Slot ref={function}>
                    <Primitive.div.SlotClone ref={function}>
                      <Primitive.button type="button" aria-haspopup="dialog" aria-expanded={false} ...>
                        <Primitive.button.Slot type="button" aria-haspopup="dialog" aria-expanded={false} ...>
                          <Primitive.button.SlotClone type="button" aria-haspopup="dialog" aria-expanded={false} ...>
                            <Button variant="outline" className="justify-st..." type="button" aria-haspopup="dialog" ...>
                              <button
                                data-slot="button"
                                className={"inline-flex items-center gap-2 text-balance transition-[color,background-..."}
                                type="button"
                                aria-haspopup="dialog"
                                aria-expanded={false}
+                               aria-controls="radix-_R_amqatpeukndb7t9etb_"
-                               aria-controls="radix-_R_1ar9bn5rqkndb7t9etb_"
                                data-state="closed"
                                onClick={function handleEvent}
                                ref={function}
                              >
            ...
      <div>
      ...
        <PopperProvider scope={{Popper:[...]}} anchor={null} onAnchorChange={function bound dispatchSetState}>
          <PopoverProvider scope={undefined} contentId="radix-_R_b..." triggerRef={{current:null}} open={false} ...>
            <PopoverTrigger asChild={true}>
              <PopperAnchor asChild={true} __scopePopper={{Popper:[...]}}>
                <Primitive.div asChild={true} ref={function}>
                  <Primitive.div.Slot ref={function}>
                    <Primitive.div.SlotClone ref={function}>
                      <Primitive.button type="button" aria-haspopup="dialog" aria-expanded={false} ...>
                        <Primitive.button.Slot type="button" aria-haspopup="dialog" aria-expanded={false} ...>
                          <Primitive.button.SlotClone type="button" aria-haspopup="dialog" aria-expanded={false} ...>
                            <Button variant="outline" className="justify-st..." type="button" aria-haspopup="dialog" ...>
                              <button
                                data-slot="button"
                                className={"inline-flex items-center gap-2 text-balance transition-[color,background-..."}
                                type="button"
                                aria-haspopup="dialog"
                                aria-expanded={false}
+                               aria-controls="radix-_R_b6qatpeukndb7t9etb_"
-                               aria-controls="radix-_R_1cr9bn5rqkndb7t9etb_"
                                data-state="closed"
                                onClick={function handleEvent}
                                ref={function}
                              >
            ...
      ...
        <PopperProvider scope={{Popper:[...]}} anchor={null} onAnchorChange={function bound dispatchSetState}>
          <PopoverProvider scope={undefined} contentId="radix-_R_3..." triggerRef={{current:null}} open={false} ...>
            <PopoverTrigger asChild={true}>
              <PopperAnchor asChild={true} __scopePopper={{Popper:[...]}}>
                <Primitive.div asChild={true} ref={function}>
                  <Primitive.div.Slot ref={function}>
                    <Primitive.div.SlotClone ref={function}>
                      <Primitive.button type="button" aria-haspopup="dialog" aria-expanded={false} ...>
                        <Primitive.button.Slot type="button" aria-haspopup="dialog" aria-expanded={false} ...>
                          <Primitive.button.SlotClone type="button" aria-haspopup="dialog" aria-expanded={false} ...>
                            <Button variant="outline" className="flex items..." type="button" aria-haspopup="dialog" ...>
                              <button
                                data-slot="button"
                                className={"justify-center text-center text-balance font-bold transition-[color,backg..."}
                                type="button"
                                aria-haspopup="dialog"
                                aria-expanded={false}
+                               aria-controls="radix-_R_3eqatpeukndb7t9etb_"
-                               aria-controls="radix-_R_dr9bn5rqkndb7t9etb_"
                                data-state="closed"
                                onClick={function handleEvent}
                                ref={function}
                              >
            ...
 @ http://localhost:3000/_next/static/chunks/6f8fc_next_dist_2f27c456._.js:3127
[    2142ms] [WARNING] Ignoring Event: localhost @ http://localhost:3000/_next/static/chunks/6f8fc_next_dist_2f27c456._.js:2297
[    2212ms] [INFO] Sanity is live with automatic revalidation of published content @ http://localhost:3000/_next/static/chunks/6f8fc_next_dist_2f27c456._.js:2297
[    2327ms] [LOG] [Fast Refresh] rebuilding @ http://localhost:3000/_next/static/chunks/6f8fc_next_dist_2f27c456._.js:2297
[    2659ms] [LOG] [Fast Refresh] done in 433ms @ http://localhost:3000/_next/static/chunks/6f8fc_next_dist_2f27c456._.js:2297
[    2767ms] [LOG] [Fast Refresh] rebuilding @ http://localhost:3000/_next/static/chunks/6f8fc_next_dist_2f27c456._.js:2297
[    6061ms] [LOG] [Fast Refresh] done in 3401ms @ http://localhost:3000/_next/static/chunks/6f8fc_next_dist_2f27c456._.js:2297
