[     654ms] [LOG] [Fast Refresh] rebuilding @ http://localhost:3000/_next/static/chunks/f12ff_next_dist_95687940._.js:2302
[    2105ms] [LOG] [Fast Refresh] done in 1552ms @ http://localhost:3000/_next/static/chunks/f12ff_next_dist_95687940._.js:2302
[    3315ms] [INFO] %cDownload the React DevTools for a better development experience: https://react.dev/link/react-devtools font-weight:bold @ http://localhost:3000/_next/static/chunks/f12ff_next_dist_95687940._.js:2302
[    3585ms] [LOG] [HMR] connected @ http://localhost:3000/_next/static/chunks/f12ff_next_dist_95687940._.js:2302
[    3638ms] [WARNING] Clerk: Clerk has been loaded with development keys. Development instances have strict usage limits and should not be used when deploying your application to production. Learn more: https://clerk.com/docs/deployments/overview @ http://localhost:3000/_next/static/chunks/f12ff_next_dist_95687940._.js:2302
[    3714ms] [WARNING] Missing Algolia environment variables: ALGOLIA_API_KEY @ http://localhost:3000/_next/static/chunks/f12ff_next_dist_95687940._.js:2302
[    3714ms] [WARNING] Algolia admin client not available - missing credentials @ http://localhost:3000/_next/static/chunks/f12ff_next_dist_95687940._.js:2302
[    3714ms] [LOG] ✅ Algolia search client initialized successfully @ http://localhost:3000/_next/static/chunks/f12ff_next_dist_95687940._.js:2302
[    3730ms] [WARNING] Image with src "/connecting-climate-minds-logo-white.png" was detected as the Largest Contentful Paint (LCP). Please add the `loading="eager"` property if this image is above the fold.
Read more: https://nextjs.org/docs/app/api-reference/components/image#loading @ http://localhost:3000/_next/static/chunks/f12ff_next_dist_95687940._.js:2302
[    3947ms] [WARNING] Ignoring Event: localhost @ http://localhost:3000/_next/static/chunks/f12ff_next_dist_95687940._.js:2302
[    4055ms] [INFO] Sanity is live with automatic revalidation of published content @ http://localhost:3000/_next/static/chunks/f12ff_next_dist_95687940._.js:2302
[   39853ms] [LOG] [Fast Refresh] rebuilding @ http://localhost:3000/_next/static/chunks/f12ff_next_dist_95687940._.js:2302
[   40190ms] [LOG] [Fast Refresh] done in 408ms @ http://localhost:3000/_next/static/chunks/f12ff_next_dist_95687940._.js:2302
[  106170ms] [LOG] [Fast Refresh] rebuilding @ http://localhost:3000/_next/static/chunks/f12ff_next_dist_95687940._.js:2302
[  106685ms] [LOG] [Fast Refresh] done in 616ms @ http://localhost:3000/_next/static/chunks/f12ff_next_dist_95687940._.js:2302
[  269591ms] [ERROR] WebSocket connection to 'ws://localhost:3000/_next/webpack-hmr?id=Fa8TD9IFAvp0Q8xRqBNKv' failed: Error in connection establishment: net::ERR_CONNECTION_REFUSED @ http://localhost:3000/_next/static/chunks/f12ff_next_dist_client_d93c57ad._.js:10876
[  270594ms] [ERROR] WebSocket connection to 'ws://localhost:3000/_next/webpack-hmr?id=Fa8TD9IFAvp0Q8xRqBNKv' failed: Error in connection establishment: net::ERR_CONNECTION_REFUSED @ http://localhost:3000/_next/static/chunks/f12ff_next_dist_client_d93c57ad._.js:10876
[  271597ms] [ERROR] WebSocket connection to 'ws://localhost:3000/_next/webpack-hmr?id=Fa8TD9IFAvp0Q8xRqBNKv' failed: Error in connection establishment: net::ERR_CONNECTION_REFUSED @ http://localhost:3000/_next/static/chunks/f12ff_next_dist_client_d93c57ad._.js:10876
[  272600ms] [ERROR] WebSocket connection to 'ws://localhost:3000/_next/webpack-hmr?id=Fa8TD9IFAvp0Q8xRqBNKv' failed: Error in connection establishment: net::ERR_CONNECTION_REFUSED @ http://localhost:3000/_next/static/chunks/f12ff_next_dist_client_d93c57ad._.js:10876
[  273605ms] [ERROR] WebSocket connection to 'ws://localhost:3000/_next/webpack-hmr?id=Fa8TD9IFAvp0Q8xRqBNKv' failed: Error in connection establishment: net::ERR_CONNECTION_REFUSED @ http://localhost:3000/_next/static/chunks/f12ff_next_dist_client_d93c57ad._.js:10876
[  278611ms] [ERROR] WebSocket connection to 'ws://localhost:3000/_next/webpack-hmr?id=Fa8TD9IFAvp0Q8xRqBNKv' failed: Error in connection establishment: net::ERR_CONNECTION_REFUSED @ http://localhost:3000/_next/static/chunks/f12ff_next_dist_client_d93c57ad._.js:10876
[  283618ms] [ERROR] WebSocket connection to 'ws://localhost:3000/_next/webpack-hmr?id=Fa8TD9IFAvp0Q8xRqBNKv' failed: Error in connection establishment: net::ERR_CONNECTION_REFUSED @ http://localhost:3000/_next/static/chunks/f12ff_next_dist_client_d93c57ad._.js:10876
[  288631ms] [ERROR] WebSocket connection to 'ws://localhost:3000/_next/webpack-hmr?id=Fa8TD9IFAvp0Q8xRqBNKv' failed: Error in connection establishment: net::ERR_CONNECTION_REFUSED @ http://localhost:3000/_next/static/chunks/f12ff_next_dist_client_d93c57ad._.js:10876
[  293664ms] [ERROR] WebSocket connection to 'ws://localhost:3000/_next/webpack-hmr?id=Fa8TD9IFAvp0Q8xRqBNKv' failed: Error in connection establishment: net::ERR_CONNECTION_REFUSED @ http://localhost:3000/_next/static/chunks/f12ff_next_dist_client_d93c57ad._.js:10876
[  298740ms] [ERROR] WebSocket connection to 'ws://localhost:3000/_next/webpack-hmr?id=Fa8TD9IFAvp0Q8xRqBNKv' failed: Error in connection establishment: net::ERR_CONNECTION_REFUSED @ http://localhost:3000/_next/static/chunks/f12ff_next_dist_client_d93c57ad._.js:10876
[  303829ms] [ERROR] WebSocket connection to 'ws://localhost:3000/_next/webpack-hmr?id=Fa8TD9IFAvp0Q8xRqBNKv' failed: Error in connection establishment: net::ERR_CONNECTION_REFUSED @ http://localhost:3000/_next/static/chunks/f12ff_next_dist_client_d93c57ad._.js:10876
[  309125ms] [ERROR] WebSocket connection to 'ws://localhost:3000/_next/webpack-hmr?id=Fa8TD9IFAvp0Q8xRqBNKv' failed: Error in connection establishment: net::ERR_CONNECTION_REFUSED @ http://localhost:3000/_next/static/chunks/f12ff_next_dist_client_d93c57ad._.js:10876
[  942578ms] [INFO] %cDownload the React DevTools for a better development experience: https://react.dev/link/react-devtools font-weight:bold @ http://localhost:3000/_next/static/chunks/f12ff_next_dist_95687940._.js:2302
[  943091ms] [LOG] [HMR] connected @ http://localhost:3000/_next/static/chunks/f12ff_next_dist_95687940._.js:2302
[  943140ms] [WARNING] Clerk: Clerk has been loaded with development keys. Development instances have strict usage limits and should not be used when deploying your application to production. Learn more: https://clerk.com/docs/deployments/overview @ http://localhost:3000/_next/static/chunks/f12ff_next_dist_95687940._.js:2302
[  943288ms] [LOG] [Fast Refresh] rebuilding @ http://localhost:3000/_next/static/chunks/f12ff_next_dist_95687940._.js:2302
[  943397ms] [WARNING] Missing Algolia environment variables: ALGOLIA_API_KEY @ http://localhost:3000/_next/static/chunks/f12ff_next_dist_95687940._.js:2302
[  943397ms] [WARNING] Algolia admin client not available - missing credentials @ http://localhost:3000/_next/static/chunks/f12ff_next_dist_95687940._.js:2302
[  943397ms] [LOG] ✅ Algolia search client initialized successfully @ http://localhost:3000/_next/static/chunks/f12ff_next_dist_95687940._.js:2302
[  943501ms] [WARNING] Image with src "/connecting-climate-minds-logo-white.png" was detected as the Largest Contentful Paint (LCP). Please add the `loading="eager"` property if this image is above the fold.
Read more: https://nextjs.org/docs/app/api-reference/components/image#loading @ http://localhost:3000/_next/static/chunks/f12ff_next_dist_95687940._.js:2302
[  944258ms] [WARNING] Ignoring Event: localhost @ http://localhost:3000/_next/static/chunks/f12ff_next_dist_95687940._.js:2302
[  944380ms] [INFO] Sanity is live with automatic revalidation of published content @ http://localhost:3000/_next/static/chunks/f12ff_next_dist_95687940._.js:2302
[  950283ms] [LOG] [Fast Refresh] done in 7082ms @ http://localhost:3000/_next/static/chunks/f12ff_next_dist_95687940._.js:2302
[  950527ms] [LOG] [Fast Refresh] rebuilding @ http://localhost:3000/_next/static/chunks/f12ff_next_dist_95687940._.js:2302
[  950676ms] [LOG] [Fast Refresh] done in 251ms @ http://localhost:3000/_next/static/chunks/f12ff_next_dist_95687940._.js:2302
[  964189ms] [ERROR] WebSocket connection to 'ws://localhost:3000/_next/webpack-hmr?id=_NAFuIC0JqNNny9dvhcxE' failed: Error in connection establishment: net::ERR_CONNECTION_REFUSED @ http://localhost:3000/_next/static/chunks/f12ff_next_dist_client_d93c57ad._.js:10876
[  965206ms] [ERROR] WebSocket connection to 'ws://localhost:3000/_next/webpack-hmr?id=_NAFuIC0JqNNny9dvhcxE' failed: Error in connection establishment: net::ERR_CONNECTION_REFUSED @ http://localhost:3000/_next/static/chunks/f12ff_next_dist_client_d93c57ad._.js:10876
[  966228ms] [ERROR] WebSocket connection to 'ws://localhost:3000/_next/webpack-hmr?id=_NAFuIC0JqNNny9dvhcxE' failed: Error in connection establishment: net::ERR_CONNECTION_REFUSED @ http://localhost:3000/_next/static/chunks/f12ff_next_dist_client_d93c57ad._.js:10876
[  967233ms] [ERROR] WebSocket connection to 'ws://localhost:3000/_next/webpack-hmr?id=_NAFuIC0JqNNny9dvhcxE' failed: Error in connection establishment: net::ERR_CONNECTION_REFUSED @ http://localhost:3000/_next/static/chunks/f12ff_next_dist_client_d93c57ad._.js:10876
[  968291ms] [ERROR] WebSocket connection to 'ws://localhost:3000/_next/webpack-hmr?id=_NAFuIC0JqNNny9dvhcxE' failed: Error in connection establishment: net::ERR_CONNECTION_REFUSED @ http://localhost:3000/_next/static/chunks/f12ff_next_dist_client_d93c57ad._.js:10876
[  973356ms] [ERROR] WebSocket connection to 'ws://localhost:3000/_next/webpack-hmr?id=_NAFuIC0JqNNny9dvhcxE' failed: Error in connection establishment: net::ERR_CONNECTION_REFUSED @ http://localhost:3000/_next/static/chunks/f12ff_next_dist_client_d93c57ad._.js:10876
[  978392ms] [ERROR] WebSocket connection to 'ws://localhost:3000/_next/webpack-hmr?id=_NAFuIC0JqNNny9dvhcxE' failed: Error in connection establishment: net::ERR_CONNECTION_REFUSED @ http://localhost:3000/_next/static/chunks/f12ff_next_dist_client_d93c57ad._.js:10876
[  983916ms] [ERROR] WebSocket connection to 'ws://localhost:3000/_next/webpack-hmr?id=_NAFuIC0JqNNny9dvhcxE' failed: Error in connection establishment: net::ERR_CONNECTION_REFUSED @ http://localhost:3000/_next/static/chunks/f12ff_next_dist_client_d93c57ad._.js:10876
[  988943ms] [ERROR] WebSocket connection to 'ws://localhost:3000/_next/webpack-hmr?id=_NAFuIC0JqNNny9dvhcxE' failed: Error in connection establishment: net::ERR_CONNECTION_REFUSED @ http://localhost:3000/_next/static/chunks/f12ff_next_dist_client_d93c57ad._.js:10876
[  993957ms] [ERROR] WebSocket connection to 'ws://localhost:3000/_next/webpack-hmr?id=_NAFuIC0JqNNny9dvhcxE' failed: Error in connection establishment: net::ERR_CONNECTION_REFUSED @ http://localhost:3000/_next/static/chunks/f12ff_next_dist_client_d93c57ad._.js:10876
[  998966ms] [ERROR] WebSocket connection to 'ws://localhost:3000/_next/webpack-hmr?id=_NAFuIC0JqNNny9dvhcxE' failed: Error in connection establishment: net::ERR_CONNECTION_REFUSED @ http://localhost:3000/_next/static/chunks/f12ff_next_dist_client_d93c57ad._.js:10876
[ 1003983ms] [ERROR] WebSocket connection to 'ws://localhost:3000/_next/webpack-hmr?id=_NAFuIC0JqNNny9dvhcxE' failed: Error in connection establishment: net::ERR_CONNECTION_REFUSED @ http://localhost:3000/_next/static/chunks/f12ff_next_dist_client_d93c57ad._.js:10876
[ 1004494ms] [ERROR] Failed to load resource: net::ERR_CONNECTION_REFUSED @ http://localhost:3000/api/notifications:0
