[     863ms] [LOG] [Fast Refresh] rebuilding @ http://localhost:3000/_next/static/chunks/f12ff_next_dist_95687940._.js:2302
[   10506ms] [LOG] [Fast Refresh] done in 9743ms @ http://localhost:3000/_next/static/chunks/f12ff_next_dist_95687940._.js:2302
[   15547ms] [INFO] %cDownload the React DevTools for a better development experience: https://react.dev/link/react-devtools font-weight:bold @ http://localhost:3000/_next/static/chunks/f12ff_next_dist_95687940._.js:2302
[   16152ms] [LOG] [HMR] connected @ http://localhost:3000/_next/static/chunks/f12ff_next_dist_95687940._.js:2302
[   16224ms] [WARNING] Image with src "/connecting-climate-minds-logo-white.png" was detected as the Largest Contentful Paint (LCP). Please add the `loading="eager"` property if this image is above the fold.
Read more: https://nextjs.org/docs/app/api-reference/components/image#loading @ http://localhost:3000/_next/static/chunks/f12ff_next_dist_95687940._.js:2302
[   16361ms] [WARNING] Missing Algolia environment variables: ALGOLIA_API_KEY @ http://localhost:3000/_next/static/chunks/f12ff_next_dist_95687940._.js:2302
[   16361ms] [WARNING] Algolia admin client not available - missing credentials @ http://localhost:3000/_next/static/chunks/f12ff_next_dist_95687940._.js:2302
[   16361ms] [LOG] ✅ Algolia search client initialized successfully @ http://localhost:3000/_next/static/chunks/f12ff_next_dist_95687940._.js:2302
[   16422ms] [WARNING] Ignoring Event: localhost @ http://localhost:3000/_next/static/chunks/f12ff_next_dist_95687940._.js:2302
[   16427ms] [LOG] [Fast Refresh] rebuilding @ http://localhost:3000/_next/static/chunks/f12ff_next_dist_95687940._.js:2302
[   16434ms] [LOG] [Fast Refresh] done in 244ms @ http://localhost:3000/_next/static/chunks/f12ff_next_dist_95687940._.js:2302
[   16466ms] [INFO] Sanity is live with automatic revalidation of published content @ http://localhost:3000/_next/static/chunks/f12ff_next_dist_95687940._.js:2302
[   16508ms] [WARNING] Clerk: Clerk has been loaded with development keys. Development instances have strict usage limits and should not be used when deploying your application to production. Learn more: https://clerk.com/docs/deployments/overview @ http://localhost:3000/_next/static/chunks/f12ff_next_dist_95687940._.js:2302
[   27248ms] [LOG] [Fast Refresh] rebuilding @ http://localhost:3000/_next/static/chunks/f12ff_next_dist_95687940._.js:2302
[   27902ms] [LOG] [Fast Refresh] done in 755ms @ http://localhost:3000/_next/static/chunks/f12ff_next_dist_95687940._.js:2302
[   56850ms] [WARNING] [react-instantsearch-nextjs] InstantSearchNext relies on experimental APIs and may break in the future.
This message will only be displayed in development mode. @ http://localhost:3000/_next/static/chunks/f12ff_next_dist_95687940._.js:2302
[   59933ms] [LOG] [Fast Refresh] rebuilding @ http://localhost:3000/_next/static/chunks/f12ff_next_dist_95687940._.js:2302
[   59934ms] [LOG] [Fast Refresh] done in 105ms @ http://localhost:3000/_next/static/chunks/f12ff_next_dist_95687940._.js:2302
[   72845ms] [LOG] [Fast Refresh] rebuilding @ http://localhost:3000/_next/static/chunks/f12ff_next_dist_95687940._.js:2302
[   73843ms] [LOG] [Fast Refresh] done in 1106ms @ http://localhost:3000/_next/static/chunks/f12ff_next_dist_95687940._.js:2302
[   80294ms] [LOG] [Fast Refresh] rebuilding @ http://localhost:3000/_next/static/chunks/f12ff_next_dist_95687940._.js:2302
[   84585ms] [LOG] [Fast Refresh] done in 4978ms @ http://localhost:3000/_next/static/chunks/f12ff_next_dist_95687940._.js:2302
[  108435ms] [LOG] [Fast Refresh] rebuilding @ http://localhost:3000/_next/static/chunks/f12ff_next_dist_95687940._.js:2302
[  108494ms] [LOG] [Fast Refresh] done in 166ms @ http://localhost:3000/_next/static/chunks/f12ff_next_dist_95687940._.js:2302
