[     550ms] [ERROR] Failed to load resource: the server responded with a status of 404 (Not Found) @ http://localhost:3001/_next/image?url=https%3A%2F%2Fcdn.sanity.io%2Fimages%2Fgm67v7rk%2Fdevelopment%2Fd800ae0083a85016fd1640ec6a414b5dfd8217f1-3840x2160.png%3Fw%3D1200%26h%3D675%26fm%3Dwebp%26fit%3Dmax&w=1920&q=75:0
[     589ms] [ERROR] Access to resource at 'https://gm67v7rk.api.sanity.io/v2024-04-24/data/live/events/development?tag=next-loader.live' from origin 'http://localhost:3001' has been blocked by CORS policy: No 'Access-Control-Allow-Origin' header is present on the requested resource. @ http://localhost:3001/en/research-and-action/research-outputs/connecting-climate-minds-global-event-impact-report:0
[     590ms] [ERROR] Failed to load resource: net::ERR_FAILED @ https://gm67v7rk.api.sanity.io/v2024-04-24/data/live/events/development?tag=next-loader.live:0
[     605ms] [LOG] [Fast Refresh] done in 1177ms @ http://localhost:3001/_next/static/chunks/f12ff_next_dist_95687940._.js:2302
[     696ms] [ERROR] Access to fetch at 'https://gm67v7rk.api.sanity.io/v2024-04-24/data/live/events/development?tag=next-loader.live' from origin 'http://localhost:3001' has been blocked by CORS policy: Response to preflight request doesn't pass access control check: No 'Access-Control-Allow-Origin' header is present on the requested resource. @ http://localhost:3001/en/research-and-action/research-outputs/connecting-climate-minds-global-event-impact-report:0
[     697ms] [ERROR] Failed to load resource: net::ERR_FAILED @ https://gm67v7rk.api.sanity.io/v2024-04-24/data/live/events/development?tag=next-loader.live:0
[     718ms] [LOG] [Fast Refresh] rebuilding @ http://localhost:3001/_next/static/chunks/f12ff_next_dist_95687940._.js:2302
[     819ms] [ERROR] Access to fetch at 'https://gm67v7rk.api.sanity.io/v2024-04-24/data/live/events/development?tag=next-loader.live' from origin 'http://localhost:3001' has been blocked by CORS policy: Response to preflight request doesn't pass access control check: No 'Access-Control-Allow-Origin' header is present on the requested resource. @ http://localhost:3001/en/research-and-action/research-outputs/connecting-climate-minds-global-event-impact-report:0
[     819ms] [ERROR] Failed to load resource: net::ERR_FAILED @ https://gm67v7rk.api.sanity.io/v2024-04-24/data/live/events/development?tag=next-loader.live:0
[     819ms] [WARNING] Sanity Live is unable to connect to the Sanity API as the current origin - http://localhost:3001 - is not in the list of allowed CORS origins for this Sanity Project. Add it here: https://sanity.io/manage/project/gm67v7rk/api?cors=add&origin=http%3A%2F%2Flocalhost%3A3001 @ http://localhost:3001/_next/static/chunks/f12ff_next_dist_95687940._.js:2302
[     884ms] [ERROR] Error checking revision submissions: TypeError: Failed to fetch
    at RevisionAlertProvider.useEffect.checkRevisionSubmissions (http://localhost:3001/_next/static/chunks/_46c9aa62._.js:1332:48)
    at RevisionAlertProvider.useEffect (http://localhost:3001/_next/static/chunks/_46c9aa62._.js:1349:13)
    at Object.react_stack_bottom_frame (http://localhost:3001/_next/static/chunks/f12ff_next_dist_compiled_react-dom_7b2f6d3d._.js:14876:22)
    at runWithFiberInDEV (http://localhost:3001/_next/static/chunks/f12ff_next_dist_compiled_react-dom_7b2f6d3d._.js:965:74)
    at commitHookEffectListMount (http://localhost:3001/_next/static/chunks/f12ff_next_dist_compiled_react-dom_7b2f6d3d._.js:7266:167)
    at commitHookPassiveMountEffects (http://localhost:3001/_next/static/chunks/f12ff_next_dist_compiled_react-dom_7b2f6d3d._.js:7301:60)
    at commitPassiveMountOnFiber (http://localhost:3001/_next/static/chunks/f12ff_next_dist_compiled_react-dom_7b2f6d3d._.js:8696:33)
    at recursivelyTraversePassiveMountEffects (http://localhost:3001/_next/static/chunks/f12ff_next_dist_compiled_react-dom_7b2f6d3d._.js:8683:316)
    at commitPassiveMountOnFiber (http://localhost:3001/_next/static/chunks/f12ff_next_dist_compiled_react-dom_7b2f6d3d._.js:8695:17)
    at recursivelyTraversePassiveMountEffects (http://localhost:3001/_next/static/chunks/f12ff_next_dist_compiled_react-dom_7b2f6d3d._.js:8683:316)
    at commitPassiveMountOnFiber (http://localhost:3001/_next/static/chunks/f12ff_next_dist_compiled_react-dom_7b2f6d3d._.js:8757:17)
    at recursivelyTraversePassiveMountEffects (http://localhost:3001/_next/static/chunks/f12ff_next_dist_compiled_react-dom_7b2f6d3d._.js:8683:316)
    at commitPassiveMountOnFiber (http://localhost:3001/_next/static/chunks/f12ff_next_dist_compiled_react-dom_7b2f6d3d._.js:8695:17)
    at recursivelyTraversePassiveMountEffects (http://localhost:3001/_next/static/chunks/f12ff_next_dist_compiled_react-dom_7b2f6d3d._.js:8683:316)
    at commitPassiveMountOnFiber (http://localhost:3001/_next/static/chunks/f12ff_next_dist_compiled_react-dom_7b2f6d3d._.js:8695:17)
    at recursivelyTraversePassiveMountEffects (http://localhost:3001/_next/static/chunks/f12ff_next_dist_compiled_react-dom_7b2f6d3d._.js:8683:316)
    at commitPassiveMountOnFiber (http://localhost:3001/_next/static/chunks/f12ff_next_dist_compiled_react-dom_7b2f6d3d._.js:8695:17)
    at recursivelyTraversePassiveMountEffects (http://localhost:3001/_next/static/chunks/f12ff_next_dist_compiled_react-dom_7b2f6d3d._.js:8683:316)
    at commitPassiveMountOnFiber (http://localhost:3001/_next/static/chunks/f12ff_next_dist_compiled_react-dom_7b2f6d3d._.js:8757:17)
    at recursivelyTraversePassiveMountEffects (http://localhost:3001/_next/static/chunks/f12ff_next_dist_compiled_react-dom_7b2f6d3d._.js:8683:316)
    at commitPassiveMountOnFiber (http://localhost:3001/_next/static/chunks/f12ff_next_dist_compiled_react-dom_7b2f6d3d._.js:8695:17)
    at recursivelyTraversePassiveMountEffects (http://localhost:3001/_next/static/chunks/f12ff_next_dist_compiled_react-dom_7b2f6d3d._.js:8683:316)
    at commitPassiveMountOnFiber (http://localhost:3001/_next/static/chunks/f12ff_next_dist_compiled_react-dom_7b2f6d3d._.js:8695:17)
    at recursivelyTraversePassiveMountEffects (http://localhost:3001/_next/static/chunks/f12ff_next_dist_compiled_react-dom_7b2f6d3d._.js:8683:316)
    at commitPassiveMountOnFiber (http://localhost:3001/_next/static/chunks/f12ff_next_dist_compiled_react-dom_7b2f6d3d._.js:8757:17)
    at recursivelyTraversePassiveMountEffects (http://localhost:3001/_next/static/chunks/f12ff_next_dist_compiled_react-dom_7b2f6d3d._.js:8683:316)
    at commitPassiveMountOnFiber (http://localhost:3001/_next/static/chunks/f12ff_next_dist_compiled_react-dom_7b2f6d3d._.js:8695:17)
    at recursivelyTraversePassiveMountEffects (http://localhost:3001/_next/static/chunks/f12ff_next_dist_compiled_react-dom_7b2f6d3d._.js:8683:316)
    at commitPassiveMountOnFiber (http://localhost:3001/_next/static/chunks/f12ff_next_dist_compiled_react-dom_7b2f6d3d._.js:8757:17)
    at recursivelyTraversePassiveMountEffects (http://localhost:3001/_next/static/chunks/f12ff_next_dist_compiled_react-dom_7b2f6d3d._.js:8683:316)
    at commitPassiveMountOnFiber (http://localhost:3001/_next/static/chunks/f12ff_next_dist_compiled_react-dom_7b2f6d3d._.js:8757:17)
    at recursivelyTraversePassiveMountEffects (http://localhost:3001/_next/static/chunks/f12ff_next_dist_compiled_react-dom_7b2f6d3d._.js:8683:316)
    at commitPassiveMountOnFiber (http://localhost:3001/_next/static/chunks/f12ff_next_dist_compiled_react-dom_7b2f6d3d._.js:8757:17)
    at recursivelyTraversePassiveMountEffects (http://localhost:3001/_next/static/chunks/f12ff_next_dist_compiled_react-dom_7b2f6d3d._.js:8683:316)
    at commitPassiveMountOnFiber (http://localhost:3001/_next/static/chunks/f12ff_next_dist_compiled_react-dom_7b2f6d3d._.js:8757:17)
    at recursivelyTraversePassiveMountEffects (http://localhost:3001/_next/static/chunks/f12ff_next_dist_compiled_react-dom_7b2f6d3d._.js:8683:316)
    at commitPassiveMountOnFiber (http://localhost:3001/_next/static/chunks/f12ff_next_dist_compiled_react-dom_7b2f6d3d._.js:8695:17)
    at recursivelyTraversePassiveMountEffects (http://localhost:3001/_next/static/chunks/f12ff_next_dist_compiled_react-dom_7b2f6d3d._.js:8683:316)
    at commitPassiveMountOnFiber (http://localhost:3001/_next/static/chunks/f12ff_next_dist_compiled_react-dom_7b2f6d3d._.js:8695:17)
    at recursivelyTraversePassiveMountEffects (http://localhost:3001/_next/static/chunks/f12ff_next_dist_compiled_react-dom_7b2f6d3d._.js:8683:316)
    at commitPassiveMountOnFiber (http://localhost:3001/_next/static/chunks/f12ff_next_dist_compiled_react-dom_7b2f6d3d._.js:8695:17)
    at recursivelyTraversePassiveMountEffects (http://localhost:3001/_next/static/chunks/f12ff_next_dist_compiled_react-dom_7b2f6d3d._.js:8683:316)
    at commitPassiveMountOnFiber (http://localhost:3001/_next/static/chunks/f12ff_next_dist_compiled_react-dom_7b2f6d3d._.js:8757:17)
    at recursivelyTraversePassiveMountEffects (http://localhost:3001/_next/static/chunks/f12ff_next_dist_compiled_react-dom_7b2f6d3d._.js:8683:316)
    at commitPassiveMountOnFiber (http://localhost:3001/_next/static/chunks/f12ff_next_dist_compiled_react-dom_7b2f6d3d._.js:8757:17)
    at recursivelyTraversePassiveMountEffects (http://localhost:3001/_next/static/chunks/f12ff_next_dist_compiled_react-dom_7b2f6d3d._.js:8683:316)
    at commitPassiveMountOnFiber (http://localhost:3001/_next/static/chunks/f12ff_next_dist_compiled_react-dom_7b2f6d3d._.js:8757:17)
    at recursivelyTraversePassiveMountEffects (http://localhost:3001/_next/static/chunks/f12ff_next_dist_compiled_react-dom_7b2f6d3d._.js:8683:316)
    at commitPassiveMountOnFiber (http://localhost:3001/_next/static/chunks/f12ff_next_dist_compiled_react-dom_7b2f6d3d._.js:8695:17)
    at recursivelyTraversePassiveMountEffects (http://localhost:3001/_next/static/chunks/f12ff_next_dist_compiled_react-dom_7b2f6d3d._.js:8683:316) @ http://localhost:3001/_next/static/chunks/f12ff_next_dist_95687940._.js:3132
[     895ms] [ERROR] Error checking onboarding status: TypeError: Failed to fetch
    at OnboardingRedirectProvider.useEffect.checkOnboardingStatus (http://localhost:3001/_next/static/chunks/_46c9aa62._.js:807:48)
    at OnboardingRedirectProvider.useEffect (http://localhost:3001/_next/static/chunks/_46c9aa62._.js:869:13)
    at Object.react_stack_bottom_frame (http://localhost:3001/_next/static/chunks/f12ff_next_dist_compiled_react-dom_7b2f6d3d._.js:14876:22)
    at runWithFiberInDEV (http://localhost:3001/_next/static/chunks/f12ff_next_dist_compiled_react-dom_7b2f6d3d._.js:965:74)
    at commitHookEffectListMount (http://localhost:3001/_next/static/chunks/f12ff_next_dist_compiled_react-dom_7b2f6d3d._.js:7266:167)
    at commitHookPassiveMountEffects (http://localhost:3001/_next/static/chunks/f12ff_next_dist_compiled_react-dom_7b2f6d3d._.js:7301:60)
    at commitPassiveMountOnFiber (http://localhost:3001/_next/static/chunks/f12ff_next_dist_compiled_react-dom_7b2f6d3d._.js:8696:33)
    at recursivelyTraversePassiveMountEffects (http://localhost:3001/_next/static/chunks/f12ff_next_dist_compiled_react-dom_7b2f6d3d._.js:8683:316)
    at commitPassiveMountOnFiber (http://localhost:3001/_next/static/chunks/f12ff_next_dist_compiled_react-dom_7b2f6d3d._.js:8757:17)
    at recursivelyTraversePassiveMountEffects (http://localhost:3001/_next/static/chunks/f12ff_next_dist_compiled_react-dom_7b2f6d3d._.js:8683:316)
    at commitPassiveMountOnFiber (http://localhost:3001/_next/static/chunks/f12ff_next_dist_compiled_react-dom_7b2f6d3d._.js:8695:17)
    at recursivelyTraversePassiveMountEffects (http://localhost:3001/_next/static/chunks/f12ff_next_dist_compiled_react-dom_7b2f6d3d._.js:8683:316)
    at commitPassiveMountOnFiber (http://localhost:3001/_next/static/chunks/f12ff_next_dist_compiled_react-dom_7b2f6d3d._.js:8695:17)
    at recursivelyTraversePassiveMountEffects (http://localhost:3001/_next/static/chunks/f12ff_next_dist_compiled_react-dom_7b2f6d3d._.js:8683:316)
    at commitPassiveMountOnFiber (http://localhost:3001/_next/static/chunks/f12ff_next_dist_compiled_react-dom_7b2f6d3d._.js:8695:17)
    at recursivelyTraversePassiveMountEffects (http://localhost:3001/_next/static/chunks/f12ff_next_dist_compiled_react-dom_7b2f6d3d._.js:8683:316)
    at commitPassiveMountOnFiber (http://localhost:3001/_next/static/chunks/f12ff_next_dist_compiled_react-dom_7b2f6d3d._.js:8757:17)
    at recursivelyTraversePassiveMountEffects (http://localhost:3001/_next/static/chunks/f12ff_next_dist_compiled_react-dom_7b2f6d3d._.js:8683:316)
    at commitPassiveMountOnFiber (http://localhost:3001/_next/static/chunks/f12ff_next_dist_compiled_react-dom_7b2f6d3d._.js:8695:17)
    at recursivelyTraversePassiveMountEffects (http://localhost:3001/_next/static/chunks/f12ff_next_dist_compiled_react-dom_7b2f6d3d._.js:8683:316)
    at commitPassiveMountOnFiber (http://localhost:3001/_next/static/chunks/f12ff_next_dist_compiled_react-dom_7b2f6d3d._.js:8695:17)
    at recursivelyTraversePassiveMountEffects (http://localhost:3001/_next/static/chunks/f12ff_next_dist_compiled_react-dom_7b2f6d3d._.js:8683:316)
    at commitPassiveMountOnFiber (http://localhost:3001/_next/static/chunks/f12ff_next_dist_compiled_react-dom_7b2f6d3d._.js:8757:17)
    at recursivelyTraversePassiveMountEffects (http://localhost:3001/_next/static/chunks/f12ff_next_dist_compiled_react-dom_7b2f6d3d._.js:8683:316)
    at commitPassiveMountOnFiber (http://localhost:3001/_next/static/chunks/f12ff_next_dist_compiled_react-dom_7b2f6d3d._.js:8695:17)
    at recursivelyTraversePassiveMountEffects (http://localhost:3001/_next/static/chunks/f12ff_next_dist_compiled_react-dom_7b2f6d3d._.js:8683:316)
    at commitPassiveMountOnFiber (http://localhost:3001/_next/static/chunks/f12ff_next_dist_compiled_react-dom_7b2f6d3d._.js:8757:17)
    at recursivelyTraversePassiveMountEffects (http://localhost:3001/_next/static/chunks/f12ff_next_dist_compiled_react-dom_7b2f6d3d._.js:8683:316)
    at commitPassiveMountOnFiber (http://localhost:3001/_next/static/chunks/f12ff_next_dist_compiled_react-dom_7b2f6d3d._.js:8757:17)
    at recursivelyTraversePassiveMountEffects (http://localhost:3001/_next/static/chunks/f12ff_next_dist_compiled_react-dom_7b2f6d3d._.js:8683:316)
    at commitPassiveMountOnFiber (http://localhost:3001/_next/static/chunks/f12ff_next_dist_compiled_react-dom_7b2f6d3d._.js:8757:17)
    at recursivelyTraversePassiveMountEffects (http://localhost:3001/_next/static/chunks/f12ff_next_dist_compiled_react-dom_7b2f6d3d._.js:8683:316)
    at commitPassiveMountOnFiber (http://localhost:3001/_next/static/chunks/f12ff_next_dist_compiled_react-dom_7b2f6d3d._.js:8757:17)
    at recursivelyTraversePassiveMountEffects (http://localhost:3001/_next/static/chunks/f12ff_next_dist_compiled_react-dom_7b2f6d3d._.js:8683:316)
    at commitPassiveMountOnFiber (http://localhost:3001/_next/static/chunks/f12ff_next_dist_compiled_react-dom_7b2f6d3d._.js:8695:17)
    at recursivelyTraversePassiveMountEffects (http://localhost:3001/_next/static/chunks/f12ff_next_dist_compiled_react-dom_7b2f6d3d._.js:8683:316)
    at commitPassiveMountOnFiber (http://localhost:3001/_next/static/chunks/f12ff_next_dist_compiled_react-dom_7b2f6d3d._.js:8695:17)
    at recursivelyTraversePassiveMountEffects (http://localhost:3001/_next/static/chunks/f12ff_next_dist_compiled_react-dom_7b2f6d3d._.js:8683:316)
    at commitPassiveMountOnFiber (http://localhost:3001/_next/static/chunks/f12ff_next_dist_compiled_react-dom_7b2f6d3d._.js:8695:17)
    at recursivelyTraversePassiveMountEffects (http://localhost:3001/_next/static/chunks/f12ff_next_dist_compiled_react-dom_7b2f6d3d._.js:8683:316)
    at commitPassiveMountOnFiber (http://localhost:3001/_next/static/chunks/f12ff_next_dist_compiled_react-dom_7b2f6d3d._.js:8757:17)
    at recursivelyTraversePassiveMountEffects (http://localhost:3001/_next/static/chunks/f12ff_next_dist_compiled_react-dom_7b2f6d3d._.js:8683:316)
    at commitPassiveMountOnFiber (http://localhost:3001/_next/static/chunks/f12ff_next_dist_compiled_react-dom_7b2f6d3d._.js:8757:17)
    at recursivelyTraversePassiveMountEffects (http://localhost:3001/_next/static/chunks/f12ff_next_dist_compiled_react-dom_7b2f6d3d._.js:8683:316)
    at commitPassiveMountOnFiber (http://localhost:3001/_next/static/chunks/f12ff_next_dist_compiled_react-dom_7b2f6d3d._.js:8757:17)
    at recursivelyTraversePassiveMountEffects (http://localhost:3001/_next/static/chunks/f12ff_next_dist_compiled_react-dom_7b2f6d3d._.js:8683:316)
    at commitPassiveMountOnFiber (http://localhost:3001/_next/static/chunks/f12ff_next_dist_compiled_react-dom_7b2f6d3d._.js:8695:17)
    at recursivelyTraversePassiveMountEffects (http://localhost:3001/_next/static/chunks/f12ff_next_dist_compiled_react-dom_7b2f6d3d._.js:8683:316)
    at commitPassiveMountOnFiber (http://localhost:3001/_next/static/chunks/f12ff_next_dist_compiled_react-dom_7b2f6d3d._.js:8695:17)
    at recursivelyTraversePassiveMountEffects (http://localhost:3001/_next/static/chunks/f12ff_next_dist_compiled_react-dom_7b2f6d3d._.js:8683:316) @ http://localhost:3001/_next/static/chunks/f12ff_next_dist_95687940._.js:3132
[    1063ms] [INFO] %cDownload the React DevTools for a better development experience: https://react.dev/link/react-devtools font-weight:bold @ http://localhost:3001/_next/static/chunks/f12ff_next_dist_95687940._.js:2302
[    1093ms] [ERROR] Failed to load resource: the server responded with a status of 404 (Not Found) @ http://localhost:3001/_next/image?url=https%3A%2F%2Fcdn.sanity.io%2Fimages%2Fgm67v7rk%2Fdevelopment%2Fd800ae0083a85016fd1640ec6a414b5dfd8217f1-3840x2160.png%3Fw%3D1200%26h%3D675%26fm%3Dwebp%26fit%3Dmax&w=1920&q=75:0
[    1110ms] [LOG] [HMR] connected @ http://localhost:3001/_next/static/chunks/f12ff_next_dist_95687940._.js:2302
[    1324ms] [WARNING] Missing Algolia environment variables: ALGOLIA_API_KEY @ http://localhost:3001/_next/static/chunks/f12ff_next_dist_95687940._.js:2302
[    1325ms] [WARNING] Algolia admin client not available - missing credentials @ http://localhost:3001/_next/static/chunks/f12ff_next_dist_95687940._.js:2302
[    1325ms] [LOG] ✅ Algolia search client initialized successfully @ http://localhost:3001/_next/static/chunks/f12ff_next_dist_95687940._.js:2302
[    2240ms] [WARNING] Ignoring Event: localhost @ http://localhost:3001/_next/static/chunks/f12ff_next_dist_95687940._.js:2302
[    2314ms] [ERROR] Failed to load resource: the server responded with a status of 404 (Not Found) @ http://localhost:3001/_next/image?url=https%3A%2F%2Fcdn.sanity.io%2Fimages%2Fgm67v7rk%2Fdevelopment%2Fd800ae0083a85016fd1640ec6a414b5dfd8217f1-3840x2160.png%3Fw%3D1200%26h%3D675%26fm%3Dwebp%26fit%3Dmax&w=1920&q=75:0
[    2323ms] [WARNING] Clerk: Clerk has been loaded with development keys. Development instances have strict usage limits and should not be used when deploying your application to production. Learn more: https://clerk.com/docs/deployments/overview @ http://localhost:3001/_next/static/chunks/f12ff_next_dist_95687940._.js:2302
[    2330ms] [ERROR] Access to resource at 'https://gm67v7rk.api.sanity.io/v2024-04-24/data/live/events/development?tag=next-loader.live' from origin 'http://localhost:3001' has been blocked by CORS policy: No 'Access-Control-Allow-Origin' header is present on the requested resource. @ http://localhost:3001/en/research-and-action/research-outputs/connecting-climate-minds-global-event-impact-report:0
[    2331ms] [ERROR] Failed to load resource: net::ERR_FAILED @ https://gm67v7rk.api.sanity.io/v2024-04-24/data/live/events/development?tag=next-loader.live:0
[    2449ms] [ERROR] Access to fetch at 'https://gm67v7rk.api.sanity.io/v2024-04-24/data/live/events/development?tag=next-loader.live' from origin 'http://localhost:3001' has been blocked by CORS policy: Response to preflight request doesn't pass access control check: No 'Access-Control-Allow-Origin' header is present on the requested resource. @ http://localhost:3001/en/research-and-action/research-outputs/connecting-climate-minds-global-event-impact-report:0
[    2449ms] [ERROR] Failed to load resource: net::ERR_FAILED @ https://gm67v7rk.api.sanity.io/v2024-04-24/data/live/events/development?tag=next-loader.live:0
[    2591ms] [ERROR] Access to fetch at 'https://gm67v7rk.api.sanity.io/v2024-04-24/data/live/events/development?tag=next-loader.live' from origin 'http://localhost:3001' has been blocked by CORS policy: Response to preflight request doesn't pass access control check: No 'Access-Control-Allow-Origin' header is present on the requested resource. @ http://localhost:3001/en/research-and-action/research-outputs/connecting-climate-minds-global-event-impact-report:0
[    2591ms] [ERROR] Failed to load resource: net::ERR_FAILED @ https://gm67v7rk.api.sanity.io/v2024-04-24/data/live/events/development?tag=next-loader.live:0
[    2591ms] [WARNING] Sanity Live is unable to connect to the Sanity API as the current origin - http://localhost:3001 - is not in the list of allowed CORS origins for this Sanity Project. Add it here: https://sanity.io/manage/project/gm67v7rk/api?cors=add&origin=http%3A%2F%2Flocalhost%3A3001 @ http://localhost:3001/_next/static/chunks/f12ff_next_dist_95687940._.js:2302
[   46810ms] [LOG] [Fast Refresh] rebuilding @ http://localhost:3001/_next/static/chunks/f12ff_next_dist_95687940._.js:2302
[   47841ms] [LOG] [Fast Refresh] done in 1125ms @ http://localhost:3001/_next/static/chunks/f12ff_next_dist_95687940._.js:2302
[   55115ms] [ERROR] WebSocket connection to 'ws://localhost:3001/_next/webpack-hmr?id=UZ0Dqhguwh-CPLzrYDMd0' failed:  @ http://localhost:3001/_next/static/chunks/f12ff_next_dist_client_d93c57ad._.js:10876
[   57431ms] [LOG] [HMR] connected @ http://localhost:3001/_next/static/chunks/f12ff_next_dist_95687940._.js:2302
[   61354ms] [INFO] %cDownload the React DevTools for a better development experience: https://react.dev/link/react-devtools font-weight:bold @ http://localhost:3001/_next/static/chunks/f12ff_next_dist_95687940._.js:2302
