[      17ms] [ERROR] Failed to load resource: the server responded with a status of 404 (Not Found) @ http://localhost:3000/_next/image?url=https%3A%2F%2Fcdn.sanity.io%2Fimages%2Fgm67v7rk%2Fdevelopment%2F6aced6ef8c8d08d02bc825e81d702721971a3ca8-1054x772.png%3Ffm%3Dwebp%26fit%3Dmax&w=96&q=75:0
[      19ms] [ERROR] Failed to load resource: the server responded with a status of 404 (Not Found) @ http://localhost:3000/_next/image?url=https%3A%2F%2Fcdn.sanity.io%2Fimages%2Fgm67v7rk%2Fdevelopment%2F91443e4fe235b25c3f782a3ef6616a3d5f0edb9f-810x873.png%3Frect%3D0%2C32%2C810%2C810%26w%3D320%26h%3D320%26fit%3Dcrop%26auto%3Dformat&w=256&q=90:0
[      21ms] [ERROR] Failed to load resource: the server responded with a status of 404 (Not Found) @ http://localhost:3000/_next/image?url=https%3A%2F%2Fcdn.sanity.io%2Fimages%2Fgm67v7rk%2Fdevelopment%2F82e51c65ba89bca23e270406d475a550ae361f8a-1054x772.png%3Ffm%3Dwebp%26fit%3Dmax&w=96&q=75:0
[      22ms] [ERROR] Failed to load resource: the server responded with a status of 404 (Not Found) @ http://localhost:3000/_next/image?url=https%3A%2F%2Fcdn.sanity.io%2Fimages%2Fgm67v7rk%2Fdevelopment%2Fc99bf104d167df83d1f2138051d040eab746bbda-810x873.png%3Frect%3D0%2C32%2C810%2C810%26w%3D320%26h%3D320%26fit%3Dcrop%26auto%3Dformat&w=256&q=90:0
[      25ms] [ERROR] Failed to load resource: the server responded with a status of 404 (Not Found) @ http://localhost:3000/_next/image?url=https%3A%2F%2Fcdn.sanity.io%2Fimages%2Fgm67v7rk%2Fdevelopment%2Fa0f742007b9ec8d542a983fc085082ed2c4c8a48-1054x772.png%3Ffm%3Dwebp%26fit%3Dmax&w=96&q=75:0
[     974ms] [ERROR] Failed to load resource: the server responded with a status of 404 (Not Found) @ http://localhost:3000/_next/image?url=https%3A%2F%2Fcdn.sanity.io%2Fimages%2Fgm67v7rk%2Fdevelopment%2F261fa3551e22bb1f3827967b8f351239d99eef88-1054x772.png%3Ffm%3Dwebp%26fit%3Dmax&w=96&q=75:0
[     974ms] [ERROR] Failed to load resource: the server responded with a status of 404 (Not Found) @ http://localhost:3000/_next/image?url=https%3A%2F%2Fcdn.sanity.io%2Fimages%2Fgm67v7rk%2Fdevelopment%2F82e51c65ba89bca23e270406d475a550ae361f8a-1054x772.png%3Ffm%3Dwebp%26fit%3Dmax&w=96&q=75:0
[    1010ms] [ERROR] Failed to load resource: the server responded with a status of 404 (Not Found) @ http://localhost:3000/_next/image?url=https%3A%2F%2Fcdn.sanity.io%2Fimages%2Fgm67v7rk%2Fdevelopment%2F996b457dd199d9cfc5bf382aa6fe5f094ed2a102-1054x772.png%3Ffm%3Dwebp%26fit%3Dmax&w=96&q=75:0
[    1100ms] [ERROR] Failed to load resource: the server responded with a status of 404 (Not Found) @ http://localhost:3000/_next/image?url=https%3A%2F%2Fcdn.sanity.io%2Fimages%2Fgm67v7rk%2Fdevelopment%2F050f2313c967c3868bc67de1ea58ff4e937cf465-1612x1612.png%3Fw%3D1100%26fm%3Dwebp%26fit%3Dmax&w=640&q=75:0
[    1114ms] [ERROR] Failed to load resource: the server responded with a status of 404 (Not Found) @ http://localhost:3000/_next/image?url=https%3A%2F%2Fcdn.sanity.io%2Fimages%2Fgm67v7rk%2Fdevelopment%2Fef5efaa22ca6b69efd05840cc7a09094a22f3dba-1920x1080.jpg%3Fw%3D1100%26fm%3Dwebp%26fit%3Dmax&w=640&q=75:0
[    1123ms] [INFO] %cDownload the React DevTools for a better development experience: https://react.dev/link/react-devtools font-weight:bold @ http://localhost:3000/_next/static/chunks/f12ff_next_dist_95687940._.js:2302
[    1156ms] [WARNING] %c%s%c PortableText block detected in page blocks array. This should be rendered via PortableTextRenderer, not Blocks component. background: #e6e6e6;background: light-dark(rgba(0,0,0,0.1), rgba(255,255,255,0.25));color: #000000;color: light-dark(#000000, #ffffff);border-radius: 2px  Server   65637bb0d5b1 @ http://localhost:3000/_next/static/chunks/f12ff_next_dist_95687940._.js:2302
[    1156ms] [WARNING] %c%s%c PortableText block detected in page blocks array. This should be rendered via PortableTextRenderer, not Blocks component. background: #e6e6e6;background: light-dark(rgba(0,0,0,0.1), rgba(255,255,255,0.25));color: #000000;color: light-dark(#000000, #ffffff);border-radius: 2px  Server   7cd1800b06a3 @ http://localhost:3000/_next/static/chunks/f12ff_next_dist_95687940._.js:2302
[    1167ms] [LOG] [HMR] connected @ http://localhost:3000/_next/static/chunks/f12ff_next_dist_95687940._.js:2302
[    1198ms] [WARNING] Clerk: Clerk has been loaded with development keys. Development instances have strict usage limits and should not be used when deploying your application to production. Learn more: https://clerk.com/docs/deployments/overview @ http://localhost:3000/_next/static/chunks/f12ff_next_dist_95687940._.js:2302
[    1296ms] [ERROR] Failed to load resource: the server responded with a status of 404 (Not Found) @ http://localhost:3000/_next/image?url=https%3A%2F%2Fcdn.sanity.io%2Fimages%2Fgm67v7rk%2Fdevelopment%2F0147ffc6806b5f79d04e2115512ae7314c1cde22-3840x2160.jpg%3Fw%3D800%26h%3D450%26fit%3Dcrop%26auto%3Dformat&w=384&q=75:0
[    1296ms] [ERROR] Failed to load resource: the server responded with a status of 404 (Not Found) @ http://localhost:3000/_next/image?url=https%3A%2F%2Fcdn.sanity.io%2Fimages%2Fgm67v7rk%2Fdevelopment%2F4fc643764730c1a9d2bac75a9a4c562e9e16376b-1612x1612.png%3Ffm%3Dwebp%26fit%3Dmax&w=256&q=75:0
[    1296ms] [ERROR] Failed to load resource: the server responded with a status of 404 (Not Found) @ http://localhost:3000/_next/image?url=https%3A%2F%2Fcdn.sanity.io%2Fimages%2Fgm67v7rk%2Fdevelopment%2F34e0ba8b9830188be002a51f7d8628ec382cee7e-1920x1080.jpg%3Frect%3D150%2C0%2C1621%2C1080%26w%3D800%26h%3D533%26fit%3Dcrop%26auto%3Dformat&w=384&q=75:0
[    1296ms] [ERROR] Failed to load resource: the server responded with a status of 404 (Not Found) @ http://localhost:3000/_next/image?url=https%3A%2F%2Fcdn.sanity.io%2Fimages%2Fgm67v7rk%2Fdevelopment%2F671afb7f218e51ee87f8d107883629536ef35788-3840x2160.jpg%3Fw%3D800%26h%3D450%26fit%3Dcrop%26auto%3Dformat&w=384&q=75:0
[    1301ms] [WARNING] Missing Algolia environment variables: ALGOLIA_API_KEY @ http://localhost:3000/_next/static/chunks/f12ff_next_dist_95687940._.js:2302
[    1301ms] [WARNING] Algolia admin client not available - missing credentials @ http://localhost:3000/_next/static/chunks/f12ff_next_dist_95687940._.js:2302
[    1302ms] [LOG] ✅ Algolia search client initialized successfully @ http://localhost:3000/_next/static/chunks/f12ff_next_dist_95687940._.js:2302
[    1326ms] [WARNING] Image with src "/connecting-climate-minds-logo-white.png" was detected as the Largest Contentful Paint (LCP). Please add the `loading="eager"` property if this image is above the fold.
Read more: https://nextjs.org/docs/app/api-reference/components/image#loading @ http://localhost:3000/_next/static/chunks/f12ff_next_dist_95687940._.js:2302
[    1578ms] [WARNING] Ignoring Event: localhost @ http://localhost:3000/_next/static/chunks/f12ff_next_dist_95687940._.js:2302
[    1615ms] [INFO] Sanity is live with automatic revalidation of published content @ http://localhost:3000/_next/static/chunks/f12ff_next_dist_95687940._.js:2302
[    9113ms] [ERROR] Failed to load resource: the server responded with a status of 404 (Not Found) @ http://localhost:3000/_next/image?url=https%3A%2F%2Fcdn.sanity.io%2Fimages%2Fgm67v7rk%2Fdevelopment%2F261fa3551e22bb1f3827967b8f351239d99eef88-1054x772.png%3Ffm%3Dwebp%26fit%3Dmax&w=96&q=75:0
[    9118ms] [ERROR] Failed to load resource: the server responded with a status of 404 (Not Found) @ http://localhost:3000/_next/image?url=https%3A%2F%2Fcdn.sanity.io%2Fimages%2Fgm67v7rk%2Fdevelopment%2F996b457dd199d9cfc5bf382aa6fe5f094ed2a102-1054x772.png%3Ffm%3Dwebp%26fit%3Dmax&w=96&q=75:0
[    9119ms] [ERROR] Failed to load resource: the server responded with a status of 404 (Not Found) @ http://localhost:3000/_next/image?url=https%3A%2F%2Fcdn.sanity.io%2Fimages%2Fgm67v7rk%2Fdevelopment%2F82e51c65ba89bca23e270406d475a550ae361f8a-1054x772.png%3Ffm%3Dwebp%26fit%3Dmax&w=96&q=75:0
[    9122ms] [ERROR] Failed to load resource: the server responded with a status of 404 (Not Found) @ http://localhost:3000/_next/image?url=https%3A%2F%2Fcdn.sanity.io%2Fimages%2Fgm67v7rk%2Fdevelopment%2Fa0f742007b9ec8d542a983fc085082ed2c4c8a48-1054x772.png%3Ffm%3Dwebp%26fit%3Dmax&w=96&q=75:0
[    9139ms] [ERROR] Failed to load resource: the server responded with a status of 404 (Not Found) @ http://localhost:3000/_next/image?url=https%3A%2F%2Fcdn.sanity.io%2Fimages%2Fgm67v7rk%2Fdevelopment%2F6aced6ef8c8d08d02bc825e81d702721971a3ca8-1054x772.png%3Ffm%3Dwebp%26fit%3Dmax&w=96&q=75:0
[    9141ms] [ERROR] Failed to load resource: the server responded with a status of 404 (Not Found) @ http://localhost:3000/_next/image?url=https%3A%2F%2Fcdn.sanity.io%2Fimages%2Fgm67v7rk%2Fdevelopment%2F64702a73fb43b9327f3c3c174105489bd192ba28-810x873.png%3Frect%3D0%2C32%2C810%2C810%26w%3D320%26h%3D320%26fit%3Dcrop%26auto%3Dformat&w=256&q=90:0
[    9143ms] [ERROR] Failed to load resource: the server responded with a status of 404 (Not Found) @ http://localhost:3000/_next/image?url=https%3A%2F%2Fcdn.sanity.io%2Fimages%2Fgm67v7rk%2Fdevelopment%2F00336d924f7337fed2c5b3794365a8d158926dd7-810x873.png%3Frect%3D0%2C32%2C810%2C810%26w%3D320%26h%3D320%26fit%3Dcrop%26auto%3Dformat&w=256&q=90:0
[    9146ms] [ERROR] Failed to load resource: the server responded with a status of 404 (Not Found) @ http://localhost:3000/_next/image?url=https%3A%2F%2Fcdn.sanity.io%2Fimages%2Fgm67v7rk%2Fdevelopment%2Ffe435d6a024eea546e67c02818990cb0c197091a-810x873.png%3Frect%3D0%2C32%2C810%2C810%26w%3D320%26h%3D320%26fit%3Dcrop%26auto%3Dformat&w=256&q=90:0
[    9148ms] [ERROR] Failed to load resource: the server responded with a status of 404 (Not Found) @ http://localhost:3000/_next/image?url=https%3A%2F%2Fcdn.sanity.io%2Fimages%2Fgm67v7rk%2Fdevelopment%2F91d2438de2146eaebd7922d46be02b02621fda19-810x873.png%3Frect%3D0%2C32%2C810%2C810%26w%3D320%26h%3D320%26fit%3Dcrop%26auto%3Dformat&w=256&q=90:0
[    9149ms] [ERROR] Failed to load resource: the server responded with a status of 404 (Not Found) @ http://localhost:3000/_next/image?url=https%3A%2F%2Fcdn.sanity.io%2Fimages%2Fgm67v7rk%2Fdevelopment%2F32e5a6ef15dd3c65ad038d1850b2198e173ea9a9-810x873.png%3Frect%3D0%2C32%2C810%2C810%26w%3D320%26h%3D320%26fit%3Dcrop%26auto%3Dformat&w=256&q=90:0
[    9161ms] [ERROR] Failed to load resource: the server responded with a status of 404 (Not Found) @ http://localhost:3000/_next/image?url=https%3A%2F%2Fcdn.sanity.io%2Fimages%2Fgm67v7rk%2Fdevelopment%2Feb3896fc99e8cb6f59e6e7d5ef4ea3d7395670a5-810x873.png%3Frect%3D0%2C32%2C810%2C810%26w%3D320%26h%3D320%26fit%3Dcrop%26auto%3Dformat&w=256&q=90:0
[    9163ms] [ERROR] Failed to load resource: the server responded with a status of 404 (Not Found) @ http://localhost:3000/_next/image?url=https%3A%2F%2Fcdn.sanity.io%2Fimages%2Fgm67v7rk%2Fdevelopment%2Feecd74cd9634ca309793129a2106b7854adff4cb-810x873.png%3Frect%3D0%2C32%2C810%2C810%26w%3D320%26h%3D320%26fit%3Dcrop%26auto%3Dformat&w=256&q=90:0
[    9164ms] [ERROR] Failed to load resource: the server responded with a status of 404 (Not Found) @ http://localhost:3000/_next/image?url=https%3A%2F%2Fcdn.sanity.io%2Fimages%2Fgm67v7rk%2Fdevelopment%2Ff1334a2ff34c1af1866f5a6cd347330dd63f47e2-810x873.png%3Frect%3D0%2C32%2C810%2C810%26w%3D320%26h%3D320%26fit%3Dcrop%26auto%3Dformat&w=256&q=90:0
[    9166ms] [ERROR] Failed to load resource: the server responded with a status of 404 (Not Found) @ http://localhost:3000/_next/image?url=https%3A%2F%2Fcdn.sanity.io%2Fimages%2Fgm67v7rk%2Fdevelopment%2F9e9e53f1e21a1b3ba59c97004262ed7d4d5f4d5f-810x873.png%3Frect%3D0%2C32%2C810%2C810%26w%3D320%26h%3D320%26fit%3Dcrop%26auto%3Dformat&w=256&q=90:0
[    9169ms] [ERROR] Failed to load resource: the server responded with a status of 404 (Not Found) @ http://localhost:3000/_next/image?url=https%3A%2F%2Fcdn.sanity.io%2Fimages%2Fgm67v7rk%2Fdevelopment%2F82cb4d78348df38d54cd27daf70252a163046a08-810x873.png%3Frect%3D0%2C32%2C810%2C810%26w%3D320%26h%3D320%26fit%3Dcrop%26auto%3Dformat&w=256&q=90:0
[    9171ms] [ERROR] Failed to load resource: the server responded with a status of 404 (Not Found) @ http://localhost:3000/_next/image?url=https%3A%2F%2Fcdn.sanity.io%2Fimages%2Fgm67v7rk%2Fdevelopment%2F91443e4fe235b25c3f782a3ef6616a3d5f0edb9f-810x873.png%3Frect%3D0%2C32%2C810%2C810%26w%3D320%26h%3D320%26fit%3Dcrop%26auto%3Dformat&w=256&q=90:0
[    9178ms] [ERROR] Failed to load resource: the server responded with a status of 404 (Not Found) @ http://localhost:3000/_next/image?url=https%3A%2F%2Fcdn.sanity.io%2Fimages%2Fgm67v7rk%2Fdevelopment%2Fc99bf104d167df83d1f2138051d040eab746bbda-810x873.png%3Frect%3D0%2C32%2C810%2C810%26w%3D320%26h%3D320%26fit%3Dcrop%26auto%3Dformat&w=256&q=90:0
[   11503ms] [ERROR] Failed to load resource: the server responded with a status of 404 (Not Found) @ http://localhost:3000/_next/image?url=https%3A%2F%2Fcdn.sanity.io%2Fimages%2Fgm67v7rk%2Fdevelopment%2Fa0f742007b9ec8d542a983fc085082ed2c4c8a48-1054x772.png%3Ffm%3Dwebp%26fit%3Dmax&w=96&q=75:0
[   15515ms] [ERROR] Failed to load resource: the server responded with a status of 404 (Not Found) @ http://localhost:3000/_next/image?url=https%3A%2F%2Fcdn.sanity.io%2Fimages%2Fgm67v7rk%2Fdevelopment%2F6aced6ef8c8d08d02bc825e81d702721971a3ca8-1054x772.png%3Ffm%3Dwebp%26fit%3Dmax&w=96&q=75:0
[   36962ms] [LOG] [Fast Refresh] rebuilding @ http://localhost:3000/_next/static/chunks/f12ff_next_dist_95687940._.js:2302
[   37499ms] [LOG] [Fast Refresh] done in 608ms @ http://localhost:3000/_next/static/chunks/f12ff_next_dist_95687940._.js:2302
[   37640ms] [LOG] [Fast Refresh] rebuilding @ http://localhost:3000/_next/static/chunks/f12ff_next_dist_95687940._.js:2302
[   38377ms] [LOG] [Fast Refresh] done in 837ms @ http://localhost:3000/_next/static/chunks/f12ff_next_dist_95687940._.js:2302
[   38453ms] [WARNING] %c%s%c PortableText block detected in page blocks array. This should be rendered via PortableTextRenderer, not Blocks component. background: #e6e6e6;background: light-dark(rgba(0,0,0,0.1), rgba(255,255,255,0.25));color: #000000;color: light-dark(#000000, #ffffff);border-radius: 2px  Server   65637bb0d5b1 @ http://localhost:3000/_next/static/chunks/f12ff_next_dist_95687940._.js:2302
[   38454ms] [WARNING] %c%s%c PortableText block detected in page blocks array. This should be rendered via PortableTextRenderer, not Blocks component. background: #e6e6e6;background: light-dark(rgba(0,0,0,0.1), rgba(255,255,255,0.25));color: #000000;color: light-dark(#000000, #ffffff);border-radius: 2px  Server   7cd1800b06a3 @ http://localhost:3000/_next/static/chunks/f12ff_next_dist_95687940._.js:2302
[   42251ms] [ERROR] Failed to load resource: the server responded with a status of 404 (Not Found) @ http://localhost:3000/_next/image?url=https%3A%2F%2Fcdn.sanity.io%2Fimages%2Fgm67v7rk%2Fdevelopment%2F0147ffc6806b5f79d04e2115512ae7314c1cde22-3840x2160.jpg%3Fw%3D800%26h%3D450%26fit%3Dcrop%26auto%3Dformat&w=384&q=75:0
[   42254ms] [ERROR] Failed to load resource: the server responded with a status of 404 (Not Found) @ http://localhost:3000/_next/image?url=https%3A%2F%2Fcdn.sanity.io%2Fimages%2Fgm67v7rk%2Fdevelopment%2F671afb7f218e51ee87f8d107883629536ef35788-3840x2160.jpg%3Fw%3D800%26h%3D450%26fit%3Dcrop%26auto%3Dformat&w=384&q=75:0
[   45512ms] [ERROR] WebSocket connection to 'ws://localhost:3000/_next/webpack-hmr?id=9R3AmfGj_LYOGjj7C0VdE' failed: Error in connection establishment: net::ERR_CONNECTION_REFUSED @ http://localhost:3000/_next/static/chunks/f12ff_next_dist_client_d93c57ad._.js:10876
[   46514ms] [ERROR] WebSocket connection to 'ws://localhost:3000/_next/webpack-hmr?id=9R3AmfGj_LYOGjj7C0VdE' failed: Error in connection establishment: net::ERR_CONNECTION_REFUSED @ http://localhost:3000/_next/static/chunks/f12ff_next_dist_client_d93c57ad._.js:10876
[   47516ms] [ERROR] WebSocket connection to 'ws://localhost:3000/_next/webpack-hmr?id=9R3AmfGj_LYOGjj7C0VdE' failed: Error in connection establishment: net::ERR_CONNECTION_REFUSED @ http://localhost:3000/_next/static/chunks/f12ff_next_dist_client_d93c57ad._.js:10876
[   48519ms] [ERROR] WebSocket connection to 'ws://localhost:3000/_next/webpack-hmr?id=9R3AmfGj_LYOGjj7C0VdE' failed: Error in connection establishment: net::ERR_CONNECTION_REFUSED @ http://localhost:3000/_next/static/chunks/f12ff_next_dist_client_d93c57ad._.js:10876
[   49523ms] [ERROR] WebSocket connection to 'ws://localhost:3000/_next/webpack-hmr?id=9R3AmfGj_LYOGjj7C0VdE' failed: Error in connection establishment: net::ERR_CONNECTION_REFUSED @ http://localhost:3000/_next/static/chunks/f12ff_next_dist_client_d93c57ad._.js:10876
[   54526ms] [ERROR] WebSocket connection to 'ws://localhost:3000/_next/webpack-hmr?id=9R3AmfGj_LYOGjj7C0VdE' failed: Error in connection establishment: net::ERR_CONNECTION_REFUSED @ http://localhost:3000/_next/static/chunks/f12ff_next_dist_client_d93c57ad._.js:10876
[   59529ms] [ERROR] WebSocket connection to 'ws://localhost:3000/_next/webpack-hmr?id=9R3AmfGj_LYOGjj7C0VdE' failed: Error in connection establishment: net::ERR_CONNECTION_REFUSED @ http://localhost:3000/_next/static/chunks/f12ff_next_dist_client_d93c57ad._.js:10876
[   64535ms] [ERROR] WebSocket connection to 'ws://localhost:3000/_next/webpack-hmr?id=9R3AmfGj_LYOGjj7C0VdE' failed: Error in connection establishment: net::ERR_CONNECTION_REFUSED @ http://localhost:3000/_next/static/chunks/f12ff_next_dist_client_d93c57ad._.js:10876
[   69580ms] [ERROR] WebSocket connection to 'ws://localhost:3000/_next/webpack-hmr?id=9R3AmfGj_LYOGjj7C0VdE' failed: Error in connection establishment: net::ERR_CONNECTION_REFUSED @ http://localhost:3000/_next/static/chunks/f12ff_next_dist_client_d93c57ad._.js:10876
[   74590ms] [ERROR] WebSocket connection to 'ws://localhost:3000/_next/webpack-hmr?id=9R3AmfGj_LYOGjj7C0VdE' failed: Error in connection establishment: net::ERR_CONNECTION_REFUSED @ http://localhost:3000/_next/static/chunks/f12ff_next_dist_client_d93c57ad._.js:10876
[   75093ms] [ERROR] Failed to load resource: net::ERR_CONNECTION_REFUSED @ http://localhost:3000/ar/communities/sub-saharan-africa:0
[   75115ms] TypeError: Failed to fetch
    at fetchServerAction (http://localhost:3000/_next/static/chunks/f12ff_next_dist_client_d93c57ad._.js:8815:23)
[   75178ms] [ERROR] Failed to load resource: net::ERR_CONNECTION_REFUSED @ http://localhost:3000/__nextjs_original-stack-frames:0
[   79595ms] [ERROR] WebSocket connection to 'ws://localhost:3000/_next/webpack-hmr?id=9R3AmfGj_LYOGjj7C0VdE' failed: Error in connection establishment: net::ERR_CONNECTION_REFUSED @ http://localhost:3000/_next/static/chunks/f12ff_next_dist_client_d93c57ad._.js:10876
[   80040ms] [ERROR] Failed to load resource: net::ERR_CONNECTION_REFUSED @ http://localhost:3000/ar/communities/sub-saharan-africa:0
[   80041ms] TypeError: Failed to fetch
    at fetchServerAction (http://localhost:3000/_next/static/chunks/f12ff_next_dist_client_d93c57ad._.js:8815:23)
[   84606ms] [ERROR] WebSocket connection to 'ws://localhost:3000/_next/webpack-hmr?id=9R3AmfGj_LYOGjj7C0VdE' failed: Error in connection establishment: net::ERR_CONNECTION_REFUSED @ http://localhost:3000/_next/static/chunks/f12ff_next_dist_client_d93c57ad._.js:10876
