[    3615ms] [INFO] %cDownload the React DevTools for a better development experience: https://react.dev/link/react-devtools font-weight:bold @ http://localhost:3001/_next/static/chunks/f12ff_next_dist_95687940._.js:2302
[    3686ms] [LOG] [HMR] connected @ http://localhost:3001/_next/static/chunks/f12ff_next_dist_95687940._.js:2302
[    3745ms] [WARNING] Clerk: Clerk has been loaded with development keys. Development instances have strict usage limits and should not be used when deploying your application to production. Learn more: https://clerk.com/docs/deployments/overview @ http://localhost:3001/_next/static/chunks/f12ff_next_dist_95687940._.js:2302
[    3901ms] [LOG] [Fast Refresh] rebuilding @ http://localhost:3001/_next/static/chunks/f12ff_next_dist_95687940._.js:2302
[    3946ms] [LOG] [Fast Refresh] done in 151ms @ http://localhost:3001/_next/static/chunks/f12ff_next_dist_95687940._.js:2302
[    3952ms] [WARNING] Missing Algolia environment variables: ALGOLIA_API_KEY @ http://localhost:3001/_next/static/chunks/f12ff_next_dist_95687940._.js:2302
[    3952ms] [WARNING] Algolia admin client not available - missing credentials @ http://localhost:3001/_next/static/chunks/f12ff_next_dist_95687940._.js:2302
[    3952ms] [LOG] ✅ Algolia search client initialized successfully @ http://localhost:3001/_next/static/chunks/f12ff_next_dist_95687940._.js:2302
[    3982ms] [WARNING] Image with src "/connecting-climate-minds-logo-white.png" was detected as the Largest Contentful Paint (LCP). Please add the `loading="eager"` property if this image is above the fold.
Read more: https://nextjs.org/docs/app/api-reference/components/image#loading @ http://localhost:3001/_next/static/chunks/f12ff_next_dist_95687940._.js:2302
[    4282ms] [WARNING] Ignoring Event: localhost @ http://localhost:3001/_next/static/chunks/f12ff_next_dist_95687940._.js:2302
[    4373ms] [ERROR] Access to resource at 'https://gm67v7rk.api.sanity.io/v2024-04-24/data/live/events/development?tag=next-loader.live' from origin 'http://localhost:3001' has been blocked by CORS policy: No 'Access-Control-Allow-Origin' header is present on the requested resource. @ http://localhost:3001/en/collaborations/cmqpotore0001ok278am37opm:0
[    4374ms] [ERROR] Failed to load resource: net::ERR_FAILED @ https://gm67v7rk.api.sanity.io/v2024-04-24/data/live/events/development?tag=next-loader.live:0
[    4491ms] [ERROR] Access to fetch at 'https://gm67v7rk.api.sanity.io/v2024-04-24/data/live/events/development?tag=next-loader.live' from origin 'http://localhost:3001' has been blocked by CORS policy: Response to preflight request doesn't pass access control check: No 'Access-Control-Allow-Origin' header is present on the requested resource. @ http://localhost:3001/en/collaborations/cmqpotore0001ok278am37opm:0
[    4491ms] [ERROR] Failed to load resource: net::ERR_FAILED @ https://gm67v7rk.api.sanity.io/v2024-04-24/data/live/events/development?tag=next-loader.live:0
[    4581ms] [ERROR] Access to fetch at 'https://gm67v7rk.api.sanity.io/v2024-04-24/data/live/events/development?tag=next-loader.live' from origin 'http://localhost:3001' has been blocked by CORS policy: Response to preflight request doesn't pass access control check: No 'Access-Control-Allow-Origin' header is present on the requested resource. @ http://localhost:3001/en/collaborations/cmqpotore0001ok278am37opm:0
[    4581ms] [ERROR] Failed to load resource: net::ERR_FAILED @ https://gm67v7rk.api.sanity.io/v2024-04-24/data/live/events/development?tag=next-loader.live:0
[    4582ms] [WARNING] Sanity Live is unable to connect to the Sanity API as the current origin - http://localhost:3001 - is not in the list of allowed CORS origins for this Sanity Project. Add it here: https://sanity.io/manage/project/gm67v7rk/api?cors=add&origin=http%3A%2F%2Flocalhost%3A3001 @ http://localhost:3001/_next/static/chunks/f12ff_next_dist_95687940._.js:2302
[   37763ms] [LOG] [Fast Refresh] rebuilding @ http://localhost:3001/_next/static/chunks/f12ff_next_dist_95687940._.js:2302
[   39542ms] [LOG] [Fast Refresh] done in 1882ms @ http://localhost:3001/_next/static/chunks/f12ff_next_dist_95687940._.js:2302
[  129827ms] [LOG] [Fast Refresh] rebuilding @ http://localhost:3001/_next/static/chunks/f12ff_next_dist_95687940._.js:2302
[  129943ms] [LOG] [Fast Refresh] done in 235ms @ http://localhost:3001/_next/static/chunks/f12ff_next_dist_95687940._.js:2302
[  193304ms] [LOG] [Fast Refresh] rebuilding @ http://localhost:3001/_next/static/chunks/f12ff_next_dist_95687940._.js:2302
[  193313ms] [LOG] [Fast Refresh] done in 112ms @ http://localhost:3001/_next/static/chunks/f12ff_next_dist_95687940._.js:2302
[  254954ms] [LOG] [Fast Refresh] rebuilding @ http://localhost:3001/_next/static/chunks/f12ff_next_dist_95687940._.js:2302
[  255038ms] [LOG] [Fast Refresh] done in 193ms @ http://localhost:3001/_next/static/chunks/f12ff_next_dist_95687940._.js:2302
[ 3567635ms] [LOG] [Fast Refresh] rebuilding @ http://localhost:3001/_next/static/chunks/f12ff_next_dist_95687940._.js:2302
[ 3568173ms] [LOG] [Fast Refresh] done in 641ms @ http://localhost:3001/_next/static/chunks/f12ff_next_dist_95687940._.js:2302
[ 3575748ms] [LOG] [Fast Refresh] rebuilding @ http://localhost:3001/_next/static/chunks/f12ff_next_dist_95687940._.js:2302
[ 3581478ms] [LOG] [Fast Refresh] done in 5831ms @ http://localhost:3001/_next/static/chunks/f12ff_next_dist_95687940._.js:2302
[ 3581812ms] [ERROR] Failed to load resource: the server responded with a status of 403 (Forbidden) @ http://localhost:3001/api/collaborations/cmqpotore0001ok278am37opm/files:0
[ 3582335ms] [ERROR] Failed to load resource: the server responded with a status of 403 (Forbidden) @ http://localhost:3001/api/collaborations/cmqpotore0001ok278am37opm/media:0
[ 3582860ms] [ERROR] Failed to load resource: the server responded with a status of 403 (Forbidden) @ http://localhost:3001/api/collaborations/cmqpotore0001ok278am37opm/threads:0
[ 3587150ms] [ERROR] Failed to load resource: the server responded with a status of 403 (Forbidden) @ http://localhost:3001/api/collaborations/cmqpotore0001ok278am37opm/files:0
[ 3894900ms] [LOG] [Fast Refresh] rebuilding @ http://localhost:3001/_next/static/chunks/f12ff_next_dist_95687940._.js:2302
[ 3895343ms] [LOG] [Fast Refresh] done in 544ms @ http://localhost:3001/_next/static/chunks/f12ff_next_dist_95687940._.js:2302
[ 6799483ms] [LOG] [Fast Refresh] rebuilding @ http://localhost:3001/_next/static/chunks/f12ff_next_dist_95687940._.js:2302
[ 6799580ms] [LOG] [Fast Refresh] done in 201ms @ http://localhost:3001/_next/static/chunks/f12ff_next_dist_95687940._.js:2302
[12319322ms] [LOG] [Fast Refresh] rebuilding @ http://localhost:3001/_next/static/chunks/f12ff_next_dist_95687940._.js:2302
[12319992ms] [LOG] [Fast Refresh] done in 776ms @ http://localhost:3001/_next/static/chunks/f12ff_next_dist_95687940._.js:2302
[12331538ms] [LOG] [HMR] connected @ http://localhost:3001/_next/static/chunks/f12ff_next_dist_95687940._.js:2302
[12331711ms] [LOG] [Fast Refresh] rebuilding @ http://localhost:3001/_next/static/chunks/f12ff_next_dist_95687940._.js:2302
[12331828ms] [LOG] [Fast Refresh] done in 219ms @ http://localhost:3001/_next/static/chunks/f12ff_next_dist_95687940._.js:2302
[19997588ms] [ERROR] Failed to load resource: net::ERR_TIMED_OUT @ https://generous-hagfish-7.clerk.accounts.dev/v1/client/sessions/sess_3FSEmikACldU79KaY5E4E3BYOC9/tokens?__clerk_api_version=2025-11-10&_clerk_js_version=5.127.0&__clerk_db_jwt=dvb_3FOOUfoQT9T6UmXtJa7tc2zjqQq:0
[23401626ms] [LOG] [HMR] connected @ http://localhost:3001/_next/static/chunks/f12ff_next_dist_95687940._.js:2302
[23401803ms] [LOG] [Fast Refresh] rebuilding @ http://localhost:3001/_next/static/chunks/f12ff_next_dist_95687940._.js:2302
[23401824ms] [LOG] [Fast Refresh] done in 122ms @ http://localhost:3001/_next/static/chunks/f12ff_next_dist_95687940._.js:2302
[28652699ms] [LOG] [Fast Refresh] rebuilding @ http://localhost:3001/_next/static/chunks/f12ff_next_dist_95687940._.js:2302
[28653093ms] [LOG] [Fast Refresh] done in 497ms @ http://localhost:3001/_next/static/chunks/f12ff_next_dist_95687940._.js:2302
[28653520ms] [LOG] [Fast Refresh] rebuilding @ http://localhost:3001/_next/static/chunks/f12ff_next_dist_95687940._.js:2302
[28653751ms] [LOG] [Fast Refresh] done in 333ms @ http://localhost:3001/_next/static/chunks/f12ff_next_dist_95687940._.js:2302
[28655410ms] [INFO] %cDownload the React DevTools for a better development experience: https://react.dev/link/react-devtools font-weight:bold @ http://localhost:3001/_next/static/chunks/f12ff_next_dist_95687940._.js:2302
[28655608ms] [LOG] [HMR] connected @ http://localhost:3001/_next/static/chunks/f12ff_next_dist_95687940._.js:2302
[28655701ms] [WARNING] Clerk: Clerk has been loaded with development keys. Development instances have strict usage limits and should not be used when deploying your application to production. Learn more: https://clerk.com/docs/deployments/overview @ http://localhost:3001/_next/static/chunks/f12ff_next_dist_95687940._.js:2302
[28655776ms] [WARNING] Missing Algolia environment variables: ALGOLIA_API_KEY @ http://localhost:3001/_next/static/chunks/f12ff_next_dist_95687940._.js:2302
[28655777ms] [WARNING] Algolia admin client not available - missing credentials @ http://localhost:3001/_next/static/chunks/f12ff_next_dist_95687940._.js:2302
[28655777ms] [LOG] ✅ Algolia search client initialized successfully @ http://localhost:3001/_next/static/chunks/f12ff_next_dist_95687940._.js:2302
[28655798ms] [WARNING] Image with src "/connecting-climate-minds-logo-white.png" was detected as the Largest Contentful Paint (LCP). Please add the `loading="eager"` property if this image is above the fold.
Read more: https://nextjs.org/docs/app/api-reference/components/image#loading @ http://localhost:3001/_next/static/chunks/f12ff_next_dist_95687940._.js:2302
[28656022ms] [WARNING] Ignoring Event: localhost @ http://localhost:3001/_next/static/chunks/f12ff_next_dist_95687940._.js:2302
[28656304ms] [ERROR] Access to resource at 'https://gm67v7rk.api.sanity.io/v2024-04-24/data/live/events/development?tag=next-loader.live' from origin 'http://localhost:3001' has been blocked by CORS policy: No 'Access-Control-Allow-Origin' header is present on the requested resource. @ http://localhost:3001/en/collaborations:0
[28656306ms] [ERROR] Failed to load resource: net::ERR_FAILED @ https://gm67v7rk.api.sanity.io/v2024-04-24/data/live/events/development?tag=next-loader.live:0
[28656419ms] [ERROR] Access to fetch at 'https://gm67v7rk.api.sanity.io/v2024-04-24/data/live/events/development?tag=next-loader.live' from origin 'http://localhost:3001' has been blocked by CORS policy: Response to preflight request doesn't pass access control check: No 'Access-Control-Allow-Origin' header is present on the requested resource. @ http://localhost:3001/en/collaborations:0
[28656419ms] [ERROR] Failed to load resource: net::ERR_FAILED @ https://gm67v7rk.api.sanity.io/v2024-04-24/data/live/events/development?tag=next-loader.live:0
[28656624ms] [ERROR] Access to fetch at 'https://gm67v7rk.api.sanity.io/v2024-04-24/data/live/events/development?tag=next-loader.live' from origin 'http://localhost:3001' has been blocked by CORS policy: Response to preflight request doesn't pass access control check: No 'Access-Control-Allow-Origin' header is present on the requested resource. @ http://localhost:3001/en/collaborations:0
[28656625ms] [ERROR] Failed to load resource: net::ERR_FAILED @ https://gm67v7rk.api.sanity.io/v2024-04-24/data/live/events/development?tag=next-loader.live:0
[28656625ms] [WARNING] Sanity Live is unable to connect to the Sanity API as the current origin - http://localhost:3001 - is not in the list of allowed CORS origins for this Sanity Project. Add it here: https://sanity.io/manage/project/gm67v7rk/api?cors=add&origin=http%3A%2F%2Flocalhost%3A3001 @ http://localhost:3001/_next/static/chunks/f12ff_next_dist_95687940._.js:2302
[28658737ms] [LOG] [Fast Refresh] rebuilding @ http://localhost:3001/_next/static/chunks/f12ff_next_dist_95687940._.js:2302
[28665245ms] [LOG] [Fast Refresh] done in 6609ms @ http://localhost:3001/_next/static/chunks/f12ff_next_dist_95687940._.js:2302
[28666289ms] [WARNING] Ignoring Event: localhost @ http://localhost:3001/_next/static/chunks/f12ff_next_dist_95687940._.js:2302
[28715227ms] [ERROR] Connecting to 'https://clerk-telemetry.com/v1/event' violates the following Content Security Policy directive: "connect-src 'self' https://*.clerk.com https://clerk.connectingclimateminds.org https://*.clerk.accounts.dev https://*.algolia.net https://*.algolianet.com https://plausible.io https://*.sanity.io https://*.r2.cloudflarestorage.com https://*.upstash.io https://*.ingest.sentry.io https://*.ingest.us.sentry.io https://*.ingest.de.sentry.io". The action has been blocked. @ https://generous-hagfish-7.clerk.accounts.dev/npm/@clerk/clerk-js@5/dist/clerk.browser.js:18
[28715228ms] [ERROR] Fetch API cannot load https://clerk-telemetry.com/v1/event. Refused to connect because it violates the document's Content Security Policy. @ https://generous-hagfish-7.clerk.accounts.dev/npm/@clerk/clerk-js@5/dist/clerk.browser.js:18
[28755092ms] [LOG] [Fast Refresh] rebuilding @ http://localhost:3001/_next/static/chunks/f12ff_next_dist_95687940._.js:2302
[28757840ms] [LOG] [Fast Refresh] done in 2847ms @ http://localhost:3001/_next/static/chunks/f12ff_next_dist_95687940._.js:2302
[28759109ms] [WARNING] Ignoring Event: localhost @ http://localhost:3001/_next/static/chunks/f12ff_next_dist_95687940._.js:2302
[28759165ms] [LOG] [Fast Refresh] rebuilding @ http://localhost:3001/_next/static/chunks/f12ff_next_dist_95687940._.js:2302
[28759469ms] [LOG] [Fast Refresh] done in 404ms @ http://localhost:3001/_next/static/chunks/f12ff_next_dist_95687940._.js:2302
[28767391ms] [WARNING] Ignoring Event: localhost @ http://localhost:3001/_next/static/chunks/f12ff_next_dist_95687940._.js:2302
[28784457ms] [LOG] [Fast Refresh] rebuilding @ http://localhost:3001/_next/static/chunks/f12ff_next_dist_95687940._.js:2302
[28784542ms] [LOG] [Fast Refresh] done in 186ms @ http://localhost:3001/_next/static/chunks/f12ff_next_dist_95687940._.js:2302
[28784644ms] [LOG] [Fast Refresh] rebuilding @ http://localhost:3001/_next/static/chunks/f12ff_next_dist_95687940._.js:2302
[28784913ms] [LOG] [Fast Refresh] done in 370ms @ http://localhost:3001/_next/static/chunks/f12ff_next_dist_95687940._.js:2302
[28789047ms] [WARNING] %c%s%c PortableText block detected in page blocks array. This should be rendered via PortableTextRenderer, not Blocks component. background: #e6e6e6;background: light-dark(rgba(0,0,0,0.1), rgba(255,255,255,0.25));color: #000000;color: light-dark(#000000, #ffffff);border-radius: 2px  Server   ukren1 @ http://localhost:3001/_next/static/chunks/f12ff_next_dist_95687940._.js:2302
[28789047ms] [WARNING] %c%s%c PortableText block detected in page blocks array. This should be rendered via PortableTextRenderer, not Blocks component. background: #e6e6e6;background: light-dark(rgba(0,0,0,0.1), rgba(255,255,255,0.25));color: #000000;color: light-dark(#000000, #ffffff);border-radius: 2px  Server   wm4f29 @ http://localhost:3001/_next/static/chunks/f12ff_next_dist_95687940._.js:2302
[28789047ms] [WARNING] %c%s%c PortableText block detected in page blocks array. This should be rendered via PortableTextRenderer, not Blocks component. background: #e6e6e6;background: light-dark(rgba(0,0,0,0.1), rgba(255,255,255,0.25));color: #000000;color: light-dark(#000000, #ffffff);border-radius: 2px  Server   20o54t @ http://localhost:3001/_next/static/chunks/f12ff_next_dist_95687940._.js:2302
[28789103ms] [LOG] [Fast Refresh] rebuilding @ http://localhost:3001/_next/static/chunks/f12ff_next_dist_95687940._.js:2302
[28789192ms] [WARNING] Ignoring Event: localhost @ http://localhost:3001/_next/static/chunks/f12ff_next_dist_95687940._.js:2302
[28789350ms] [LOG] [Fast Refresh] done in 357ms @ http://localhost:3001/_next/static/chunks/f12ff_next_dist_95687940._.js:2302
[28789680ms] [ERROR] Failed to load resource: the server responded with a status of 404 (Not Found) @ http://localhost:3001/_next/image?url=https%3A%2F%2Fcdn.sanity.io%2Fimages%2Fgm67v7rk%2Fdevelopment%2F4d9d7a94f2c8f2dad9da4d47b702bc091a8795c6-750x750.webp%3Ffm%3Dwebp%26fit%3Dmax&w=96&q=75:0
[28789682ms] [ERROR] Failed to load resource: the server responded with a status of 404 (Not Found) @ http://localhost:3001/_next/image?url=https%3A%2F%2Fcdn.sanity.io%2Fimages%2Fgm67v7rk%2Fdevelopment%2Feda83dfa50044686af5c5460a7357193fdafe434-750x750.webp%3Ffm%3Dwebp%26fit%3Dmax&w=96&q=75:0
[28789683ms] [ERROR] Failed to load resource: the server responded with a status of 404 (Not Found) @ http://localhost:3001/_next/image?url=https%3A%2F%2Fcdn.sanity.io%2Fimages%2Fgm67v7rk%2Fdevelopment%2F11af89ad0f6b46dd87a02de8bd5709815561c12e-750x750.webp%3Ffm%3Dwebp%26fit%3Dmax&w=96&q=75:0
[28789686ms] [ERROR] Failed to load resource: the server responded with a status of 404 (Not Found) @ http://localhost:3001/_next/image?url=https%3A%2F%2Fcdn.sanity.io%2Fimages%2Fgm67v7rk%2Fdevelopment%2F41c12b03acf832baf1a7bc1dd79c3bcd9854dadf-3937x4096.webp%3Fw%3D1100%26fm%3Dwebp%26fit%3Dmax&w=640&q=75:0
[28789689ms] [ERROR] Failed to load resource: the server responded with a status of 404 (Not Found) @ http://localhost:3001/_next/image?url=https%3A%2F%2Fcdn.sanity.io%2Fimages%2Fgm67v7rk%2Fdevelopment%2F7131d0c3058e42bdacb40588daaa07ca3bf11b5f-2083x1488.png%3Fw%3D1100%26fm%3Dwebp%26fit%3Dmax&w=640&q=75:0
[28789698ms] [ERROR] Failed to load resource: the server responded with a status of 404 (Not Found) @ http://localhost:3001/_next/image?url=https%3A%2F%2Fcdn.sanity.io%2Fimages%2Fgm67v7rk%2Fdevelopment%2F9596343a0722c7e501a5c63912b85e75a989ed3a-828x716.webp%3Fw%3D1100%26fm%3Dwebp%26fit%3Dmax&w=640&q=75:0
[28789820ms] [ERROR] Failed to load resource: the server responded with a status of 404 (Not Found) @ http://localhost:3001/_next/image?url=https%3A%2F%2Fcdn.sanity.io%2Fimages%2Fgm67v7rk%2Fdevelopment%2F5a171b7507c1d52a3190bd70967050359220c0d8-3840x2160.png%3Frect%3D299%2C0%2C3242%2C2160%26w%3D800%26h%3D533%26fit%3Dcrop%26auto%3Dformat&w=384&q=75:0
[28789854ms] [ERROR] Failed to load resource: the server responded with a status of 404 (Not Found) @ http://localhost:3001/_next/image?url=https%3A%2F%2Fcdn.sanity.io%2Fimages%2Fgm67v7rk%2Fdevelopment%2Fa188992df760eecc7333d6fbe0c264d859fb3523-3840x2160.png%3Frect%3D299%2C0%2C3242%2C2160%26w%3D800%26h%3D533%26fit%3Dcrop%26auto%3Dformat&w=384&q=75:0
[28789863ms] [ERROR] Failed to load resource: the server responded with a status of 404 (Not Found) @ http://localhost:3001/_next/image?url=https%3A%2F%2Fcdn.sanity.io%2Fimages%2Fgm67v7rk%2Fdevelopment%2Fd800ae0083a85016fd1640ec6a414b5dfd8217f1-3840x2160.png%3Frect%3D299%2C0%2C3242%2C2160%26w%3D800%26h%3D533%26fit%3Dcrop%26auto%3Dformat&w=384&q=75:0
[29975206ms] [LOG] [Fast Refresh] rebuilding @ http://localhost:3001/_next/static/chunks/f12ff_next_dist_95687940._.js:2302
[29976232ms] [LOG] [Fast Refresh] done in 1129ms @ http://localhost:3001/_next/static/chunks/f12ff_next_dist_95687940._.js:2302
[30109932ms] [LOG] [Fast Refresh] rebuilding @ http://localhost:3001/_next/static/chunks/f12ff_next_dist_95687940._.js:2302
[30117509ms] [WARNING] %c%s%c PortableText block detected in page blocks array. This should be rendered via PortableTextRenderer, not Blocks component. background: #e6e6e6;background: light-dark(rgba(0,0,0,0.1), rgba(255,255,255,0.25));color: #000000;color: light-dark(#000000, #ffffff);border-radius: 2px  Server   ukren1 @ http://localhost:3001/_next/static/chunks/f12ff_next_dist_95687940._.js:2302
[30117533ms] [WARNING] %c%s%c PortableText block detected in page blocks array. This should be rendered via PortableTextRenderer, not Blocks component. background: #e6e6e6;background: light-dark(rgba(0,0,0,0.1), rgba(255,255,255,0.25));color: #000000;color: light-dark(#000000, #ffffff);border-radius: 2px  Server   wm4f29 @ http://localhost:3001/_next/static/chunks/f12ff_next_dist_95687940._.js:2302
[30117533ms] [WARNING] %c%s%c PortableText block detected in page blocks array. This should be rendered via PortableTextRenderer, not Blocks component. background: #e6e6e6;background: light-dark(rgba(0,0,0,0.1), rgba(255,255,255,0.25));color: #000000;color: light-dark(#000000, #ffffff);border-radius: 2px  Server   20o54t @ http://localhost:3001/_next/static/chunks/f12ff_next_dist_95687940._.js:2302
[30117791ms] [LOG] [Fast Refresh] done in 7874ms @ http://localhost:3001/_next/static/chunks/f12ff_next_dist_95687940._.js:2302
[30118098ms] [WARNING] %c%s%c PortableText block detected in page blocks array. This should be rendered via PortableTextRenderer, not Blocks component. background: #e6e6e6;background: light-dark(rgba(0,0,0,0.1), rgba(255,255,255,0.25));color: #000000;color: light-dark(#000000, #ffffff);border-radius: 2px  Server   ukren1 @ http://localhost:3001/_next/static/chunks/f12ff_next_dist_95687940._.js:2302
[30118098ms] [WARNING] %c%s%c PortableText block detected in page blocks array. This should be rendered via PortableTextRenderer, not Blocks component. background: #e6e6e6;background: light-dark(rgba(0,0,0,0.1), rgba(255,255,255,0.25));color: #000000;color: light-dark(#000000, #ffffff);border-radius: 2px  Server   wm4f29 @ http://localhost:3001/_next/static/chunks/f12ff_next_dist_95687940._.js:2302
[30118099ms] [WARNING] %c%s%c PortableText block detected in page blocks array. This should be rendered via PortableTextRenderer, not Blocks component. background: #e6e6e6;background: light-dark(rgba(0,0,0,0.1), rgba(255,255,255,0.25));color: #000000;color: light-dark(#000000, #ffffff);border-radius: 2px  Server   20o54t @ http://localhost:3001/_next/static/chunks/f12ff_next_dist_95687940._.js:2302
[30138264ms] [LOG] [Fast Refresh] rebuilding @ http://localhost:3001/_next/static/chunks/f12ff_next_dist_95687940._.js:2302
[30140469ms] [LOG] [Fast Refresh] done in 2263ms @ http://localhost:3001/_next/static/chunks/f12ff_next_dist_95687940._.js:2302
[30171438ms] [LOG] [Fast Refresh] rebuilding @ http://localhost:3001/_next/static/chunks/f12ff_next_dist_95687940._.js:2302
[30172240ms] [ERROR] ./components/collaboration/workspace-shell.tsx:31:10
Ecmascript file had an error
  29 | import { InlineText } from "@/components/ui/inline-text";
  30 | import { updateCollaboration } from "@/lib/actions/collaboration";
> 31 | import { toast } from "sonner";
     |          ^^^^^
  32 | import { CollaborationPdfDialog } from "./collaboration-pdf-dialog";
  33 |
  34 | type Member = {

the name `toast` is defined multiple times

Import trace:
  Server Component:
    ./components/collaboration/workspace-shell.tsx
    ./app/[locale]/(main)/collaborations/[id]/page.tsx @ http://localhost:3001/_next/static/chunks/f12ff_next_dist_95687940._.js:3132
[30178520ms] [LOG] [Fast Refresh] rebuilding @ http://localhost:3001/_next/static/chunks/f12ff_next_dist_95687940._.js:2302
[30178567ms] [ERROR] ./components/collaboration/workspace-shell.tsx:31:10
Ecmascript file had an error
  29 | import { InlineText } from "@/components/ui/inline-text";
  30 | import { updateCollaboration } from "@/lib/actions/collaboration";
> 31 | import { toast } from "sonner";
     |          ^^^^^
  32 | import { CollaborationPdfDialog } from "./collaboration-pdf-dialog";
  33 |
  34 | type Member = {

the name `toast` is defined multiple times

Import trace:
  Server Component:
    ./components/collaboration/workspace-shell.tsx
    ./app/[locale]/(main)/collaborations/[id]/page.tsx @ http://localhost:3001/_next/static/chunks/f12ff_next_dist_95687940._.js:3132
[30192848ms] [LOG] [Fast Refresh] rebuilding @ http://localhost:3001/_next/static/chunks/f12ff_next_dist_95687940._.js:2302
[30193194ms] [ERROR] ./components/collaboration/workspace-shell.tsx:31:10
Ecmascript file had an error
  29 | import { InlineText } from "@/components/ui/inline-text";
  30 | import { updateCollaboration } from "@/lib/actions/collaboration";
> 31 | import { toast } from "sonner";
     |          ^^^^^
  32 | import { CollaborationPdfDialog } from "./collaboration-pdf-dialog";
  33 |
  34 | type Member = {

the name `toast` is defined multiple times

Import trace:
  Server Component:
    ./components/collaboration/workspace-shell.tsx
    ./app/[locale]/(main)/collaborations/[id]/page.tsx @ http://localhost:3001/_next/static/chunks/f12ff_next_dist_95687940._.js:3132
[30212184ms] [LOG] [Fast Refresh] rebuilding @ http://localhost:3001/_next/static/chunks/f12ff_next_dist_95687940._.js:2302
[30212481ms] [ERROR] ./components/collaboration/workspace-shell.tsx:31:10
Ecmascript file had an error
  29 | import { InlineText } from "@/components/ui/inline-text";
  30 | import { updateCollaboration } from "@/lib/actions/collaboration";
> 31 | import { toast } from "sonner";
     |          ^^^^^
  32 | import { CollaborationPdfDialog } from "./collaboration-pdf-dialog";
  33 |
  34 | type Member = {

the name `toast` is defined multiple times

Import trace:
  Server Component:
    ./components/collaboration/workspace-shell.tsx
    ./app/[locale]/(main)/collaborations/[id]/page.tsx @ http://localhost:3001/_next/static/chunks/f12ff_next_dist_95687940._.js:3132
[30228619ms] [LOG] [Fast Refresh] rebuilding @ http://localhost:3001/_next/static/chunks/f12ff_next_dist_95687940._.js:2302
[30228758ms] [ERROR] ./components/collaboration/workspace-shell.tsx:31:10
Ecmascript file had an error
  29 | import { InlineText } from "@/components/ui/inline-text";
  30 | import { updateCollaboration } from "@/lib/actions/collaboration";
> 31 | import { toast } from "sonner";
     |          ^^^^^
  32 | import { CollaborationPdfDialog } from "./collaboration-pdf-dialog";
  33 |
  34 | type Member = {

the name `toast` is defined multiple times

Import trace:
  Server Component:
    ./components/collaboration/workspace-shell.tsx
    ./app/[locale]/(main)/collaborations/[id]/page.tsx @ http://localhost:3001/_next/static/chunks/f12ff_next_dist_95687940._.js:3132
[30240450ms] [LOG] [Fast Refresh] rebuilding @ http://localhost:3001/_next/static/chunks/f12ff_next_dist_95687940._.js:2302
[30240469ms] [ERROR] ./components/collaboration/workspace-shell.tsx:31:10
Ecmascript file had an error
  29 | import { InlineText } from "@/components/ui/inline-text";
  30 | import { updateCollaboration } from "@/lib/actions/collaboration";
> 31 | import { toast } from "sonner";
     |          ^^^^^
  32 | import { CollaborationPdfDialog } from "./collaboration-pdf-dialog";
  33 |
  34 | type Member = {

the name `toast` is defined multiple times

Import trace:
  Server Component:
    ./components/collaboration/workspace-shell.tsx
    ./app/[locale]/(main)/collaborations/[id]/page.tsx @ http://localhost:3001/_next/static/chunks/f12ff_next_dist_95687940._.js:3132
[30298462ms] [LOG] [Fast Refresh] rebuilding @ http://localhost:3001/_next/static/chunks/f12ff_next_dist_95687940._.js:2302
[30299520ms] [ERROR] ./components/collaboration/workspace-shell.tsx:31:10
Ecmascript file had an error
  29 | import { InlineText } from "@/components/ui/inline-text";
  30 | import { updateCollaboration } from "@/lib/actions/collaboration";
> 31 | import { toast } from "sonner";
     |          ^^^^^
  32 | import { CollaborationPdfDialog } from "./collaboration-pdf-dialog";
  33 |
  34 | type Member = {

the name `toast` is defined multiple times

Import trace:
  Server Component:
    ./components/collaboration/workspace-shell.tsx
    ./app/[locale]/(main)/collaborations/[id]/page.tsx @ http://localhost:3001/_next/static/chunks/f12ff_next_dist_95687940._.js:3132
[30301075ms] [LOG] [Fast Refresh] rebuilding @ http://localhost:3001/_next/static/chunks/f12ff_next_dist_95687940._.js:2302
[30301094ms] [ERROR] ./components/collaboration/workspace-shell.tsx:31:10
Ecmascript file had an error
  29 | import { InlineText } from "@/components/ui/inline-text";
  30 | import { updateCollaboration } from "@/lib/actions/collaboration";
> 31 | import { toast } from "sonner";
     |          ^^^^^
  32 | import { CollaborationPdfDialog } from "./collaboration-pdf-dialog";
  33 |
  34 | type Member = {

the name `toast` is defined multiple times

Import trace:
  Server Component:
    ./components/collaboration/workspace-shell.tsx
    ./app/[locale]/(main)/collaborations/[id]/page.tsx @ http://localhost:3001/_next/static/chunks/f12ff_next_dist_95687940._.js:3132
[30323487ms] [LOG] [Fast Refresh] rebuilding @ http://localhost:3001/_next/static/chunks/f12ff_next_dist_95687940._.js:2302
[30323950ms] [ERROR] ./components/collaboration/workspace-shell.tsx:31:10
Ecmascript file had an error
  29 | import { InlineText } from "@/components/ui/inline-text";
  30 | import { updateCollaboration } from "@/lib/actions/collaboration";
> 31 | import { toast } from "sonner";
     |          ^^^^^
  32 | import { CollaborationPdfDialog } from "./collaboration-pdf-dialog";
  33 |
  34 | type Member = {

the name `toast` is defined multiple times

Import trace:
  Server Component:
    ./components/collaboration/workspace-shell.tsx
    ./app/[locale]/(main)/collaborations/[id]/page.tsx @ http://localhost:3001/_next/static/chunks/f12ff_next_dist_95687940._.js:3132
[30341662ms] [LOG] [Fast Refresh] rebuilding @ http://localhost:3001/_next/static/chunks/f12ff_next_dist_95687940._.js:2302
[30341878ms] [ERROR] ./components/collaboration/workspace-shell.tsx:31:10
Ecmascript file had an error
  29 | import { InlineText } from "@/components/ui/inline-text";
  30 | import { updateCollaboration } from "@/lib/actions/collaboration";
> 31 | import { toast } from "sonner";
     |          ^^^^^
  32 | import { CollaborationPdfDialog } from "./collaboration-pdf-dialog";
  33 |
  34 | type Member = {

the name `toast` is defined multiple times

Import trace:
  Server Component:
    ./components/collaboration/workspace-shell.tsx
    ./app/[locale]/(main)/collaborations/[id]/page.tsx @ http://localhost:3001/_next/static/chunks/f12ff_next_dist_95687940._.js:3132
[30362305ms] [ERROR] ./components/collaboration/workspace-shell.tsx:31:10
Ecmascript file had an error
  29 | import { InlineText } from "@/components/ui/inline-text";
  30 | import { updateCollaboration } from "@/lib/actions/collaboration";
> 31 | import { toast } from "sonner";
     |          ^^^^^
  32 | import { CollaborationPdfDialog } from "./collaboration-pdf-dialog";
  33 |
  34 | type Member = {

the name `toast` is defined multiple times

Import trace:
  Server Component:
    ./components/collaboration/workspace-shell.tsx
    ./app/[locale]/(main)/collaborations/[id]/page.tsx @ http://localhost:3001/_next/static/chunks/f12ff_next_dist_95687940._.js:3132
[30362313ms] [LOG] [Fast Refresh] rebuilding @ http://localhost:3001/_next/static/chunks/f12ff_next_dist_95687940._.js:2302
[30363384ms] [LOG] [Fast Refresh] rebuilding @ http://localhost:3001/_next/static/chunks/f12ff_next_dist_95687940._.js:2302
[30363603ms] [ERROR] ./components/collaboration/workspace-shell.tsx:31:10
Ecmascript file had an error
  29 | import { InlineText } from "@/components/ui/inline-text";
  30 | import { updateCollaboration } from "@/lib/actions/collaboration";
> 31 | import { toast } from "sonner";
     |          ^^^^^
  32 | import { CollaborationPdfDialog } from "./collaboration-pdf-dialog";
  33 |
  34 | type Member = {

the name `toast` is defined multiple times

Import trace:
  Server Component:
    ./components/collaboration/workspace-shell.tsx
    ./app/[locale]/(main)/collaborations/[id]/page.tsx @ http://localhost:3001/_next/static/chunks/f12ff_next_dist_95687940._.js:3132
[30407366ms] [LOG] [Fast Refresh] rebuilding @ http://localhost:3001/_next/static/chunks/f12ff_next_dist_95687940._.js:2302
[30408171ms] [LOG] [Fast Refresh] done in 907ms @ http://localhost:3001/_next/static/chunks/f12ff_next_dist_95687940._.js:2302
[30408411ms] [LOG] [Fast Refresh] rebuilding @ http://localhost:3001/_next/static/chunks/f12ff_next_dist_95687940._.js:2302
[30411540ms] [LOG] [Fast Refresh] done in 3231ms @ http://localhost:3001/_next/static/chunks/f12ff_next_dist_95687940._.js:2302
[30412152ms] [WARNING] %c%s%c PortableText block detected in page blocks array. This should be rendered via PortableTextRenderer, not Blocks component. background: #e6e6e6;background: light-dark(rgba(0,0,0,0.1), rgba(255,255,255,0.25));color: #000000;color: light-dark(#000000, #ffffff);border-radius: 2px  Server   ukren1 @ http://localhost:3001/_next/static/chunks/f12ff_next_dist_95687940._.js:2302
[30412153ms] [WARNING] %c%s%c PortableText block detected in page blocks array. This should be rendered via PortableTextRenderer, not Blocks component. background: #e6e6e6;background: light-dark(rgba(0,0,0,0.1), rgba(255,255,255,0.25));color: #000000;color: light-dark(#000000, #ffffff);border-radius: 2px  Server   wm4f29 @ http://localhost:3001/_next/static/chunks/f12ff_next_dist_95687940._.js:2302
[30412232ms] [WARNING] %c%s%c PortableText block detected in page blocks array. This should be rendered via PortableTextRenderer, not Blocks component. background: #e6e6e6;background: light-dark(rgba(0,0,0,0.1), rgba(255,255,255,0.25));color: #000000;color: light-dark(#000000, #ffffff);border-radius: 2px  Server   ukren1 @ http://localhost:3001/_next/static/chunks/f12ff_next_dist_95687940._.js:2302
[30412232ms] [WARNING] %c%s%c PortableText block detected in page blocks array. This should be rendered via PortableTextRenderer, not Blocks component. background: #e6e6e6;background: light-dark(rgba(0,0,0,0.1), rgba(255,255,255,0.25));color: #000000;color: light-dark(#000000, #ffffff);border-radius: 2px  Server   wm4f29 @ http://localhost:3001/_next/static/chunks/f12ff_next_dist_95687940._.js:2302
[30412233ms] [WARNING] %c%s%c PortableText block detected in page blocks array. This should be rendered via PortableTextRenderer, not Blocks component. background: #e6e6e6;background: light-dark(rgba(0,0,0,0.1), rgba(255,255,255,0.25));color: #000000;color: light-dark(#000000, #ffffff);border-radius: 2px  Server   20o54t @ http://localhost:3001/_next/static/chunks/f12ff_next_dist_95687940._.js:2302
[30412249ms] [WARNING] %c%s%c PortableText block detected in page blocks array. This should be rendered via PortableTextRenderer, not Blocks component. background: #e6e6e6;background: light-dark(rgba(0,0,0,0.1), rgba(255,255,255,0.25));color: #000000;color: light-dark(#000000, #ffffff);border-radius: 2px  Server   ukren1 @ http://localhost:3001/_next/static/chunks/f12ff_next_dist_95687940._.js:2302
[30412249ms] [WARNING] %c%s%c PortableText block detected in page blocks array. This should be rendered via PortableTextRenderer, not Blocks component. background: #e6e6e6;background: light-dark(rgba(0,0,0,0.1), rgba(255,255,255,0.25));color: #000000;color: light-dark(#000000, #ffffff);border-radius: 2px  Server   wm4f29 @ http://localhost:3001/_next/static/chunks/f12ff_next_dist_95687940._.js:2302
[30412249ms] [WARNING] %c%s%c PortableText block detected in page blocks array. This should be rendered via PortableTextRenderer, not Blocks component. background: #e6e6e6;background: light-dark(rgba(0,0,0,0.1), rgba(255,255,255,0.25));color: #000000;color: light-dark(#000000, #ffffff);border-radius: 2px  Server   20o54t @ http://localhost:3001/_next/static/chunks/f12ff_next_dist_95687940._.js:2302
[30412274ms] [WARNING] %c%s%c PortableText block detected in page blocks array. This should be rendered via PortableTextRenderer, not Blocks component. background: #e6e6e6;background: light-dark(rgba(0,0,0,0.1), rgba(255,255,255,0.25));color: #000000;color: light-dark(#000000, #ffffff);border-radius: 2px  Server   ukren1 @ http://localhost:3001/_next/static/chunks/f12ff_next_dist_95687940._.js:2302
[30412275ms] [WARNING] %c%s%c PortableText block detected in page blocks array. This should be rendered via PortableTextRenderer, not Blocks component. background: #e6e6e6;background: light-dark(rgba(0,0,0,0.1), rgba(255,255,255,0.25));color: #000000;color: light-dark(#000000, #ffffff);border-radius: 2px  Server   wm4f29 @ http://localhost:3001/_next/static/chunks/f12ff_next_dist_95687940._.js:2302
[30412275ms] [WARNING] %c%s%c PortableText block detected in page blocks array. This should be rendered via PortableTextRenderer, not Blocks component. background: #e6e6e6;background: light-dark(rgba(0,0,0,0.1), rgba(255,255,255,0.25));color: #000000;color: light-dark(#000000, #ffffff);border-radius: 2px  Server   20o54t @ http://localhost:3001/_next/static/chunks/f12ff_next_dist_95687940._.js:2302
[30412310ms] [WARNING] %c%s%c PortableText block detected in page blocks array. This should be rendered via PortableTextRenderer, not Blocks component. background: #e6e6e6;background: light-dark(rgba(0,0,0,0.1), rgba(255,255,255,0.25));color: #000000;color: light-dark(#000000, #ffffff);border-radius: 2px  Server   20o54t @ http://localhost:3001/_next/static/chunks/f12ff_next_dist_95687940._.js:2302
[30412340ms] [WARNING] %c%s%c PortableText block detected in page blocks array. This should be rendered via PortableTextRenderer, not Blocks component. background: #e6e6e6;background: light-dark(rgba(0,0,0,0.1), rgba(255,255,255,0.25));color: #000000;color: light-dark(#000000, #ffffff);border-radius: 2px  Server   ukren1 @ http://localhost:3001/_next/static/chunks/f12ff_next_dist_95687940._.js:2302
[30412340ms] [WARNING] %c%s%c PortableText block detected in page blocks array. This should be rendered via PortableTextRenderer, not Blocks component. background: #e6e6e6;background: light-dark(rgba(0,0,0,0.1), rgba(255,255,255,0.25));color: #000000;color: light-dark(#000000, #ffffff);border-radius: 2px  Server   wm4f29 @ http://localhost:3001/_next/static/chunks/f12ff_next_dist_95687940._.js:2302
[30412344ms] [WARNING] %c%s%c PortableText block detected in page blocks array. This should be rendered via PortableTextRenderer, not Blocks component. background: #e6e6e6;background: light-dark(rgba(0,0,0,0.1), rgba(255,255,255,0.25));color: #000000;color: light-dark(#000000, #ffffff);border-radius: 2px  Server   20o54t @ http://localhost:3001/_next/static/chunks/f12ff_next_dist_95687940._.js:2302
[30412351ms] [WARNING] %c%s%c PortableText block detected in page blocks array. This should be rendered via PortableTextRenderer, not Blocks component. background: #e6e6e6;background: light-dark(rgba(0,0,0,0.1), rgba(255,255,255,0.25));color: #000000;color: light-dark(#000000, #ffffff);border-radius: 2px  Server   ukren1 @ http://localhost:3001/_next/static/chunks/f12ff_next_dist_95687940._.js:2302
[30412351ms] [WARNING] %c%s%c PortableText block detected in page blocks array. This should be rendered via PortableTextRenderer, not Blocks component. background: #e6e6e6;background: light-dark(rgba(0,0,0,0.1), rgba(255,255,255,0.25));color: #000000;color: light-dark(#000000, #ffffff);border-radius: 2px  Server   wm4f29 @ http://localhost:3001/_next/static/chunks/f12ff_next_dist_95687940._.js:2302
[30412352ms] [WARNING] %c%s%c PortableText block detected in page blocks array. This should be rendered via PortableTextRenderer, not Blocks component. background: #e6e6e6;background: light-dark(rgba(0,0,0,0.1), rgba(255,255,255,0.25));color: #000000;color: light-dark(#000000, #ffffff);border-radius: 2px  Server   20o54t @ http://localhost:3001/_next/static/chunks/f12ff_next_dist_95687940._.js:2302
[30453720ms] [LOG] [Fast Refresh] rebuilding @ http://localhost:3001/_next/static/chunks/f12ff_next_dist_95687940._.js:2302
[30454133ms] [LOG] [Fast Refresh] done in 520ms @ http://localhost:3001/_next/static/chunks/f12ff_next_dist_95687940._.js:2302
[30476604ms] [LOG] [Fast Refresh] rebuilding @ http://localhost:3001/_next/static/chunks/f12ff_next_dist_95687940._.js:2302
[30477324ms] [LOG] [Fast Refresh] done in 761ms @ http://localhost:3001/_next/static/chunks/f12ff_next_dist_95687940._.js:2302
[30477645ms] [LOG] [Fast Refresh] rebuilding @ http://localhost:3001/_next/static/chunks/f12ff_next_dist_95687940._.js:2302
[30477773ms] [LOG] [Fast Refresh] done in 228ms @ http://localhost:3001/_next/static/chunks/f12ff_next_dist_95687940._.js:2302
[30477836ms] [WARNING] %c%s%c PortableText block detected in page blocks array. This should be rendered via PortableTextRenderer, not Blocks component. background: #e6e6e6;background: light-dark(rgba(0,0,0,0.1), rgba(255,255,255,0.25));color: #000000;color: light-dark(#000000, #ffffff);border-radius: 2px  Server   ukren1 @ http://localhost:3001/_next/static/chunks/f12ff_next_dist_95687940._.js:2302
[30477836ms] [WARNING] %c%s%c PortableText block detected in page blocks array. This should be rendered via PortableTextRenderer, not Blocks component. background: #e6e6e6;background: light-dark(rgba(0,0,0,0.1), rgba(255,255,255,0.25));color: #000000;color: light-dark(#000000, #ffffff);border-radius: 2px  Server   wm4f29 @ http://localhost:3001/_next/static/chunks/f12ff_next_dist_95687940._.js:2302
[30477843ms] [WARNING] %c%s%c PortableText block detected in page blocks array. This should be rendered via PortableTextRenderer, not Blocks component. background: #e6e6e6;background: light-dark(rgba(0,0,0,0.1), rgba(255,255,255,0.25));color: #000000;color: light-dark(#000000, #ffffff);border-radius: 2px  Server   20o54t @ http://localhost:3001/_next/static/chunks/f12ff_next_dist_95687940._.js:2302
[30539364ms] [LOG] [Fast Refresh] rebuilding @ http://localhost:3001/_next/static/chunks/f12ff_next_dist_95687940._.js:2302
[30541772ms] [LOG] [Fast Refresh] done in 2514ms @ http://localhost:3001/_next/static/chunks/f12ff_next_dist_95687940._.js:2302
[30546501ms] [LOG] [Fast Refresh] rebuilding @ http://localhost:3001/_next/static/chunks/f12ff_next_dist_95687940._.js:2302
[30546585ms] [LOG] [Fast Refresh] done in 188ms @ http://localhost:3001/_next/static/chunks/f12ff_next_dist_95687940._.js:2302
[30566808ms] [LOG] [Fast Refresh] rebuilding @ http://localhost:3001/_next/static/chunks/f12ff_next_dist_95687940._.js:2302
[30568066ms] [LOG] [Fast Refresh] done in 1377ms @ http://localhost:3001/_next/static/chunks/f12ff_next_dist_95687940._.js:2302
[30609895ms] [LOG] [Fast Refresh] rebuilding @ http://localhost:3001/_next/static/chunks/f12ff_next_dist_95687940._.js:2302
[30609924ms] [LOG] [Fast Refresh] done in 135ms @ http://localhost:3001/_next/static/chunks/f12ff_next_dist_95687940._.js:2302
[30628161ms] [LOG] [Fast Refresh] rebuilding @ http://localhost:3001/_next/static/chunks/f12ff_next_dist_95687940._.js:2302
[30629121ms] [LOG] [Fast Refresh] done in 1060ms @ http://localhost:3001/_next/static/chunks/f12ff_next_dist_95687940._.js:2302
[30629356ms] [LOG] [Fast Refresh] rebuilding @ http://localhost:3001/_next/static/chunks/f12ff_next_dist_95687940._.js:2302
[30631577ms] [LOG] [Fast Refresh] done in 2321ms @ http://localhost:3001/_next/static/chunks/f12ff_next_dist_95687940._.js:2302
[30632178ms] [WARNING] %c%s%c PortableText block detected in page blocks array. This should be rendered via PortableTextRenderer, not Blocks component. background: #e6e6e6;background: light-dark(rgba(0,0,0,0.1), rgba(255,255,255,0.25));color: #000000;color: light-dark(#000000, #ffffff);border-radius: 2px  Server   ukren1 @ http://localhost:3001/_next/static/chunks/f12ff_next_dist_95687940._.js:2302
[30632179ms] [WARNING] %c%s%c PortableText block detected in page blocks array. This should be rendered via PortableTextRenderer, not Blocks component. background: #e6e6e6;background: light-dark(rgba(0,0,0,0.1), rgba(255,255,255,0.25));color: #000000;color: light-dark(#000000, #ffffff);border-radius: 2px  Server   wm4f29 @ http://localhost:3001/_next/static/chunks/f12ff_next_dist_95687940._.js:2302
[30632205ms] [WARNING] %c%s%c PortableText block detected in page blocks array. This should be rendered via PortableTextRenderer, not Blocks component. background: #e6e6e6;background: light-dark(rgba(0,0,0,0.1), rgba(255,255,255,0.25));color: #000000;color: light-dark(#000000, #ffffff);border-radius: 2px  Server   ukren1 @ http://localhost:3001/_next/static/chunks/f12ff_next_dist_95687940._.js:2302
[30632205ms] [WARNING] %c%s%c PortableText block detected in page blocks array. This should be rendered via PortableTextRenderer, not Blocks component. background: #e6e6e6;background: light-dark(rgba(0,0,0,0.1), rgba(255,255,255,0.25));color: #000000;color: light-dark(#000000, #ffffff);border-radius: 2px  Server   wm4f29 @ http://localhost:3001/_next/static/chunks/f12ff_next_dist_95687940._.js:2302
[30632307ms] [WARNING] %c%s%c PortableText block detected in page blocks array. This should be rendered via PortableTextRenderer, not Blocks component. background: #e6e6e6;background: light-dark(rgba(0,0,0,0.1), rgba(255,255,255,0.25));color: #000000;color: light-dark(#000000, #ffffff);border-radius: 2px  Server   ukren1 @ http://localhost:3001/_next/static/chunks/f12ff_next_dist_95687940._.js:2302
[30632308ms] [WARNING] %c%s%c PortableText block detected in page blocks array. This should be rendered via PortableTextRenderer, not Blocks component. background: #e6e6e6;background: light-dark(rgba(0,0,0,0.1), rgba(255,255,255,0.25));color: #000000;color: light-dark(#000000, #ffffff);border-radius: 2px  Server   wm4f29 @ http://localhost:3001/_next/static/chunks/f12ff_next_dist_95687940._.js:2302
[30632308ms] [WARNING] %c%s%c PortableText block detected in page blocks array. This should be rendered via PortableTextRenderer, not Blocks component. background: #e6e6e6;background: light-dark(rgba(0,0,0,0.1), rgba(255,255,255,0.25));color: #000000;color: light-dark(#000000, #ffffff);border-radius: 2px  Server   20o54t @ http://localhost:3001/_next/static/chunks/f12ff_next_dist_95687940._.js:2302
[30632313ms] [WARNING] %c%s%c PortableText block detected in page blocks array. This should be rendered via PortableTextRenderer, not Blocks component. background: #e6e6e6;background: light-dark(rgba(0,0,0,0.1), rgba(255,255,255,0.25));color: #000000;color: light-dark(#000000, #ffffff);border-radius: 2px  Server   20o54t @ http://localhost:3001/_next/static/chunks/f12ff_next_dist_95687940._.js:2302
[30632331ms] [WARNING] %c%s%c PortableText block detected in page blocks array. This should be rendered via PortableTextRenderer, not Blocks component. background: #e6e6e6;background: light-dark(rgba(0,0,0,0.1), rgba(255,255,255,0.25));color: #000000;color: light-dark(#000000, #ffffff);border-radius: 2px  Server   ukren1 @ http://localhost:3001/_next/static/chunks/f12ff_next_dist_95687940._.js:2302
[30632331ms] [WARNING] %c%s%c PortableText block detected in page blocks array. This should be rendered via PortableTextRenderer, not Blocks component. background: #e6e6e6;background: light-dark(rgba(0,0,0,0.1), rgba(255,255,255,0.25));color: #000000;color: light-dark(#000000, #ffffff);border-radius: 2px  Server   wm4f29 @ http://localhost:3001/_next/static/chunks/f12ff_next_dist_95687940._.js:2302
[30632331ms] [WARNING] %c%s%c PortableText block detected in page blocks array. This should be rendered via PortableTextRenderer, not Blocks component. background: #e6e6e6;background: light-dark(rgba(0,0,0,0.1), rgba(255,255,255,0.25));color: #000000;color: light-dark(#000000, #ffffff);border-radius: 2px  Server   20o54t @ http://localhost:3001/_next/static/chunks/f12ff_next_dist_95687940._.js:2302
[30632349ms] [WARNING] %c%s%c PortableText block detected in page blocks array. This should be rendered via PortableTextRenderer, not Blocks component. background: #e6e6e6;background: light-dark(rgba(0,0,0,0.1), rgba(255,255,255,0.25));color: #000000;color: light-dark(#000000, #ffffff);border-radius: 2px  Server   20o54t @ http://localhost:3001/_next/static/chunks/f12ff_next_dist_95687940._.js:2302
[30632384ms] [WARNING] %c%s%c PortableText block detected in page blocks array. This should be rendered via PortableTextRenderer, not Blocks component. background: #e6e6e6;background: light-dark(rgba(0,0,0,0.1), rgba(255,255,255,0.25));color: #000000;color: light-dark(#000000, #ffffff);border-radius: 2px  Server   ukren1 @ http://localhost:3001/_next/static/chunks/f12ff_next_dist_95687940._.js:2302
[30632386ms] [WARNING] %c%s%c PortableText block detected in page blocks array. This should be rendered via PortableTextRenderer, not Blocks component. background: #e6e6e6;background: light-dark(rgba(0,0,0,0.1), rgba(255,255,255,0.25));color: #000000;color: light-dark(#000000, #ffffff);border-radius: 2px  Server   wm4f29 @ http://localhost:3001/_next/static/chunks/f12ff_next_dist_95687940._.js:2302
[30632388ms] [WARNING] %c%s%c PortableText block detected in page blocks array. This should be rendered via PortableTextRenderer, not Blocks component. background: #e6e6e6;background: light-dark(rgba(0,0,0,0.1), rgba(255,255,255,0.25));color: #000000;color: light-dark(#000000, #ffffff);border-radius: 2px  Server   20o54t @ http://localhost:3001/_next/static/chunks/f12ff_next_dist_95687940._.js:2302
[30632420ms] [WARNING] %c%s%c PortableText block detected in page blocks array. This should be rendered via PortableTextRenderer, not Blocks component. background: #e6e6e6;background: light-dark(rgba(0,0,0,0.1), rgba(255,255,255,0.25));color: #000000;color: light-dark(#000000, #ffffff);border-radius: 2px  Server   ukren1 @ http://localhost:3001/_next/static/chunks/f12ff_next_dist_95687940._.js:2302
[30632420ms] [WARNING] %c%s%c PortableText block detected in page blocks array. This should be rendered via PortableTextRenderer, not Blocks component. background: #e6e6e6;background: light-dark(rgba(0,0,0,0.1), rgba(255,255,255,0.25));color: #000000;color: light-dark(#000000, #ffffff);border-radius: 2px  Server   wm4f29 @ http://localhost:3001/_next/static/chunks/f12ff_next_dist_95687940._.js:2302
[30632420ms] [WARNING] %c%s%c PortableText block detected in page blocks array. This should be rendered via PortableTextRenderer, not Blocks component. background: #e6e6e6;background: light-dark(rgba(0,0,0,0.1), rgba(255,255,255,0.25));color: #000000;color: light-dark(#000000, #ffffff);border-radius: 2px  Server   20o54t @ http://localhost:3001/_next/static/chunks/f12ff_next_dist_95687940._.js:2302
[30679829ms] [ERROR] WebSocket connection to 'ws://localhost:3001/_next/webpack-hmr?id=bWawGHr-4D4w-rm-5ipEI' failed:  @ http://localhost:3001/_next/static/chunks/f12ff_next_dist_client_d93c57ad._.js:10876
[30684874ms] [LOG] [HMR] connected @ http://localhost:3001/_next/static/chunks/f12ff_next_dist_95687940._.js:2302
[30696500ms] [INFO] %cDownload the React DevTools for a better development experience: https://react.dev/link/react-devtools font-weight:bold @ http://localhost:3001/_next/static/chunks/f12ff_next_dist_95687940._.js:2302
[30696706ms] [WARNING] %c%s%c PortableText block detected in page blocks array. This should be rendered via PortableTextRenderer, not Blocks component. background: #e6e6e6;background: light-dark(rgba(0,0,0,0.1), rgba(255,255,255,0.25));color: #000000;color: light-dark(#000000, #ffffff);border-radius: 2px  Server   ukren1 @ http://localhost:3001/_next/static/chunks/f12ff_next_dist_95687940._.js:2302
[30696718ms] [WARNING] %c%s%c PortableText block detected in page blocks array. This should be rendered via PortableTextRenderer, not Blocks component. background: #e6e6e6;background: light-dark(rgba(0,0,0,0.1), rgba(255,255,255,0.25));color: #000000;color: light-dark(#000000, #ffffff);border-radius: 2px  Server   wm4f29 @ http://localhost:3001/_next/static/chunks/f12ff_next_dist_95687940._.js:2302
[30696720ms] [WARNING] %c%s%c PortableText block detected in page blocks array. This should be rendered via PortableTextRenderer, not Blocks component. background: #e6e6e6;background: light-dark(rgba(0,0,0,0.1), rgba(255,255,255,0.25));color: #000000;color: light-dark(#000000, #ffffff);border-radius: 2px  Server   20o54t @ http://localhost:3001/_next/static/chunks/f12ff_next_dist_95687940._.js:2302
[30696906ms] [WARNING] Missing Algolia environment variables: ALGOLIA_API_KEY @ http://localhost:3001/_next/static/chunks/f12ff_next_dist_95687940._.js:2302
[30696906ms] [WARNING] Algolia admin client not available - missing credentials @ http://localhost:3001/_next/static/chunks/f12ff_next_dist_95687940._.js:2302
[30696906ms] [LOG] ✅ Algolia search client initialized successfully @ http://localhost:3001/_next/static/chunks/f12ff_next_dist_95687940._.js:2302
[30696959ms] [WARNING] Image with src "/connecting-climate-minds-logo-white.png" was detected as the Largest Contentful Paint (LCP). Please add the `loading="eager"` property if this image is above the fold.
Read more: https://nextjs.org/docs/app/api-reference/components/image#loading @ http://localhost:3001/_next/static/chunks/f12ff_next_dist_95687940._.js:2302
[30697049ms] [ERROR] Failed to load resource: the server responded with a status of 404 (Not Found) @ http://localhost:3001/_next/image?url=https%3A%2F%2Fcdn.sanity.io%2Fimages%2Fgm67v7rk%2Fdevelopment%2F4d9d7a94f2c8f2dad9da4d47b702bc091a8795c6-750x750.webp%3Ffm%3Dwebp%26fit%3Dmax&w=96&q=75:0
[30697073ms] [ERROR] Failed to load resource: the server responded with a status of 404 (Not Found) @ http://localhost:3001/_next/image?url=https%3A%2F%2Fcdn.sanity.io%2Fimages%2Fgm67v7rk%2Fdevelopment%2F11af89ad0f6b46dd87a02de8bd5709815561c12e-750x750.webp%3Ffm%3Dwebp%26fit%3Dmax&w=96&q=75:0
[30697073ms] [ERROR] Failed to load resource: the server responded with a status of 404 (Not Found) @ http://localhost:3001/_next/image?url=https%3A%2F%2Fcdn.sanity.io%2Fimages%2Fgm67v7rk%2Fdevelopment%2Feda83dfa50044686af5c5460a7357193fdafe434-750x750.webp%3Ffm%3Dwebp%26fit%3Dmax&w=96&q=75:0
[30697135ms] [LOG] [HMR] connected @ http://localhost:3001/_next/static/chunks/f12ff_next_dist_95687940._.js:2302
[30697135ms] [WARNING] Clerk: Clerk has been loaded with development keys. Development instances have strict usage limits and should not be used when deploying your application to production. Learn more: https://clerk.com/docs/deployments/overview @ http://localhost:3001/_next/static/chunks/f12ff_next_dist_95687940._.js:2302
[30697203ms] [ERROR] Failed to load resource: the server responded with a status of 404 (Not Found) @ http://localhost:3001/_next/image?url=https%3A%2F%2Fcdn.sanity.io%2Fimages%2Fgm67v7rk%2Fdevelopment%2F41c12b03acf832baf1a7bc1dd79c3bcd9854dadf-3937x4096.webp%3Fw%3D1100%26fm%3Dwebp%26fit%3Dmax&w=640&q=75:0
[30697203ms] [ERROR] Failed to load resource: the server responded with a status of 404 (Not Found) @ http://localhost:3001/_next/image?url=https%3A%2F%2Fcdn.sanity.io%2Fimages%2Fgm67v7rk%2Fdevelopment%2F7131d0c3058e42bdacb40588daaa07ca3bf11b5f-2083x1488.png%3Fw%3D1100%26fm%3Dwebp%26fit%3Dmax&w=640&q=75:0
[30697203ms] [ERROR] Failed to load resource: the server responded with a status of 404 (Not Found) @ http://localhost:3001/_next/image?url=https%3A%2F%2Fcdn.sanity.io%2Fimages%2Fgm67v7rk%2Fdevelopment%2F9596343a0722c7e501a5c63912b85e75a989ed3a-828x716.webp%3Fw%3D1100%26fm%3Dwebp%26fit%3Dmax&w=640&q=75:0
[30697342ms] [ERROR] Failed to load resource: the server responded with a status of 404 (Not Found) @ http://localhost:3001/_next/image?url=https%3A%2F%2Fcdn.sanity.io%2Fimages%2Fgm67v7rk%2Fdevelopment%2Fd800ae0083a85016fd1640ec6a414b5dfd8217f1-3840x2160.png%3Frect%3D299%2C0%2C3242%2C2160%26w%3D800%26h%3D533%26fit%3Dcrop%26auto%3Dformat&w=384&q=75:0
[30697342ms] [ERROR] Failed to load resource: the server responded with a status of 404 (Not Found) @ http://localhost:3001/_next/image?url=https%3A%2F%2Fcdn.sanity.io%2Fimages%2Fgm67v7rk%2Fdevelopment%2F5a171b7507c1d52a3190bd70967050359220c0d8-3840x2160.png%3Frect%3D299%2C0%2C3242%2C2160%26w%3D800%26h%3D533%26fit%3Dcrop%26auto%3Dformat&w=384&q=75:0
[30697342ms] [ERROR] Failed to load resource: the server responded with a status of 404 (Not Found) @ http://localhost:3001/_next/image?url=https%3A%2F%2Fcdn.sanity.io%2Fimages%2Fgm67v7rk%2Fdevelopment%2Fa188992df760eecc7333d6fbe0c264d859fb3523-3840x2160.png%3Frect%3D299%2C0%2C3242%2C2160%26w%3D800%26h%3D533%26fit%3Dcrop%26auto%3Dformat&w=384&q=75:0
[30697348ms] [LOG] [Fast Refresh] rebuilding @ http://localhost:3001/_next/static/chunks/f12ff_next_dist_95687940._.js:2302
[30697654ms] [WARNING] Ignoring Event: localhost @ http://localhost:3001/_next/static/chunks/f12ff_next_dist_95687940._.js:2302
[30697920ms] [LOG] [Fast Refresh] done in 689ms @ http://localhost:3001/_next/static/chunks/f12ff_next_dist_95687940._.js:2302
[30698021ms] [ERROR] Access to resource at 'https://gm67v7rk.api.sanity.io/v2024-04-24/data/live/events/development?tag=next-loader.live' from origin 'http://localhost:3001' has been blocked by CORS policy: No 'Access-Control-Allow-Origin' header is present on the requested resource. @ http://localhost:3001/en:0
[30698022ms] [ERROR] Failed to load resource: net::ERR_FAILED @ https://gm67v7rk.api.sanity.io/v2024-04-24/data/live/events/development?tag=next-loader.live:0
[30698034ms] [LOG] [Fast Refresh] rebuilding @ http://localhost:3001/_next/static/chunks/f12ff_next_dist_95687940._.js:2302
[30698073ms] [LOG] [Fast Refresh] done in 139ms @ http://localhost:3001/_next/static/chunks/f12ff_next_dist_95687940._.js:2302
[30698133ms] [ERROR] Access to fetch at 'https://gm67v7rk.api.sanity.io/v2024-04-24/data/live/events/development?tag=next-loader.live' from origin 'http://localhost:3001' has been blocked by CORS policy: Response to preflight request doesn't pass access control check: No 'Access-Control-Allow-Origin' header is present on the requested resource. @ http://localhost:3001/en:0
[30698133ms] [ERROR] Failed to load resource: net::ERR_FAILED @ https://gm67v7rk.api.sanity.io/v2024-04-24/data/live/events/development?tag=next-loader.live:0
[30698253ms] [ERROR] Access to fetch at 'https://gm67v7rk.api.sanity.io/v2024-04-24/data/live/events/development?tag=next-loader.live' from origin 'http://localhost:3001' has been blocked by CORS policy: Response to preflight request doesn't pass access control check: No 'Access-Control-Allow-Origin' header is present on the requested resource. @ http://localhost:3001/en:0
[30698254ms] [ERROR] Failed to load resource: net::ERR_FAILED @ https://gm67v7rk.api.sanity.io/v2024-04-24/data/live/events/development?tag=next-loader.live:0
[30698254ms] [WARNING] Sanity Live is unable to connect to the Sanity API as the current origin - http://localhost:3001 - is not in the list of allowed CORS origins for this Sanity Project. Add it here: https://sanity.io/manage/project/gm67v7rk/api?cors=add&origin=http%3A%2F%2Flocalhost%3A3001 @ http://localhost:3001/_next/static/chunks/f12ff_next_dist_95687940._.js:2302
