[   12573ms] [INFO] %cDownload the React DevTools for a better development experience: https://react.dev/link/react-devtools font-weight:bold @ http://localhost:3000/_next/static/chunks/f12ff_next_dist_95687940._.js:2302
[   12911ms] [LOG] [HMR] connected @ http://localhost:3000/_next/static/chunks/f12ff_next_dist_95687940._.js:2302
[   13122ms] [WARNING] Clerk: Clerk has been loaded with development keys. Development instances have strict usage limits and should not be used when deploying your application to production. Learn more: https://clerk.com/docs/deployments/overview @ http://localhost:3000/_next/static/chunks/f12ff_next_dist_95687940._.js:2302
[   13193ms] [LOG] [Fast Refresh] rebuilding @ http://localhost:3000/_next/static/chunks/f12ff_next_dist_95687940._.js:2302
[   13274ms] [WARNING] %c%s%c PortableText block detected in page blocks array. This should be rendered via PortableTextRenderer, not Blocks component. background: #e6e6e6;background: light-dark(rgba(0,0,0,0.1), rgba(255,255,255,0.25));color: #000000;color: light-dark(#000000, #ffffff);border-radius: 2px  Server   ukren1 @ http://localhost:3000/_next/static/chunks/f12ff_next_dist_95687940._.js:2302
[   13274ms] [WARNING] %c%s%c PortableText block detected in page blocks array. This should be rendered via PortableTextRenderer, not Blocks component. background: #e6e6e6;background: light-dark(rgba(0,0,0,0.1), rgba(255,255,255,0.25));color: #000000;color: light-dark(#000000, #ffffff);border-radius: 2px  Server   wm4f29 @ http://localhost:3000/_next/static/chunks/f12ff_next_dist_95687940._.js:2302
[   13275ms] [WARNING] %c%s%c PortableText block detected in page blocks array. This should be rendered via PortableTextRenderer, not Blocks component. background: #e6e6e6;background: light-dark(rgba(0,0,0,0.1), rgba(255,255,255,0.25));color: #000000;color: light-dark(#000000, #ffffff);border-radius: 2px  Server   20o54t @ http://localhost:3000/_next/static/chunks/f12ff_next_dist_95687940._.js:2302
[   13325ms] [WARNING] Image with src "/connecting-climate-minds-logo-white.png" was detected as the Largest Contentful Paint (LCP). Please add the `loading="eager"` property if this image is above the fold.
Read more: https://nextjs.org/docs/app/api-reference/components/image#loading @ http://localhost:3000/_next/static/chunks/f12ff_next_dist_95687940._.js:2302
[   13360ms] [LOG] [Fast Refresh] done in 334ms @ http://localhost:3000/_next/static/chunks/f12ff_next_dist_95687940._.js:2302
[   14981ms] [WARNING] Ignoring Event: localhost @ http://localhost:3000/_next/static/chunks/f12ff_next_dist_95687940._.js:2302
[   15353ms] [INFO] Sanity is live with automatic revalidation of published content @ http://localhost:3000/_next/static/chunks/f12ff_next_dist_95687940._.js:2302
[   15356ms] [LOG] [Fast Refresh] rebuilding @ http://localhost:3000/_next/static/chunks/f12ff_next_dist_95687940._.js:2302
[   15357ms] [LOG] [Fast Refresh] done in 342ms @ http://localhost:3000/_next/static/chunks/f12ff_next_dist_95687940._.js:2302
[   82368ms] [LOG] [Fast Refresh] rebuilding @ http://localhost:3000/_next/static/chunks/f12ff_next_dist_95687940._.js:2302
[   82667ms] [LOG] [Fast Refresh] done in 414ms @ http://localhost:3000/_next/static/chunks/f12ff_next_dist_95687940._.js:2302
[  104440ms] [LOG] [Fast Refresh] rebuilding @ http://localhost:3000/_next/static/chunks/f12ff_next_dist_95687940._.js:2302
[  108850ms] [LOG] [Fast Refresh] done in 4563ms @ http://localhost:3000/_next/static/chunks/f12ff_next_dist_95687940._.js:2302
[  158591ms] [LOG] [Fast Refresh] rebuilding @ http://localhost:3000/_next/static/chunks/f12ff_next_dist_95687940._.js:2302
[  160282ms] [LOG] [Fast Refresh] done in 1799ms @ http://localhost:3000/_next/static/chunks/f12ff_next_dist_95687940._.js:2302
[  191255ms] [LOG] [Fast Refresh] rebuilding @ http://localhost:3000/_next/static/chunks/f12ff_next_dist_95687940._.js:2302
[  191675ms] [LOG] [Fast Refresh] done in 523ms @ http://localhost:3000/_next/static/chunks/f12ff_next_dist_95687940._.js:2302
[  208673ms] [LOG] [Fast Refresh] rebuilding @ http://localhost:3000/_next/static/chunks/f12ff_next_dist_95687940._.js:2302
[  210308ms] [LOG] [Fast Refresh] done in 1249ms @ http://localhost:3000/_next/static/chunks/f12ff_next_dist_95687940._.js:2302
[  211075ms] [LOG] [Fast Refresh] rebuilding @ http://localhost:3000/_next/static/chunks/f12ff_next_dist_95687940._.js:2302
[  218082ms] [LOG] [Fast Refresh] done in 7108ms @ http://localhost:3000/_next/static/chunks/f12ff_next_dist_95687940._.js:2302
[  218243ms] [LOG] [Fast Refresh] rebuilding @ http://localhost:3000/_next/static/chunks/f12ff_next_dist_95687940._.js:2302
[  218254ms] [LOG] [Fast Refresh] done in 113ms @ http://localhost:3000/_next/static/chunks/f12ff_next_dist_95687940._.js:2302
[  218333ms] [WARNING] %c%s%c PortableText block detected in page blocks array. This should be rendered via PortableTextRenderer, not Blocks component. background: #e6e6e6;background: light-dark(rgba(0,0,0,0.1), rgba(255,255,255,0.25));color: #000000;color: light-dark(#000000, #ffffff);border-radius: 2px  Server   ukren1 @ http://localhost:3000/_next/static/chunks/f12ff_next_dist_95687940._.js:2302
[  218333ms] [WARNING] %c%s%c PortableText block detected in page blocks array. This should be rendered via PortableTextRenderer, not Blocks component. background: #e6e6e6;background: light-dark(rgba(0,0,0,0.1), rgba(255,255,255,0.25));color: #000000;color: light-dark(#000000, #ffffff);border-radius: 2px  Server   wm4f29 @ http://localhost:3000/_next/static/chunks/f12ff_next_dist_95687940._.js:2302
[  218334ms] [WARNING] %c%s%c PortableText block detected in page blocks array. This should be rendered via PortableTextRenderer, not Blocks component. background: #e6e6e6;background: light-dark(rgba(0,0,0,0.1), rgba(255,255,255,0.25));color: #000000;color: light-dark(#000000, #ffffff);border-radius: 2px  Server   20o54t @ http://localhost:3000/_next/static/chunks/f12ff_next_dist_95687940._.js:2302
[  218346ms] [WARNING] %c%s%c PortableText block detected in page blocks array. This should be rendered via PortableTextRenderer, not Blocks component. background: #e6e6e6;background: light-dark(rgba(0,0,0,0.1), rgba(255,255,255,0.25));color: #000000;color: light-dark(#000000, #ffffff);border-radius: 2px  Server   ukren1 @ http://localhost:3000/_next/static/chunks/f12ff_next_dist_95687940._.js:2302
[  218346ms] [WARNING] %c%s%c PortableText block detected in page blocks array. This should be rendered via PortableTextRenderer, not Blocks component. background: #e6e6e6;background: light-dark(rgba(0,0,0,0.1), rgba(255,255,255,0.25));color: #000000;color: light-dark(#000000, #ffffff);border-radius: 2px  Server   wm4f29 @ http://localhost:3000/_next/static/chunks/f12ff_next_dist_95687940._.js:2302
[  218346ms] [WARNING] %c%s%c PortableText block detected in page blocks array. This should be rendered via PortableTextRenderer, not Blocks component. background: #e6e6e6;background: light-dark(rgba(0,0,0,0.1), rgba(255,255,255,0.25));color: #000000;color: light-dark(#000000, #ffffff);border-radius: 2px  Server   20o54t @ http://localhost:3000/_next/static/chunks/f12ff_next_dist_95687940._.js:2302
[  224590ms] [LOG] [Fast Refresh] rebuilding @ http://localhost:3000/_next/static/chunks/f12ff_next_dist_95687940._.js:2302
[  228723ms] [LOG] [Fast Refresh] done in 1556ms @ http://localhost:3000/_next/static/chunks/f12ff_next_dist_95687940._.js:2302
[  229322ms] [WARNING] %c%s%c PortableText block detected in page blocks array. This should be rendered via PortableTextRenderer, not Blocks component. background: #e6e6e6;background: light-dark(rgba(0,0,0,0.1), rgba(255,255,255,0.25));color: #000000;color: light-dark(#000000, #ffffff);border-radius: 2px  Server   ukren1 @ http://localhost:3000/_next/static/chunks/f12ff_next_dist_95687940._.js:2302
[  229322ms] [WARNING] %c%s%c PortableText block detected in page blocks array. This should be rendered via PortableTextRenderer, not Blocks component. background: #e6e6e6;background: light-dark(rgba(0,0,0,0.1), rgba(255,255,255,0.25));color: #000000;color: light-dark(#000000, #ffffff);border-radius: 2px  Server   wm4f29 @ http://localhost:3000/_next/static/chunks/f12ff_next_dist_95687940._.js:2302
[  229333ms] [WARNING] %c%s%c PortableText block detected in page blocks array. This should be rendered via PortableTextRenderer, not Blocks component. background: #e6e6e6;background: light-dark(rgba(0,0,0,0.1), rgba(255,255,255,0.25));color: #000000;color: light-dark(#000000, #ffffff);border-radius: 2px  Server   ukren1 @ http://localhost:3000/_next/static/chunks/f12ff_next_dist_95687940._.js:2302
[  229333ms] [WARNING] %c%s%c PortableText block detected in page blocks array. This should be rendered via PortableTextRenderer, not Blocks component. background: #e6e6e6;background: light-dark(rgba(0,0,0,0.1), rgba(255,255,255,0.25));color: #000000;color: light-dark(#000000, #ffffff);border-radius: 2px  Server   wm4f29 @ http://localhost:3000/_next/static/chunks/f12ff_next_dist_95687940._.js:2302
[  229333ms] [WARNING] %c%s%c PortableText block detected in page blocks array. This should be rendered via PortableTextRenderer, not Blocks component. background: #e6e6e6;background: light-dark(rgba(0,0,0,0.1), rgba(255,255,255,0.25));color: #000000;color: light-dark(#000000, #ffffff);border-radius: 2px  Server   20o54t @ http://localhost:3000/_next/static/chunks/f12ff_next_dist_95687940._.js:2302
[  229349ms] [WARNING] %c%s%c PortableText block detected in page blocks array. This should be rendered via PortableTextRenderer, not Blocks component. background: #e6e6e6;background: light-dark(rgba(0,0,0,0.1), rgba(255,255,255,0.25));color: #000000;color: light-dark(#000000, #ffffff);border-radius: 2px  Server   20o54t @ http://localhost:3000/_next/static/chunks/f12ff_next_dist_95687940._.js:2302
[  237611ms] [LOG] [Fast Refresh] rebuilding @ http://localhost:3000/_next/static/chunks/f12ff_next_dist_95687940._.js:2302
[  237766ms] [LOG] [Fast Refresh] done in 231ms @ http://localhost:3000/_next/static/chunks/f12ff_next_dist_95687940._.js:2302
[  237878ms] [LOG] [Fast Refresh] rebuilding @ http://localhost:3000/_next/static/chunks/f12ff_next_dist_95687940._.js:2302
[  244801ms] [LOG] [Fast Refresh] done in 7023ms @ http://localhost:3000/_next/static/chunks/f12ff_next_dist_95687940._.js:2302
[  245070ms] [LOG] [Fast Refresh] rebuilding @ http://localhost:3000/_next/static/chunks/f12ff_next_dist_95687940._.js:2302
[  245471ms] [LOG] [Fast Refresh] done in 503ms @ http://localhost:3000/_next/static/chunks/f12ff_next_dist_95687940._.js:2302
[  246027ms] [WARNING] %c%s%c PortableText block detected in page blocks array. This should be rendered via PortableTextRenderer, not Blocks component. background: #e6e6e6;background: light-dark(rgba(0,0,0,0.1), rgba(255,255,255,0.25));color: #000000;color: light-dark(#000000, #ffffff);border-radius: 2px  Server   ukren1 @ http://localhost:3000/_next/static/chunks/f12ff_next_dist_95687940._.js:2302
[  246028ms] [WARNING] %c%s%c PortableText block detected in page blocks array. This should be rendered via PortableTextRenderer, not Blocks component. background: #e6e6e6;background: light-dark(rgba(0,0,0,0.1), rgba(255,255,255,0.25));color: #000000;color: light-dark(#000000, #ffffff);border-radius: 2px  Server   wm4f29 @ http://localhost:3000/_next/static/chunks/f12ff_next_dist_95687940._.js:2302
[  246028ms] [WARNING] %c%s%c PortableText block detected in page blocks array. This should be rendered via PortableTextRenderer, not Blocks component. background: #e6e6e6;background: light-dark(rgba(0,0,0,0.1), rgba(255,255,255,0.25));color: #000000;color: light-dark(#000000, #ffffff);border-radius: 2px  Server   20o54t @ http://localhost:3000/_next/static/chunks/f12ff_next_dist_95687940._.js:2302
[  246030ms] [WARNING] %c%s%c PortableText block detected in page blocks array. This should be rendered via PortableTextRenderer, not Blocks component. background: #e6e6e6;background: light-dark(rgba(0,0,0,0.1), rgba(255,255,255,0.25));color: #000000;color: light-dark(#000000, #ffffff);border-radius: 2px  Server   ukren1 @ http://localhost:3000/_next/static/chunks/f12ff_next_dist_95687940._.js:2302
[  246030ms] [WARNING] %c%s%c PortableText block detected in page blocks array. This should be rendered via PortableTextRenderer, not Blocks component. background: #e6e6e6;background: light-dark(rgba(0,0,0,0.1), rgba(255,255,255,0.25));color: #000000;color: light-dark(#000000, #ffffff);border-radius: 2px  Server   wm4f29 @ http://localhost:3000/_next/static/chunks/f12ff_next_dist_95687940._.js:2302
[  246030ms] [WARNING] %c%s%c PortableText block detected in page blocks array. This should be rendered via PortableTextRenderer, not Blocks component. background: #e6e6e6;background: light-dark(rgba(0,0,0,0.1), rgba(255,255,255,0.25));color: #000000;color: light-dark(#000000, #ffffff);border-radius: 2px  Server   20o54t @ http://localhost:3000/_next/static/chunks/f12ff_next_dist_95687940._.js:2302
[  296778ms] [LOG] [Fast Refresh] rebuilding @ http://localhost:3000/_next/static/chunks/f12ff_next_dist_95687940._.js:2302
[  297707ms] [LOG] [Fast Refresh] done in 960ms @ http://localhost:3000/_next/static/chunks/f12ff_next_dist_95687940._.js:2302
[  298143ms] [LOG] [Fast Refresh] rebuilding @ http://localhost:3000/_next/static/chunks/f12ff_next_dist_95687940._.js:2302
[  302652ms] [LOG] [Fast Refresh] done in 4610ms @ http://localhost:3000/_next/static/chunks/f12ff_next_dist_95687940._.js:2302
[  302792ms] [LOG] [Fast Refresh] rebuilding @ http://localhost:3000/_next/static/chunks/f12ff_next_dist_95687940._.js:2302
[  302924ms] [LOG] [Fast Refresh] done in 232ms @ http://localhost:3000/_next/static/chunks/f12ff_next_dist_95687940._.js:2302
[  303068ms] [LOG] [Fast Refresh] rebuilding @ http://localhost:3000/_next/static/chunks/f12ff_next_dist_95687940._.js:2302
[  303115ms] [LOG] [Fast Refresh] done in 149ms @ http://localhost:3000/_next/static/chunks/f12ff_next_dist_95687940._.js:2302
[  303235ms] [LOG] [Fast Refresh] rebuilding @ http://localhost:3000/_next/static/chunks/f12ff_next_dist_95687940._.js:2302
[  303271ms] [LOG] [Fast Refresh] done in 138ms @ http://localhost:3000/_next/static/chunks/f12ff_next_dist_95687940._.js:2302
[  303388ms] [LOG] [Fast Refresh] rebuilding @ http://localhost:3000/_next/static/chunks/f12ff_next_dist_95687940._.js:2302
[  303415ms] [LOG] [Fast Refresh] done in 128ms @ http://localhost:3000/_next/static/chunks/f12ff_next_dist_95687940._.js:2302
[  303727ms] [WARNING] %c%s%c PortableText block detected in page blocks array. This should be rendered via PortableTextRenderer, not Blocks component. background: #e6e6e6;background: light-dark(rgba(0,0,0,0.1), rgba(255,255,255,0.25));color: #000000;color: light-dark(#000000, #ffffff);border-radius: 2px  Server   ukren1 @ http://localhost:3000/_next/static/chunks/f12ff_next_dist_95687940._.js:2302
[  303728ms] [WARNING] %c%s%c PortableText block detected in page blocks array. This should be rendered via PortableTextRenderer, not Blocks component. background: #e6e6e6;background: light-dark(rgba(0,0,0,0.1), rgba(255,255,255,0.25));color: #000000;color: light-dark(#000000, #ffffff);border-radius: 2px  Server   wm4f29 @ http://localhost:3000/_next/static/chunks/f12ff_next_dist_95687940._.js:2302
[  303788ms] [WARNING] %c%s%c PortableText block detected in page blocks array. This should be rendered via PortableTextRenderer, not Blocks component. background: #e6e6e6;background: light-dark(rgba(0,0,0,0.1), rgba(255,255,255,0.25));color: #000000;color: light-dark(#000000, #ffffff);border-radius: 2px  Server   20o54t @ http://localhost:3000/_next/static/chunks/f12ff_next_dist_95687940._.js:2302
[  303840ms] [WARNING] %c%s%c PortableText block detected in page blocks array. This should be rendered via PortableTextRenderer, not Blocks component. background: #e6e6e6;background: light-dark(rgba(0,0,0,0.1), rgba(255,255,255,0.25));color: #000000;color: light-dark(#000000, #ffffff);border-radius: 2px  Server   ukren1 @ http://localhost:3000/_next/static/chunks/f12ff_next_dist_95687940._.js:2302
[  303841ms] [WARNING] %c%s%c PortableText block detected in page blocks array. This should be rendered via PortableTextRenderer, not Blocks component. background: #e6e6e6;background: light-dark(rgba(0,0,0,0.1), rgba(255,255,255,0.25));color: #000000;color: light-dark(#000000, #ffffff);border-radius: 2px  Server   wm4f29 @ http://localhost:3000/_next/static/chunks/f12ff_next_dist_95687940._.js:2302
[  303973ms] [WARNING] %c%s%c PortableText block detected in page blocks array. This should be rendered via PortableTextRenderer, not Blocks component. background: #e6e6e6;background: light-dark(rgba(0,0,0,0.1), rgba(255,255,255,0.25));color: #000000;color: light-dark(#000000, #ffffff);border-radius: 2px  Server   ukren1 @ http://localhost:3000/_next/static/chunks/f12ff_next_dist_95687940._.js:2302
[  303973ms] [WARNING] %c%s%c PortableText block detected in page blocks array. This should be rendered via PortableTextRenderer, not Blocks component. background: #e6e6e6;background: light-dark(rgba(0,0,0,0.1), rgba(255,255,255,0.25));color: #000000;color: light-dark(#000000, #ffffff);border-radius: 2px  Server   wm4f29 @ http://localhost:3000/_next/static/chunks/f12ff_next_dist_95687940._.js:2302
[  303973ms] [WARNING] %c%s%c PortableText block detected in page blocks array. This should be rendered via PortableTextRenderer, not Blocks component. background: #e6e6e6;background: light-dark(rgba(0,0,0,0.1), rgba(255,255,255,0.25));color: #000000;color: light-dark(#000000, #ffffff);border-radius: 2px  Server   20o54t @ http://localhost:3000/_next/static/chunks/f12ff_next_dist_95687940._.js:2302
[  303979ms] [WARNING] %c%s%c PortableText block detected in page blocks array. This should be rendered via PortableTextRenderer, not Blocks component. background: #e6e6e6;background: light-dark(rgba(0,0,0,0.1), rgba(255,255,255,0.25));color: #000000;color: light-dark(#000000, #ffffff);border-radius: 2px  Server   20o54t @ http://localhost:3000/_next/static/chunks/f12ff_next_dist_95687940._.js:2302
[  303989ms] [WARNING] %c%s%c PortableText block detected in page blocks array. This should be rendered via PortableTextRenderer, not Blocks component. background: #e6e6e6;background: light-dark(rgba(0,0,0,0.1), rgba(255,255,255,0.25));color: #000000;color: light-dark(#000000, #ffffff);border-radius: 2px  Server   ukren1 @ http://localhost:3000/_next/static/chunks/f12ff_next_dist_95687940._.js:2302
[  303989ms] [WARNING] %c%s%c PortableText block detected in page blocks array. This should be rendered via PortableTextRenderer, not Blocks component. background: #e6e6e6;background: light-dark(rgba(0,0,0,0.1), rgba(255,255,255,0.25));color: #000000;color: light-dark(#000000, #ffffff);border-radius: 2px  Server   wm4f29 @ http://localhost:3000/_next/static/chunks/f12ff_next_dist_95687940._.js:2302
[  304098ms] [LOG] [Fast Refresh] rebuilding @ http://localhost:3000/_next/static/chunks/f12ff_next_dist_95687940._.js:2302
[  304189ms] [LOG] [Fast Refresh] done in 193ms @ http://localhost:3000/_next/static/chunks/f12ff_next_dist_95687940._.js:2302
[  304198ms] [WARNING] %c%s%c PortableText block detected in page blocks array. This should be rendered via PortableTextRenderer, not Blocks component. background: #e6e6e6;background: light-dark(rgba(0,0,0,0.1), rgba(255,255,255,0.25));color: #000000;color: light-dark(#000000, #ffffff);border-radius: 2px  Server   20o54t @ http://localhost:3000/_next/static/chunks/f12ff_next_dist_95687940._.js:2302
[  304206ms] [WARNING] %c%s%c PortableText block detected in page blocks array. This should be rendered via PortableTextRenderer, not Blocks component. background: #e6e6e6;background: light-dark(rgba(0,0,0,0.1), rgba(255,255,255,0.25));color: #000000;color: light-dark(#000000, #ffffff);border-radius: 2px  Server   ukren1 @ http://localhost:3000/_next/static/chunks/f12ff_next_dist_95687940._.js:2302
[  304206ms] [WARNING] %c%s%c PortableText block detected in page blocks array. This should be rendered via PortableTextRenderer, not Blocks component. background: #e6e6e6;background: light-dark(rgba(0,0,0,0.1), rgba(255,255,255,0.25));color: #000000;color: light-dark(#000000, #ffffff);border-radius: 2px  Server   wm4f29 @ http://localhost:3000/_next/static/chunks/f12ff_next_dist_95687940._.js:2302
[  304209ms] [WARNING] %c%s%c PortableText block detected in page blocks array. This should be rendered via PortableTextRenderer, not Blocks component. background: #e6e6e6;background: light-dark(rgba(0,0,0,0.1), rgba(255,255,255,0.25));color: #000000;color: light-dark(#000000, #ffffff);border-radius: 2px  Server   ukren1 @ http://localhost:3000/_next/static/chunks/f12ff_next_dist_95687940._.js:2302
[  304210ms] [WARNING] %c%s%c PortableText block detected in page blocks array. This should be rendered via PortableTextRenderer, not Blocks component. background: #e6e6e6;background: light-dark(rgba(0,0,0,0.1), rgba(255,255,255,0.25));color: #000000;color: light-dark(#000000, #ffffff);border-radius: 2px  Server   wm4f29 @ http://localhost:3000/_next/static/chunks/f12ff_next_dist_95687940._.js:2302
[  304225ms] [WARNING] %c%s%c PortableText block detected in page blocks array. This should be rendered via PortableTextRenderer, not Blocks component. background: #e6e6e6;background: light-dark(rgba(0,0,0,0.1), rgba(255,255,255,0.25));color: #000000;color: light-dark(#000000, #ffffff);border-radius: 2px  Server   20o54t @ http://localhost:3000/_next/static/chunks/f12ff_next_dist_95687940._.js:2302
[  304242ms] [WARNING] %c%s%c PortableText block detected in page blocks array. This should be rendered via PortableTextRenderer, not Blocks component. background: #e6e6e6;background: light-dark(rgba(0,0,0,0.1), rgba(255,255,255,0.25));color: #000000;color: light-dark(#000000, #ffffff);border-radius: 2px  Server   20o54t @ http://localhost:3000/_next/static/chunks/f12ff_next_dist_95687940._.js:2302
[  304345ms] [LOG] [Fast Refresh] rebuilding @ http://localhost:3000/_next/static/chunks/f12ff_next_dist_95687940._.js:2302
[  304437ms] [LOG] [Fast Refresh] done in 192ms @ http://localhost:3000/_next/static/chunks/f12ff_next_dist_95687940._.js:2302
[  304604ms] [WARNING] %c%s%c PortableText block detected in page blocks array. This should be rendered via PortableTextRenderer, not Blocks component. background: #e6e6e6;background: light-dark(rgba(0,0,0,0.1), rgba(255,255,255,0.25));color: #000000;color: light-dark(#000000, #ffffff);border-radius: 2px  Server   ukren1 @ http://localhost:3000/_next/static/chunks/f12ff_next_dist_95687940._.js:2302
[  304604ms] [WARNING] %c%s%c PortableText block detected in page blocks array. This should be rendered via PortableTextRenderer, not Blocks component. background: #e6e6e6;background: light-dark(rgba(0,0,0,0.1), rgba(255,255,255,0.25));color: #000000;color: light-dark(#000000, #ffffff);border-radius: 2px  Server   wm4f29 @ http://localhost:3000/_next/static/chunks/f12ff_next_dist_95687940._.js:2302
[  304605ms] [WARNING] %c%s%c PortableText block detected in page blocks array. This should be rendered via PortableTextRenderer, not Blocks component. background: #e6e6e6;background: light-dark(rgba(0,0,0,0.1), rgba(255,255,255,0.25));color: #000000;color: light-dark(#000000, #ffffff);border-radius: 2px  Server   20o54t @ http://localhost:3000/_next/static/chunks/f12ff_next_dist_95687940._.js:2302
[  304672ms] [WARNING] %c%s%c PortableText block detected in page blocks array. This should be rendered via PortableTextRenderer, not Blocks component. background: #e6e6e6;background: light-dark(rgba(0,0,0,0.1), rgba(255,255,255,0.25));color: #000000;color: light-dark(#000000, #ffffff);border-radius: 2px  Server   ukren1 @ http://localhost:3000/_next/static/chunks/f12ff_next_dist_95687940._.js:2302
[  304672ms] [WARNING] %c%s%c PortableText block detected in page blocks array. This should be rendered via PortableTextRenderer, not Blocks component. background: #e6e6e6;background: light-dark(rgba(0,0,0,0.1), rgba(255,255,255,0.25));color: #000000;color: light-dark(#000000, #ffffff);border-radius: 2px  Server   wm4f29 @ http://localhost:3000/_next/static/chunks/f12ff_next_dist_95687940._.js:2302
[  304673ms] [WARNING] %c%s%c PortableText block detected in page blocks array. This should be rendered via PortableTextRenderer, not Blocks component. background: #e6e6e6;background: light-dark(rgba(0,0,0,0.1), rgba(255,255,255,0.25));color: #000000;color: light-dark(#000000, #ffffff);border-radius: 2px  Server   20o54t @ http://localhost:3000/_next/static/chunks/f12ff_next_dist_95687940._.js:2302
[  309151ms] [LOG] [Fast Refresh] rebuilding @ http://localhost:3000/_next/static/chunks/f12ff_next_dist_95687940._.js:2302
[  309381ms] [LOG] [Fast Refresh] done in 303ms @ http://localhost:3000/_next/static/chunks/f12ff_next_dist_95687940._.js:2302
[  309504ms] [LOG] [Fast Refresh] rebuilding @ http://localhost:3000/_next/static/chunks/f12ff_next_dist_95687940._.js:2302
[  310685ms] [LOG] [Fast Refresh] done in 1282ms @ http://localhost:3000/_next/static/chunks/f12ff_next_dist_95687940._.js:2302
[  310852ms] [LOG] [Fast Refresh] rebuilding @ http://localhost:3000/_next/static/chunks/f12ff_next_dist_95687940._.js:2302
[  311346ms] [LOG] [Fast Refresh] done in 595ms @ http://localhost:3000/_next/static/chunks/f12ff_next_dist_95687940._.js:2302
[  311497ms] [LOG] [Fast Refresh] rebuilding @ http://localhost:3000/_next/static/chunks/f12ff_next_dist_95687940._.js:2302
[  311609ms] [LOG] [Fast Refresh] done in 214ms @ http://localhost:3000/_next/static/chunks/f12ff_next_dist_95687940._.js:2302
[  311729ms] [LOG] [Fast Refresh] rebuilding @ http://localhost:3000/_next/static/chunks/f12ff_next_dist_95687940._.js:2302
[  311810ms] [LOG] [Fast Refresh] done in 182ms @ http://localhost:3000/_next/static/chunks/f12ff_next_dist_95687940._.js:2302
[  311928ms] [LOG] [Fast Refresh] rebuilding @ http://localhost:3000/_next/static/chunks/f12ff_next_dist_95687940._.js:2302
[  311947ms] [LOG] [Fast Refresh] done in 119ms @ http://localhost:3000/_next/static/chunks/f12ff_next_dist_95687940._.js:2302
[  312117ms] [LOG] [Fast Refresh] rebuilding @ http://localhost:3000/_next/static/chunks/f12ff_next_dist_95687940._.js:2302
[  312127ms] [LOG] [Fast Refresh] done in 113ms @ http://localhost:3000/_next/static/chunks/f12ff_next_dist_95687940._.js:2302
[  312249ms] [WARNING] %c%s%c PortableText block detected in page blocks array. This should be rendered via PortableTextRenderer, not Blocks component. background: #e6e6e6;background: light-dark(rgba(0,0,0,0.1), rgba(255,255,255,0.25));color: #000000;color: light-dark(#000000, #ffffff);border-radius: 2px  Server   ukren1 @ http://localhost:3000/_next/static/chunks/f12ff_next_dist_95687940._.js:2302
[  312255ms] [WARNING] %c%s%c PortableText block detected in page blocks array. This should be rendered via PortableTextRenderer, not Blocks component. background: #e6e6e6;background: light-dark(rgba(0,0,0,0.1), rgba(255,255,255,0.25));color: #000000;color: light-dark(#000000, #ffffff);border-radius: 2px  Server   wm4f29 @ http://localhost:3000/_next/static/chunks/f12ff_next_dist_95687940._.js:2302
[  312268ms] [WARNING] %c%s%c PortableText block detected in page blocks array. This should be rendered via PortableTextRenderer, not Blocks component. background: #e6e6e6;background: light-dark(rgba(0,0,0,0.1), rgba(255,255,255,0.25));color: #000000;color: light-dark(#000000, #ffffff);border-radius: 2px  Server   20o54t @ http://localhost:3000/_next/static/chunks/f12ff_next_dist_95687940._.js:2302
[  312274ms] [WARNING] %c%s%c PortableText block detected in page blocks array. This should be rendered via PortableTextRenderer, not Blocks component. background: #e6e6e6;background: light-dark(rgba(0,0,0,0.1), rgba(255,255,255,0.25));color: #000000;color: light-dark(#000000, #ffffff);border-radius: 2px  Server   ukren1 @ http://localhost:3000/_next/static/chunks/f12ff_next_dist_95687940._.js:2302
[  312275ms] [WARNING] %c%s%c PortableText block detected in page blocks array. This should be rendered via PortableTextRenderer, not Blocks component. background: #e6e6e6;background: light-dark(rgba(0,0,0,0.1), rgba(255,255,255,0.25));color: #000000;color: light-dark(#000000, #ffffff);border-radius: 2px  Server   wm4f29 @ http://localhost:3000/_next/static/chunks/f12ff_next_dist_95687940._.js:2302
[  312289ms] [WARNING] %c%s%c PortableText block detected in page blocks array. This should be rendered via PortableTextRenderer, not Blocks component. background: #e6e6e6;background: light-dark(rgba(0,0,0,0.1), rgba(255,255,255,0.25));color: #000000;color: light-dark(#000000, #ffffff);border-radius: 2px  Server   20o54t @ http://localhost:3000/_next/static/chunks/f12ff_next_dist_95687940._.js:2302
[  312294ms] [WARNING] %c%s%c PortableText block detected in page blocks array. This should be rendered via PortableTextRenderer, not Blocks component. background: #e6e6e6;background: light-dark(rgba(0,0,0,0.1), rgba(255,255,255,0.25));color: #000000;color: light-dark(#000000, #ffffff);border-radius: 2px  Server   ukren1 @ http://localhost:3000/_next/static/chunks/f12ff_next_dist_95687940._.js:2302
[  312294ms] [WARNING] %c%s%c PortableText block detected in page blocks array. This should be rendered via PortableTextRenderer, not Blocks component. background: #e6e6e6;background: light-dark(rgba(0,0,0,0.1), rgba(255,255,255,0.25));color: #000000;color: light-dark(#000000, #ffffff);border-radius: 2px  Server   wm4f29 @ http://localhost:3000/_next/static/chunks/f12ff_next_dist_95687940._.js:2302
[  312357ms] [WARNING] %c%s%c PortableText block detected in page blocks array. This should be rendered via PortableTextRenderer, not Blocks component. background: #e6e6e6;background: light-dark(rgba(0,0,0,0.1), rgba(255,255,255,0.25));color: #000000;color: light-dark(#000000, #ffffff);border-radius: 2px  Server   20o54t @ http://localhost:3000/_next/static/chunks/f12ff_next_dist_95687940._.js:2302
[  312389ms] [WARNING] %c%s%c PortableText block detected in page blocks array. This should be rendered via PortableTextRenderer, not Blocks component. background: #e6e6e6;background: light-dark(rgba(0,0,0,0.1), rgba(255,255,255,0.25));color: #000000;color: light-dark(#000000, #ffffff);border-radius: 2px  Server   ukren1 @ http://localhost:3000/_next/static/chunks/f12ff_next_dist_95687940._.js:2302
[  312390ms] [WARNING] %c%s%c PortableText block detected in page blocks array. This should be rendered via PortableTextRenderer, not Blocks component. background: #e6e6e6;background: light-dark(rgba(0,0,0,0.1), rgba(255,255,255,0.25));color: #000000;color: light-dark(#000000, #ffffff);border-radius: 2px  Server   wm4f29 @ http://localhost:3000/_next/static/chunks/f12ff_next_dist_95687940._.js:2302
[  312502ms] [WARNING] %c%s%c PortableText block detected in page blocks array. This should be rendered via PortableTextRenderer, not Blocks component. background: #e6e6e6;background: light-dark(rgba(0,0,0,0.1), rgba(255,255,255,0.25));color: #000000;color: light-dark(#000000, #ffffff);border-radius: 2px  Server   ukren1 @ http://localhost:3000/_next/static/chunks/f12ff_next_dist_95687940._.js:2302
[  312563ms] [WARNING] %c%s%c PortableText block detected in page blocks array. This should be rendered via PortableTextRenderer, not Blocks component. background: #e6e6e6;background: light-dark(rgba(0,0,0,0.1), rgba(255,255,255,0.25));color: #000000;color: light-dark(#000000, #ffffff);border-radius: 2px  Server   ukren1 @ http://localhost:3000/_next/static/chunks/f12ff_next_dist_95687940._.js:2302
[  312566ms] [WARNING] %c%s%c PortableText block detected in page blocks array. This should be rendered via PortableTextRenderer, not Blocks component. background: #e6e6e6;background: light-dark(rgba(0,0,0,0.1), rgba(255,255,255,0.25));color: #000000;color: light-dark(#000000, #ffffff);border-radius: 2px  Server   wm4f29 @ http://localhost:3000/_next/static/chunks/f12ff_next_dist_95687940._.js:2302
[  312567ms] [WARNING] %c%s%c PortableText block detected in page blocks array. This should be rendered via PortableTextRenderer, not Blocks component. background: #e6e6e6;background: light-dark(rgba(0,0,0,0.1), rgba(255,255,255,0.25));color: #000000;color: light-dark(#000000, #ffffff);border-radius: 2px  Server   20o54t @ http://localhost:3000/_next/static/chunks/f12ff_next_dist_95687940._.js:2302
[  312580ms] [WARNING] %c%s%c PortableText block detected in page blocks array. This should be rendered via PortableTextRenderer, not Blocks component. background: #e6e6e6;background: light-dark(rgba(0,0,0,0.1), rgba(255,255,255,0.25));color: #000000;color: light-dark(#000000, #ffffff);border-radius: 2px  Server   wm4f29 @ http://localhost:3000/_next/static/chunks/f12ff_next_dist_95687940._.js:2302
[  312580ms] [WARNING] %c%s%c PortableText block detected in page blocks array. This should be rendered via PortableTextRenderer, not Blocks component. background: #e6e6e6;background: light-dark(rgba(0,0,0,0.1), rgba(255,255,255,0.25));color: #000000;color: light-dark(#000000, #ffffff);border-radius: 2px  Server   20o54t @ http://localhost:3000/_next/static/chunks/f12ff_next_dist_95687940._.js:2302
[  312717ms] [WARNING] %c%s%c PortableText block detected in page blocks array. This should be rendered via PortableTextRenderer, not Blocks component. background: #e6e6e6;background: light-dark(rgba(0,0,0,0.1), rgba(255,255,255,0.25));color: #000000;color: light-dark(#000000, #ffffff);border-radius: 2px  Server   20o54t @ http://localhost:3000/_next/static/chunks/f12ff_next_dist_95687940._.js:2302
[  312805ms] [WARNING] %c%s%c PortableText block detected in page blocks array. This should be rendered via PortableTextRenderer, not Blocks component. background: #e6e6e6;background: light-dark(rgba(0,0,0,0.1), rgba(255,255,255,0.25));color: #000000;color: light-dark(#000000, #ffffff);border-radius: 2px  Server   ukren1 @ http://localhost:3000/_next/static/chunks/f12ff_next_dist_95687940._.js:2302
[  312805ms] [WARNING] %c%s%c PortableText block detected in page blocks array. This should be rendered via PortableTextRenderer, not Blocks component. background: #e6e6e6;background: light-dark(rgba(0,0,0,0.1), rgba(255,255,255,0.25));color: #000000;color: light-dark(#000000, #ffffff);border-radius: 2px  Server   wm4f29 @ http://localhost:3000/_next/static/chunks/f12ff_next_dist_95687940._.js:2302
[  312816ms] [WARNING] %c%s%c PortableText block detected in page blocks array. This should be rendered via PortableTextRenderer, not Blocks component. background: #e6e6e6;background: light-dark(rgba(0,0,0,0.1), rgba(255,255,255,0.25));color: #000000;color: light-dark(#000000, #ffffff);border-radius: 2px  Server   20o54t @ http://localhost:3000/_next/static/chunks/f12ff_next_dist_95687940._.js:2302
[  312824ms] [WARNING] %c%s%c PortableText block detected in page blocks array. This should be rendered via PortableTextRenderer, not Blocks component. background: #e6e6e6;background: light-dark(rgba(0,0,0,0.1), rgba(255,255,255,0.25));color: #000000;color: light-dark(#000000, #ffffff);border-radius: 2px  Server   ukren1 @ http://localhost:3000/_next/static/chunks/f12ff_next_dist_95687940._.js:2302
[  312824ms] [WARNING] %c%s%c PortableText block detected in page blocks array. This should be rendered via PortableTextRenderer, not Blocks component. background: #e6e6e6;background: light-dark(rgba(0,0,0,0.1), rgba(255,255,255,0.25));color: #000000;color: light-dark(#000000, #ffffff);border-radius: 2px  Server   wm4f29 @ http://localhost:3000/_next/static/chunks/f12ff_next_dist_95687940._.js:2302
[  312825ms] [WARNING] %c%s%c PortableText block detected in page blocks array. This should be rendered via PortableTextRenderer, not Blocks component. background: #e6e6e6;background: light-dark(rgba(0,0,0,0.1), rgba(255,255,255,0.25));color: #000000;color: light-dark(#000000, #ffffff);border-radius: 2px  Server   20o54t @ http://localhost:3000/_next/static/chunks/f12ff_next_dist_95687940._.js:2302
[  321385ms] [LOG] [Fast Refresh] rebuilding @ http://localhost:3000/_next/static/chunks/f12ff_next_dist_95687940._.js:2302
[  321485ms] [LOG] [Fast Refresh] done in 188ms @ http://localhost:3000/_next/static/chunks/f12ff_next_dist_95687940._.js:2302
[  321596ms] [LOG] [Fast Refresh] rebuilding @ http://localhost:3000/_next/static/chunks/f12ff_next_dist_95687940._.js:2302
[  322543ms] [LOG] [Fast Refresh] done in 1048ms @ http://localhost:3000/_next/static/chunks/f12ff_next_dist_95687940._.js:2302
[  322782ms] [LOG] [Fast Refresh] rebuilding @ http://localhost:3000/_next/static/chunks/f12ff_next_dist_95687940._.js:2302
[  322784ms] [LOG] [Fast Refresh] done in 214ms @ http://localhost:3000/_next/static/chunks/f12ff_next_dist_95687940._.js:2302
[  322918ms] [LOG] [Fast Refresh] rebuilding @ http://localhost:3000/_next/static/chunks/f12ff_next_dist_95687940._.js:2302
[  323050ms] [LOG] [Fast Refresh] done in 234ms @ http://localhost:3000/_next/static/chunks/f12ff_next_dist_95687940._.js:2302
[  323428ms] [LOG] [Fast Refresh] rebuilding @ http://localhost:3000/_next/static/chunks/f12ff_next_dist_95687940._.js:2302
[  323582ms] [LOG] [Fast Refresh] done in 255ms @ http://localhost:3000/_next/static/chunks/f12ff_next_dist_95687940._.js:2302
[  323728ms] [LOG] [Fast Refresh] rebuilding @ http://localhost:3000/_next/static/chunks/f12ff_next_dist_95687940._.js:2302
[  323774ms] [LOG] [Fast Refresh] done in 147ms @ http://localhost:3000/_next/static/chunks/f12ff_next_dist_95687940._.js:2302
[  323950ms] [WARNING] %c%s%c PortableText block detected in page blocks array. This should be rendered via PortableTextRenderer, not Blocks component. background: #e6e6e6;background: light-dark(rgba(0,0,0,0.1), rgba(255,255,255,0.25));color: #000000;color: light-dark(#000000, #ffffff);border-radius: 2px  Server   ukren1 @ http://localhost:3000/_next/static/chunks/f12ff_next_dist_95687940._.js:2302
[  323957ms] [WARNING] %c%s%c PortableText block detected in page blocks array. This should be rendered via PortableTextRenderer, not Blocks component. background: #e6e6e6;background: light-dark(rgba(0,0,0,0.1), rgba(255,255,255,0.25));color: #000000;color: light-dark(#000000, #ffffff);border-radius: 2px  Server   wm4f29 @ http://localhost:3000/_next/static/chunks/f12ff_next_dist_95687940._.js:2302
[  324054ms] [WARNING] %c%s%c PortableText block detected in page blocks array. This should be rendered via PortableTextRenderer, not Blocks component. background: #e6e6e6;background: light-dark(rgba(0,0,0,0.1), rgba(255,255,255,0.25));color: #000000;color: light-dark(#000000, #ffffff);border-radius: 2px  Server   20o54t @ http://localhost:3000/_next/static/chunks/f12ff_next_dist_95687940._.js:2302
[  324097ms] [WARNING] %c%s%c PortableText block detected in page blocks array. This should be rendered via PortableTextRenderer, not Blocks component. background: #e6e6e6;background: light-dark(rgba(0,0,0,0.1), rgba(255,255,255,0.25));color: #000000;color: light-dark(#000000, #ffffff);border-radius: 2px  Server   ukren1 @ http://localhost:3000/_next/static/chunks/f12ff_next_dist_95687940._.js:2302
[  324097ms] [WARNING] %c%s%c PortableText block detected in page blocks array. This should be rendered via PortableTextRenderer, not Blocks component. background: #e6e6e6;background: light-dark(rgba(0,0,0,0.1), rgba(255,255,255,0.25));color: #000000;color: light-dark(#000000, #ffffff);border-radius: 2px  Server   wm4f29 @ http://localhost:3000/_next/static/chunks/f12ff_next_dist_95687940._.js:2302
[  324098ms] [WARNING] %c%s%c PortableText block detected in page blocks array. This should be rendered via PortableTextRenderer, not Blocks component. background: #e6e6e6;background: light-dark(rgba(0,0,0,0.1), rgba(255,255,255,0.25));color: #000000;color: light-dark(#000000, #ffffff);border-radius: 2px  Server   20o54t @ http://localhost:3000/_next/static/chunks/f12ff_next_dist_95687940._.js:2302
[  324117ms] [WARNING] %c%s%c PortableText block detected in page blocks array. This should be rendered via PortableTextRenderer, not Blocks component. background: #e6e6e6;background: light-dark(rgba(0,0,0,0.1), rgba(255,255,255,0.25));color: #000000;color: light-dark(#000000, #ffffff);border-radius: 2px  Server   ukren1 @ http://localhost:3000/_next/static/chunks/f12ff_next_dist_95687940._.js:2302
[  324117ms] [WARNING] %c%s%c PortableText block detected in page blocks array. This should be rendered via PortableTextRenderer, not Blocks component. background: #e6e6e6;background: light-dark(rgba(0,0,0,0.1), rgba(255,255,255,0.25));color: #000000;color: light-dark(#000000, #ffffff);border-radius: 2px  Server   wm4f29 @ http://localhost:3000/_next/static/chunks/f12ff_next_dist_95687940._.js:2302
[  324118ms] [WARNING] %c%s%c PortableText block detected in page blocks array. This should be rendered via PortableTextRenderer, not Blocks component. background: #e6e6e6;background: light-dark(rgba(0,0,0,0.1), rgba(255,255,255,0.25));color: #000000;color: light-dark(#000000, #ffffff);border-radius: 2px  Server   20o54t @ http://localhost:3000/_next/static/chunks/f12ff_next_dist_95687940._.js:2302
[  324133ms] [WARNING] %c%s%c PortableText block detected in page blocks array. This should be rendered via PortableTextRenderer, not Blocks component. background: #e6e6e6;background: light-dark(rgba(0,0,0,0.1), rgba(255,255,255,0.25));color: #000000;color: light-dark(#000000, #ffffff);border-radius: 2px  Server   ukren1 @ http://localhost:3000/_next/static/chunks/f12ff_next_dist_95687940._.js:2302
[  324133ms] [WARNING] %c%s%c PortableText block detected in page blocks array. This should be rendered via PortableTextRenderer, not Blocks component. background: #e6e6e6;background: light-dark(rgba(0,0,0,0.1), rgba(255,255,255,0.25));color: #000000;color: light-dark(#000000, #ffffff);border-radius: 2px  Server   wm4f29 @ http://localhost:3000/_next/static/chunks/f12ff_next_dist_95687940._.js:2302
[  324206ms] [WARNING] %c%s%c PortableText block detected in page blocks array. This should be rendered via PortableTextRenderer, not Blocks component. background: #e6e6e6;background: light-dark(rgba(0,0,0,0.1), rgba(255,255,255,0.25));color: #000000;color: light-dark(#000000, #ffffff);border-radius: 2px  Server   ukren1 @ http://localhost:3000/_next/static/chunks/f12ff_next_dist_95687940._.js:2302
[  324207ms] [WARNING] %c%s%c PortableText block detected in page blocks array. This should be rendered via PortableTextRenderer, not Blocks component. background: #e6e6e6;background: light-dark(rgba(0,0,0,0.1), rgba(255,255,255,0.25));color: #000000;color: light-dark(#000000, #ffffff);border-radius: 2px  Server   wm4f29 @ http://localhost:3000/_next/static/chunks/f12ff_next_dist_95687940._.js:2302
[  324311ms] [LOG] [Fast Refresh] rebuilding @ http://localhost:3000/_next/static/chunks/f12ff_next_dist_95687940._.js:2302
[  324468ms] [LOG] [Fast Refresh] done in 258ms @ http://localhost:3000/_next/static/chunks/f12ff_next_dist_95687940._.js:2302
[  324475ms] [WARNING] %c%s%c PortableText block detected in page blocks array. This should be rendered via PortableTextRenderer, not Blocks component. background: #e6e6e6;background: light-dark(rgba(0,0,0,0.1), rgba(255,255,255,0.25));color: #000000;color: light-dark(#000000, #ffffff);border-radius: 2px  Server   20o54t @ http://localhost:3000/_next/static/chunks/f12ff_next_dist_95687940._.js:2302
[  324502ms] [WARNING] %c%s%c PortableText block detected in page blocks array. This should be rendered via PortableTextRenderer, not Blocks component. background: #e6e6e6;background: light-dark(rgba(0,0,0,0.1), rgba(255,255,255,0.25));color: #000000;color: light-dark(#000000, #ffffff);border-radius: 2px  Server   20o54t @ http://localhost:3000/_next/static/chunks/f12ff_next_dist_95687940._.js:2302
[  324503ms] [WARNING] %c%s%c PortableText block detected in page blocks array. This should be rendered via PortableTextRenderer, not Blocks component. background: #e6e6e6;background: light-dark(rgba(0,0,0,0.1), rgba(255,255,255,0.25));color: #000000;color: light-dark(#000000, #ffffff);border-radius: 2px  Server   ukren1 @ http://localhost:3000/_next/static/chunks/f12ff_next_dist_95687940._.js:2302
[  324503ms] [WARNING] %c%s%c PortableText block detected in page blocks array. This should be rendered via PortableTextRenderer, not Blocks component. background: #e6e6e6;background: light-dark(rgba(0,0,0,0.1), rgba(255,255,255,0.25));color: #000000;color: light-dark(#000000, #ffffff);border-radius: 2px  Server   wm4f29 @ http://localhost:3000/_next/static/chunks/f12ff_next_dist_95687940._.js:2302
[  324641ms] [WARNING] %c%s%c PortableText block detected in page blocks array. This should be rendered via PortableTextRenderer, not Blocks component. background: #e6e6e6;background: light-dark(rgba(0,0,0,0.1), rgba(255,255,255,0.25));color: #000000;color: light-dark(#000000, #ffffff);border-radius: 2px  Server   20o54t @ http://localhost:3000/_next/static/chunks/f12ff_next_dist_95687940._.js:2302
[  325265ms] [WARNING] %c%s%c PortableText block detected in page blocks array. This should be rendered via PortableTextRenderer, not Blocks component. background: #e6e6e6;background: light-dark(rgba(0,0,0,0.1), rgba(255,255,255,0.25));color: #000000;color: light-dark(#000000, #ffffff);border-radius: 2px  Server   ukren1 @ http://localhost:3000/_next/static/chunks/f12ff_next_dist_95687940._.js:2302
[  325277ms] [WARNING] %c%s%c PortableText block detected in page blocks array. This should be rendered via PortableTextRenderer, not Blocks component. background: #e6e6e6;background: light-dark(rgba(0,0,0,0.1), rgba(255,255,255,0.25));color: #000000;color: light-dark(#000000, #ffffff);border-radius: 2px  Server   wm4f29 @ http://localhost:3000/_next/static/chunks/f12ff_next_dist_95687940._.js:2302
[  325290ms] [WARNING] %c%s%c PortableText block detected in page blocks array. This should be rendered via PortableTextRenderer, not Blocks component. background: #e6e6e6;background: light-dark(rgba(0,0,0,0.1), rgba(255,255,255,0.25));color: #000000;color: light-dark(#000000, #ffffff);border-radius: 2px  Server   20o54t @ http://localhost:3000/_next/static/chunks/f12ff_next_dist_95687940._.js:2302
[  325393ms] [WARNING] %c%s%c PortableText block detected in page blocks array. This should be rendered via PortableTextRenderer, not Blocks component. background: #e6e6e6;background: light-dark(rgba(0,0,0,0.1), rgba(255,255,255,0.25));color: #000000;color: light-dark(#000000, #ffffff);border-radius: 2px  Server   ukren1 @ http://localhost:3000/_next/static/chunks/f12ff_next_dist_95687940._.js:2302
[  325396ms] [WARNING] %c%s%c PortableText block detected in page blocks array. This should be rendered via PortableTextRenderer, not Blocks component. background: #e6e6e6;background: light-dark(rgba(0,0,0,0.1), rgba(255,255,255,0.25));color: #000000;color: light-dark(#000000, #ffffff);border-radius: 2px  Server   wm4f29 @ http://localhost:3000/_next/static/chunks/f12ff_next_dist_95687940._.js:2302
[  325396ms] [WARNING] %c%s%c PortableText block detected in page blocks array. This should be rendered via PortableTextRenderer, not Blocks component. background: #e6e6e6;background: light-dark(rgba(0,0,0,0.1), rgba(255,255,255,0.25));color: #000000;color: light-dark(#000000, #ffffff);border-radius: 2px  Server   20o54t @ http://localhost:3000/_next/static/chunks/f12ff_next_dist_95687940._.js:2302
[  333341ms] [LOG] [Fast Refresh] rebuilding @ http://localhost:3000/_next/static/chunks/f12ff_next_dist_95687940._.js:2302
[  333460ms] [LOG] [Fast Refresh] done in 194ms @ http://localhost:3000/_next/static/chunks/f12ff_next_dist_95687940._.js:2302
[  333566ms] [LOG] [Fast Refresh] rebuilding @ http://localhost:3000/_next/static/chunks/f12ff_next_dist_95687940._.js:2302
[  334408ms] [LOG] [Fast Refresh] done in 943ms @ http://localhost:3000/_next/static/chunks/f12ff_next_dist_95687940._.js:2302
[  334530ms] [LOG] [Fast Refresh] rebuilding @ http://localhost:3000/_next/static/chunks/f12ff_next_dist_95687940._.js:2302
[  334562ms] [LOG] [Fast Refresh] done in 135ms @ http://localhost:3000/_next/static/chunks/f12ff_next_dist_95687940._.js:2302
[  335074ms] [WARNING] %c%s%c PortableText block detected in page blocks array. This should be rendered via PortableTextRenderer, not Blocks component. background: #e6e6e6;background: light-dark(rgba(0,0,0,0.1), rgba(255,255,255,0.25));color: #000000;color: light-dark(#000000, #ffffff);border-radius: 2px  Server   ukren1 @ http://localhost:3000/_next/static/chunks/f12ff_next_dist_95687940._.js:2302
[  335075ms] [WARNING] %c%s%c PortableText block detected in page blocks array. This should be rendered via PortableTextRenderer, not Blocks component. background: #e6e6e6;background: light-dark(rgba(0,0,0,0.1), rgba(255,255,255,0.25));color: #000000;color: light-dark(#000000, #ffffff);border-radius: 2px  Server   wm4f29 @ http://localhost:3000/_next/static/chunks/f12ff_next_dist_95687940._.js:2302
[  335085ms] [WARNING] %c%s%c PortableText block detected in page blocks array. This should be rendered via PortableTextRenderer, not Blocks component. background: #e6e6e6;background: light-dark(rgba(0,0,0,0.1), rgba(255,255,255,0.25));color: #000000;color: light-dark(#000000, #ffffff);border-radius: 2px  Server   20o54t @ http://localhost:3000/_next/static/chunks/f12ff_next_dist_95687940._.js:2302
[  335090ms] [WARNING] %c%s%c PortableText block detected in page blocks array. This should be rendered via PortableTextRenderer, not Blocks component. background: #e6e6e6;background: light-dark(rgba(0,0,0,0.1), rgba(255,255,255,0.25));color: #000000;color: light-dark(#000000, #ffffff);border-radius: 2px  Server   ukren1 @ http://localhost:3000/_next/static/chunks/f12ff_next_dist_95687940._.js:2302
[  335092ms] [WARNING] %c%s%c PortableText block detected in page blocks array. This should be rendered via PortableTextRenderer, not Blocks component. background: #e6e6e6;background: light-dark(rgba(0,0,0,0.1), rgba(255,255,255,0.25));color: #000000;color: light-dark(#000000, #ffffff);border-radius: 2px  Server   wm4f29 @ http://localhost:3000/_next/static/chunks/f12ff_next_dist_95687940._.js:2302
[  335111ms] [WARNING] %c%s%c PortableText block detected in page blocks array. This should be rendered via PortableTextRenderer, not Blocks component. background: #e6e6e6;background: light-dark(rgba(0,0,0,0.1), rgba(255,255,255,0.25));color: #000000;color: light-dark(#000000, #ffffff);border-radius: 2px  Server   20o54t @ http://localhost:3000/_next/static/chunks/f12ff_next_dist_95687940._.js:2302
[  335160ms] [WARNING] %c%s%c PortableText block detected in page blocks array. This should be rendered via PortableTextRenderer, not Blocks component. background: #e6e6e6;background: light-dark(rgba(0,0,0,0.1), rgba(255,255,255,0.25));color: #000000;color: light-dark(#000000, #ffffff);border-radius: 2px  Server   ukren1 @ http://localhost:3000/_next/static/chunks/f12ff_next_dist_95687940._.js:2302
[  335160ms] [WARNING] %c%s%c PortableText block detected in page blocks array. This should be rendered via PortableTextRenderer, not Blocks component. background: #e6e6e6;background: light-dark(rgba(0,0,0,0.1), rgba(255,255,255,0.25));color: #000000;color: light-dark(#000000, #ffffff);border-radius: 2px  Server   wm4f29 @ http://localhost:3000/_next/static/chunks/f12ff_next_dist_95687940._.js:2302
[  335162ms] [WARNING] %c%s%c PortableText block detected in page blocks array. This should be rendered via PortableTextRenderer, not Blocks component. background: #e6e6e6;background: light-dark(rgba(0,0,0,0.1), rgba(255,255,255,0.25));color: #000000;color: light-dark(#000000, #ffffff);border-radius: 2px  Server   20o54t @ http://localhost:3000/_next/static/chunks/f12ff_next_dist_95687940._.js:2302
[  335238ms] [WARNING] %c%s%c PortableText block detected in page blocks array. This should be rendered via PortableTextRenderer, not Blocks component. background: #e6e6e6;background: light-dark(rgba(0,0,0,0.1), rgba(255,255,255,0.25));color: #000000;color: light-dark(#000000, #ffffff);border-radius: 2px  Server   ukren1 @ http://localhost:3000/_next/static/chunks/f12ff_next_dist_95687940._.js:2302
[  335238ms] [WARNING] %c%s%c PortableText block detected in page blocks array. This should be rendered via PortableTextRenderer, not Blocks component. background: #e6e6e6;background: light-dark(rgba(0,0,0,0.1), rgba(255,255,255,0.25));color: #000000;color: light-dark(#000000, #ffffff);border-radius: 2px  Server   wm4f29 @ http://localhost:3000/_next/static/chunks/f12ff_next_dist_95687940._.js:2302
[  335307ms] [WARNING] %c%s%c PortableText block detected in page blocks array. This should be rendered via PortableTextRenderer, not Blocks component. background: #e6e6e6;background: light-dark(rgba(0,0,0,0.1), rgba(255,255,255,0.25));color: #000000;color: light-dark(#000000, #ffffff);border-radius: 2px  Server   20o54t @ http://localhost:3000/_next/static/chunks/f12ff_next_dist_95687940._.js:2302
[  335318ms] [WARNING] %c%s%c PortableText block detected in page blocks array. This should be rendered via PortableTextRenderer, not Blocks component. background: #e6e6e6;background: light-dark(rgba(0,0,0,0.1), rgba(255,255,255,0.25));color: #000000;color: light-dark(#000000, #ffffff);border-radius: 2px  Server   ukren1 @ http://localhost:3000/_next/static/chunks/f12ff_next_dist_95687940._.js:2302
[  335318ms] [WARNING] %c%s%c PortableText block detected in page blocks array. This should be rendered via PortableTextRenderer, not Blocks component. background: #e6e6e6;background: light-dark(rgba(0,0,0,0.1), rgba(255,255,255,0.25));color: #000000;color: light-dark(#000000, #ffffff);border-radius: 2px  Server   wm4f29 @ http://localhost:3000/_next/static/chunks/f12ff_next_dist_95687940._.js:2302
[  335319ms] [WARNING] %c%s%c PortableText block detected in page blocks array. This should be rendered via PortableTextRenderer, not Blocks component. background: #e6e6e6;background: light-dark(rgba(0,0,0,0.1), rgba(255,255,255,0.25));color: #000000;color: light-dark(#000000, #ffffff);border-radius: 2px  Server   ukren1 @ http://localhost:3000/_next/static/chunks/f12ff_next_dist_95687940._.js:2302
[  335319ms] [WARNING] %c%s%c PortableText block detected in page blocks array. This should be rendered via PortableTextRenderer, not Blocks component. background: #e6e6e6;background: light-dark(rgba(0,0,0,0.1), rgba(255,255,255,0.25));color: #000000;color: light-dark(#000000, #ffffff);border-radius: 2px  Server   wm4f29 @ http://localhost:3000/_next/static/chunks/f12ff_next_dist_95687940._.js:2302
[  335424ms] [WARNING] %c%s%c PortableText block detected in page blocks array. This should be rendered via PortableTextRenderer, not Blocks component. background: #e6e6e6;background: light-dark(rgba(0,0,0,0.1), rgba(255,255,255,0.25));color: #000000;color: light-dark(#000000, #ffffff);border-radius: 2px  Server   20o54t @ http://localhost:3000/_next/static/chunks/f12ff_next_dist_95687940._.js:2302
[  335428ms] [WARNING] %c%s%c PortableText block detected in page blocks array. This should be rendered via PortableTextRenderer, not Blocks component. background: #e6e6e6;background: light-dark(rgba(0,0,0,0.1), rgba(255,255,255,0.25));color: #000000;color: light-dark(#000000, #ffffff);border-radius: 2px  Server   20o54t @ http://localhost:3000/_next/static/chunks/f12ff_next_dist_95687940._.js:2302
[  335467ms] [WARNING] %c%s%c PortableText block detected in page blocks array. This should be rendered via PortableTextRenderer, not Blocks component. background: #e6e6e6;background: light-dark(rgba(0,0,0,0.1), rgba(255,255,255,0.25));color: #000000;color: light-dark(#000000, #ffffff);border-radius: 2px  Server   ukren1 @ http://localhost:3000/_next/static/chunks/f12ff_next_dist_95687940._.js:2302
[  335467ms] [WARNING] %c%s%c PortableText block detected in page blocks array. This should be rendered via PortableTextRenderer, not Blocks component. background: #e6e6e6;background: light-dark(rgba(0,0,0,0.1), rgba(255,255,255,0.25));color: #000000;color: light-dark(#000000, #ffffff);border-radius: 2px  Server   wm4f29 @ http://localhost:3000/_next/static/chunks/f12ff_next_dist_95687940._.js:2302
[  335477ms] [WARNING] %c%s%c PortableText block detected in page blocks array. This should be rendered via PortableTextRenderer, not Blocks component. background: #e6e6e6;background: light-dark(rgba(0,0,0,0.1), rgba(255,255,255,0.25));color: #000000;color: light-dark(#000000, #ffffff);border-radius: 2px  Server   ukren1 @ http://localhost:3000/_next/static/chunks/f12ff_next_dist_95687940._.js:2302
[  335477ms] [WARNING] %c%s%c PortableText block detected in page blocks array. This should be rendered via PortableTextRenderer, not Blocks component. background: #e6e6e6;background: light-dark(rgba(0,0,0,0.1), rgba(255,255,255,0.25));color: #000000;color: light-dark(#000000, #ffffff);border-radius: 2px  Server   wm4f29 @ http://localhost:3000/_next/static/chunks/f12ff_next_dist_95687940._.js:2302
[  335477ms] [WARNING] %c%s%c PortableText block detected in page blocks array. This should be rendered via PortableTextRenderer, not Blocks component. background: #e6e6e6;background: light-dark(rgba(0,0,0,0.1), rgba(255,255,255,0.25));color: #000000;color: light-dark(#000000, #ffffff);border-radius: 2px  Server   20o54t @ http://localhost:3000/_next/static/chunks/f12ff_next_dist_95687940._.js:2302
[  335487ms] [WARNING] %c%s%c PortableText block detected in page blocks array. This should be rendered via PortableTextRenderer, not Blocks component. background: #e6e6e6;background: light-dark(rgba(0,0,0,0.1), rgba(255,255,255,0.25));color: #000000;color: light-dark(#000000, #ffffff);border-radius: 2px  Server   20o54t @ http://localhost:3000/_next/static/chunks/f12ff_next_dist_95687940._.js:2302
[  351304ms] [LOG] [Fast Refresh] rebuilding @ http://localhost:3000/_next/static/chunks/f12ff_next_dist_95687940._.js:2302
[  352858ms] [LOG] [Fast Refresh] done in 1654ms @ http://localhost:3000/_next/static/chunks/f12ff_next_dist_95687940._.js:2302
