[    6342ms] [INFO] %cDownload the React DevTools for a better development experience: https://react.dev/link/react-devtools font-weight:bold @ http://localhost:3001/_next/static/chunks/f12ff_next_dist_95687940._.js:2302
[    6494ms] [LOG] [HMR] connected @ http://localhost:3001/_next/static/chunks/f12ff_next_dist_95687940._.js:2302
[    6562ms] [WARNING] Missing Algolia environment variables: ALGOLIA_API_KEY @ http://localhost:3001/_next/static/chunks/f12ff_next_dist_95687940._.js:2302
[    6563ms] [WARNING] Algolia admin client not available - missing credentials @ http://localhost:3001/_next/static/chunks/f12ff_next_dist_95687940._.js:2302
[    6563ms] [LOG] ✅ Algolia search client initialized successfully @ http://localhost:3001/_next/static/chunks/f12ff_next_dist_95687940._.js:2302
[    6589ms] [WARNING] Image with src "/connecting-climate-minds-logo-white.png" was detected as the Largest Contentful Paint (LCP). Please add the `loading="eager"` property if this image is above the fold.
Read more: https://nextjs.org/docs/app/api-reference/components/image#loading @ http://localhost:3001/_next/static/chunks/f12ff_next_dist_95687940._.js:2302
[    6632ms] [LOG] [Fast Refresh] rebuilding @ http://localhost:3001/_next/static/chunks/f12ff_next_dist_95687940._.js:2302
[    6896ms] [WARNING] Ignoring Event: localhost @ http://localhost:3001/_next/static/chunks/f12ff_next_dist_95687940._.js:2302
[    6955ms] [WARNING] Clerk: Clerk has been loaded with development keys. Development instances have strict usage limits and should not be used when deploying your application to production. Learn more: https://clerk.com/docs/deployments/overview @ http://localhost:3001/_next/static/chunks/f12ff_next_dist_95687940._.js:2302
[    7072ms] [INFO] Sanity is live with automatic revalidation of published content @ http://localhost:3001/_next/static/chunks/f12ff_next_dist_95687940._.js:2302
[    9316ms] [LOG] [Fast Refresh] done in 2789ms @ http://localhost:3001/_next/static/chunks/f12ff_next_dist_95687940._.js:2302
[   13196ms] [LOG] [Fast Refresh] rebuilding @ http://localhost:3001/_next/static/chunks/f12ff_next_dist_95687940._.js:2302
[   13501ms] [LOG] [Fast Refresh] done in 408ms @ http://localhost:3001/_next/static/chunks/f12ff_next_dist_95687940._.js:2302
[  167386ms] [LOG] [Fast Refresh] rebuilding @ http://localhost:3001/_next/static/chunks/f12ff_next_dist_95687940._.js:2302
[  167429ms] [LOG] [Fast Refresh] done in 147ms @ http://localhost:3001/_next/static/chunks/f12ff_next_dist_95687940._.js:2302
[  188918ms] [LOG] [Fast Refresh] rebuilding @ http://localhost:3001/_next/static/chunks/f12ff_next_dist_95687940._.js:2302
[  188934ms] [LOG] [Fast Refresh] done in 118ms @ http://localhost:3001/_next/static/chunks/f12ff_next_dist_95687940._.js:2302
[  226716ms] [LOG] [Fast Refresh] rebuilding @ http://localhost:3001/_next/static/chunks/f12ff_next_dist_95687940._.js:2302
[  226774ms] [LOG] [Fast Refresh] done in 160ms @ http://localhost:3001/_next/static/chunks/f12ff_next_dist_95687940._.js:2302
[  249224ms] [LOG] [Fast Refresh] rebuilding @ http://localhost:3001/_next/static/chunks/f12ff_next_dist_95687940._.js:2302
[  249711ms] [LOG] [Fast Refresh] done in 588ms @ http://localhost:3001/_next/static/chunks/f12ff_next_dist_95687940._.js:2302
