[     131ms] [LOG] [Fast Refresh] rebuilding @ http://localhost:3001/_next/static/chunks/f12ff_next_dist_95687940._.js:2302
[     287ms] [LOG] [Fast Refresh] done in 258ms @ http://localhost:3001/_next/static/chunks/f12ff_next_dist_95687940._.js:2302
[     712ms] [ERROR] Error checking onboarding status: TypeError: Failed to fetch
    at OnboardingRedirectProvider.useEffect.checkOnboardingStatus (http://localhost:3001/_next/static/chunks/_46c9aa62._.js:807:48)
    at OnboardingRedirectProvider.useEffect (http://localhost:3001/_next/static/chunks/_46c9aa62._.js:869:13)
    at Object.react_stack_bottom_frame (http://localhost:3001/_next/static/chunks/f12ff_next_dist_compiled_react-dom_7b2f6d3d._.js:14876:22)
    at runWithFiberInDEV (http://localhost:3001/_next/static/chunks/f12ff_next_dist_compiled_react-dom_7b2f6d3d._.js:965:74)
    at commitHookEffectListMount (http://localhost:3001/_next/static/chunks/f12ff_next_dist_compiled_react-dom_7b2f6d3d._.js:7266:167)
    at commitHookPassiveMountEffects (http://localhost:3001/_next/static/chunks/f12ff_next_dist_compiled_react-dom_7b2f6d3d._.js:7301:60)
    at commitPassiveMountOnFiber (http://localhost:3001/_next/static/chunks/f12ff_next_dist_compiled_react-dom_7b2f6d3d._.js:8696:33)
    at recursivelyTraversePassiveMountEffects (http://localhost:3001/_next/static/chunks/f12ff_next_dist_compiled_react-dom_7b2f6d3d._.js:8683:316)
    at commitPassiveMountOnFiber (http://localhost:3001/_next/static/chunks/f12ff_next_dist_compiled_react-dom_7b2f6d3d._.js:8757:17)
    at recursivelyTraversePassiveMountEffects (http://localhost:3001/_next/static/chunks/f12ff_next_dist_compiled_react-dom_7b2f6d3d._.js:8683:316)
    at commitPassiveMountOnFiber (http://localhost:3001/_next/static/chunks/f12ff_next_dist_compiled_react-dom_7b2f6d3d._.js:8695:17)
    at recursivelyTraversePassiveMountEffects (http://localhost:3001/_next/static/chunks/f12ff_next_dist_compiled_react-dom_7b2f6d3d._.js:8683:316)
    at commitPassiveMountOnFiber (http://localhost:3001/_next/static/chunks/f12ff_next_dist_compiled_react-dom_7b2f6d3d._.js:8695:17)
    at recursivelyTraversePassiveMountEffects (http://localhost:3001/_next/static/chunks/f12ff_next_dist_compiled_react-dom_7b2f6d3d._.js:8683:316)
    at commitPassiveMountOnFiber (http://localhost:3001/_next/static/chunks/f12ff_next_dist_compiled_react-dom_7b2f6d3d._.js:8695:17)
    at recursivelyTraversePassiveMountEffects (http://localhost:3001/_next/static/chunks/f12ff_next_dist_compiled_react-dom_7b2f6d3d._.js:8683:316)
    at commitPassiveMountOnFiber (http://localhost:3001/_next/static/chunks/f12ff_next_dist_compiled_react-dom_7b2f6d3d._.js:8757:17)
    at recursivelyTraversePassiveMountEffects (http://localhost:3001/_next/static/chunks/f12ff_next_dist_compiled_react-dom_7b2f6d3d._.js:8683:316)
    at commitPassiveMountOnFiber (http://localhost:3001/_next/static/chunks/f12ff_next_dist_compiled_react-dom_7b2f6d3d._.js:8695:17)
    at recursivelyTraversePassiveMountEffects (http://localhost:3001/_next/static/chunks/f12ff_next_dist_compiled_react-dom_7b2f6d3d._.js:8683:316)
    at commitPassiveMountOnFiber (http://localhost:3001/_next/static/chunks/f12ff_next_dist_compiled_react-dom_7b2f6d3d._.js:8695:17)
    at recursivelyTraversePassiveMountEffects (http://localhost:3001/_next/static/chunks/f12ff_next_dist_compiled_react-dom_7b2f6d3d._.js:8683:316)
    at commitPassiveMountOnFiber (http://localhost:3001/_next/static/chunks/f12ff_next_dist_compiled_react-dom_7b2f6d3d._.js:8757:17)
    at recursivelyTraversePassiveMountEffects (http://localhost:3001/_next/static/chunks/f12ff_next_dist_compiled_react-dom_7b2f6d3d._.js:8683:316)
    at commitPassiveMountOnFiber (http://localhost:3001/_next/static/chunks/f12ff_next_dist_compiled_react-dom_7b2f6d3d._.js:8695:17)
    at recursivelyTraversePassiveMountEffects (http://localhost:3001/_next/static/chunks/f12ff_next_dist_compiled_react-dom_7b2f6d3d._.js:8683:316)
    at commitPassiveMountOnFiber (http://localhost:3001/_next/static/chunks/f12ff_next_dist_compiled_react-dom_7b2f6d3d._.js:8757:17)
    at recursivelyTraversePassiveMountEffects (http://localhost:3001/_next/static/chunks/f12ff_next_dist_compiled_react-dom_7b2f6d3d._.js:8683:316)
    at commitPassiveMountOnFiber (http://localhost:3001/_next/static/chunks/f12ff_next_dist_compiled_react-dom_7b2f6d3d._.js:8757:17)
    at recursivelyTraversePassiveMountEffects (http://localhost:3001/_next/static/chunks/f12ff_next_dist_compiled_react-dom_7b2f6d3d._.js:8683:316)
    at commitPassiveMountOnFiber (http://localhost:3001/_next/static/chunks/f12ff_next_dist_compiled_react-dom_7b2f6d3d._.js:8757:17)
    at recursivelyTraversePassiveMountEffects (http://localhost:3001/_next/static/chunks/f12ff_next_dist_compiled_react-dom_7b2f6d3d._.js:8683:316)
    at commitPassiveMountOnFiber (http://localhost:3001/_next/static/chunks/f12ff_next_dist_compiled_react-dom_7b2f6d3d._.js:8757:17)
    at recursivelyTraversePassiveMountEffects (http://localhost:3001/_next/static/chunks/f12ff_next_dist_compiled_react-dom_7b2f6d3d._.js:8683:316)
    at commitPassiveMountOnFiber (http://localhost:3001/_next/static/chunks/f12ff_next_dist_compiled_react-dom_7b2f6d3d._.js:8695:17)
    at recursivelyTraversePassiveMountEffects (http://localhost:3001/_next/static/chunks/f12ff_next_dist_compiled_react-dom_7b2f6d3d._.js:8683:316)
    at commitPassiveMountOnFiber (http://localhost:3001/_next/static/chunks/f12ff_next_dist_compiled_react-dom_7b2f6d3d._.js:8695:17)
    at recursivelyTraversePassiveMountEffects (http://localhost:3001/_next/static/chunks/f12ff_next_dist_compiled_react-dom_7b2f6d3d._.js:8683:316)
    at commitPassiveMountOnFiber (http://localhost:3001/_next/static/chunks/f12ff_next_dist_compiled_react-dom_7b2f6d3d._.js:8695:17)
    at recursivelyTraversePassiveMountEffects (http://localhost:3001/_next/static/chunks/f12ff_next_dist_compiled_react-dom_7b2f6d3d._.js:8683:316)
    at commitPassiveMountOnFiber (http://localhost:3001/_next/static/chunks/f12ff_next_dist_compiled_react-dom_7b2f6d3d._.js:8757:17)
    at recursivelyTraversePassiveMountEffects (http://localhost:3001/_next/static/chunks/f12ff_next_dist_compiled_react-dom_7b2f6d3d._.js:8683:316)
    at commitPassiveMountOnFiber (http://localhost:3001/_next/static/chunks/f12ff_next_dist_compiled_react-dom_7b2f6d3d._.js:8757:17)
    at recursivelyTraversePassiveMountEffects (http://localhost:3001/_next/static/chunks/f12ff_next_dist_compiled_react-dom_7b2f6d3d._.js:8683:316)
    at commitPassiveMountOnFiber (http://localhost:3001/_next/static/chunks/f12ff_next_dist_compiled_react-dom_7b2f6d3d._.js:8757:17)
    at recursivelyTraversePassiveMountEffects (http://localhost:3001/_next/static/chunks/f12ff_next_dist_compiled_react-dom_7b2f6d3d._.js:8683:316)
    at commitPassiveMountOnFiber (http://localhost:3001/_next/static/chunks/f12ff_next_dist_compiled_react-dom_7b2f6d3d._.js:8695:17)
    at recursivelyTraversePassiveMountEffects (http://localhost:3001/_next/static/chunks/f12ff_next_dist_compiled_react-dom_7b2f6d3d._.js:8683:316)
    at commitPassiveMountOnFiber (http://localhost:3001/_next/static/chunks/f12ff_next_dist_compiled_react-dom_7b2f6d3d._.js:8695:17)
    at recursivelyTraversePassiveMountEffects (http://localhost:3001/_next/static/chunks/f12ff_next_dist_compiled_react-dom_7b2f6d3d._.js:8683:316) @ http://localhost:3001/_next/static/chunks/f12ff_next_dist_95687940._.js:3132
[     811ms] [INFO] %cDownload the React DevTools for a better development experience: https://react.dev/link/react-devtools font-weight:bold @ http://localhost:3001/_next/static/chunks/f12ff_next_dist_95687940._.js:2302
[     829ms] [LOG] [HMR] connected @ http://localhost:3001/_next/static/chunks/f12ff_next_dist_95687940._.js:2302
[     910ms] [WARNING] Clerk: Clerk has been loaded with development keys. Development instances have strict usage limits and should not be used when deploying your application to production. Learn more: https://clerk.com/docs/deployments/overview @ http://localhost:3001/_next/static/chunks/f12ff_next_dist_95687940._.js:2302
[    1000ms] [WARNING] Missing Algolia environment variables: ALGOLIA_API_KEY @ http://localhost:3001/_next/static/chunks/f12ff_next_dist_95687940._.js:2302
[    1000ms] [WARNING] Algolia admin client not available - missing credentials @ http://localhost:3001/_next/static/chunks/f12ff_next_dist_95687940._.js:2302
[    1000ms] [LOG] ✅ Algolia search client initialized successfully @ http://localhost:3001/_next/static/chunks/f12ff_next_dist_95687940._.js:2302
[    1114ms] [WARNING] Ignoring Event: localhost @ http://localhost:3001/_next/static/chunks/f12ff_next_dist_95687940._.js:2302
[    1205ms] [ERROR] Access to resource at 'https://gm67v7rk.api.sanity.io/v2024-04-24/data/live/events/development?tag=next-loader.live' from origin 'http://localhost:3001' has been blocked by CORS policy: No 'Access-Control-Allow-Origin' header is present on the requested resource. @ http://localhost:3001/en/atlas:0
[    1206ms] [ERROR] Failed to load resource: net::ERR_FAILED @ https://gm67v7rk.api.sanity.io/v2024-04-24/data/live/events/development?tag=next-loader.live:0
[    1323ms] [ERROR] Access to fetch at 'https://gm67v7rk.api.sanity.io/v2024-04-24/data/live/events/development?tag=next-loader.live' from origin 'http://localhost:3001' has been blocked by CORS policy: Response to preflight request doesn't pass access control check: No 'Access-Control-Allow-Origin' header is present on the requested resource. @ http://localhost:3001/en/atlas:0
[    1323ms] [ERROR] Failed to load resource: net::ERR_FAILED @ https://gm67v7rk.api.sanity.io/v2024-04-24/data/live/events/development?tag=next-loader.live:0
[    1494ms] [ERROR] Access to fetch at 'https://gm67v7rk.api.sanity.io/v2024-04-24/data/live/events/development?tag=next-loader.live' from origin 'http://localhost:3001' has been blocked by CORS policy: Response to preflight request doesn't pass access control check: No 'Access-Control-Allow-Origin' header is present on the requested resource. @ http://localhost:3001/en/atlas:0
[    1494ms] [ERROR] Failed to load resource: net::ERR_FAILED @ https://gm67v7rk.api.sanity.io/v2024-04-24/data/live/events/development?tag=next-loader.live:0
[    1495ms] [WARNING] Sanity Live is unable to connect to the Sanity API as the current origin - http://localhost:3001 - is not in the list of allowed CORS origins for this Sanity Project. Add it here: https://sanity.io/manage/project/gm67v7rk/api?cors=add&origin=http%3A%2F%2Flocalhost%3A3001 @ http://localhost:3001/_next/static/chunks/f12ff_next_dist_95687940._.js:2302
[   11046ms] [LOG] [Fast Refresh] rebuilding @ http://localhost:3001/_next/static/chunks/f12ff_next_dist_95687940._.js:2302
[   11047ms] [LOG] [Fast Refresh] done in 103ms @ http://localhost:3001/_next/static/chunks/f12ff_next_dist_95687940._.js:2302
[   11598ms] [WARNING] Ignoring Event: localhost @ http://localhost:3001/_next/static/chunks/f12ff_next_dist_95687940._.js:2302
[   12386ms] [ERROR] Failed to load resource: the server responded with a status of 404 (Not Found) @ http://localhost:3001/_next/image?url=https%3A%2F%2Fcdn.sanity.io%2Fimages%2Fgm67v7rk%2Fdevelopment%2F0147ffc6806b5f79d04e2115512ae7314c1cde22-3840x2160.jpg%3Fw%3D1200%26h%3D675%26fit%3Dcrop%26auto%3Dformat&w=640&q=75:0
[   12388ms] [ERROR] Failed to load resource: the server responded with a status of 404 (Not Found) @ http://localhost:3001/_next/image?url=https%3A%2F%2Fcdn.sanity.io%2Fimages%2Fgm67v7rk%2Fdevelopment%2F671afb7f218e51ee87f8d107883629536ef35788-3840x2160.jpg%3Fw%3D800%26h%3D450%26fit%3Dcrop%26auto%3Dformat&w=640&q=75:0
[   12635ms] [ERROR] Failed to load resource: the server responded with a status of 404 (Not Found) @ http://localhost:3001/_next/image?url=https%3A%2F%2Fcdn.sanity.io%2Fimages%2Fgm67v7rk%2Fdevelopment%2F0147ffc6806b5f79d04e2115512ae7314c1cde22-3840x2160.jpg%3Fw%3D800%26h%3D450%26fit%3Dcrop%26auto%3Dformat&w=640&q=75:0
[   17030ms] [WARNING] Ignoring Event: localhost @ http://localhost:3001/_next/static/chunks/f12ff_next_dist_95687940._.js:2302
[   19314ms] [INFO] %cDownload the React DevTools for a better development experience: https://react.dev/link/react-devtools font-weight:bold @ http://localhost:3001/_next/static/chunks/f12ff_next_dist_95687940._.js:2302
[   19338ms] [LOG] [HMR] connected @ http://localhost:3001/_next/static/chunks/f12ff_next_dist_95687940._.js:2302
[   19581ms] [WARNING] Missing Algolia environment variables: ALGOLIA_API_KEY @ http://localhost:3001/_next/static/chunks/f12ff_next_dist_95687940._.js:2302
[   19581ms] [WARNING] Algolia admin client not available - missing credentials @ http://localhost:3001/_next/static/chunks/f12ff_next_dist_95687940._.js:2302
[   19581ms] [LOG] ✅ Algolia search client initialized successfully @ http://localhost:3001/_next/static/chunks/f12ff_next_dist_95687940._.js:2302
[   19715ms] [WARNING] Ignoring Event: localhost @ http://localhost:3001/_next/static/chunks/f12ff_next_dist_95687940._.js:2302
[   19782ms] [WARNING] Clerk: Clerk has been loaded with development keys. Development instances have strict usage limits and should not be used when deploying your application to production. Learn more: https://clerk.com/docs/deployments/overview @ http://localhost:3001/_next/static/chunks/f12ff_next_dist_95687940._.js:2302
[   19888ms] [ERROR] Access to resource at 'https://gm67v7rk.api.sanity.io/v2024-04-24/data/live/events/development?tag=next-loader.live' from origin 'http://localhost:3001' has been blocked by CORS policy: No 'Access-Control-Allow-Origin' header is present on the requested resource. @ http://localhost:3001/en/lived-experiences:0
[   19889ms] [ERROR] Failed to load resource: net::ERR_FAILED @ https://gm67v7rk.api.sanity.io/v2024-04-24/data/live/events/development?tag=next-loader.live:0
[   20007ms] [ERROR] Access to fetch at 'https://gm67v7rk.api.sanity.io/v2024-04-24/data/live/events/development?tag=next-loader.live' from origin 'http://localhost:3001' has been blocked by CORS policy: Response to preflight request doesn't pass access control check: No 'Access-Control-Allow-Origin' header is present on the requested resource. @ http://localhost:3001/en/lived-experiences:0
[   20007ms] [ERROR] Failed to load resource: net::ERR_FAILED @ https://gm67v7rk.api.sanity.io/v2024-04-24/data/live/events/development?tag=next-loader.live:0
[   20125ms] [ERROR] Access to fetch at 'https://gm67v7rk.api.sanity.io/v2024-04-24/data/live/events/development?tag=next-loader.live' from origin 'http://localhost:3001' has been blocked by CORS policy: Response to preflight request doesn't pass access control check: No 'Access-Control-Allow-Origin' header is present on the requested resource. @ http://localhost:3001/en/lived-experiences:0
[   20125ms] [ERROR] Failed to load resource: net::ERR_FAILED @ https://gm67v7rk.api.sanity.io/v2024-04-24/data/live/events/development?tag=next-loader.live:0
[   20125ms] [WARNING] Sanity Live is unable to connect to the Sanity API as the current origin - http://localhost:3001 - is not in the list of allowed CORS origins for this Sanity Project. Add it here: https://sanity.io/manage/project/gm67v7rk/api?cors=add&origin=http%3A%2F%2Flocalhost%3A3001 @ http://localhost:3001/_next/static/chunks/f12ff_next_dist_95687940._.js:2302
