[     200ms] [LOG] [Fast Refresh] rebuilding @ http://localhost:3000/_next/static/chunks/6f8fc_next_dist_2f27c456._.js:2297
[     225ms] [LOG] [Fast Refresh] done in 126ms @ http://localhost:3000/_next/static/chunks/6f8fc_next_dist_2f27c456._.js:2297
[     759ms] [INFO] %cDownload the React DevTools for a better development experience: https://react.dev/link/react-devtools font-weight:bold @ http://localhost:3000/_next/static/chunks/6f8fc_next_dist_2f27c456._.js:2297
[     857ms] [LOG] [HMR] connected @ http://localhost:3000/_next/static/chunks/6f8fc_next_dist_2f27c456._.js:2297
[    1236ms] [LOG] [Fast Refresh] rebuilding @ http://localhost:3000/_next/static/chunks/6f8fc_next_dist_2f27c456._.js:2297
[    1502ms] [ERROR] A tree hydrated but some attributes of the server rendered HTML didn't match the client properties. This won't be patched up. This can happen if a SSR-ed Client Component used:

- A server/client branch `if (typeof window !== 'undefined')`.
- Variable input such as `Date.now()` or `Math.random()` which changes each time it's called.
- Date formatting in a user's locale which doesn't match the server.
- External changing data without sending a snapshot of it along with the HTML.
- Invalid HTML tag nesting.

It can also happen if the client has a browser extension installed which messes with the HTML before React loaded.

%s%s https://react.dev/link/hydration-mismatch 

  ...
    <SelectProvider required={undefined} scope={undefined} trigger={null} ...>
      <SelectCollectionProvider scope={undefined}>
        <SelectCollectionProviderProvider scope={undefined} itemMap={Map} collectionRef={{current:null}}>
          <SelectProvider scope={undefined} onNativeOptionAdd={function Select.useCallback} ...>
            <SelectTrigger size="sm" className="w-auto gap-2">
              <SelectTrigger ref={undefined} data-slot="select-tri..." data-size="sm" className={"border-i..."}>
                <PopperAnchor asChild={true} __scopePopper={{Popper:[...]}}>
                  <Primitive.div asChild={true} ref={function}>
                    <Primitive.div.Slot ref={function}>
                      <Primitive.div.SlotClone ref={function}>
                        <Primitive.button type="button" role="combobox" aria-controls="radix-_R_5..." ...>
                          <button
                            type="button"
                            role="combobox"
+                           aria-controls="radix-_R_54qatpeukndb7t9etb_"
-                           aria-controls="radix-_R_kj9bn5rqkndb7t9etb_"
                            aria-expanded={false}
                            aria-required={undefined}
                            aria-autocomplete="none"
                            dir="ltr"
                            data-state="closed"
                            disabled={false}
                            data-disabled={undefined}
                            data-placeholder={undefined}
                            data-slot="select-trigger"
                            data-size="sm"
                            className={"border-input data-[placeholder]:text-muted-foreground [&_svg:not([class*='tex..."}
                            onClick={function handleEvent}
                            onPointerDown={function handleEvent}
                            onKeyDown={function handleEvent}
                            ref={function}
                          >
            ...
      ...
 @ http://localhost:3000/_next/static/chunks/6f8fc_next_dist_2f27c456._.js:3127
[    1686ms] [LOG] [Fast Refresh] done in 557ms @ http://localhost:3000/_next/static/chunks/6f8fc_next_dist_2f27c456._.js:2297
[    1686ms] [WARNING] Ignoring Event: localhost @ http://localhost:3000/_next/static/chunks/6f8fc_next_dist_2f27c456._.js:2297
[    1800ms] [WARNING] Clerk: Clerk has been loaded with development keys. Development instances have strict usage limits and should not be used when deploying your application to production. Learn more: https://clerk.com/docs/deployments/overview @ http://localhost:3000/_next/static/chunks/6f8fc_next_dist_2f27c456._.js:2297
[    1818ms] [INFO] Sanity is live with automatic revalidation of published content @ http://localhost:3000/_next/static/chunks/6f8fc_next_dist_2f27c456._.js:2297
[    2012ms] [LOG] [Fast Refresh] rebuilding @ http://localhost:3000/_next/static/chunks/6f8fc_next_dist_2f27c456._.js:2297
[    2707ms] [LOG] [Fast Refresh] done in 804ms @ http://localhost:3000/_next/static/chunks/6f8fc_next_dist_2f27c456._.js:2297
[    7440ms] [LOG] [Fast Refresh] rebuilding @ http://localhost:3000/_next/static/chunks/6f8fc_next_dist_2f27c456._.js:2297
[    7464ms] [LOG] [Fast Refresh] done in 126ms @ http://localhost:3000/_next/static/chunks/6f8fc_next_dist_2f27c456._.js:2297
[  153141ms] [LOG] [Fast Refresh] rebuilding @ http://localhost:3000/_next/static/chunks/6f8fc_next_dist_2f27c456._.js:2297
[  153653ms] [WARNING] Warning: Missing `Description` or `aria-describedby={undefined}` for {DialogContent}. @ http://localhost:3000/_next/static/chunks/6f8fc_next_dist_2f27c456._.js:2297
[  153663ms] [WARNING] Warning: Missing `Description` or `aria-describedby={undefined}` for {DialogContent}. @ http://localhost:3000/_next/static/chunks/6f8fc_next_dist_2f27c456._.js:2297
[  154118ms] [LOG] [Fast Refresh] done in 1095ms @ http://localhost:3000/_next/static/chunks/6f8fc_next_dist_2f27c456._.js:2297
[  210603ms] [LOG] [Fast Refresh] rebuilding @ http://localhost:3000/_next/static/chunks/6f8fc_next_dist_2f27c456._.js:2297
[  212186ms] [WARNING] [Fast Refresh] performing full reload

Fast Refresh will perform a full reload when you edit a file that's imported by modules outside of the React rendering tree.
You might have a file which exports a React component but also exports a value that is imported by a non-React component file.
Consider migrating the non-React component export to a separate file and importing it into both files.

It is also possible the parent component of the component you edited is a class component, which disables Fast Refresh.
Fast Refresh requires at least one parent function component in your React tree. @ http://localhost:3000/_next/static/chunks/6f8fc_next_dist_2f27c456._.js:2297
[  212257ms] [LOG] [Fast Refresh] done in 1643ms @ http://localhost:3000/_next/static/chunks/6f8fc_next_dist_2f27c456._.js:2297
[  212279ms] [WARNING] [Fast Refresh] performing full reload

Fast Refresh will perform a full reload when you edit a file that's imported by modules outside of the React rendering tree.
You might have a file which exports a React component but also exports a value that is imported by a non-React component file.
Consider migrating the non-React component export to a separate file and importing it into both files.

It is also possible the parent component of the component you edited is a class component, which disables Fast Refresh.
Fast Refresh requires at least one parent function component in your React tree. @ http://localhost:3000/_next/static/chunks/6f8fc_next_dist_2f27c456._.js:2297
[  213450ms] [LOG] [Fast Refresh] rebuilding @ http://localhost:3000/_next/static/chunks/6f8fc_next_dist_2f27c456._.js:2297
[  214622ms] [LOG] [Fast Refresh] done in 1274ms @ http://localhost:3000/_next/static/chunks/6f8fc_next_dist_2f27c456._.js:2297
[  217292ms] [INFO] %cDownload the React DevTools for a better development experience: https://react.dev/link/react-devtools font-weight:bold @ http://localhost:3000/_next/static/chunks/6f8fc_next_dist_2f27c456._.js:2297
[  217443ms] [LOG] [HMR] connected @ http://localhost:3000/_next/static/chunks/6f8fc_next_dist_2f27c456._.js:2297
[  217584ms] [WARNING] Clerk: Clerk has been loaded with development keys. Development instances have strict usage limits and should not be used when deploying your application to production. Learn more: https://clerk.com/docs/deployments/overview @ http://localhost:3000/_next/static/chunks/6f8fc_next_dist_2f27c456._.js:2297
[  218125ms] [WARNING] Image with src "/connecting-climate-minds-logo-white.png" was detected as the Largest Contentful Paint (LCP). Please add the `loading="eager"` property if this image is above the fold.
Read more: https://nextjs.org/docs/app/api-reference/components/image#loading @ http://localhost:3000/_next/static/chunks/6f8fc_next_dist_2f27c456._.js:2297
[  218202ms] [LOG] [Fast Refresh] rebuilding @ http://localhost:3000/_next/static/chunks/6f8fc_next_dist_2f27c456._.js:2297
[  218587ms] [ERROR] A tree hydrated but some attributes of the server rendered HTML didn't match the client properties. This won't be patched up. This can happen if a SSR-ed Client Component used:

- A server/client branch `if (typeof window !== 'undefined')`.
- Variable input such as `Date.now()` or `Math.random()` which changes each time it's called.
- Date formatting in a user's locale which doesn't match the server.
- External changing data without sending a snapshot of it along with the HTML.
- Invalid HTML tag nesting.

It can also happen if the client has a browser extension installed which messes with the HTML before React loaded.

%s%s https://react.dev/link/hydration-mismatch 

  ...
    <SelectProvider required={undefined} scope={undefined} trigger={null} ...>
      <SelectCollectionProvider scope={undefined}>
        <SelectCollectionProviderProvider scope={undefined} itemMap={Map} collectionRef={{current:null}}>
          <SelectProvider scope={undefined} onNativeOptionAdd={function Select.useCallback} ...>
            <SelectTrigger size="sm" className="w-auto gap-2">
              <SelectTrigger ref={undefined} data-slot="select-tri..." data-size="sm" className={"border-i..."}>
                <PopperAnchor asChild={true} __scopePopper={{Popper:[...]}}>
                  <Primitive.div asChild={true} ref={function}>
                    <Primitive.div.Slot ref={function}>
                      <Primitive.div.SlotClone ref={function}>
                        <Primitive.button type="button" role="combobox" aria-controls="radix-_R_5..." ...>
                          <button
                            type="button"
                            role="combobox"
+                           aria-controls="radix-_R_54qatpeukndb7t9etb_"
-                           aria-controls="radix-_R_kj9bn5rqkndb7t9etb_"
                            aria-expanded={false}
                            aria-required={undefined}
                            aria-autocomplete="none"
                            dir="ltr"
                            data-state="closed"
                            disabled={false}
                            data-disabled={undefined}
                            data-placeholder={undefined}
                            data-slot="select-trigger"
                            data-size="sm"
                            className={"border-input data-[placeholder]:text-muted-foreground [&_svg:not([class*='tex..."}
                            onClick={function handleEvent}
                            onPointerDown={function handleEvent}
                            onKeyDown={function handleEvent}
                            ref={function}
                          >
            ...
      ...
 @ http://localhost:3000/_next/static/chunks/6f8fc_next_dist_2f27c456._.js:3127
[  218822ms] [WARNING] Ignoring Event: localhost @ http://localhost:3000/_next/static/chunks/6f8fc_next_dist_2f27c456._.js:2297
[  218824ms] [LOG] [Fast Refresh] done in 729ms @ http://localhost:3000/_next/static/chunks/6f8fc_next_dist_2f27c456._.js:2297
[  218900ms] [INFO] Sanity is live with automatic revalidation of published content @ http://localhost:3000/_next/static/chunks/6f8fc_next_dist_2f27c456._.js:2297
[  220416ms] [LOG] [Fast Refresh] rebuilding @ http://localhost:3000/_next/static/chunks/6f8fc_next_dist_2f27c456._.js:2297
[  220555ms] [LOG] [Fast Refresh] done in 240ms @ http://localhost:3000/_next/static/chunks/6f8fc_next_dist_2f27c456._.js:2297
[  276344ms] [LOG] [Fast Refresh] rebuilding @ http://localhost:3000/_next/static/chunks/6f8fc_next_dist_2f27c456._.js:2297
[  276833ms] [LOG] [Fast Refresh] done in 593ms @ http://localhost:3000/_next/static/chunks/6f8fc_next_dist_2f27c456._.js:2297
[  283581ms] [LOG] [Fast Refresh] rebuilding @ http://localhost:3000/_next/static/chunks/6f8fc_next_dist_2f27c456._.js:2297
[  284383ms] [LOG] [Fast Refresh] done in 902ms @ http://localhost:3000/_next/static/chunks/6f8fc_next_dist_2f27c456._.js:2297
[  296833ms] [LOG] [Fast Refresh] rebuilding @ http://localhost:3000/_next/static/chunks/6f8fc_next_dist_2f27c456._.js:2297
[  296908ms] [LOG] [Fast Refresh] done in 176ms @ http://localhost:3000/_next/static/chunks/6f8fc_next_dist_2f27c456._.js:2297
[  323415ms] [LOG] [Fast Refresh] rebuilding @ http://localhost:3000/_next/static/chunks/6f8fc_next_dist_2f27c456._.js:2297
[  328538ms] [LOG] [Fast Refresh] done in 5227ms @ http://localhost:3000/_next/static/chunks/6f8fc_next_dist_2f27c456._.js:2297
[  334445ms] [WARNING] Warning: Missing `Description` or `aria-describedby={undefined}` for {DialogContent}. @ http://localhost:3000/_next/static/chunks/6f8fc_next_dist_2f27c456._.js:2297
[  334457ms] [WARNING] Warning: Missing `Description` or `aria-describedby={undefined}` for {DialogContent}. @ http://localhost:3000/_next/static/chunks/6f8fc_next_dist_2f27c456._.js:2297
[  335308ms] [LOG] [Fast Refresh] rebuilding @ http://localhost:3000/_next/static/chunks/6f8fc_next_dist_2f27c456._.js:2297
[  335471ms] [LOG] [Fast Refresh] done in 264ms @ http://localhost:3000/_next/static/chunks/6f8fc_next_dist_2f27c456._.js:2297
[  358793ms] [LOG] [Fast Refresh] rebuilding @ http://localhost:3000/_next/static/chunks/6f8fc_next_dist_2f27c456._.js:2297
[  359008ms] [LOG] [Fast Refresh] done in 321ms @ http://localhost:3000/_next/static/chunks/6f8fc_next_dist_2f27c456._.js:2297
[  370950ms] [LOG] [Fast Refresh] rebuilding @ http://localhost:3000/_next/static/chunks/6f8fc_next_dist_2f27c456._.js:2297
[  371098ms] [LOG] [Fast Refresh] done in 248ms @ http://localhost:3000/_next/static/chunks/6f8fc_next_dist_2f27c456._.js:2297
[  382944ms] [LOG] [Fast Refresh] rebuilding @ http://localhost:3000/_next/static/chunks/6f8fc_next_dist_2f27c456._.js:2297
[  383089ms] [LOG] [Fast Refresh] done in 261ms @ http://localhost:3000/_next/static/chunks/6f8fc_next_dist_2f27c456._.js:2297
[  434640ms] [LOG] [Fast Refresh] rebuilding @ http://localhost:3000/_next/static/chunks/6f8fc_next_dist_2f27c456._.js:2297
[  436614ms] [LOG] [Fast Refresh] done in 2088ms @ http://localhost:3000/_next/static/chunks/6f8fc_next_dist_2f27c456._.js:2297
[  458659ms] [LOG] [Fast Refresh] rebuilding @ http://localhost:3000/_next/static/chunks/6f8fc_next_dist_2f27c456._.js:2297
[  458792ms] [LOG] [Fast Refresh] done in 237ms @ http://localhost:3000/_next/static/chunks/6f8fc_next_dist_2f27c456._.js:2297
[  473684ms] [LOG] [Fast Refresh] rebuilding @ http://localhost:3000/_next/static/chunks/6f8fc_next_dist_2f27c456._.js:2297
[  473827ms] [LOG] [Fast Refresh] done in 249ms @ http://localhost:3000/_next/static/chunks/6f8fc_next_dist_2f27c456._.js:2297
[  504847ms] [LOG] [Fast Refresh] rebuilding @ http://localhost:3000/_next/static/chunks/6f8fc_next_dist_2f27c456._.js:2297
[  508791ms] [LOG] [Fast Refresh] done in 3698ms @ http://localhost:3000/_next/static/chunks/6f8fc_next_dist_2f27c456._.js:2297
[  509206ms] [LOG] [Fast Refresh] rebuilding @ http://localhost:3000/_next/static/chunks/6f8fc_next_dist_2f27c456._.js:2297
[  510393ms] [LOG] [Fast Refresh] done in 1287ms @ http://localhost:3000/_next/static/chunks/6f8fc_next_dist_2f27c456._.js:2297
[  516934ms] [LOG] [Fast Refresh] rebuilding @ http://localhost:3000/_next/static/chunks/6f8fc_next_dist_2f27c456._.js:2297
[  517109ms] [LOG] [Fast Refresh] done in 262ms @ http://localhost:3000/_next/static/chunks/6f8fc_next_dist_2f27c456._.js:2297
[  529245ms] [LOG] [Fast Refresh] rebuilding @ http://localhost:3000/_next/static/chunks/6f8fc_next_dist_2f27c456._.js:2297
[  529317ms] [LOG] [Fast Refresh] done in 159ms @ http://localhost:3000/_next/static/chunks/6f8fc_next_dist_2f27c456._.js:2297
[  541912ms] [LOG] [Fast Refresh] rebuilding @ http://localhost:3000/_next/static/chunks/6f8fc_next_dist_2f27c456._.js:2297
[  544451ms] [LOG] [Fast Refresh] done in 2484ms @ http://localhost:3000/_next/static/chunks/6f8fc_next_dist_2f27c456._.js:2297
[  564113ms] [LOG] [Fast Refresh] rebuilding @ http://localhost:3000/_next/static/chunks/6f8fc_next_dist_2f27c456._.js:2297
[  564229ms] [LOG] [Fast Refresh] done in 227ms @ http://localhost:3000/_next/static/chunks/6f8fc_next_dist_2f27c456._.js:2297
[  566025ms] [LOG] [Fast Refresh] rebuilding @ http://localhost:3000/_next/static/chunks/6f8fc_next_dist_2f27c456._.js:2297
[  566035ms] [LOG] [Fast Refresh] done in 111ms @ http://localhost:3000/_next/static/chunks/6f8fc_next_dist_2f27c456._.js:2297
[  567683ms] [LOG] [Fast Refresh] rebuilding @ http://localhost:3000/_next/static/chunks/6f8fc_next_dist_2f27c456._.js:2297
[  568050ms] [LOG] [Fast Refresh] done in 431ms @ http://localhost:3000/_next/static/chunks/6f8fc_next_dist_2f27c456._.js:2297
[  568887ms] [LOG] [Fast Refresh] rebuilding @ http://localhost:3000/_next/static/chunks/6f8fc_next_dist_2f27c456._.js:2297
[  569666ms] [LOG] [Fast Refresh] done in 880ms @ http://localhost:3000/_next/static/chunks/6f8fc_next_dist_2f27c456._.js:2297
[  569897ms] [LOG] [Fast Refresh] rebuilding @ http://localhost:3000/_next/static/chunks/6f8fc_next_dist_2f27c456._.js:2297
[  569898ms] [LOG] [Fast Refresh] done in 102ms @ http://localhost:3000/_next/static/chunks/6f8fc_next_dist_2f27c456._.js:2297
