[     283ms] [LOG] [Fast Refresh] rebuilding @ http://localhost:3000/_next/static/chunks/6f8fc_next_dist_2f27c456._.js:2297
[     330ms] [LOG] [Fast Refresh] done in 151ms @ http://localhost:3000/_next/static/chunks/6f8fc_next_dist_2f27c456._.js:2297
[    1005ms] [INFO] %cDownload the React DevTools for a better development experience: https://react.dev/link/react-devtools font-weight:bold @ http://localhost:3000/_next/static/chunks/6f8fc_next_dist_2f27c456._.js:2297
[    1083ms] [LOG] [HMR] connected @ http://localhost:3000/_next/static/chunks/6f8fc_next_dist_2f27c456._.js:2297
[    1298ms] [WARNING] Image with src "/connecting-climate-minds-logo-white.png" was detected as the Largest Contentful Paint (LCP). Please add the `loading="eager"` property if this image is above the fold.
Read more: https://nextjs.org/docs/app/api-reference/components/image#loading @ http://localhost:3000/_next/static/chunks/6f8fc_next_dist_2f27c456._.js:2297
[    2003ms] [WARNING] Ignoring Event: localhost @ http://localhost:3000/_next/static/chunks/6f8fc_next_dist_2f27c456._.js:2297
[    2044ms] [INFO] Sanity is live with automatic revalidation of published content @ http://localhost:3000/_next/static/chunks/6f8fc_next_dist_2f27c456._.js:2297
[    2076ms] [WARNING] Clerk: Clerk has been loaded with development keys. Development instances have strict usage limits and should not be used when deploying your application to production. Learn more: https://clerk.com/docs/deployments/overview @ http://localhost:3000/_next/static/chunks/6f8fc_next_dist_2f27c456._.js:2297
[    2149ms] [ERROR] Loading the image 'https://www.gravatar.com/avatar?d=mp' violates the following Content Security Policy directive: "img-src 'self' data: blob: https://cdn.sanity.io https://img.youtube.com https://img.clerk.com". The action has been blocked. @ http://localhost:3000/en/collaborate:0
[    2304ms] [ERROR] Loading the image 'https://www.gravatar.com/avatar?d=mp' violates the following Content Security Policy directive: "img-src 'self' data: blob: https://cdn.sanity.io https://img.youtube.com https://img.clerk.com". The action has been blocked. @ http://localhost:3000/en/collaborate:0
[    2513ms] [ERROR] Loading the image 'https://www.gravatar.com/avatar?d=mp' violates the following Content Security Policy directive: "img-src 'self' data: blob: https://cdn.sanity.io https://img.youtube.com https://img.clerk.com". The action has been blocked. @ http://localhost:3000/en/collaborate:0
[    2524ms] [ERROR] Loading the image 'https://www.gravatar.com/avatar?d=mp' violates the following Content Security Policy directive: "img-src 'self' data: blob: https://cdn.sanity.io https://img.youtube.com https://img.clerk.com". The action has been blocked. @ http://localhost:3000/en/collaborate:0
[    2524ms] [ERROR] Loading the image 'https://www.gravatar.com/avatar?d=mp' violates the following Content Security Policy directive: "img-src 'self' data: blob: https://cdn.sanity.io https://img.youtube.com https://img.clerk.com". The action has been blocked. @ http://localhost:3000/en/collaborate:0
[    2524ms] [ERROR] Loading the image 'https://www.gravatar.com/avatar?d=mp' violates the following Content Security Policy directive: "img-src 'self' data: blob: https://cdn.sanity.io https://img.youtube.com https://img.clerk.com". The action has been blocked. @ http://localhost:3000/en/collaborate:0
[    2530ms] [ERROR] Loading the image 'https://www.gravatar.com/avatar?d=mp' violates the following Content Security Policy directive: "img-src 'self' data: blob: https://cdn.sanity.io https://img.youtube.com https://img.clerk.com". The action has been blocked. @ http://localhost:3000/en/collaborate:0
[    2530ms] [ERROR] Loading the image 'https://www.gravatar.com/avatar?d=mp' violates the following Content Security Policy directive: "img-src 'self' data: blob: https://cdn.sanity.io https://img.youtube.com https://img.clerk.com". The action has been blocked. @ http://localhost:3000/en/collaborate:0
[    2531ms] [ERROR] Loading the image 'https://www.gravatar.com/avatar?d=mp' violates the following Content Security Policy directive: "img-src 'self' data: blob: https://cdn.sanity.io https://img.youtube.com https://img.clerk.com". The action has been blocked. @ http://localhost:3000/en/collaborate:0
[    2531ms] [ERROR] Loading the image 'https://www.gravatar.com/avatar?d=mp' violates the following Content Security Policy directive: "img-src 'self' data: blob: https://cdn.sanity.io https://img.youtube.com https://img.clerk.com". The action has been blocked. @ http://localhost:3000/en/collaborate:0
[    2531ms] [ERROR] Loading the image 'https://www.gravatar.com/avatar?d=mp' violates the following Content Security Policy directive: "img-src 'self' data: blob: https://cdn.sanity.io https://img.youtube.com https://img.clerk.com". The action has been blocked. @ http://localhost:3000/en/collaborate:0
[    2531ms] [ERROR] Loading the image 'https://www.gravatar.com/avatar?d=mp' violates the following Content Security Policy directive: "img-src 'self' data: blob: https://cdn.sanity.io https://img.youtube.com https://img.clerk.com". The action has been blocked. @ http://localhost:3000/en/collaborate:0
[    2531ms] [ERROR] Loading the image 'https://www.gravatar.com/avatar?d=mp' violates the following Content Security Policy directive: "img-src 'self' data: blob: https://cdn.sanity.io https://img.youtube.com https://img.clerk.com". The action has been blocked. @ http://localhost:3000/en/collaborate:0
[    2536ms] [ERROR] Loading the image 'https://www.gravatar.com/avatar?d=mp' violates the following Content Security Policy directive: "img-src 'self' data: blob: https://cdn.sanity.io https://img.youtube.com https://img.clerk.com". The action has been blocked. @ http://localhost:3000/en/collaborate:0
[    2537ms] [ERROR] Loading the image 'https://www.gravatar.com/avatar?d=mp' violates the following Content Security Policy directive: "img-src 'self' data: blob: https://cdn.sanity.io https://img.youtube.com https://img.clerk.com". The action has been blocked. @ http://localhost:3000/en/collaborate:0
[    2537ms] [ERROR] Loading the image 'https://www.gravatar.com/avatar?d=mp' violates the following Content Security Policy directive: "img-src 'self' data: blob: https://cdn.sanity.io https://img.youtube.com https://img.clerk.com". The action has been blocked. @ http://localhost:3000/en/collaborate:0
[    2537ms] [ERROR] Loading the image 'https://www.gravatar.com/avatar?d=mp' violates the following Content Security Policy directive: "img-src 'self' data: blob: https://cdn.sanity.io https://img.youtube.com https://img.clerk.com". The action has been blocked. @ http://localhost:3000/en/collaborate:0
[    2537ms] [ERROR] Loading the image 'https://www.gravatar.com/avatar?d=mp' violates the following Content Security Policy directive: "img-src 'self' data: blob: https://cdn.sanity.io https://img.youtube.com https://img.clerk.com". The action has been blocked. @ http://localhost:3000/en/collaborate:0
[    2537ms] [ERROR] Loading the image 'https://www.gravatar.com/avatar?d=mp' violates the following Content Security Policy directive: "img-src 'self' data: blob: https://cdn.sanity.io https://img.youtube.com https://img.clerk.com". The action has been blocked. @ http://localhost:3000/en/collaborate:0
[    2554ms] [ERROR] Loading the image 'https://www.gravatar.com/avatar?d=mp' violates the following Content Security Policy directive: "img-src 'self' data: blob: https://cdn.sanity.io https://img.youtube.com https://img.clerk.com". The action has been blocked. @ http://localhost:3000/en/collaborate:0
[    2554ms] [ERROR] Loading the image 'https://www.gravatar.com/avatar?d=mp' violates the following Content Security Policy directive: "img-src 'self' data: blob: https://cdn.sanity.io https://img.youtube.com https://img.clerk.com". The action has been blocked. @ http://localhost:3000/en/collaborate:0
[    2554ms] [ERROR] Loading the image 'https://www.gravatar.com/avatar?d=mp' violates the following Content Security Policy directive: "img-src 'self' data: blob: https://cdn.sanity.io https://img.youtube.com https://img.clerk.com". The action has been blocked. @ http://localhost:3000/en/collaborate:0
[    2554ms] [ERROR] Loading the image 'https://www.gravatar.com/avatar?d=mp' violates the following Content Security Policy directive: "img-src 'self' data: blob: https://cdn.sanity.io https://img.youtube.com https://img.clerk.com". The action has been blocked. @ http://localhost:3000/en/collaborate:0
[    3557ms] [LOG] [Fast Refresh] rebuilding @ http://localhost:3000/_next/static/chunks/6f8fc_next_dist_2f27c456._.js:2297
[    3930ms] [LOG] [Fast Refresh] done in 474ms @ http://localhost:3000/_next/static/chunks/6f8fc_next_dist_2f27c456._.js:2297
[    7127ms] [LOG] [Fast Refresh] rebuilding @ http://localhost:3000/_next/static/chunks/6f8fc_next_dist_2f27c456._.js:2297
[    7163ms] [LOG] [Fast Refresh] done in 137ms @ http://localhost:3000/_next/static/chunks/6f8fc_next_dist_2f27c456._.js:2297
[   12092ms] [LOG] [Fast Refresh] rebuilding @ http://localhost:3000/_next/static/chunks/6f8fc_next_dist_2f27c456._.js:2297
[   40753ms] [LOG] [Fast Refresh] done in 28474ms @ http://localhost:3000/_next/static/chunks/6f8fc_next_dist_2f27c456._.js:2297
